  console.error
    An update to NouvelSeanceModal inside a test was not wrapped in act(...).
    
    When testing, code that causes React state updates should be wrapped into act(...):
    
    act(() => {
      /* fire events that update state */
    });
    /* assert on the output */
    
    This ensures that you're testing the behavior the user would see in the browser. Learn more at https://react.dev/link/wrap-tests-with-act

    [0m [90m 62 |[39m   window[33m.[39mapi[33m.[39mgetCoachs()[33m,[39m
     [90m 63 |[39m ])[33m;[39m
    [31m[1m>[22m[39m[90m 64 |[39m         setActivites(acts)[33m;[39m
     [90m    |[39m         [31m[1m^[22m[39m
     [90m 65 |[39m         setCoachs(utils)[33m;[39m
     [90m 66 |[39m         [90m// Pré-sélectionner le premier de chaque liste[39m
     [90m 67 |[39m         [36mif[39m (acts[33m.[39mlength [33m>[39m [35m0[39m)  setForm(f [33m=>[39m ({ [33m...[39mf[33m,[39m activite_id[33m:[39m acts[[35m0[39m][33m.[39midActivite }))[33m;[39m[0m

      at node_modules/react-dom/cjs/react-dom-client.development.js:18758:19
      at runWithFiberInDEV (node_modules/react-dom/cjs/react-dom-client.development.js:874:13)
      at warnIfUpdatesNotWrappedWithActDEV (node_modules/react-dom/cjs/react-dom-client.development.js:18757:9)
      at scheduleUpdateOnFiber (node_modules/react-dom/cjs/react-dom-client.development.js:16409:11)
      at dispatchSetStateInternal (node_modules/react-dom/cjs/react-dom-client.development.js:9170:13)
      at dispatchSetState (node_modules/react-dom/cjs/react-dom-client.development.js:9127:7)
      at setActivites (src/renderer/components/NouvelSeanceModal.jsx:64:9)

  console.error
    An update to NouvelSeanceModal inside a test was not wrapped in act(...).
    
    When testing, code that causes React state updates should be wrapped into act(...):
    
    act(() => {
      /* fire events that update state */
    });
    /* assert on the output */
    
    This ensures that you're testing the behavior the user would see in the browser. Learn more at https://react.dev/link/wrap-tests-with-act

    [0m [90m 63 |[39m ])[33m;[39m
     [90m 64 |[39m         setActivites(acts)[33m;[39m
    [31m[1m>[22m[39m[90m 65 |[39m         setCoachs(utils)[33m;[39m
     [90m    |[39m         [31m[1m^[22m[39m
     [90m 66 |[39m         [90m// Pré-sélectionner le premier de chaque liste[39m
     [90m 67 |[39m         [36mif[39m (acts[33m.[39mlength [33m>[39m [35m0[39m)  setForm(f [33m=>[39m ({ [33m...[39mf[33m,[39m activite_id[33m:[39m acts[[35m0[39m][33m.[39midActivite }))[33m;[39m
     [90m 68 |[39m         [36mif[39m (utils[33m.[39mlength [33m>[39m [35m0[39m) setForm(f [33m=>[39m ({ [33m...[39mf[33m,[39m coach_id[33m:[39m utils[[35m0[39m][33m.[39midUtilisateur }))[33m;[39m[0m

      at node_modules/react-dom/cjs/react-dom-client.development.js:18758:19
      at runWithFiberInDEV (node_modules/react-dom/cjs/react-dom-client.development.js:874:13)
      at warnIfUpdatesNotWrappedWithActDEV (node_modules/react-dom/cjs/react-dom-client.development.js:18757:9)
      at scheduleUpdateOnFiber (node_modules/react-dom/cjs/react-dom-client.development.js:16409:11)
      at dispatchSetStateInternal (node_modules/react-dom/cjs/react-dom-client.development.js:9170:13)
      at dispatchSetState (node_modules/react-dom/cjs/react-dom-client.development.js:9127:7)
      at setCoachs (src/renderer/components/NouvelSeanceModal.jsx:65:9)

  console.error
    An update to NouvelSeanceModal inside a test was not wrapped in act(...).
    
    When testing, code that causes React state updates should be wrapped into act(...):
    
    act(() => {
      /* fire events that update state */
    });
    /* assert on the output */
    
    This ensures that you're testing the behavior the user would see in the browser. Learn more at https://react.dev/link/wrap-tests-with-act

    [0m [90m 65 |[39m         setCoachs(utils)[33m;[39m
     [90m 66 |[39m         [90m// Pré-sélectionner le premier de chaque liste[39m
    [31m[1m>[22m[39m[90m 67 |[39m         [36mif[39m (acts[33m.[39mlength [33m>[39m [35m0[39m)  setForm(f [33m=>[39m ({ [33m...[39mf[33m,[39m activite_id[33m:[39m acts[[35m0[39m][33m.[39midActivite }))[33m;[39m
     [90m    |[39m                               [31m[1m^[22m[39m
     [90m 68 |[39m         [36mif[39m (utils[33m.[39mlength [33m>[39m [35m0[39m) setForm(f [33m=>[39m ({ [33m...[39mf[33m,[39m coach_id[33m:[39m utils[[35m0[39m][33m.[39midUtilisateur }))[33m;[39m
     [90m 69 |[39m       } [36mcatch[39m (err) {
     [90m 70 |[39m         setError([32m'Impossible de charger les données.'[39m)[33m;[39m[0m

      at node_modules/react-dom/cjs/react-dom-client.development.js:18758:19
      at runWithFiberInDEV (node_modules/react-dom/cjs/react-dom-client.development.js:874:13)
      at warnIfUpdatesNotWrappedWithActDEV (node_modules/react-dom/cjs/react-dom-client.development.js:18757:9)
      at scheduleUpdateOnFiber (node_modules/react-dom/cjs/react-dom-client.development.js:16409:11)
      at dispatchSetStateInternal (node_modules/react-dom/cjs/react-dom-client.development.js:9170:13)
      at dispatchSetState (node_modules/react-dom/cjs/react-dom-client.development.js:9127:7)
      at setForm (src/renderer/components/NouvelSeanceModal.jsx:67:31)

  console.error
    An update to NouvelSeanceModal inside a test was not wrapped in act(...).
    
    When testing, code that causes React state updates should be wrapped into act(...):
    
    act(() => {
      /* fire events that update state */
    });
    /* assert on the output */
    
    This ensures that you're testing the behavior the user would see in the browser. Learn more at https://react.dev/link/wrap-tests-with-act

    [0m [90m 66 |[39m         [90m// Pré-sélectionner le premier de chaque liste[39m
     [90m 67 |[39m         [36mif[39m (acts[33m.[39mlength [33m>[39m [35m0[39m)  setForm(f [33m=>[39m ({ [33m...[39mf[33m,[39m activite_id[33m:[39m acts[[35m0[39m][33m.[39midActivite }))[33m;[39m
    [31m[1m>[22m[39m[90m 68 |[39m         [36mif[39m (utils[33m.[39mlength [33m>[39m [35m0[39m) setForm(f [33m=>[39m ({ [33m...[39mf[33m,[39m coach_id[33m:[39m utils[[35m0[39m][33m.[39midUtilisateur }))[33m;[39m
     [90m    |[39m                               [31m[1m^[22m[39m
     [90m 69 |[39m       } [36mcatch[39m (err) {
     [90m 70 |[39m         setError([32m'Impossible de charger les données.'[39m)[33m;[39m
     [90m 71 |[39m       } [36mfinally[39m {[0m

      at node_modules/react-dom/cjs/react-dom-client.development.js:18758:19
      at runWithFiberInDEV (node_modules/react-dom/cjs/react-dom-client.development.js:874:13)
      at warnIfUpdatesNotWrappedWithActDEV (node_modules/react-dom/cjs/react-dom-client.development.js:18757:9)
      at scheduleUpdateOnFiber (node_modules/react-dom/cjs/react-dom-client.development.js:16409:11)
      at dispatchSetStateInternal (node_modules/react-dom/cjs/react-dom-client.development.js:9170:13)
      at dispatchSetState (node_modules/react-dom/cjs/react-dom-client.development.js:9127:7)
      at setForm (src/renderer/components/NouvelSeanceModal.jsx:68:31)

  console.error
    An update to NouvelSeanceModal inside a test was not wrapped in act(...).
    
    When testing, code that causes React state updates should be wrapped into act(...):
    
    act(() => {
      /* fire events that update state */
    });
    /* assert on the output */
    
    This ensures that you're testing the behavior the user would see in the browser. Learn more at https://react.dev/link/wrap-tests-with-act

    [0m [90m 70 |[39m         setError([32m'Impossible de charger les données.'[39m)[33m;[39m
     [90m 71 |[39m       } [36mfinally[39m {
    [31m[1m>[22m[39m[90m 72 |[39m         setLoading([36mfalse[39m)[33m;[39m
     [90m    |[39m         [31m[1m^[22m[39m
     [90m 73 |[39m       }
     [90m 74 |[39m     }[33m;[39m
     [90m 75 |[39m     load()[33m;[39m[0m

      at node_modules/react-dom/cjs/react-dom-client.development.js:18758:19
      at runWithFiberInDEV (node_modules/react-dom/cjs/react-dom-client.development.js:874:13)
      at warnIfUpdatesNotWrappedWithActDEV (node_modules/react-dom/cjs/react-dom-client.development.js:18757:9)
      at scheduleUpdateOnFiber (node_modules/react-dom/cjs/react-dom-client.development.js:16409:11)
      at dispatchSetStateInternal (node_modules/react-dom/cjs/react-dom-client.development.js:9170:13)
      at dispatchSetState (node_modules/react-dom/cjs/react-dom-client.development.js:9127:7)
      at setLoading (src/renderer/components/NouvelSeanceModal.jsx:72:9)

  console.error
    Received `true` for a non-boolean attribute `jsx`.
    
    If you want to write it to the DOM, pass a string instead: jsx="true" or jsx={value.toString()}.

    [0m [90m 112 |[39m   [90m// ── Rendu de base ──────────────────────────────────────────[39m
     [90m 113 |[39m   test([32m'affiche le titre Transactions'[39m[33m,[39m [36masync[39m () [33m=>[39m {
    [31m[1m>[22m[39m[90m 114 |[39m     render([33m<[39m[33mHistoriqueTransactions[39m [33m/[39m[33m>[39m)[33m;[39m
     [90m     |[39m           [31m[1m^[22m[39m
     [90m 115 |[39m     [36mawait[39m waitLoaded()[33m;[39m
     [90m 116 |[39m     expect(screen[33m.[39mgetAllByText([35m/transactions/i[39m)[33m.[39mlength)[33m.[39mtoBeGreaterThan([35m0[39m)[33m;[39m
     [90m 117 |[39m   })[33m;[39m[0m

      at validateProperty (node_modules/react-dom/cjs/react-dom-client.development.js:3070:27)
      at warnUnknownProperties (node_modules/react-dom/cjs/react-dom-client.development.js:3146:9)
      at validatePropertiesInDevelopment (node_modules/react-dom/cjs/react-dom-client.development.js:19868:9)
      at setInitialProperties (node_modules/react-dom/cjs/react-dom-client.development.js:20491:7)
      at completeWork (node_modules/react-dom/cjs/react-dom-client.development.js:12662:18)
      at runWithFiberInDEV (node_modules/react-dom/cjs/react-dom-client.development.js:874:13)
      at completeUnitOfWork (node_modules/react-dom/cjs/react-dom-client.development.js:17777:19)
      at performUnitOfWork (node_modules/react-dom/cjs/react-dom-client.development.js:17658:11)
      at workLoopSync (node_modules/react-dom/cjs/react-dom-client.development.js:17469:41)
      at renderRootSync (node_modules/react-dom/cjs/react-dom-client.development.js:17450:11)
      at performWorkOnRoot (node_modules/react-dom/cjs/react-dom-client.development.js:16504:11)
      at performWorkOnRootViaSchedulerTask (node_modules/react-dom/cjs/react-dom-client.development.js:18957:7)
      at flushActQueue (node_modules/react/cjs/react.development.js:590:34)
      at process.env.NODE_ENV.exports.act (node_modules/react/cjs/react.development.js:884:10)
      at node_modules/@testing-library/react/dist/act-compat.js:46:25
      at renderRoot (node_modules/@testing-library/react/dist/pure.js:189:26)
      at render (node_modules/@testing-library/react/dist/pure.js:291:10)
      at Object.<anonymous> (src/__tests__/pages/HistoriqueTransactions.test.jsx:114:11)

  console.error
    An update to NouvelSeanceModal inside a test was not wrapped in act(...).
    
    When testing, code that causes React state updates should be wrapped into act(...):
    
    act(() => {
      /* fire events that update state */
    });
    /* assert on the output */
    
    This ensures that you're testing the behavior the user would see in the browser. Learn more at https://react.dev/link/wrap-tests-with-act

    [0m [90m 62 |[39m   window[33m.[39mapi[33m.[39mgetCoachs()[33m,[39m
     [90m 63 |[39m ])[33m;[39m
    [31m[1m>[22m[39m[90m 64 |[39m         setActivites(acts)[33m;[39m
     [90m    |[39m         [31m[1m^[22m[39m
     [90m 65 |[39m         setCoachs(utils)[33m;[39m
     [90m 66 |[39m         [90m// Pré-sélectionner le premier de chaque liste[39m
     [90m 67 |[39m         [36mif[39m (acts[33m.[39mlength [33m>[39m [35m0[39m)  setForm(f [33m=>[39m ({ [33m...[39mf[33m,[39m activite_id[33m:[39m acts[[35m0[39m][33m.[39midActivite }))[33m;[39m[0m

      at node_modules/react-dom/cjs/react-dom-client.development.js:18758:19
      at runWithFiberInDEV (node_modules/react-dom/cjs/react-dom-client.development.js:874:13)
      at warnIfUpdatesNotWrappedWithActDEV (node_modules/react-dom/cjs/react-dom-client.development.js:18757:9)
      at scheduleUpdateOnFiber (node_modules/react-dom/cjs/react-dom-client.development.js:16409:11)
      at dispatchSetStateInternal (node_modules/react-dom/cjs/react-dom-client.development.js:9170:13)
      at dispatchSetState (node_modules/react-dom/cjs/react-dom-client.development.js:9127:7)
      at setActivites (src/renderer/components/NouvelSeanceModal.jsx:64:9)

  console.error
    An update to NouvelSeanceModal inside a test was not wrapped in act(...).
    
    When testing, code that causes React state updates should be wrapped into act(...):
    
    act(() => {
      /* fire events that update state */
    });
    /* assert on the output */
    
    This ensures that you're testing the behavior the user would see in the browser. Learn more at https://react.dev/link/wrap-tests-with-act

    [0m [90m 63 |[39m ])[33m;[39m
     [90m 64 |[39m         setActivites(acts)[33m;[39m
    [31m[1m>[22m[39m[90m 65 |[39m         setCoachs(utils)[33m;[39m
     [90m    |[39m         [31m[1m^[22m[39m
     [90m 66 |[39m         [90m// Pré-sélectionner le premier de chaque liste[39m
     [90m 67 |[39m         [36mif[39m (acts[33m.[39mlength [33m>[39m [35m0[39m)  setForm(f [33m=>[39m ({ [33m...[39mf[33m,[39m activite_id[33m:[39m acts[[35m0[39m][33m.[39midActivite }))[33m;[39m
     [90m 68 |[39m         [36mif[39m (utils[33m.[39mlength [33m>[39m [35m0[39m) setForm(f [33m=>[39m ({ [33m...[39mf[33m,[39m coach_id[33m:[39m utils[[35m0[39m][33m.[39midUtilisateur }))[33m;[39m[0m

      at node_modules/react-dom/cjs/react-dom-client.development.js:18758:19
      at runWithFiberInDEV (node_modules/react-dom/cjs/react-dom-client.development.js:874:13)
      at warnIfUpdatesNotWrappedWithActDEV (node_modules/react-dom/cjs/react-dom-client.development.js:18757:9)
      at scheduleUpdateOnFiber (node_modules/react-dom/cjs/react-dom-client.development.js:16409:11)
      at dispatchSetStateInternal (node_modules/react-dom/cjs/react-dom-client.development.js:9170:13)
      at dispatchSetState (node_modules/react-dom/cjs/react-dom-client.development.js:9127:7)
      at setCoachs (src/renderer/components/NouvelSeanceModal.jsx:65:9)

  console.error
    An update to NouvelSeanceModal inside a test was not wrapped in act(...).
    
    When testing, code that causes React state updates should be wrapped into act(...):
    
    act(() => {
      /* fire events that update state */
    });
    /* assert on the output */
    
    This ensures that you're testing the behavior the user would see in the browser. Learn more at https://react.dev/link/wrap-tests-with-act

    [0m [90m 65 |[39m         setCoachs(utils)[33m;[39m
     [90m 66 |[39m         [90m// Pré-sélectionner le premier de chaque liste[39m
    [31m[1m>[22m[39m[90m 67 |[39m         [36mif[39m (acts[33m.[39mlength [33m>[39m [35m0[39m)  setForm(f [33m=>[39m ({ [33m...[39mf[33m,[39m activite_id[33m:[39m acts[[35m0[39m][33m.[39midActivite }))[33m;[39m
     [90m    |[39m                               [31m[1m^[22m[39m
     [90m 68 |[39m         [36mif[39m (utils[33m.[39mlength [33m>[39m [35m0[39m) setForm(f [33m=>[39m ({ [33m...[39mf[33m,[39m coach_id[33m:[39m utils[[35m0[39m][33m.[39midUtilisateur }))[33m;[39m
     [90m 69 |[39m       } [36mcatch[39m (err) {
     [90m 70 |[39m         setError([32m'Impossible de charger les données.'[39m)[33m;[39m[0m

      at node_modules/react-dom/cjs/react-dom-client.development.js:18758:19
      at runWithFiberInDEV (node_modules/react-dom/cjs/react-dom-client.development.js:874:13)
      at warnIfUpdatesNotWrappedWithActDEV (node_modules/react-dom/cjs/react-dom-client.development.js:18757:9)
      at scheduleUpdateOnFiber (node_modules/react-dom/cjs/react-dom-client.development.js:16409:11)
      at dispatchSetStateInternal (node_modules/react-dom/cjs/react-dom-client.development.js:9170:13)
      at dispatchSetState (node_modules/react-dom/cjs/react-dom-client.development.js:9127:7)
      at setForm (src/renderer/components/NouvelSeanceModal.jsx:67:31)

  console.error
    An update to NouvelSeanceModal inside a test was not wrapped in act(...).
    
    When testing, code that causes React state updates should be wrapped into act(...):
    
    act(() => {
      /* fire events that update state */
    });
    /* assert on the output */
    
    This ensures that you're testing the behavior the user would see in the browser. Learn more at https://react.dev/link/wrap-tests-with-act

    [0m [90m 66 |[39m         [90m// Pré-sélectionner le premier de chaque liste[39m
     [90m 67 |[39m         [36mif[39m (acts[33m.[39mlength [33m>[39m [35m0[39m)  setForm(f [33m=>[39m ({ [33m...[39mf[33m,[39m activite_id[33m:[39m acts[[35m0[39m][33m.[39midActivite }))[33m;[39m
    [31m[1m>[22m[39m[90m 68 |[39m         [36mif[39m (utils[33m.[39mlength [33m>[39m [35m0[39m) setForm(f [33m=>[39m ({ [33m...[39mf[33m,[39m coach_id[33m:[39m utils[[35m0[39m][33m.[39midUtilisateur }))[33m;[39m
     [90m    |[39m                               [31m[1m^[22m[39m
     [90m 69 |[39m       } [36mcatch[39m (err) {
     [90m 70 |[39m         setError([32m'Impossible de charger les données.'[39m)[33m;[39m
     [90m 71 |[39m       } [36mfinally[39m {[0m

      at node_modules/react-dom/cjs/react-dom-client.development.js:18758:19
      at runWithFiberInDEV (node_modules/react-dom/cjs/react-dom-client.development.js:874:13)
      at warnIfUpdatesNotWrappedWithActDEV (node_modules/react-dom/cjs/react-dom-client.development.js:18757:9)
      at scheduleUpdateOnFiber (node_modules/react-dom/cjs/react-dom-client.development.js:16409:11)
      at dispatchSetStateInternal (node_modules/react-dom/cjs/react-dom-client.development.js:9170:13)
      at dispatchSetState (node_modules/react-dom/cjs/react-dom-client.development.js:9127:7)
      at setForm (src/renderer/components/NouvelSeanceModal.jsx:68:31)

  console.error
    An update to NouvelSeanceModal inside a test was not wrapped in act(...).
    
    When testing, code that causes React state updates should be wrapped into act(...):
    
    act(() => {
      /* fire events that update state */
    });
    /* assert on the output */
    
    This ensures that you're testing the behavior the user would see in the browser. Learn more at https://react.dev/link/wrap-tests-with-act

    [0m [90m 70 |[39m         setError([32m'Impossible de charger les données.'[39m)[33m;[39m
     [90m 71 |[39m       } [36mfinally[39m {
    [31m[1m>[22m[39m[90m 72 |[39m         setLoading([36mfalse[39m)[33m;[39m
     [90m    |[39m         [31m[1m^[22m[39m
     [90m 73 |[39m       }
     [90m 74 |[39m     }[33m;[39m
     [90m 75 |[39m     load()[33m;[39m[0m

      at node_modules/react-dom/cjs/react-dom-client.development.js:18758:19
      at runWithFiberInDEV (node_modules/react-dom/cjs/react-dom-client.development.js:874:13)
      at warnIfUpdatesNotWrappedWithActDEV (node_modules/react-dom/cjs/react-dom-client.development.js:18757:9)
      at scheduleUpdateOnFiber (node_modules/react-dom/cjs/react-dom-client.development.js:16409:11)
      at dispatchSetStateInternal (node_modules/react-dom/cjs/react-dom-client.development.js:9170:13)
      at dispatchSetState (node_modules/react-dom/cjs/react-dom-client.development.js:9127:7)
      at setLoading (src/renderer/components/NouvelSeanceModal.jsx:72:9)

  console.warn
    The width(-1) and height(-1) of chart should be greater than 0,
           please check the style of container, or the props width(100%) and height(100%),
           or add a minWidth(0) or minHeight(undefined) or use aspect(undefined) to control the
           height and width.

    [0m [90m 66 |[39m   jest[33m.[39museFakeTimers()[33m.[39msetSystemTime([33mNOW[39m)[33m;[39m
     [90m 67 |[39m   window[33m.[39mapi [33m=[39m buildApi(apiOverrides)[33m;[39m
    [31m[1m>[22m[39m[90m 68 |[39m   [36mconst[39m utils [33m=[39m render([33m<[39m[33mStatistiquesAdherent[39m onPageChange[33m=[39m{onPageChange} [33m/[39m[33m>[39m)[33m;[39m
     [90m    |[39m                       [31m[1m^[22m[39m
     [90m 69 |[39m   [36mreturn[39m utils[33m;[39m
     [90m 70 |[39m }[33m;[39m
     [90m 71 |[39m[0m

      at warn (node_modules/recharts/lib/util/LogUtils.js:22:17)
      at node_modules/recharts/lib/component/ResponsiveContainer.js:144:22
      at Object.react_stack_bottom_frame (node_modules/react-dom/cjs/react-dom-client.development.js:25904:20)
      at renderWithHooks (node_modules/react-dom/cjs/react-dom-client.development.js:7662:22)
      at updateForwardRef (node_modules/react-dom/cjs/react-dom-client.development.js:9724:19)
      at beginWork (node_modules/react-dom/cjs/react-dom-client.development.js:12117:18)
      at runWithFiberInDEV (node_modules/react-dom/cjs/react-dom-client.development.js:874:13)
      at performUnitOfWork (node_modules/react-dom/cjs/react-dom-client.development.js:17641:22)
      at workLoopSync (node_modules/react-dom/cjs/react-dom-client.development.js:17469:41)
      at renderRootSync (node_modules/react-dom/cjs/react-dom-client.development.js:17450:11)
      at performWorkOnRoot (node_modules/react-dom/cjs/react-dom-client.development.js:16504:11)
      at performWorkOnRootViaSchedulerTask (node_modules/react-dom/cjs/react-dom-client.development.js:18957:7)
      at flushActQueue (node_modules/react/cjs/react.development.js:590:34)
      at process.env.NODE_ENV.exports.act (node_modules/react/cjs/react.development.js:884:10)
      at node_modules/@testing-library/react/dist/act-compat.js:46:25
      at renderRoot (node_modules/@testing-library/react/dist/pure.js:189:26)
      at render (node_modules/@testing-library/react/dist/pure.js:291:10)
      at setup (src/__tests__/pages/Statistiquesadherent.test.jsx:68:23)
      at Object.setup (src/__tests__/pages/Statistiquesadherent.test.jsx:88:5)

  console.warn
    The width(-1) and height(-1) of chart should be greater than 0,
           please check the style of container, or the props width(100%) and height(100%),
           or add a minWidth(0) or minHeight(undefined) or use aspect(undefined) to control the
           height and width.

    [0m [90m 66 |[39m   jest[33m.[39museFakeTimers()[33m.[39msetSystemTime([33mNOW[39m)[33m;[39m
     [90m 67 |[39m   window[33m.[39mapi [33m=[39m buildApi(apiOverrides)[33m;[39m
    [31m[1m>[22m[39m[90m 68 |[39m   [36mconst[39m utils [33m=[39m render([33m<[39m[33mStatistiquesAdherent[39m onPageChange[33m=[39m{onPageChange} [33m/[39m[33m>[39m)[33m;[39m
     [90m    |[39m                       [31m[1m^[22m[39m
     [90m 69 |[39m   [36mreturn[39m utils[33m;[39m
     [90m 70 |[39m }[33m;[39m
     [90m 71 |[39m[0m

      at warn (node_modules/recharts/lib/util/LogUtils.js:22:17)
      at node_modules/recharts/lib/component/ResponsiveContainer.js:144:22
      at Object.react_stack_bottom_frame (node_modules/react-dom/cjs/react-dom-client.development.js:25904:20)
      at renderWithHooks (node_modules/react-dom/cjs/react-dom-client.development.js:7662:22)
      at updateForwardRef (node_modules/react-dom/cjs/react-dom-client.development.js:9724:19)
      at beginWork (node_modules/react-dom/cjs/react-dom-client.development.js:12117:18)
      at runWithFiberInDEV (node_modules/react-dom/cjs/react-dom-client.development.js:874:13)
      at performUnitOfWork (node_modules/react-dom/cjs/react-dom-client.development.js:17641:22)
      at workLoopSync (node_modules/react-dom/cjs/react-dom-client.development.js:17469:41)
      at renderRootSync (node_modules/react-dom/cjs/react-dom-client.development.js:17450:11)
      at performWorkOnRoot (node_modules/react-dom/cjs/react-dom-client.development.js:16504:11)
      at performWorkOnRootViaSchedulerTask (node_modules/react-dom/cjs/react-dom-client.development.js:18957:7)
      at flushActQueue (node_modules/react/cjs/react.development.js:590:34)
      at process.env.NODE_ENV.exports.act (node_modules/react/cjs/react.development.js:884:10)
      at node_modules/@testing-library/react/dist/act-compat.js:46:25
      at renderRoot (node_modules/@testing-library/react/dist/pure.js:189:26)
      at render (node_modules/@testing-library/react/dist/pure.js:291:10)
      at setup (src/__tests__/pages/Statistiquesadherent.test.jsx:68:23)
      at Object.setup (src/__tests__/pages/Statistiquesadherent.test.jsx:88:5)

  console.warn
    The width(-1) and height(-1) of chart should be greater than 0,
           please check the style of container, or the props width(100%) and height(100%),
           or add a minWidth(0) or minHeight(undefined) or use aspect(undefined) to control the
           height and width.

      at warn (node_modules/recharts/lib/util/LogUtils.js:22:17)
      at node_modules/recharts/lib/component/ResponsiveContainer.js:144:22
      at Object.react_stack_bottom_frame (node_modules/react-dom/cjs/react-dom-client.development.js:25904:20)
      at renderWithHooks (node_modules/react-dom/cjs/react-dom-client.development.js:7662:22)
      at updateForwardRef (node_modules/react-dom/cjs/react-dom-client.development.js:9724:19)
      at beginWork (node_modules/react-dom/cjs/react-dom-client.development.js:12117:18)
      at runWithFiberInDEV (node_modules/react-dom/cjs/react-dom-client.development.js:874:13)
      at performUnitOfWork (node_modules/react-dom/cjs/react-dom-client.development.js:17641:22)
      at workLoopSync (node_modules/react-dom/cjs/react-dom-client.development.js:17469:41)
      at renderRootSync (node_modules/react-dom/cjs/react-dom-client.development.js:17450:11)
      at performWorkOnRoot (node_modules/react-dom/cjs/react-dom-client.development.js:16504:11)
      at performWorkOnRootViaSchedulerTask (node_modules/react-dom/cjs/react-dom-client.development.js:18957:7)
      at flushActQueue (node_modules/react/cjs/react.development.js:590:34)
      at node_modules/react/cjs/react.development.js:847:21

  console.warn
    The width(-1) and height(-1) of chart should be greater than 0,
           please check the style of container, or the props width(100%) and height(100%),
           or add a minWidth(0) or minHeight(undefined) or use aspect(undefined) to control the
           height and width.

      at warn (node_modules/recharts/lib/util/LogUtils.js:22:17)
      at node_modules/recharts/lib/component/ResponsiveContainer.js:144:22
      at Object.react_stack_bottom_frame (node_modules/react-dom/cjs/react-dom-client.development.js:25904:20)
      at renderWithHooks (node_modules/react-dom/cjs/react-dom-client.development.js:7662:22)
      at updateForwardRef (node_modules/react-dom/cjs/react-dom-client.development.js:9724:19)
      at beginWork (node_modules/react-dom/cjs/react-dom-client.development.js:12117:18)
      at runWithFiberInDEV (node_modules/react-dom/cjs/react-dom-client.development.js:874:13)
      at performUnitOfWork (node_modules/react-dom/cjs/react-dom-client.development.js:17641:22)
      at workLoopSync (node_modules/react-dom/cjs/react-dom-client.development.js:17469:41)
      at renderRootSync (node_modules/react-dom/cjs/react-dom-client.development.js:17450:11)
      at performWorkOnRoot (node_modules/react-dom/cjs/react-dom-client.development.js:16504:11)
      at performWorkOnRootViaSchedulerTask (node_modules/react-dom/cjs/react-dom-client.development.js:18957:7)
      at flushActQueue (node_modules/react/cjs/react.development.js:590:34)
      at node_modules/react/cjs/react.development.js:847:21

  console.warn
    The width(-1) and height(-1) of chart should be greater than 0,
           please check the style of container, or the props width(100%) and height(100%),
           or add a minWidth(0) or minHeight(undefined) or use aspect(undefined) to control the
           height and width.

      at warn (node_modules/recharts/lib/util/LogUtils.js:22:17)
      at node_modules/recharts/lib/component/ResponsiveContainer.js:144:22
      at Object.react_stack_bottom_frame (node_modules/react-dom/cjs/react-dom-client.development.js:25904:20)
      at renderWithHooks (node_modules/react-dom/cjs/react-dom-client.development.js:7662:22)
      at updateForwardRef (node_modules/react-dom/cjs/react-dom-client.development.js:9724:19)
      at beginWork (node_modules/react-dom/cjs/react-dom-client.development.js:12117:18)
      at runWithFiberInDEV (node_modules/react-dom/cjs/react-dom-client.development.js:874:13)
      at performUnitOfWork (node_modules/react-dom/cjs/react-dom-client.development.js:17641:22)
      at workLoopSync (node_modules/react-dom/cjs/react-dom-client.development.js:17469:41)
      at renderRootSync (node_modules/react-dom/cjs/react-dom-client.development.js:17450:11)
      at performWorkOnRoot (node_modules/react-dom/cjs/react-dom-client.development.js:16504:11)
      at performWorkOnRootViaSchedulerTask (node_modules/react-dom/cjs/react-dom-client.development.js:18957:7)
      at flushActQueue (node_modules/react/cjs/react.development.js:590:34)
      at recursivelyFlushAsyncActWork (node_modules/react/cjs/react.development.js:566:13)
      at Immediate._onImmediate (node_modules/react/cjs/react.development.js:849:32)

  console.warn
    The width(-1) and height(-1) of chart should be greater than 0,
           please check the style of container, or the props width(100%) and height(100%),
           or add a minWidth(0) or minHeight(undefined) or use aspect(undefined) to control the
           height and width.

      at warn (node_modules/recharts/lib/util/LogUtils.js:22:17)
      at node_modules/recharts/lib/component/ResponsiveContainer.js:144:22
      at Object.react_stack_bottom_frame (node_modules/react-dom/cjs/react-dom-client.development.js:25904:20)
      at renderWithHooks (node_modules/react-dom/cjs/react-dom-client.development.js:7662:22)
      at updateForwardRef (node_modules/react-dom/cjs/react-dom-client.development.js:9724:19)
      at beginWork (node_modules/react-dom/cjs/react-dom-client.development.js:12117:18)
      at runWithFiberInDEV (node_modules/react-dom/cjs/react-dom-client.development.js:874:13)
      at performUnitOfWork (node_modules/react-dom/cjs/react-dom-client.development.js:17641:22)
      at workLoopSync (node_modules/react-dom/cjs/react-dom-client.development.js:17469:41)
      at renderRootSync (node_modules/react-dom/cjs/react-dom-client.development.js:17450:11)
      at performWorkOnRoot (node_modules/react-dom/cjs/react-dom-client.development.js:16504:11)
      at performWorkOnRootViaSchedulerTask (node_modules/react-dom/cjs/react-dom-client.development.js:18957:7)
      at flushActQueue (node_modules/react/cjs/react.development.js:590:34)
      at recursivelyFlushAsyncActWork (node_modules/react/cjs/react.development.js:566:13)
      at Immediate._onImmediate (node_modules/react/cjs/react.development.js:849:32)

  console.warn
    The width(-1) and height(-1) of chart should be greater than 0,
           please check the style of container, or the props width(100%) and height(100%),
           or add a minWidth(0) or minHeight(undefined) or use aspect(undefined) to control the
           height and width.

    [0m [90m 66 |[39m   jest[33m.[39museFakeTimers()[33m.[39msetSystemTime([33mNOW[39m)[33m;[39m
     [90m 67 |[39m   window[33m.[39mapi [33m=[39m buildApi(apiOverrides)[33m;[39m
    [31m[1m>[22m[39m[90m 68 |[39m   [36mconst[39m utils [33m=[39m render([33m<[39m[33mStatistiquesAdherent[39m onPageChange[33m=[39m{onPageChange} [33m/[39m[33m>[39m)[33m;[39m
     [90m    |[39m                       [31m[1m^[22m[39m
     [90m 69 |[39m   [36mreturn[39m utils[33m;[39m
     [90m 70 |[39m }[33m;[39m
     [90m 71 |[39m[0m

      at warn (node_modules/recharts/lib/util/LogUtils.js:22:17)
      at node_modules/recharts/lib/component/ResponsiveContainer.js:144:22
      at Object.react_stack_bottom_frame (node_modules/react-dom/cjs/react-dom-client.development.js:25904:20)
      at renderWithHooks (node_modules/react-dom/cjs/react-dom-client.development.js:7662:22)
      at updateForwardRef (node_modules/react-dom/cjs/react-dom-client.development.js:9724:19)
      at beginWork (node_modules/react-dom/cjs/react-dom-client.development.js:12117:18)
      at runWithFiberInDEV (node_modules/react-dom/cjs/react-dom-client.development.js:874:13)
      at performUnitOfWork (node_modules/react-dom/cjs/react-dom-client.development.js:17641:22)
      at workLoopSync (node_modules/react-dom/cjs/react-dom-client.development.js:17469:41)
      at renderRootSync (node_modules/react-dom/cjs/react-dom-client.development.js:17450:11)
      at performWorkOnRoot (node_modules/react-dom/cjs/react-dom-client.development.js:16504:11)
      at performWorkOnRootViaSchedulerTask (node_modules/react-dom/cjs/react-dom-client.development.js:18957:7)
      at flushActQueue (node_modules/react/cjs/react.development.js:590:34)
      at process.env.NODE_ENV.exports.act (node_modules/react/cjs/react.development.js:884:10)
      at node_modules/@testing-library/react/dist/act-compat.js:46:25
      at renderRoot (node_modules/@testing-library/react/dist/pure.js:189:26)
      at render (node_modules/@testing-library/react/dist/pure.js:291:10)
      at setup (src/__tests__/pages/Statistiquesadherent.test.jsx:68:23)
      at Object.setup (src/__tests__/pages/Statistiquesadherent.test.jsx:98:5)

  console.warn
    The width(-1) and height(-1) of chart should be greater than 0,
           please check the style of container, or the props width(100%) and height(100%),
           or add a minWidth(0) or minHeight(undefined) or use aspect(undefined) to control the
           height and width.

    [0m [90m 66 |[39m   jest[33m.[39museFakeTimers()[33m.[39msetSystemTime([33mNOW[39m)[33m;[39m
     [90m 67 |[39m   window[33m.[39mapi [33m=[39m buildApi(apiOverrides)[33m;[39m
    [31m[1m>[22m[39m[90m 68 |[39m   [36mconst[39m utils [33m=[39m render([33m<[39m[33mStatistiquesAdherent[39m onPageChange[33m=[39m{onPageChange} [33m/[39m[33m>[39m)[33m;[39m
     [90m    |[39m                       [31m[1m^[22m[39m
     [90m 69 |[39m   [36mreturn[39m utils[33m;[39m
     [90m 70 |[39m }[33m;[39m
     [90m 71 |[39m[0m

      at warn (node_modules/recharts/lib/util/LogUtils.js:22:17)
      at node_modules/recharts/lib/component/ResponsiveContainer.js:144:22
      at Object.react_stack_bottom_frame (node_modules/react-dom/cjs/react-dom-client.development.js:25904:20)
      at renderWithHooks (node_modules/react-dom/cjs/react-dom-client.development.js:7662:22)
      at updateForwardRef (node_modules/react-dom/cjs/react-dom-client.development.js:9724:19)
      at beginWork (node_modules/react-dom/cjs/react-dom-client.development.js:12117:18)
      at runWithFiberInDEV (node_modules/react-dom/cjs/react-dom-client.development.js:874:13)
      at performUnitOfWork (node_modules/react-dom/cjs/react-dom-client.development.js:17641:22)
      at workLoopSync (node_modules/react-dom/cjs/react-dom-client.development.js:17469:41)
      at renderRootSync (node_modules/react-dom/cjs/react-dom-client.development.js:17450:11)
      at performWorkOnRoot (node_modules/react-dom/cjs/react-dom-client.development.js:16504:11)
      at performWorkOnRootViaSchedulerTask (node_modules/react-dom/cjs/react-dom-client.development.js:18957:7)
      at flushActQueue (node_modules/react/cjs/react.development.js:590:34)
      at process.env.NODE_ENV.exports.act (node_modules/react/cjs/react.development.js:884:10)
      at node_modules/@testing-library/react/dist/act-compat.js:46:25
      at renderRoot (node_modules/@testing-library/react/dist/pure.js:189:26)
      at render (node_modules/@testing-library/react/dist/pure.js:291:10)
      at setup (src/__tests__/pages/Statistiquesadherent.test.jsx:68:23)
      at Object.setup (src/__tests__/pages/Statistiquesadherent.test.jsx:98:5)

  console.warn
    The width(-1) and height(-1) of chart should be greater than 0,
           please check the style of container, or the props width(100%) and height(100%),
           or add a minWidth(0) or minHeight(undefined) or use aspect(undefined) to control the
           height and width.

      at warn (node_modules/recharts/lib/util/LogUtils.js:22:17)
      at node_modules/recharts/lib/component/ResponsiveContainer.js:144:22
      at Object.react_stack_bottom_frame (node_modules/react-dom/cjs/react-dom-client.development.js:25904:20)
      at renderWithHooks (node_modules/react-dom/cjs/react-dom-client.development.js:7662:22)
      at updateForwardRef (node_modules/react-dom/cjs/react-dom-client.development.js:9724:19)
      at beginWork (node_modules/react-dom/cjs/react-dom-client.development.js:12117:18)
      at runWithFiberInDEV (node_modules/react-dom/cjs/react-dom-client.development.js:874:13)
      at performUnitOfWork (node_modules/react-dom/cjs/react-dom-client.development.js:17641:22)
      at workLoopSync (node_modules/react-dom/cjs/react-dom-client.development.js:17469:41)
      at renderRootSync (node_modules/react-dom/cjs/react-dom-client.development.js:17450:11)
      at performWorkOnRoot (node_modules/react-dom/cjs/react-dom-client.development.js:16504:11)
      at performWorkOnRootViaSchedulerTask (node_modules/react-dom/cjs/react-dom-client.development.js:18957:7)
      at flushActQueue (node_modules/react/cjs/react.development.js:590:34)
      at node_modules/react/cjs/react.development.js:847:21

  console.warn
    The width(-1) and height(-1) of chart should be greater than 0,
           please check the style of container, or the props width(100%) and height(100%),
           or add a minWidth(0) or minHeight(undefined) or use aspect(undefined) to control the
           height and width.

      at warn (node_modules/recharts/lib/util/LogUtils.js:22:17)
      at node_modules/recharts/lib/component/ResponsiveContainer.js:144:22
      at Object.react_stack_bottom_frame (node_modules/react-dom/cjs/react-dom-client.development.js:25904:20)
      at renderWithHooks (node_modules/react-dom/cjs/react-dom-client.development.js:7662:22)
      at updateForwardRef (node_modules/react-dom/cjs/react-dom-client.development.js:9724:19)
      at beginWork (node_modules/react-dom/cjs/react-dom-client.development.js:12117:18)
      at runWithFiberInDEV (node_modules/react-dom/cjs/react-dom-client.development.js:874:13)
      at performUnitOfWork (node_modules/react-dom/cjs/react-dom-client.development.js:17641:22)
      at workLoopSync (node_modules/react-dom/cjs/react-dom-client.development.js:17469:41)
      at renderRootSync (node_modules/react-dom/cjs/react-dom-client.development.js:17450:11)
      at performWorkOnRoot (node_modules/react-dom/cjs/react-dom-client.development.js:16504:11)
      at performWorkOnRootViaSchedulerTask (node_modules/react-dom/cjs/react-dom-client.development.js:18957:7)
      at flushActQueue (node_modules/react/cjs/react.development.js:590:34)
      at node_modules/react/cjs/react.development.js:847:21

  console.warn
    The width(-1) and height(-1) of chart should be greater than 0,
           please check the style of container, or the props width(100%) and height(100%),
           or add a minWidth(0) or minHeight(undefined) or use aspect(undefined) to control the
           height and width.

      at warn (node_modules/recharts/lib/util/LogUtils.js:22:17)
      at node_modules/recharts/lib/component/ResponsiveContainer.js:144:22
      at Object.react_stack_bottom_frame (node_modules/react-dom/cjs/react-dom-client.development.js:25904:20)
      at renderWithHooks (node_modules/react-dom/cjs/react-dom-client.development.js:7662:22)
      at updateForwardRef (node_modules/react-dom/cjs/react-dom-client.development.js:9724:19)
      at beginWork (node_modules/react-dom/cjs/react-dom-client.development.js:12117:18)
      at runWithFiberInDEV (node_modules/react-dom/cjs/react-dom-client.development.js:874:13)
      at performUnitOfWork (node_modules/react-dom/cjs/react-dom-client.development.js:17641:22)
      at workLoopSync (node_modules/react-dom/cjs/react-dom-client.development.js:17469:41)
      at renderRootSync (node_modules/react-dom/cjs/react-dom-client.development.js:17450:11)
      at performWorkOnRoot (node_modules/react-dom/cjs/react-dom-client.development.js:16504:11)
      at performWorkOnRootViaSchedulerTask (node_modules/react-dom/cjs/react-dom-client.development.js:18957:7)
      at flushActQueue (node_modules/react/cjs/react.development.js:590:34)
      at recursivelyFlushAsyncActWork (node_modules/react/cjs/react.development.js:566:13)
      at Immediate._onImmediate (node_modules/react/cjs/react.development.js:849:32)

  console.warn
    The width(-1) and height(-1) of chart should be greater than 0,
           please check the style of container, or the props width(100%) and height(100%),
           or add a minWidth(0) or minHeight(undefined) or use aspect(undefined) to control the
           height and width.

      at warn (node_modules/recharts/lib/util/LogUtils.js:22:17)
      at node_modules/recharts/lib/component/ResponsiveContainer.js:144:22
      at Object.react_stack_bottom_frame (node_modules/react-dom/cjs/react-dom-client.development.js:25904:20)
      at renderWithHooks (node_modules/react-dom/cjs/react-dom-client.development.js:7662:22)
      at updateForwardRef (node_modules/react-dom/cjs/react-dom-client.development.js:9724:19)
      at beginWork (node_modules/react-dom/cjs/react-dom-client.development.js:12117:18)
      at runWithFiberInDEV (node_modules/react-dom/cjs/react-dom-client.development.js:874:13)
      at performUnitOfWork (node_modules/react-dom/cjs/react-dom-client.development.js:17641:22)
      at workLoopSync (node_modules/react-dom/cjs/react-dom-client.development.js:17469:41)
      at renderRootSync (node_modules/react-dom/cjs/react-dom-client.development.js:17450:11)
      at performWorkOnRoot (node_modules/react-dom/cjs/react-dom-client.development.js:16504:11)
      at performWorkOnRootViaSchedulerTask (node_modules/react-dom/cjs/react-dom-client.development.js:18957:7)
      at flushActQueue (node_modules/react/cjs/react.development.js:590:34)
      at recursivelyFlushAsyncActWork (node_modules/react/cjs/react.development.js:566:13)
      at Immediate._onImmediate (node_modules/react/cjs/react.development.js:849:32)

  console.warn
    The width(-1) and height(-1) of chart should be greater than 0,
           please check the style of container, or the props width(100%) and height(100%),
           or add a minWidth(0) or minHeight(undefined) or use aspect(undefined) to control the
           height and width.

    [0m [90m 66 |[39m   jest[33m.[39museFakeTimers()[33m.[39msetSystemTime([33mNOW[39m)[33m;[39m
     [90m 67 |[39m   window[33m.[39mapi [33m=[39m buildApi(apiOverrides)[33m;[39m
    [31m[1m>[22m[39m[90m 68 |[39m   [36mconst[39m utils [33m=[39m render([33m<[39m[33mStatistiquesAdherent[39m onPageChange[33m=[39m{onPageChange} [33m/[39m[33m>[39m)[33m;[39m
     [90m    |[39m                       [31m[1m^[22m[39m
     [90m 69 |[39m   [36mreturn[39m utils[33m;[39m
     [90m 70 |[39m }[33m;[39m
     [90m 71 |[39m[0m

      at warn (node_modules/recharts/lib/util/LogUtils.js:22:17)
      at node_modules/recharts/lib/component/ResponsiveContainer.js:144:22
      at Object.react_stack_bottom_frame (node_modules/react-dom/cjs/react-dom-client.development.js:25904:20)
      at renderWithHooks (node_modules/react-dom/cjs/react-dom-client.development.js:7662:22)
      at updateForwardRef (node_modules/react-dom/cjs/react-dom-client.development.js:9724:19)
      at beginWork (node_modules/react-dom/cjs/react-dom-client.development.js:12117:18)
      at runWithFiberInDEV (node_modules/react-dom/cjs/react-dom-client.development.js:874:13)
      at performUnitOfWork (node_modules/react-dom/cjs/react-dom-client.development.js:17641:22)
      at workLoopSync (node_modules/react-dom/cjs/react-dom-client.development.js:17469:41)
      at renderRootSync (node_modules/react-dom/cjs/react-dom-client.development.js:17450:11)
      at performWorkOnRoot (node_modules/react-dom/cjs/react-dom-client.development.js:16504:11)
      at performWorkOnRootViaSchedulerTask (node_modules/react-dom/cjs/react-dom-client.development.js:18957:7)
      at flushActQueue (node_modules/react/cjs/react.development.js:590:34)
      at process.env.NODE_ENV.exports.act (node_modules/react/cjs/react.development.js:884:10)
      at node_modules/@testing-library/react/dist/act-compat.js:46:25
      at renderRoot (node_modules/@testing-library/react/dist/pure.js:189:26)
      at render (node_modules/@testing-library/react/dist/pure.js:291:10)
      at setup (src/__tests__/pages/Statistiquesadherent.test.jsx:68:23)
      at Object.setup (src/__tests__/pages/Statistiquesadherent.test.jsx:105:5)

  console.warn
    The width(-1) and height(-1) of chart should be greater than 0,
           please check the style of container, or the props width(100%) and height(100%),
           or add a minWidth(0) or minHeight(undefined) or use aspect(undefined) to control the
           height and width.

    [0m [90m 66 |[39m   jest[33m.[39museFakeTimers()[33m.[39msetSystemTime([33mNOW[39m)[33m;[39m
     [90m 67 |[39m   window[33m.[39mapi [33m=[39m buildApi(apiOverrides)[33m;[39m
    [31m[1m>[22m[39m[90m 68 |[39m   [36mconst[39m utils [33m=[39m render([33m<[39m[33mStatistiquesAdherent[39m onPageChange[33m=[39m{onPageChange} [33m/[39m[33m>[39m)[33m;[39m
     [90m    |[39m                       [31m[1m^[22m[39m
     [90m 69 |[39m   [36mreturn[39m utils[33m;[39m
     [90m 70 |[39m }[33m;[39m
     [90m 71 |[39m[0m

      at warn (node_modules/recharts/lib/util/LogUtils.js:22:17)
      at node_modules/recharts/lib/component/ResponsiveContainer.js:144:22
      at Object.react_stack_bottom_frame (node_modules/react-dom/cjs/react-dom-client.development.js:25904:20)
      at renderWithHooks (node_modules/react-dom/cjs/react-dom-client.development.js:7662:22)
      at updateForwardRef (node_modules/react-dom/cjs/react-dom-client.development.js:9724:19)
      at beginWork (node_modules/react-dom/cjs/react-dom-client.development.js:12117:18)
      at runWithFiberInDEV (node_modules/react-dom/cjs/react-dom-client.development.js:874:13)
      at performUnitOfWork (node_modules/react-dom/cjs/react-dom-client.development.js:17641:22)
      at workLoopSync (node_modules/react-dom/cjs/react-dom-client.development.js:17469:41)
      at renderRootSync (node_modules/react-dom/cjs/react-dom-client.development.js:17450:11)
      at performWorkOnRoot (node_modules/react-dom/cjs/react-dom-client.development.js:16504:11)
      at performWorkOnRootViaSchedulerTask (node_modules/react-dom/cjs/react-dom-client.development.js:18957:7)
      at flushActQueue (node_modules/react/cjs/react.development.js:590:34)
      at process.env.NODE_ENV.exports.act (node_modules/react/cjs/react.development.js:884:10)
      at node_modules/@testing-library/react/dist/act-compat.js:46:25
      at renderRoot (node_modules/@testing-library/react/dist/pure.js:189:26)
      at render (node_modules/@testing-library/react/dist/pure.js:291:10)
      at setup (src/__tests__/pages/Statistiquesadherent.test.jsx:68:23)
      at Object.setup (src/__tests__/pages/Statistiquesadherent.test.jsx:105:5)

  console.warn
    The width(-1) and height(-1) of chart should be greater than 0,
           please check the style of container, or the props width(100%) and height(100%),
           or add a minWidth(0) or minHeight(undefined) or use aspect(undefined) to control the
           height and width.

      at warn (node_modules/recharts/lib/util/LogUtils.js:22:17)
      at node_modules/recharts/lib/component/ResponsiveContainer.js:144:22
      at Object.react_stack_bottom_frame (node_modules/react-dom/cjs/react-dom-client.development.js:25904:20)
      at renderWithHooks (node_modules/react-dom/cjs/react-dom-client.development.js:7662:22)
      at updateForwardRef (node_modules/react-dom/cjs/react-dom-client.development.js:9724:19)
      at beginWork (node_modules/react-dom/cjs/react-dom-client.development.js:12117:18)
      at runWithFiberInDEV (node_modules/react-dom/cjs/react-dom-client.development.js:874:13)
      at performUnitOfWork (node_modules/react-dom/cjs/react-dom-client.development.js:17641:22)
      at workLoopSync (node_modules/react-dom/cjs/react-dom-client.development.js:17469:41)
      at renderRootSync (node_modules/react-dom/cjs/react-dom-client.development.js:17450:11)
      at performWorkOnRoot (node_modules/react-dom/cjs/react-dom-client.development.js:16504:11)
      at performWorkOnRootViaSchedulerTask (node_modules/react-dom/cjs/react-dom-client.development.js:18957:7)
      at flushActQueue (node_modules/react/cjs/react.development.js:590:34)
      at node_modules/react/cjs/react.development.js:847:21

  console.warn
    The width(-1) and height(-1) of chart should be greater than 0,
           please check the style of container, or the props width(100%) and height(100%),
           or add a minWidth(0) or minHeight(undefined) or use aspect(undefined) to control the
           height and width.

      at warn (node_modules/recharts/lib/util/LogUtils.js:22:17)
      at node_modules/recharts/lib/component/ResponsiveContainer.js:144:22
      at Object.react_stack_bottom_frame (node_modules/react-dom/cjs/react-dom-client.development.js:25904:20)
      at renderWithHooks (node_modules/react-dom/cjs/react-dom-client.development.js:7662:22)
      at updateForwardRef (node_modules/react-dom/cjs/react-dom-client.development.js:9724:19)
      at beginWork (node_modules/react-dom/cjs/react-dom-client.development.js:12117:18)
      at runWithFiberInDEV (node_modules/react-dom/cjs/react-dom-client.development.js:874:13)
      at performUnitOfWork (node_modules/react-dom/cjs/react-dom-client.development.js:17641:22)
      at workLoopSync (node_modules/react-dom/cjs/react-dom-client.development.js:17469:41)
      at renderRootSync (node_modules/react-dom/cjs/react-dom-client.development.js:17450:11)
      at performWorkOnRoot (node_modules/react-dom/cjs/react-dom-client.development.js:16504:11)
      at performWorkOnRootViaSchedulerTask (node_modules/react-dom/cjs/react-dom-client.development.js:18957:7)
      at flushActQueue (node_modules/react/cjs/react.development.js:590:34)
      at node_modules/react/cjs/react.development.js:847:21

  console.warn
    The width(-1) and height(-1) of chart should be greater than 0,
           please check the style of container, or the props width(100%) and height(100%),
           or add a minWidth(0) or minHeight(undefined) or use aspect(undefined) to control the
           height and width.

      at warn (node_modules/recharts/lib/util/LogUtils.js:22:17)
      at node_modules/recharts/lib/component/ResponsiveContainer.js:144:22
      at Object.react_stack_bottom_frame (node_modules/react-dom/cjs/react-dom-client.development.js:25904:20)
      at renderWithHooks (node_modules/react-dom/cjs/react-dom-client.development.js:7662:22)
      at updateForwardRef (node_modules/react-dom/cjs/react-dom-client.development.js:9724:19)
      at beginWork (node_modules/react-dom/cjs/react-dom-client.development.js:12117:18)
      at runWithFiberInDEV (node_modules/react-dom/cjs/react-dom-client.development.js:874:13)
      at performUnitOfWork (node_modules/react-dom/cjs/react-dom-client.development.js:17641:22)
      at workLoopSync (node_modules/react-dom/cjs/react-dom-client.development.js:17469:41)
      at renderRootSync (node_modules/react-dom/cjs/react-dom-client.development.js:17450:11)
      at performWorkOnRoot (node_modules/react-dom/cjs/react-dom-client.development.js:16504:11)
      at performWorkOnRootViaSchedulerTask (node_modules/react-dom/cjs/react-dom-client.development.js:18957:7)
      at flushActQueue (node_modules/react/cjs/react.development.js:590:34)
      at recursivelyFlushAsyncActWork (node_modules/react/cjs/react.development.js:566:13)
      at Immediate._onImmediate (node_modules/react/cjs/react.development.js:849:32)

  console.warn
    The width(-1) and height(-1) of chart should be greater than 0,
           please check the style of container, or the props width(100%) and height(100%),
           or add a minWidth(0) or minHeight(undefined) or use aspect(undefined) to control the
           height and width.

      at warn (node_modules/recharts/lib/util/LogUtils.js:22:17)
      at node_modules/recharts/lib/component/ResponsiveContainer.js:144:22
      at Object.react_stack_bottom_frame (node_modules/react-dom/cjs/react-dom-client.development.js:25904:20)
      at renderWithHooks (node_modules/react-dom/cjs/react-dom-client.development.js:7662:22)
      at updateForwardRef (node_modules/react-dom/cjs/react-dom-client.development.js:9724:19)
      at beginWork (node_modules/react-dom/cjs/react-dom-client.development.js:12117:18)
      at runWithFiberInDEV (node_modules/react-dom/cjs/react-dom-client.development.js:874:13)
      at performUnitOfWork (node_modules/react-dom/cjs/react-dom-client.development.js:17641:22)
      at workLoopSync (node_modules/react-dom/cjs/react-dom-client.development.js:17469:41)
      at renderRootSync (node_modules/react-dom/cjs/react-dom-client.development.js:17450:11)
      at performWorkOnRoot (node_modules/react-dom/cjs/react-dom-client.development.js:16504:11)
      at performWorkOnRootViaSchedulerTask (node_modules/react-dom/cjs/react-dom-client.development.js:18957:7)
      at flushActQueue (node_modules/react/cjs/react.development.js:590:34)
      at recursivelyFlushAsyncActWork (node_modules/react/cjs/react.development.js:566:13)
      at Immediate._onImmediate (node_modules/react/cjs/react.development.js:849:32)

  console.warn
    The width(-1) and height(-1) of chart should be greater than 0,
           please check the style of container, or the props width(100%) and height(100%),
           or add a minWidth(0) or minHeight(undefined) or use aspect(undefined) to control the
           height and width.

    [0m [90m 66 |[39m   jest[33m.[39museFakeTimers()[33m.[39msetSystemTime([33mNOW[39m)[33m;[39m
     [90m 67 |[39m   window[33m.[39mapi [33m=[39m buildApi(apiOverrides)[33m;[39m
    [31m[1m>[22m[39m[90m 68 |[39m   [36mconst[39m utils [33m=[39m render([33m<[39m[33mStatistiquesAdherent[39m onPageChange[33m=[39m{onPageChange} [33m/[39m[33m>[39m)[33m;[39m
     [90m    |[39m                       [31m[1m^[22m[39m
     [90m 69 |[39m   [36mreturn[39m utils[33m;[39m
     [90m 70 |[39m }[33m;[39m
     [90m 71 |[39m[0m

      at warn (node_modules/recharts/lib/util/LogUtils.js:22:17)
      at node_modules/recharts/lib/component/ResponsiveContainer.js:144:22
      at Object.react_stack_bottom_frame (node_modules/react-dom/cjs/react-dom-client.development.js:25904:20)
      at renderWithHooks (node_modules/react-dom/cjs/react-dom-client.development.js:7662:22)
      at updateForwardRef (node_modules/react-dom/cjs/react-dom-client.development.js:9724:19)
      at beginWork (node_modules/react-dom/cjs/react-dom-client.development.js:12117:18)
      at runWithFiberInDEV (node_modules/react-dom/cjs/react-dom-client.development.js:874:13)
      at performUnitOfWork (node_modules/react-dom/cjs/react-dom-client.development.js:17641:22)
      at workLoopSync (node_modules/react-dom/cjs/react-dom-client.development.js:17469:41)
      at renderRootSync (node_modules/react-dom/cjs/react-dom-client.development.js:17450:11)
      at performWorkOnRoot (node_modules/react-dom/cjs/react-dom-client.development.js:16504:11)
      at performWorkOnRootViaSchedulerTask (node_modules/react-dom/cjs/react-dom-client.development.js:18957:7)
      at flushActQueue (node_modules/react/cjs/react.development.js:590:34)
      at process.env.NODE_ENV.exports.act (node_modules/react/cjs/react.development.js:884:10)
      at node_modules/@testing-library/react/dist/act-compat.js:46:25
      at renderRoot (node_modules/@testing-library/react/dist/pure.js:189:26)
      at render (node_modules/@testing-library/react/dist/pure.js:291:10)
      at setup (src/__tests__/pages/Statistiquesadherent.test.jsx:68:23)
      at Object.setup (src/__tests__/pages/Statistiquesadherent.test.jsx:112:5)

  console.warn
    The width(-1) and height(-1) of chart should be greater than 0,
           please check the style of container, or the props width(100%) and height(100%),
           or add a minWidth(0) or minHeight(undefined) or use aspect(undefined) to control the
           height and width.

    [0m [90m 66 |[39m   jest[33m.[39museFakeTimers()[33m.[39msetSystemTime([33mNOW[39m)[33m;[39m
     [90m 67 |[39m   window[33m.[39mapi [33m=[39m buildApi(apiOverrides)[33m;[39m
    [31m[1m>[22m[39m[90m 68 |[39m   [36mconst[39m utils [33m=[39m render([33m<[39m[33mStatistiquesAdherent[39m onPageChange[33m=[39m{onPageChange} [33m/[39m[33m>[39m)[33m;[39m
     [90m    |[39m                       [31m[1m^[22m[39m
     [90m 69 |[39m   [36mreturn[39m utils[33m;[39m
     [90m 70 |[39m }[33m;[39m
     [90m 71 |[39m[0m

      at warn (node_modules/recharts/lib/util/LogUtils.js:22:17)
      at node_modules/recharts/lib/component/ResponsiveContainer.js:144:22
      at Object.react_stack_bottom_frame (node_modules/react-dom/cjs/react-dom-client.development.js:25904:20)
      at renderWithHooks (node_modules/react-dom/cjs/react-dom-client.development.js:7662:22)
      at updateForwardRef (node_modules/react-dom/cjs/react-dom-client.development.js:9724:19)
      at beginWork (node_modules/react-dom/cjs/react-dom-client.development.js:12117:18)
      at runWithFiberInDEV (node_modules/react-dom/cjs/react-dom-client.development.js:874:13)
      at performUnitOfWork (node_modules/react-dom/cjs/react-dom-client.development.js:17641:22)
      at workLoopSync (node_modules/react-dom/cjs/react-dom-client.development.js:17469:41)
      at renderRootSync (node_modules/react-dom/cjs/react-dom-client.development.js:17450:11)
      at performWorkOnRoot (node_modules/react-dom/cjs/react-dom-client.development.js:16504:11)
      at performWorkOnRootViaSchedulerTask (node_modules/react-dom/cjs/react-dom-client.development.js:18957:7)
      at flushActQueue (node_modules/react/cjs/react.development.js:590:34)
      at process.env.NODE_ENV.exports.act (node_modules/react/cjs/react.development.js:884:10)
      at node_modules/@testing-library/react/dist/act-compat.js:46:25
      at renderRoot (node_modules/@testing-library/react/dist/pure.js:189:26)
      at render (node_modules/@testing-library/react/dist/pure.js:291:10)
      at setup (src/__tests__/pages/Statistiquesadherent.test.jsx:68:23)
      at Object.setup (src/__tests__/pages/Statistiquesadherent.test.jsx:112:5)

  console.warn
    The width(-1) and height(-1) of chart should be greater than 0,
           please check the style of container, or the props width(100%) and height(100%),
           or add a minWidth(0) or minHeight(undefined) or use aspect(undefined) to control the
           height and width.

      at warn (node_modules/recharts/lib/util/LogUtils.js:22:17)
      at node_modules/recharts/lib/component/ResponsiveContainer.js:144:22
      at Object.react_stack_bottom_frame (node_modules/react-dom/cjs/react-dom-client.development.js:25904:20)
      at renderWithHooks (node_modules/react-dom/cjs/react-dom-client.development.js:7662:22)
      at updateForwardRef (node_modules/react-dom/cjs/react-dom-client.development.js:9724:19)
      at beginWork (node_modules/react-dom/cjs/react-dom-client.development.js:12117:18)
      at runWithFiberInDEV (node_modules/react-dom/cjs/react-dom-client.development.js:874:13)
      at performUnitOfWork (node_modules/react-dom/cjs/react-dom-client.development.js:17641:22)
      at workLoopSync (node_modules/react-dom/cjs/react-dom-client.development.js:17469:41)
      at renderRootSync (node_modules/react-dom/cjs/react-dom-client.development.js:17450:11)
      at performWorkOnRoot (node_modules/react-dom/cjs/react-dom-client.development.js:16504:11)
      at performWorkOnRootViaSchedulerTask (node_modules/react-dom/cjs/react-dom-client.development.js:18957:7)
      at flushActQueue (node_modules/react/cjs/react.development.js:590:34)
      at node_modules/react/cjs/react.development.js:847:21

  console.warn
    The width(-1) and height(-1) of chart should be greater than 0,
           please check the style of container, or the props width(100%) and height(100%),
           or add a minWidth(0) or minHeight(undefined) or use aspect(undefined) to control the
           height and width.

      at warn (node_modules/recharts/lib/util/LogUtils.js:22:17)
      at node_modules/recharts/lib/component/ResponsiveContainer.js:144:22
      at Object.react_stack_bottom_frame (node_modules/react-dom/cjs/react-dom-client.development.js:25904:20)
      at renderWithHooks (node_modules/react-dom/cjs/react-dom-client.development.js:7662:22)
      at updateForwardRef (node_modules/react-dom/cjs/react-dom-client.development.js:9724:19)
      at beginWork (node_modules/react-dom/cjs/react-dom-client.development.js:12117:18)
      at runWithFiberInDEV (node_modules/react-dom/cjs/react-dom-client.development.js:874:13)
      at performUnitOfWork (node_modules/react-dom/cjs/react-dom-client.development.js:17641:22)
      at workLoopSync (node_modules/react-dom/cjs/react-dom-client.development.js:17469:41)
      at renderRootSync (node_modules/react-dom/cjs/react-dom-client.development.js:17450:11)
      at performWorkOnRoot (node_modules/react-dom/cjs/react-dom-client.development.js:16504:11)
      at performWorkOnRootViaSchedulerTask (node_modules/react-dom/cjs/react-dom-client.development.js:18957:7)
      at flushActQueue (node_modules/react/cjs/react.development.js:590:34)
      at node_modules/react/cjs/react.development.js:847:21

  console.warn
    The width(-1) and height(-1) of chart should be greater than 0,
           please check the style of container, or the props width(100%) and height(100%),
           or add a minWidth(0) or minHeight(undefined) or use aspect(undefined) to control the
           height and width.

      at warn (node_modules/recharts/lib/util/LogUtils.js:22:17)
      at node_modules/recharts/lib/component/ResponsiveContainer.js:144:22
      at Object.react_stack_bottom_frame (node_modules/react-dom/cjs/react-dom-client.development.js:25904:20)
      at renderWithHooks (node_modules/react-dom/cjs/react-dom-client.development.js:7662:22)
      at updateForwardRef (node_modules/react-dom/cjs/react-dom-client.development.js:9724:19)
      at beginWork (node_modules/react-dom/cjs/react-dom-client.development.js:12117:18)
      at runWithFiberInDEV (node_modules/react-dom/cjs/react-dom-client.development.js:874:13)
      at performUnitOfWork (node_modules/react-dom/cjs/react-dom-client.development.js:17641:22)
      at workLoopSync (node_modules/react-dom/cjs/react-dom-client.development.js:17469:41)
      at renderRootSync (node_modules/react-dom/cjs/react-dom-client.development.js:17450:11)
      at performWorkOnRoot (node_modules/react-dom/cjs/react-dom-client.development.js:16504:11)
      at performWorkOnRootViaSchedulerTask (node_modules/react-dom/cjs/react-dom-client.development.js:18957:7)
      at flushActQueue (node_modules/react/cjs/react.development.js:590:34)
      at recursivelyFlushAsyncActWork (node_modules/react/cjs/react.development.js:566:13)
      at Immediate._onImmediate (node_modules/react/cjs/react.development.js:849:32)

  console.warn
    The width(-1) and height(-1) of chart should be greater than 0,
           please check the style of container, or the props width(100%) and height(100%),
           or add a minWidth(0) or minHeight(undefined) or use aspect(undefined) to control the
           height and width.

      at warn (node_modules/recharts/lib/util/LogUtils.js:22:17)
      at node_modules/recharts/lib/component/ResponsiveContainer.js:144:22
      at Object.react_stack_bottom_frame (node_modules/react-dom/cjs/react-dom-client.development.js:25904:20)
      at renderWithHooks (node_modules/react-dom/cjs/react-dom-client.development.js:7662:22)
      at updateForwardRef (node_modules/react-dom/cjs/react-dom-client.development.js:9724:19)
      at beginWork (node_modules/react-dom/cjs/react-dom-client.development.js:12117:18)
      at runWithFiberInDEV (node_modules/react-dom/cjs/react-dom-client.development.js:874:13)
      at performUnitOfWork (node_modules/react-dom/cjs/react-dom-client.development.js:17641:22)
      at workLoopSync (node_modules/react-dom/cjs/react-dom-client.development.js:17469:41)
      at renderRootSync (node_modules/react-dom/cjs/react-dom-client.development.js:17450:11)
      at performWorkOnRoot (node_modules/react-dom/cjs/react-dom-client.development.js:16504:11)
      at performWorkOnRootViaSchedulerTask (node_modules/react-dom/cjs/react-dom-client.development.js:18957:7)
      at flushActQueue (node_modules/react/cjs/react.development.js:590:34)
      at recursivelyFlushAsyncActWork (node_modules/react/cjs/react.development.js:566:13)
      at Immediate._onImmediate (node_modules/react/cjs/react.development.js:849:32)

  console.warn
    The width(-1) and height(-1) of chart should be greater than 0,
           please check the style of container, or the props width(100%) and height(100%),
           or add a minWidth(0) or minHeight(undefined) or use aspect(undefined) to control the
           height and width.

    [0m [90m 66 |[39m   jest[33m.[39museFakeTimers()[33m.[39msetSystemTime([33mNOW[39m)[33m;[39m
     [90m 67 |[39m   window[33m.[39mapi [33m=[39m buildApi(apiOverrides)[33m;[39m
    [31m[1m>[22m[39m[90m 68 |[39m   [36mconst[39m utils [33m=[39m render([33m<[39m[33mStatistiquesAdherent[39m onPageChange[33m=[39m{onPageChange} [33m/[39m[33m>[39m)[33m;[39m
     [90m    |[39m                       [31m[1m^[22m[39m
     [90m 69 |[39m   [36mreturn[39m utils[33m;[39m
     [90m 70 |[39m }[33m;[39m
     [90m 71 |[39m[0m

      at warn (node_modules/recharts/lib/util/LogUtils.js:22:17)
      at node_modules/recharts/lib/component/ResponsiveContainer.js:144:22
      at Object.react_stack_bottom_frame (node_modules/react-dom/cjs/react-dom-client.development.js:25904:20)
      at renderWithHooks (node_modules/react-dom/cjs/react-dom-client.development.js:7662:22)
      at updateForwardRef (node_modules/react-dom/cjs/react-dom-client.development.js:9724:19)
      at beginWork (node_modules/react-dom/cjs/react-dom-client.development.js:12117:18)
      at runWithFiberInDEV (node_modules/react-dom/cjs/react-dom-client.development.js:874:13)
      at performUnitOfWork (node_modules/react-dom/cjs/react-dom-client.development.js:17641:22)
      at workLoopSync (node_modules/react-dom/cjs/react-dom-client.development.js:17469:41)
      at renderRootSync (node_modules/react-dom/cjs/react-dom-client.development.js:17450:11)
      at performWorkOnRoot (node_modules/react-dom/cjs/react-dom-client.development.js:16504:11)
      at performWorkOnRootViaSchedulerTask (node_modules/react-dom/cjs/react-dom-client.development.js:18957:7)
      at flushActQueue (node_modules/react/cjs/react.development.js:590:34)
      at process.env.NODE_ENV.exports.act (node_modules/react/cjs/react.development.js:884:10)
      at node_modules/@testing-library/react/dist/act-compat.js:46:25
      at renderRoot (node_modules/@testing-library/react/dist/pure.js:189:26)
      at render (node_modules/@testing-library/react/dist/pure.js:291:10)
      at setup (src/__tests__/pages/Statistiquesadherent.test.jsx:68:23)
      at Object.setup (src/__tests__/pages/Statistiquesadherent.test.jsx:123:5)

  console.warn
    The width(-1) and height(-1) of chart should be greater than 0,
           please check the style of container, or the props width(100%) and height(100%),
           or add a minWidth(0) or minHeight(undefined) or use aspect(undefined) to control the
           height and width.

    [0m [90m 66 |[39m   jest[33m.[39museFakeTimers()[33m.[39msetSystemTime([33mNOW[39m)[33m;[39m
     [90m 67 |[39m   window[33m.[39mapi [33m=[39m buildApi(apiOverrides)[33m;[39m
    [31m[1m>[22m[39m[90m 68 |[39m   [36mconst[39m utils [33m=[39m render([33m<[39m[33mStatistiquesAdherent[39m onPageChange[33m=[39m{onPageChange} [33m/[39m[33m>[39m)[33m;[39m
     [90m    |[39m                       [31m[1m^[22m[39m
     [90m 69 |[39m   [36mreturn[39m utils[33m;[39m
     [90m 70 |[39m }[33m;[39m
     [90m 71 |[39m[0m

      at warn (node_modules/recharts/lib/util/LogUtils.js:22:17)
      at node_modules/recharts/lib/component/ResponsiveContainer.js:144:22
      at Object.react_stack_bottom_frame (node_modules/react-dom/cjs/react-dom-client.development.js:25904:20)
      at renderWithHooks (node_modules/react-dom/cjs/react-dom-client.development.js:7662:22)
      at updateForwardRef (node_modules/react-dom/cjs/react-dom-client.development.js:9724:19)
      at beginWork (node_modules/react-dom/cjs/react-dom-client.development.js:12117:18)
      at runWithFiberInDEV (node_modules/react-dom/cjs/react-dom-client.development.js:874:13)
      at performUnitOfWork (node_modules/react-dom/cjs/react-dom-client.development.js:17641:22)
      at workLoopSync (node_modules/react-dom/cjs/react-dom-client.development.js:17469:41)
      at renderRootSync (node_modules/react-dom/cjs/react-dom-client.development.js:17450:11)
      at performWorkOnRoot (node_modules/react-dom/cjs/react-dom-client.development.js:16504:11)
      at performWorkOnRootViaSchedulerTask (node_modules/react-dom/cjs/react-dom-client.development.js:18957:7)
      at flushActQueue (node_modules/react/cjs/react.development.js:590:34)
      at process.env.NODE_ENV.exports.act (node_modules/react/cjs/react.development.js:884:10)
      at node_modules/@testing-library/react/dist/act-compat.js:46:25
      at renderRoot (node_modules/@testing-library/react/dist/pure.js:189:26)
      at render (node_modules/@testing-library/react/dist/pure.js:291:10)
      at setup (src/__tests__/pages/Statistiquesadherent.test.jsx:68:23)
      at Object.setup (src/__tests__/pages/Statistiquesadherent.test.jsx:123:5)

  console.warn
    The width(-1) and height(-1) of chart should be greater than 0,
           please check the style of container, or the props width(100%) and height(100%),
           or add a minWidth(0) or minHeight(undefined) or use aspect(undefined) to control the
           height and width.

      at warn (node_modules/recharts/lib/util/LogUtils.js:22:17)
      at node_modules/recharts/lib/component/ResponsiveContainer.js:144:22
      at Object.react_stack_bottom_frame (node_modules/react-dom/cjs/react-dom-client.development.js:25904:20)
      at renderWithHooks (node_modules/react-dom/cjs/react-dom-client.development.js:7662:22)
      at updateForwardRef (node_modules/react-dom/cjs/react-dom-client.development.js:9724:19)
      at beginWork (node_modules/react-dom/cjs/react-dom-client.development.js:12117:18)
      at runWithFiberInDEV (node_modules/react-dom/cjs/react-dom-client.development.js:874:13)
      at performUnitOfWork (node_modules/react-dom/cjs/react-dom-client.development.js:17641:22)
      at workLoopSync (node_modules/react-dom/cjs/react-dom-client.development.js:17469:41)
      at renderRootSync (node_modules/react-dom/cjs/react-dom-client.development.js:17450:11)
      at performWorkOnRoot (node_modules/react-dom/cjs/react-dom-client.development.js:16504:11)
      at performWorkOnRootViaSchedulerTask (node_modules/react-dom/cjs/react-dom-client.development.js:18957:7)
      at flushActQueue (node_modules/react/cjs/react.development.js:590:34)
      at node_modules/react/cjs/react.development.js:847:21

  console.warn
    The width(-1) and height(-1) of chart should be greater than 0,
           please check the style of container, or the props width(100%) and height(100%),
           or add a minWidth(0) or minHeight(undefined) or use aspect(undefined) to control the
           height and width.

      at warn (node_modules/recharts/lib/util/LogUtils.js:22:17)
      at node_modules/recharts/lib/component/ResponsiveContainer.js:144:22
      at Object.react_stack_bottom_frame (node_modules/react-dom/cjs/react-dom-client.development.js:25904:20)
      at renderWithHooks (node_modules/react-dom/cjs/react-dom-client.development.js:7662:22)
      at updateForwardRef (node_modules/react-dom/cjs/react-dom-client.development.js:9724:19)
      at beginWork (node_modules/react-dom/cjs/react-dom-client.development.js:12117:18)
      at runWithFiberInDEV (node_modules/react-dom/cjs/react-dom-client.development.js:874:13)
      at performUnitOfWork (node_modules/react-dom/cjs/react-dom-client.development.js:17641:22)
      at workLoopSync (node_modules/react-dom/cjs/react-dom-client.development.js:17469:41)
      at renderRootSync (node_modules/react-dom/cjs/react-dom-client.development.js:17450:11)
      at performWorkOnRoot (node_modules/react-dom/cjs/react-dom-client.development.js:16504:11)
      at performWorkOnRootViaSchedulerTask (node_modules/react-dom/cjs/react-dom-client.development.js:18957:7)
      at flushActQueue (node_modules/react/cjs/react.development.js:590:34)
      at node_modules/react/cjs/react.development.js:847:21

  console.warn
    The width(-1) and height(-1) of chart should be greater than 0,
           please check the style of container, or the props width(100%) and height(100%),
           or add a minWidth(0) or minHeight(undefined) or use aspect(undefined) to control the
           height and width.

      at warn (node_modules/recharts/lib/util/LogUtils.js:22:17)
      at node_modules/recharts/lib/component/ResponsiveContainer.js:144:22
      at Object.react_stack_bottom_frame (node_modules/react-dom/cjs/react-dom-client.development.js:25904:20)
      at renderWithHooks (node_modules/react-dom/cjs/react-dom-client.development.js:7662:22)
      at updateForwardRef (node_modules/react-dom/cjs/react-dom-client.development.js:9724:19)
      at beginWork (node_modules/react-dom/cjs/react-dom-client.development.js:12117:18)
      at runWithFiberInDEV (node_modules/react-dom/cjs/react-dom-client.development.js:874:13)
      at performUnitOfWork (node_modules/react-dom/cjs/react-dom-client.development.js:17641:22)
      at workLoopSync (node_modules/react-dom/cjs/react-dom-client.development.js:17469:41)
      at renderRootSync (node_modules/react-dom/cjs/react-dom-client.development.js:17450:11)
      at performWorkOnRoot (node_modules/react-dom/cjs/react-dom-client.development.js:16504:11)
      at performWorkOnRootViaSchedulerTask (node_modules/react-dom/cjs/react-dom-client.development.js:18957:7)
      at flushActQueue (node_modules/react/cjs/react.development.js:590:34)
      at recursivelyFlushAsyncActWork (node_modules/react/cjs/react.development.js:566:13)
      at Immediate._onImmediate (node_modules/react/cjs/react.development.js:849:32)

  console.warn
    The width(-1) and height(-1) of chart should be greater than 0,
           please check the style of container, or the props width(100%) and height(100%),
           or add a minWidth(0) or minHeight(undefined) or use aspect(undefined) to control the
           height and width.

      at warn (node_modules/recharts/lib/util/LogUtils.js:22:17)
      at node_modules/recharts/lib/component/ResponsiveContainer.js:144:22
      at Object.react_stack_bottom_frame (node_modules/react-dom/cjs/react-dom-client.development.js:25904:20)
      at renderWithHooks (node_modules/react-dom/cjs/react-dom-client.development.js:7662:22)
      at updateForwardRef (node_modules/react-dom/cjs/react-dom-client.development.js:9724:19)
      at beginWork (node_modules/react-dom/cjs/react-dom-client.development.js:12117:18)
      at runWithFiberInDEV (node_modules/react-dom/cjs/react-dom-client.development.js:874:13)
      at performUnitOfWork (node_modules/react-dom/cjs/react-dom-client.development.js:17641:22)
      at workLoopSync (node_modules/react-dom/cjs/react-dom-client.development.js:17469:41)
      at renderRootSync (node_modules/react-dom/cjs/react-dom-client.development.js:17450:11)
      at performWorkOnRoot (node_modules/react-dom/cjs/react-dom-client.development.js:16504:11)
      at performWorkOnRootViaSchedulerTask (node_modules/react-dom/cjs/react-dom-client.development.js:18957:7)
      at flushActQueue (node_modules/react/cjs/react.development.js:590:34)
      at recursivelyFlushAsyncActWork (node_modules/react/cjs/react.development.js:566:13)
      at Immediate._onImmediate (node_modules/react/cjs/react.development.js:849:32)

  console.warn
    The width(-1) and height(-1) of chart should be greater than 0,
           please check the style of container, or the props width(100%) and height(100%),
           or add a minWidth(0) or minHeight(undefined) or use aspect(undefined) to control the
           height and width.

    [0m [90m 66 |[39m   jest[33m.[39museFakeTimers()[33m.[39msetSystemTime([33mNOW[39m)[33m;[39m
     [90m 67 |[39m   window[33m.[39mapi [33m=[39m buildApi(apiOverrides)[33m;[39m
    [31m[1m>[22m[39m[90m 68 |[39m   [36mconst[39m utils [33m=[39m render([33m<[39m[33mStatistiquesAdherent[39m onPageChange[33m=[39m{onPageChange} [33m/[39m[33m>[39m)[33m;[39m
     [90m    |[39m                       [31m[1m^[22m[39m
     [90m 69 |[39m   [36mreturn[39m utils[33m;[39m
     [90m 70 |[39m }[33m;[39m
     [90m 71 |[39m[0m

      at warn (node_modules/recharts/lib/util/LogUtils.js:22:17)
      at node_modules/recharts/lib/component/ResponsiveContainer.js:144:22
      at Object.react_stack_bottom_frame (node_modules/react-dom/cjs/react-dom-client.development.js:25904:20)
      at renderWithHooks (node_modules/react-dom/cjs/react-dom-client.development.js:7662:22)
      at updateForwardRef (node_modules/react-dom/cjs/react-dom-client.development.js:9724:19)
      at beginWork (node_modules/react-dom/cjs/react-dom-client.development.js:12117:18)
      at runWithFiberInDEV (node_modules/react-dom/cjs/react-dom-client.development.js:874:13)
      at performUnitOfWork (node_modules/react-dom/cjs/react-dom-client.development.js:17641:22)
      at workLoopSync (node_modules/react-dom/cjs/react-dom-client.development.js:17469:41)
      at renderRootSync (node_modules/react-dom/cjs/react-dom-client.development.js:17450:11)
      at performWorkOnRoot (node_modules/react-dom/cjs/react-dom-client.development.js:16504:11)
      at performWorkOnRootViaSchedulerTask (node_modules/react-dom/cjs/react-dom-client.development.js:18957:7)
      at flushActQueue (node_modules/react/cjs/react.development.js:590:34)
      at process.env.NODE_ENV.exports.act (node_modules/react/cjs/react.development.js:884:10)
      at node_modules/@testing-library/react/dist/act-compat.js:46:25
      at renderRoot (node_modules/@testing-library/react/dist/pure.js:189:26)
      at render (node_modules/@testing-library/react/dist/pure.js:291:10)
      at setup (src/__tests__/pages/Statistiquesadherent.test.jsx:68:23)
      at Object.setup (src/__tests__/pages/Statistiquesadherent.test.jsx:130:5)

  console.warn
    The width(-1) and height(-1) of chart should be greater than 0,
           please check the style of container, or the props width(100%) and height(100%),
           or add a minWidth(0) or minHeight(undefined) or use aspect(undefined) to control the
           height and width.

    [0m [90m 66 |[39m   jest[33m.[39museFakeTimers()[33m.[39msetSystemTime([33mNOW[39m)[33m;[39m
     [90m 67 |[39m   window[33m.[39mapi [33m=[39m buildApi(apiOverrides)[33m;[39m
    [31m[1m>[22m[39m[90m 68 |[39m   [36mconst[39m utils [33m=[39m render([33m<[39m[33mStatistiquesAdherent[39m onPageChange[33m=[39m{onPageChange} [33m/[39m[33m>[39m)[33m;[39m
     [90m    |[39m                       [31m[1m^[22m[39m
     [90m 69 |[39m   [36mreturn[39m utils[33m;[39m
     [90m 70 |[39m }[33m;[39m
     [90m 71 |[39m[0m

      at warn (node_modules/recharts/lib/util/LogUtils.js:22:17)
      at node_modules/recharts/lib/component/ResponsiveContainer.js:144:22
      at Object.react_stack_bottom_frame (node_modules/react-dom/cjs/react-dom-client.development.js:25904:20)
      at renderWithHooks (node_modules/react-dom/cjs/react-dom-client.development.js:7662:22)
      at updateForwardRef (node_modules/react-dom/cjs/react-dom-client.development.js:9724:19)
      at beginWork (node_modules/react-dom/cjs/react-dom-client.development.js:12117:18)
      at runWithFiberInDEV (node_modules/react-dom/cjs/react-dom-client.development.js:874:13)
      at performUnitOfWork (node_modules/react-dom/cjs/react-dom-client.development.js:17641:22)
      at workLoopSync (node_modules/react-dom/cjs/react-dom-client.development.js:17469:41)
      at renderRootSync (node_modules/react-dom/cjs/react-dom-client.development.js:17450:11)
      at performWorkOnRoot (node_modules/react-dom/cjs/react-dom-client.development.js:16504:11)
      at performWorkOnRootViaSchedulerTask (node_modules/react-dom/cjs/react-dom-client.development.js:18957:7)
      at flushActQueue (node_modules/react/cjs/react.development.js:590:34)
      at process.env.NODE_ENV.exports.act (node_modules/react/cjs/react.development.js:884:10)
      at node_modules/@testing-library/react/dist/act-compat.js:46:25
      at renderRoot (node_modules/@testing-library/react/dist/pure.js:189:26)
      at render (node_modules/@testing-library/react/dist/pure.js:291:10)
      at setup (src/__tests__/pages/Statistiquesadherent.test.jsx:68:23)
      at Object.setup (src/__tests__/pages/Statistiquesadherent.test.jsx:130:5)

  console.warn
    The width(-1) and height(-1) of chart should be greater than 0,
           please check the style of container, or the props width(100%) and height(100%),
           or add a minWidth(0) or minHeight(undefined) or use aspect(undefined) to control the
           height and width.

      at warn (node_modules/recharts/lib/util/LogUtils.js:22:17)
      at node_modules/recharts/lib/component/ResponsiveContainer.js:144:22
      at Object.react_stack_bottom_frame (node_modules/react-dom/cjs/react-dom-client.development.js:25904:20)
      at renderWithHooks (node_modules/react-dom/cjs/react-dom-client.development.js:7662:22)
      at updateForwardRef (node_modules/react-dom/cjs/react-dom-client.development.js:9724:19)
      at beginWork (node_modules/react-dom/cjs/react-dom-client.development.js:12117:18)
      at runWithFiberInDEV (node_modules/react-dom/cjs/react-dom-client.development.js:874:13)
      at performUnitOfWork (node_modules/react-dom/cjs/react-dom-client.development.js:17641:22)
      at workLoopSync (node_modules/react-dom/cjs/react-dom-client.development.js:17469:41)
      at renderRootSync (node_modules/react-dom/cjs/react-dom-client.development.js:17450:11)
      at performWorkOnRoot (node_modules/react-dom/cjs/react-dom-client.development.js:16504:11)
      at performWorkOnRootViaSchedulerTask (node_modules/react-dom/cjs/react-dom-client.development.js:18957:7)
      at flushActQueue (node_modules/react/cjs/react.development.js:590:34)
      at node_modules/react/cjs/react.development.js:847:21

  console.warn
    The width(-1) and height(-1) of chart should be greater than 0,
           please check the style of container, or the props width(100%) and height(100%),
           or add a minWidth(0) or minHeight(undefined) or use aspect(undefined) to control the
           height and width.

      at warn (node_modules/recharts/lib/util/LogUtils.js:22:17)
      at node_modules/recharts/lib/component/ResponsiveContainer.js:144:22
      at Object.react_stack_bottom_frame (node_modules/react-dom/cjs/react-dom-client.development.js:25904:20)
      at renderWithHooks (node_modules/react-dom/cjs/react-dom-client.development.js:7662:22)
      at updateForwardRef (node_modules/react-dom/cjs/react-dom-client.development.js:9724:19)
      at beginWork (node_modules/react-dom/cjs/react-dom-client.development.js:12117:18)
      at runWithFiberInDEV (node_modules/react-dom/cjs/react-dom-client.development.js:874:13)
      at performUnitOfWork (node_modules/react-dom/cjs/react-dom-client.development.js:17641:22)
      at workLoopSync (node_modules/react-dom/cjs/react-dom-client.development.js:17469:41)
      at renderRootSync (node_modules/react-dom/cjs/react-dom-client.development.js:17450:11)
      at performWorkOnRoot (node_modules/react-dom/cjs/react-dom-client.development.js:16504:11)
      at performWorkOnRootViaSchedulerTask (node_modules/react-dom/cjs/react-dom-client.development.js:18957:7)
      at flushActQueue (node_modules/react/cjs/react.development.js:590:34)
      at node_modules/react/cjs/react.development.js:847:21

  console.warn
    The width(-1) and height(-1) of chart should be greater than 0,
           please check the style of container, or the props width(100%) and height(100%),
           or add a minWidth(0) or minHeight(undefined) or use aspect(undefined) to control the
           height and width.

      at warn (node_modules/recharts/lib/util/LogUtils.js:22:17)
      at node_modules/recharts/lib/component/ResponsiveContainer.js:144:22
      at Object.react_stack_bottom_frame (node_modules/react-dom/cjs/react-dom-client.development.js:25904:20)
      at renderWithHooks (node_modules/react-dom/cjs/react-dom-client.development.js:7662:22)
      at updateForwardRef (node_modules/react-dom/cjs/react-dom-client.development.js:9724:19)
      at beginWork (node_modules/react-dom/cjs/react-dom-client.development.js:12117:18)
      at runWithFiberInDEV (node_modules/react-dom/cjs/react-dom-client.development.js:874:13)
      at performUnitOfWork (node_modules/react-dom/cjs/react-dom-client.development.js:17641:22)
      at workLoopSync (node_modules/react-dom/cjs/react-dom-client.development.js:17469:41)
      at renderRootSync (node_modules/react-dom/cjs/react-dom-client.development.js:17450:11)
      at performWorkOnRoot (node_modules/react-dom/cjs/react-dom-client.development.js:16504:11)
      at performWorkOnRootViaSchedulerTask (node_modules/react-dom/cjs/react-dom-client.development.js:18957:7)
      at flushActQueue (node_modules/react/cjs/react.development.js:590:34)
      at recursivelyFlushAsyncActWork (node_modules/react/cjs/react.development.js:566:13)
      at Immediate._onImmediate (node_modules/react/cjs/react.development.js:849:32)

  console.warn
    The width(-1) and height(-1) of chart should be greater than 0,
           please check the style of container, or the props width(100%) and height(100%),
           or add a minWidth(0) or minHeight(undefined) or use aspect(undefined) to control the
           height and width.

      at warn (node_modules/recharts/lib/util/LogUtils.js:22:17)
      at node_modules/recharts/lib/component/ResponsiveContainer.js:144:22
      at Object.react_stack_bottom_frame (node_modules/react-dom/cjs/react-dom-client.development.js:25904:20)
      at renderWithHooks (node_modules/react-dom/cjs/react-dom-client.development.js:7662:22)
      at updateForwardRef (node_modules/react-dom/cjs/react-dom-client.development.js:9724:19)
      at beginWork (node_modules/react-dom/cjs/react-dom-client.development.js:12117:18)
      at runWithFiberInDEV (node_modules/react-dom/cjs/react-dom-client.development.js:874:13)
      at performUnitOfWork (node_modules/react-dom/cjs/react-dom-client.development.js:17641:22)
      at workLoopSync (node_modules/react-dom/cjs/react-dom-client.development.js:17469:41)
      at renderRootSync (node_modules/react-dom/cjs/react-dom-client.development.js:17450:11)
      at performWorkOnRoot (node_modules/react-dom/cjs/react-dom-client.development.js:16504:11)
      at performWorkOnRootViaSchedulerTask (node_modules/react-dom/cjs/react-dom-client.development.js:18957:7)
      at flushActQueue (node_modules/react/cjs/react.development.js:590:34)
      at recursivelyFlushAsyncActWork (node_modules/react/cjs/react.development.js:566:13)
      at Immediate._onImmediate (node_modules/react/cjs/react.development.js:849:32)

  console.warn
    The width(-1) and height(-1) of chart should be greater than 0,
           please check the style of container, or the props width(100%) and height(100%),
           or add a minWidth(0) or minHeight(undefined) or use aspect(undefined) to control the
           height and width.

    [0m [90m 66 |[39m   jest[33m.[39museFakeTimers()[33m.[39msetSystemTime([33mNOW[39m)[33m;[39m
     [90m 67 |[39m   window[33m.[39mapi [33m=[39m buildApi(apiOverrides)[33m;[39m
    [31m[1m>[22m[39m[90m 68 |[39m   [36mconst[39m utils [33m=[39m render([33m<[39m[33mStatistiquesAdherent[39m onPageChange[33m=[39m{onPageChange} [33m/[39m[33m>[39m)[33m;[39m
     [90m    |[39m                       [31m[1m^[22m[39m
     [90m 69 |[39m   [36mreturn[39m utils[33m;[39m
     [90m 70 |[39m }[33m;[39m
     [90m 71 |[39m[0m

      at warn (node_modules/recharts/lib/util/LogUtils.js:22:17)
      at node_modules/recharts/lib/component/ResponsiveContainer.js:144:22
      at Object.react_stack_bottom_frame (node_modules/react-dom/cjs/react-dom-client.development.js:25904:20)
      at renderWithHooks (node_modules/react-dom/cjs/react-dom-client.development.js:7662:22)
      at updateForwardRef (node_modules/react-dom/cjs/react-dom-client.development.js:9724:19)
      at beginWork (node_modules/react-dom/cjs/react-dom-client.development.js:12117:18)
      at runWithFiberInDEV (node_modules/react-dom/cjs/react-dom-client.development.js:874:13)
      at performUnitOfWork (node_modules/react-dom/cjs/react-dom-client.development.js:17641:22)
      at workLoopSync (node_modules/react-dom/cjs/react-dom-client.development.js:17469:41)
      at renderRootSync (node_modules/react-dom/cjs/react-dom-client.development.js:17450:11)
      at performWorkOnRoot (node_modules/react-dom/cjs/react-dom-client.development.js:16504:11)
      at performWorkOnRootViaSchedulerTask (node_modules/react-dom/cjs/react-dom-client.development.js:18957:7)
      at flushActQueue (node_modules/react/cjs/react.development.js:590:34)
      at process.env.NODE_ENV.exports.act (node_modules/react/cjs/react.development.js:884:10)
      at node_modules/@testing-library/react/dist/act-compat.js:46:25
      at renderRoot (node_modules/@testing-library/react/dist/pure.js:189:26)
      at render (node_modules/@testing-library/react/dist/pure.js:291:10)
      at setup (src/__tests__/pages/Statistiquesadherent.test.jsx:68:23)
      at Object.setup (src/__tests__/pages/Statistiquesadherent.test.jsx:137:5)

  console.warn
    The width(-1) and height(-1) of chart should be greater than 0,
           please check the style of container, or the props width(100%) and height(100%),
           or add a minWidth(0) or minHeight(undefined) or use aspect(undefined) to control the
           height and width.

    [0m [90m 66 |[39m   jest[33m.[39museFakeTimers()[33m.[39msetSystemTime([33mNOW[39m)[33m;[39m
     [90m 67 |[39m   window[33m.[39mapi [33m=[39m buildApi(apiOverrides)[33m;[39m
    [31m[1m>[22m[39m[90m 68 |[39m   [36mconst[39m utils [33m=[39m render([33m<[39m[33mStatistiquesAdherent[39m onPageChange[33m=[39m{onPageChange} [33m/[39m[33m>[39m)[33m;[39m
     [90m    |[39m                       [31m[1m^[22m[39m
     [90m 69 |[39m   [36mreturn[39m utils[33m;[39m
     [90m 70 |[39m }[33m;[39m
     [90m 71 |[39m[0m

      at warn (node_modules/recharts/lib/util/LogUtils.js:22:17)
      at node_modules/recharts/lib/component/ResponsiveContainer.js:144:22
      at Object.react_stack_bottom_frame (node_modules/react-dom/cjs/react-dom-client.development.js:25904:20)
      at renderWithHooks (node_modules/react-dom/cjs/react-dom-client.development.js:7662:22)
      at updateForwardRef (node_modules/react-dom/cjs/react-dom-client.development.js:9724:19)
      at beginWork (node_modules/react-dom/cjs/react-dom-client.development.js:12117:18)
      at runWithFiberInDEV (node_modules/react-dom/cjs/react-dom-client.development.js:874:13)
      at performUnitOfWork (node_modules/react-dom/cjs/react-dom-client.development.js:17641:22)
      at workLoopSync (node_modules/react-dom/cjs/react-dom-client.development.js:17469:41)
      at renderRootSync (node_modules/react-dom/cjs/react-dom-client.development.js:17450:11)
      at performWorkOnRoot (node_modules/react-dom/cjs/react-dom-client.development.js:16504:11)
      at performWorkOnRootViaSchedulerTask (node_modules/react-dom/cjs/react-dom-client.development.js:18957:7)
      at flushActQueue (node_modules/react/cjs/react.development.js:590:34)
      at process.env.NODE_ENV.exports.act (node_modules/react/cjs/react.development.js:884:10)
      at node_modules/@testing-library/react/dist/act-compat.js:46:25
      at renderRoot (node_modules/@testing-library/react/dist/pure.js:189:26)
      at render (node_modules/@testing-library/react/dist/pure.js:291:10)
      at setup (src/__tests__/pages/Statistiquesadherent.test.jsx:68:23)
      at Object.setup (src/__tests__/pages/Statistiquesadherent.test.jsx:137:5)

  console.warn
    The width(-1) and height(-1) of chart should be greater than 0,
           please check the style of container, or the props width(100%) and height(100%),
           or add a minWidth(0) or minHeight(undefined) or use aspect(undefined) to control the
           height and width.

      at warn (node_modules/recharts/lib/util/LogUtils.js:22:17)
      at node_modules/recharts/lib/component/ResponsiveContainer.js:144:22
      at Object.react_stack_bottom_frame (node_modules/react-dom/cjs/react-dom-client.development.js:25904:20)
      at renderWithHooks (node_modules/react-dom/cjs/react-dom-client.development.js:7662:22)
      at updateForwardRef (node_modules/react-dom/cjs/react-dom-client.development.js:9724:19)
      at beginWork (node_modules/react-dom/cjs/react-dom-client.development.js:12117:18)
      at runWithFiberInDEV (node_modules/react-dom/cjs/react-dom-client.development.js:874:13)
      at performUnitOfWork (node_modules/react-dom/cjs/react-dom-client.development.js:17641:22)
      at workLoopSync (node_modules/react-dom/cjs/react-dom-client.development.js:17469:41)
      at renderRootSync (node_modules/react-dom/cjs/react-dom-client.development.js:17450:11)
      at performWorkOnRoot (node_modules/react-dom/cjs/react-dom-client.development.js:16504:11)
      at performWorkOnRootViaSchedulerTask (node_modules/react-dom/cjs/react-dom-client.development.js:18957:7)
      at flushActQueue (node_modules/react/cjs/react.development.js:590:34)
      at node_modules/react/cjs/react.development.js:847:21

  console.warn
    The width(-1) and height(-1) of chart should be greater than 0,
           please check the style of container, or the props width(100%) and height(100%),
           or add a minWidth(0) or minHeight(undefined) or use aspect(undefined) to control the
           height and width.

      at warn (node_modules/recharts/lib/util/LogUtils.js:22:17)
      at node_modules/recharts/lib/component/ResponsiveContainer.js:144:22
      at Object.react_stack_bottom_frame (node_modules/react-dom/cjs/react-dom-client.development.js:25904:20)
      at renderWithHooks (node_modules/react-dom/cjs/react-dom-client.development.js:7662:22)
      at updateForwardRef (node_modules/react-dom/cjs/react-dom-client.development.js:9724:19)
      at beginWork (node_modules/react-dom/cjs/react-dom-client.development.js:12117:18)
      at runWithFiberInDEV (node_modules/react-dom/cjs/react-dom-client.development.js:874:13)
      at performUnitOfWork (node_modules/react-dom/cjs/react-dom-client.development.js:17641:22)
      at workLoopSync (node_modules/react-dom/cjs/react-dom-client.development.js:17469:41)
      at renderRootSync (node_modules/react-dom/cjs/react-dom-client.development.js:17450:11)
      at performWorkOnRoot (node_modules/react-dom/cjs/react-dom-client.development.js:16504:11)
      at performWorkOnRootViaSchedulerTask (node_modules/react-dom/cjs/react-dom-client.development.js:18957:7)
      at flushActQueue (node_modules/react/cjs/react.development.js:590:34)
      at node_modules/react/cjs/react.development.js:847:21

  console.warn
    The width(-1) and height(-1) of chart should be greater than 0,
           please check the style of container, or the props width(100%) and height(100%),
           or add a minWidth(0) or minHeight(undefined) or use aspect(undefined) to control the
           height and width.

      at warn (node_modules/recharts/lib/util/LogUtils.js:22:17)
      at node_modules/recharts/lib/component/ResponsiveContainer.js:144:22
      at Object.react_stack_bottom_frame (node_modules/react-dom/cjs/react-dom-client.development.js:25904:20)
      at renderWithHooks (node_modules/react-dom/cjs/react-dom-client.development.js:7662:22)
      at updateForwardRef (node_modules/react-dom/cjs/react-dom-client.development.js:9724:19)
      at beginWork (node_modules/react-dom/cjs/react-dom-client.development.js:12117:18)
      at runWithFiberInDEV (node_modules/react-dom/cjs/react-dom-client.development.js:874:13)
      at performUnitOfWork (node_modules/react-dom/cjs/react-dom-client.development.js:17641:22)
      at workLoopSync (node_modules/react-dom/cjs/react-dom-client.development.js:17469:41)
      at renderRootSync (node_modules/react-dom/cjs/react-dom-client.development.js:17450:11)
      at performWorkOnRoot (node_modules/react-dom/cjs/react-dom-client.development.js:16504:11)
      at performWorkOnRootViaSchedulerTask (node_modules/react-dom/cjs/react-dom-client.development.js:18957:7)
      at flushActQueue (node_modules/react/cjs/react.development.js:590:34)
      at recursivelyFlushAsyncActWork (node_modules/react/cjs/react.development.js:566:13)
      at Immediate._onImmediate (node_modules/react/cjs/react.development.js:849:32)

  console.warn
    The width(-1) and height(-1) of chart should be greater than 0,
           please check the style of container, or the props width(100%) and height(100%),
           or add a minWidth(0) or minHeight(undefined) or use aspect(undefined) to control the
           height and width.

      at warn (node_modules/recharts/lib/util/LogUtils.js:22:17)
      at node_modules/recharts/lib/component/ResponsiveContainer.js:144:22
      at Object.react_stack_bottom_frame (node_modules/react-dom/cjs/react-dom-client.development.js:25904:20)
      at renderWithHooks (node_modules/react-dom/cjs/react-dom-client.development.js:7662:22)
      at updateForwardRef (node_modules/react-dom/cjs/react-dom-client.development.js:9724:19)
      at beginWork (node_modules/react-dom/cjs/react-dom-client.development.js:12117:18)
      at runWithFiberInDEV (node_modules/react-dom/cjs/react-dom-client.development.js:874:13)
      at performUnitOfWork (node_modules/react-dom/cjs/react-dom-client.development.js:17641:22)
      at workLoopSync (node_modules/react-dom/cjs/react-dom-client.development.js:17469:41)
      at renderRootSync (node_modules/react-dom/cjs/react-dom-client.development.js:17450:11)
      at performWorkOnRoot (node_modules/react-dom/cjs/react-dom-client.development.js:16504:11)
      at performWorkOnRootViaSchedulerTask (node_modules/react-dom/cjs/react-dom-client.development.js:18957:7)
      at flushActQueue (node_modules/react/cjs/react.development.js:590:34)
      at recursivelyFlushAsyncActWork (node_modules/react/cjs/react.development.js:566:13)
      at Immediate._onImmediate (node_modules/react/cjs/react.development.js:849:32)

  console.warn
    The width(-1) and height(-1) of chart should be greater than 0,
           please check the style of container, or the props width(100%) and height(100%),
           or add a minWidth(0) or minHeight(undefined) or use aspect(undefined) to control the
           height and width.

    [0m [90m 66 |[39m   jest[33m.[39museFakeTimers()[33m.[39msetSystemTime([33mNOW[39m)[33m;[39m
     [90m 67 |[39m   window[33m.[39mapi [33m=[39m buildApi(apiOverrides)[33m;[39m
    [31m[1m>[22m[39m[90m 68 |[39m   [36mconst[39m utils [33m=[39m render([33m<[39m[33mStatistiquesAdherent[39m onPageChange[33m=[39m{onPageChange} [33m/[39m[33m>[39m)[33m;[39m
     [90m    |[39m                       [31m[1m^[22m[39m
     [90m 69 |[39m   [36mreturn[39m utils[33m;[39m
     [90m 70 |[39m }[33m;[39m
     [90m 71 |[39m[0m

      at warn (node_modules/recharts/lib/util/LogUtils.js:22:17)
      at node_modules/recharts/lib/component/ResponsiveContainer.js:144:22
      at Object.react_stack_bottom_frame (node_modules/react-dom/cjs/react-dom-client.development.js:25904:20)
      at renderWithHooks (node_modules/react-dom/cjs/react-dom-client.development.js:7662:22)
      at updateForwardRef (node_modules/react-dom/cjs/react-dom-client.development.js:9724:19)
      at beginWork (node_modules/react-dom/cjs/react-dom-client.development.js:12117:18)
      at runWithFiberInDEV (node_modules/react-dom/cjs/react-dom-client.development.js:874:13)
      at performUnitOfWork (node_modules/react-dom/cjs/react-dom-client.development.js:17641:22)
      at workLoopSync (node_modules/react-dom/cjs/react-dom-client.development.js:17469:41)
      at renderRootSync (node_modules/react-dom/cjs/react-dom-client.development.js:17450:11)
      at performWorkOnRoot (node_modules/react-dom/cjs/react-dom-client.development.js:16504:11)
      at performWorkOnRootViaSchedulerTask (node_modules/react-dom/cjs/react-dom-client.development.js:18957:7)
      at flushActQueue (node_modules/react/cjs/react.development.js:590:34)
      at process.env.NODE_ENV.exports.act (node_modules/react/cjs/react.development.js:884:10)
      at node_modules/@testing-library/react/dist/act-compat.js:46:25
      at renderRoot (node_modules/@testing-library/react/dist/pure.js:189:26)
      at render (node_modules/@testing-library/react/dist/pure.js:291:10)
      at setup (src/__tests__/pages/Statistiquesadherent.test.jsx:68:23)
      at Object.setup (src/__tests__/pages/Statistiquesadherent.test.jsx:149:5)

  console.warn
    The width(-1) and height(-1) of chart should be greater than 0,
           please check the style of container, or the props width(100%) and height(100%),
           or add a minWidth(0) or minHeight(undefined) or use aspect(undefined) to control the
           height and width.

    [0m [90m 66 |[39m   jest[33m.[39museFakeTimers()[33m.[39msetSystemTime([33mNOW[39m)[33m;[39m
     [90m 67 |[39m   window[33m.[39mapi [33m=[39m buildApi(apiOverrides)[33m;[39m
    [31m[1m>[22m[39m[90m 68 |[39m   [36mconst[39m utils [33m=[39m render([33m<[39m[33mStatistiquesAdherent[39m onPageChange[33m=[39m{onPageChange} [33m/[39m[33m>[39m)[33m;[39m
     [90m    |[39m                       [31m[1m^[22m[39m
     [90m 69 |[39m   [36mreturn[39m utils[33m;[39m
     [90m 70 |[39m }[33m;[39m
     [90m 71 |[39m[0m

      at warn (node_modules/recharts/lib/util/LogUtils.js:22:17)
      at node_modules/recharts/lib/component/ResponsiveContainer.js:144:22
      at Object.react_stack_bottom_frame (node_modules/react-dom/cjs/react-dom-client.development.js:25904:20)
      at renderWithHooks (node_modules/react-dom/cjs/react-dom-client.development.js:7662:22)
      at updateForwardRef (node_modules/react-dom/cjs/react-dom-client.development.js:9724:19)
      at beginWork (node_modules/react-dom/cjs/react-dom-client.development.js:12117:18)
      at runWithFiberInDEV (node_modules/react-dom/cjs/react-dom-client.development.js:874:13)
      at performUnitOfWork (node_modules/react-dom/cjs/react-dom-client.development.js:17641:22)
      at workLoopSync (node_modules/react-dom/cjs/react-dom-client.development.js:17469:41)
      at renderRootSync (node_modules/react-dom/cjs/react-dom-client.development.js:17450:11)
      at performWorkOnRoot (node_modules/react-dom/cjs/react-dom-client.development.js:16504:11)
      at performWorkOnRootViaSchedulerTask (node_modules/react-dom/cjs/react-dom-client.development.js:18957:7)
      at flushActQueue (node_modules/react/cjs/react.development.js:590:34)
      at process.env.NODE_ENV.exports.act (node_modules/react/cjs/react.development.js:884:10)
      at node_modules/@testing-library/react/dist/act-compat.js:46:25
      at renderRoot (node_modules/@testing-library/react/dist/pure.js:189:26)
      at render (node_modules/@testing-library/react/dist/pure.js:291:10)
      at setup (src/__tests__/pages/Statistiquesadherent.test.jsx:68:23)
      at Object.setup (src/__tests__/pages/Statistiquesadherent.test.jsx:149:5)

  console.warn
    The width(-1) and height(-1) of chart should be greater than 0,
           please check the style of container, or the props width(100%) and height(100%),
           or add a minWidth(0) or minHeight(undefined) or use aspect(undefined) to control the
           height and width.

      at warn (node_modules/recharts/lib/util/LogUtils.js:22:17)
      at node_modules/recharts/lib/component/ResponsiveContainer.js:144:22
      at Object.react_stack_bottom_frame (node_modules/react-dom/cjs/react-dom-client.development.js:25904:20)
      at renderWithHooks (node_modules/react-dom/cjs/react-dom-client.development.js:7662:22)
      at updateForwardRef (node_modules/react-dom/cjs/react-dom-client.development.js:9724:19)
      at beginWork (node_modules/react-dom/cjs/react-dom-client.development.js:12117:18)
      at runWithFiberInDEV (node_modules/react-dom/cjs/react-dom-client.development.js:874:13)
      at performUnitOfWork (node_modules/react-dom/cjs/react-dom-client.development.js:17641:22)
      at workLoopSync (node_modules/react-dom/cjs/react-dom-client.development.js:17469:41)
      at renderRootSync (node_modules/react-dom/cjs/react-dom-client.development.js:17450:11)
      at performWorkOnRoot (node_modules/react-dom/cjs/react-dom-client.development.js:16504:11)
      at performWorkOnRootViaSchedulerTask (node_modules/react-dom/cjs/react-dom-client.development.js:18957:7)
      at flushActQueue (node_modules/react/cjs/react.development.js:590:34)
      at node_modules/react/cjs/react.development.js:847:21

  console.warn
    The width(-1) and height(-1) of chart should be greater than 0,
           please check the style of container, or the props width(100%) and height(100%),
           or add a minWidth(0) or minHeight(undefined) or use aspect(undefined) to control the
           height and width.

      at warn (node_modules/recharts/lib/util/LogUtils.js:22:17)
      at node_modules/recharts/lib/component/ResponsiveContainer.js:144:22
      at Object.react_stack_bottom_frame (node_modules/react-dom/cjs/react-dom-client.development.js:25904:20)
      at renderWithHooks (node_modules/react-dom/cjs/react-dom-client.development.js:7662:22)
      at updateForwardRef (node_modules/react-dom/cjs/react-dom-client.development.js:9724:19)
      at beginWork (node_modules/react-dom/cjs/react-dom-client.development.js:12117:18)
      at runWithFiberInDEV (node_modules/react-dom/cjs/react-dom-client.development.js:874:13)
      at performUnitOfWork (node_modules/react-dom/cjs/react-dom-client.development.js:17641:22)
      at workLoopSync (node_modules/react-dom/cjs/react-dom-client.development.js:17469:41)
      at renderRootSync (node_modules/react-dom/cjs/react-dom-client.development.js:17450:11)
      at performWorkOnRoot (node_modules/react-dom/cjs/react-dom-client.development.js:16504:11)
      at performWorkOnRootViaSchedulerTask (node_modules/react-dom/cjs/react-dom-client.development.js:18957:7)
      at flushActQueue (node_modules/react/cjs/react.development.js:590:34)
      at node_modules/react/cjs/react.development.js:847:21

  console.warn
    The width(-1) and height(-1) of chart should be greater than 0,
           please check the style of container, or the props width(100%) and height(100%),
           or add a minWidth(0) or minHeight(undefined) or use aspect(undefined) to control the
           height and width.

      at warn (node_modules/recharts/lib/util/LogUtils.js:22:17)
      at node_modules/recharts/lib/component/ResponsiveContainer.js:144:22
      at Object.react_stack_bottom_frame (node_modules/react-dom/cjs/react-dom-client.development.js:25904:20)
      at renderWithHooks (node_modules/react-dom/cjs/react-dom-client.development.js:7662:22)
      at updateForwardRef (node_modules/react-dom/cjs/react-dom-client.development.js:9724:19)
      at beginWork (node_modules/react-dom/cjs/react-dom-client.development.js:12117:18)
      at runWithFiberInDEV (node_modules/react-dom/cjs/react-dom-client.development.js:874:13)
      at performUnitOfWork (node_modules/react-dom/cjs/react-dom-client.development.js:17641:22)
      at workLoopSync (node_modules/react-dom/cjs/react-dom-client.development.js:17469:41)
      at renderRootSync (node_modules/react-dom/cjs/react-dom-client.development.js:17450:11)
      at performWorkOnRoot (node_modules/react-dom/cjs/react-dom-client.development.js:16504:11)
      at performWorkOnRootViaSchedulerTask (node_modules/react-dom/cjs/react-dom-client.development.js:18957:7)
      at flushActQueue (node_modules/react/cjs/react.development.js:590:34)
      at recursivelyFlushAsyncActWork (node_modules/react/cjs/react.development.js:566:13)
      at Immediate._onImmediate (node_modules/react/cjs/react.development.js:849:32)

  console.warn
    The width(-1) and height(-1) of chart should be greater than 0,
           please check the style of container, or the props width(100%) and height(100%),
           or add a minWidth(0) or minHeight(undefined) or use aspect(undefined) to control the
           height and width.

      at warn (node_modules/recharts/lib/util/LogUtils.js:22:17)
      at node_modules/recharts/lib/component/ResponsiveContainer.js:144:22
      at Object.react_stack_bottom_frame (node_modules/react-dom/cjs/react-dom-client.development.js:25904:20)
      at renderWithHooks (node_modules/react-dom/cjs/react-dom-client.development.js:7662:22)
      at updateForwardRef (node_modules/react-dom/cjs/react-dom-client.development.js:9724:19)
      at beginWork (node_modules/react-dom/cjs/react-dom-client.development.js:12117:18)
      at runWithFiberInDEV (node_modules/react-dom/cjs/react-dom-client.development.js:874:13)
      at performUnitOfWork (node_modules/react-dom/cjs/react-dom-client.development.js:17641:22)
      at workLoopSync (node_modules/react-dom/cjs/react-dom-client.development.js:17469:41)
      at renderRootSync (node_modules/react-dom/cjs/react-dom-client.development.js:17450:11)
      at performWorkOnRoot (node_modules/react-dom/cjs/react-dom-client.development.js:16504:11)
      at performWorkOnRootViaSchedulerTask (node_modules/react-dom/cjs/react-dom-client.development.js:18957:7)
      at flushActQueue (node_modules/react/cjs/react.development.js:590:34)
      at recursivelyFlushAsyncActWork (node_modules/react/cjs/react.development.js:566:13)
      at Immediate._onImmediate (node_modules/react/cjs/react.development.js:849:32)

  console.warn
    The width(-1) and height(-1) of chart should be greater than 0,
           please check the style of container, or the props width(100%) and height(100%),
           or add a minWidth(0) or minHeight(undefined) or use aspect(undefined) to control the
           height and width.

    [0m [90m 66 |[39m   jest[33m.[39museFakeTimers()[33m.[39msetSystemTime([33mNOW[39m)[33m;[39m
     [90m 67 |[39m   window[33m.[39mapi [33m=[39m buildApi(apiOverrides)[33m;[39m
    [31m[1m>[22m[39m[90m 68 |[39m   [36mconst[39m utils [33m=[39m render([33m<[39m[33mStatistiquesAdherent[39m onPageChange[33m=[39m{onPageChange} [33m/[39m[33m>[39m)[33m;[39m
     [90m    |[39m                       [31m[1m^[22m[39m
     [90m 69 |[39m   [36mreturn[39m utils[33m;[39m
     [90m 70 |[39m }[33m;[39m
     [90m 71 |[39m[0m

      at warn (node_modules/recharts/lib/util/LogUtils.js:22:17)
      at node_modules/recharts/lib/component/ResponsiveContainer.js:144:22
      at Object.react_stack_bottom_frame (node_modules/react-dom/cjs/react-dom-client.development.js:25904:20)
      at renderWithHooks (node_modules/react-dom/cjs/react-dom-client.development.js:7662:22)
      at updateForwardRef (node_modules/react-dom/cjs/react-dom-client.development.js:9724:19)
      at beginWork (node_modules/react-dom/cjs/react-dom-client.development.js:12117:18)
      at runWithFiberInDEV (node_modules/react-dom/cjs/react-dom-client.development.js:874:13)
      at performUnitOfWork (node_modules/react-dom/cjs/react-dom-client.development.js:17641:22)
      at workLoopSync (node_modules/react-dom/cjs/react-dom-client.development.js:17469:41)
      at renderRootSync (node_modules/react-dom/cjs/react-dom-client.development.js:17450:11)
      at performWorkOnRoot (node_modules/react-dom/cjs/react-dom-client.development.js:16504:11)
      at performWorkOnRootViaSchedulerTask (node_modules/react-dom/cjs/react-dom-client.development.js:18957:7)
      at flushActQueue (node_modules/react/cjs/react.development.js:590:34)
      at process.env.NODE_ENV.exports.act (node_modules/react/cjs/react.development.js:884:10)
      at node_modules/@testing-library/react/dist/act-compat.js:46:25
      at renderRoot (node_modules/@testing-library/react/dist/pure.js:189:26)
      at render (node_modules/@testing-library/react/dist/pure.js:291:10)
      at setup (src/__tests__/pages/Statistiquesadherent.test.jsx:68:23)
      at Object.setup (src/__tests__/pages/Statistiquesadherent.test.jsx:159:5)

  console.warn
    The width(-1) and height(-1) of chart should be greater than 0,
           please check the style of container, or the props width(100%) and height(100%),
           or add a minWidth(0) or minHeight(undefined) or use aspect(undefined) to control the
           height and width.

    [0m [90m 66 |[39m   jest[33m.[39museFakeTimers()[33m.[39msetSystemTime([33mNOW[39m)[33m;[39m
     [90m 67 |[39m   window[33m.[39mapi [33m=[39m buildApi(apiOverrides)[33m;[39m
    [31m[1m>[22m[39m[90m 68 |[39m   [36mconst[39m utils [33m=[39m render([33m<[39m[33mStatistiquesAdherent[39m onPageChange[33m=[39m{onPageChange} [33m/[39m[33m>[39m)[33m;[39m
     [90m    |[39m                       [31m[1m^[22m[39m
     [90m 69 |[39m   [36mreturn[39m utils[33m;[39m
     [90m 70 |[39m }[33m;[39m
     [90m 71 |[39m[0m

      at warn (node_modules/recharts/lib/util/LogUtils.js:22:17)
      at node_modules/recharts/lib/component/ResponsiveContainer.js:144:22
      at Object.react_stack_bottom_frame (node_modules/react-dom/cjs/react-dom-client.development.js:25904:20)
      at renderWithHooks (node_modules/react-dom/cjs/react-dom-client.development.js:7662:22)
      at updateForwardRef (node_modules/react-dom/cjs/react-dom-client.development.js:9724:19)
      at beginWork (node_modules/react-dom/cjs/react-dom-client.development.js:12117:18)
      at runWithFiberInDEV (node_modules/react-dom/cjs/react-dom-client.development.js:874:13)
      at performUnitOfWork (node_modules/react-dom/cjs/react-dom-client.development.js:17641:22)
      at workLoopSync (node_modules/react-dom/cjs/react-dom-client.development.js:17469:41)
      at renderRootSync (node_modules/react-dom/cjs/react-dom-client.development.js:17450:11)
      at performWorkOnRoot (node_modules/react-dom/cjs/react-dom-client.development.js:16504:11)
      at performWorkOnRootViaSchedulerTask (node_modules/react-dom/cjs/react-dom-client.development.js:18957:7)
      at flushActQueue (node_modules/react/cjs/react.development.js:590:34)
      at process.env.NODE_ENV.exports.act (node_modules/react/cjs/react.development.js:884:10)
      at node_modules/@testing-library/react/dist/act-compat.js:46:25
      at renderRoot (node_modules/@testing-library/react/dist/pure.js:189:26)
      at render (node_modules/@testing-library/react/dist/pure.js:291:10)
      at setup (src/__tests__/pages/Statistiquesadherent.test.jsx:68:23)
      at Object.setup (src/__tests__/pages/Statistiquesadherent.test.jsx:159:5)

  console.warn
    The width(-1) and height(-1) of chart should be greater than 0,
           please check the style of container, or the props width(100%) and height(100%),
           or add a minWidth(0) or minHeight(undefined) or use aspect(undefined) to control the
           height and width.

      at warn (node_modules/recharts/lib/util/LogUtils.js:22:17)
      at node_modules/recharts/lib/component/ResponsiveContainer.js:144:22
      at Object.react_stack_bottom_frame (node_modules/react-dom/cjs/react-dom-client.development.js:25904:20)
      at renderWithHooks (node_modules/react-dom/cjs/react-dom-client.development.js:7662:22)
      at updateForwardRef (node_modules/react-dom/cjs/react-dom-client.development.js:9724:19)
      at beginWork (node_modules/react-dom/cjs/react-dom-client.development.js:12117:18)
      at runWithFiberInDEV (node_modules/react-dom/cjs/react-dom-client.development.js:874:13)
      at performUnitOfWork (node_modules/react-dom/cjs/react-dom-client.development.js:17641:22)
      at workLoopSync (node_modules/react-dom/cjs/react-dom-client.development.js:17469:41)
      at renderRootSync (node_modules/react-dom/cjs/react-dom-client.development.js:17450:11)
      at performWorkOnRoot (node_modules/react-dom/cjs/react-dom-client.development.js:16504:11)
      at performWorkOnRootViaSchedulerTask (node_modules/react-dom/cjs/react-dom-client.development.js:18957:7)
      at flushActQueue (node_modules/react/cjs/react.development.js:590:34)
      at node_modules/react/cjs/react.development.js:847:21

  console.warn
    The width(-1) and height(-1) of chart should be greater than 0,
           please check the style of container, or the props width(100%) and height(100%),
           or add a minWidth(0) or minHeight(undefined) or use aspect(undefined) to control the
           height and width.

      at warn (node_modules/recharts/lib/util/LogUtils.js:22:17)
      at node_modules/recharts/lib/component/ResponsiveContainer.js:144:22
      at Object.react_stack_bottom_frame (node_modules/react-dom/cjs/react-dom-client.development.js:25904:20)
      at renderWithHooks (node_modules/react-dom/cjs/react-dom-client.development.js:7662:22)
      at updateForwardRef (node_modules/react-dom/cjs/react-dom-client.development.js:9724:19)
      at beginWork (node_modules/react-dom/cjs/react-dom-client.development.js:12117:18)
      at runWithFiberInDEV (node_modules/react-dom/cjs/react-dom-client.development.js:874:13)
      at performUnitOfWork (node_modules/react-dom/cjs/react-dom-client.development.js:17641:22)
      at workLoopSync (node_modules/react-dom/cjs/react-dom-client.development.js:17469:41)
      at renderRootSync (node_modules/react-dom/cjs/react-dom-client.development.js:17450:11)
      at performWorkOnRoot (node_modules/react-dom/cjs/react-dom-client.development.js:16504:11)
      at performWorkOnRootViaSchedulerTask (node_modules/react-dom/cjs/react-dom-client.development.js:18957:7)
      at flushActQueue (node_modules/react/cjs/react.development.js:590:34)
      at node_modules/react/cjs/react.development.js:847:21

  console.warn
    The width(-1) and height(-1) of chart should be greater than 0,
           please check the style of container, or the props width(100%) and height(100%),
           or add a minWidth(0) or minHeight(undefined) or use aspect(undefined) to control the
           height and width.

      at warn (node_modules/recharts/lib/util/LogUtils.js:22:17)
      at node_modules/recharts/lib/component/ResponsiveContainer.js:144:22
      at Object.react_stack_bottom_frame (node_modules/react-dom/cjs/react-dom-client.development.js:25904:20)
      at renderWithHooks (node_modules/react-dom/cjs/react-dom-client.development.js:7662:22)
      at updateForwardRef (node_modules/react-dom/cjs/react-dom-client.development.js:9724:19)
      at beginWork (node_modules/react-dom/cjs/react-dom-client.development.js:12117:18)
      at runWithFiberInDEV (node_modules/react-dom/cjs/react-dom-client.development.js:874:13)
      at performUnitOfWork (node_modules/react-dom/cjs/react-dom-client.development.js:17641:22)
      at workLoopSync (node_modules/react-dom/cjs/react-dom-client.development.js:17469:41)
      at renderRootSync (node_modules/react-dom/cjs/react-dom-client.development.js:17450:11)
      at performWorkOnRoot (node_modules/react-dom/cjs/react-dom-client.development.js:16504:11)
      at performWorkOnRootViaSchedulerTask (node_modules/react-dom/cjs/react-dom-client.development.js:18957:7)
      at flushActQueue (node_modules/react/cjs/react.development.js:590:34)
      at recursivelyFlushAsyncActWork (node_modules/react/cjs/react.development.js:566:13)
      at Immediate._onImmediate (node_modules/react/cjs/react.development.js:849:32)

  console.warn
    The width(-1) and height(-1) of chart should be greater than 0,
           please check the style of container, or the props width(100%) and height(100%),
           or add a minWidth(0) or minHeight(undefined) or use aspect(undefined) to control the
           height and width.

      at warn (node_modules/recharts/lib/util/LogUtils.js:22:17)
      at node_modules/recharts/lib/component/ResponsiveContainer.js:144:22
      at Object.react_stack_bottom_frame (node_modules/react-dom/cjs/react-dom-client.development.js:25904:20)
      at renderWithHooks (node_modules/react-dom/cjs/react-dom-client.development.js:7662:22)
      at updateForwardRef (node_modules/react-dom/cjs/react-dom-client.development.js:9724:19)
      at beginWork (node_modules/react-dom/cjs/react-dom-client.development.js:12117:18)
      at runWithFiberInDEV (node_modules/react-dom/cjs/react-dom-client.development.js:874:13)
      at performUnitOfWork (node_modules/react-dom/cjs/react-dom-client.development.js:17641:22)
      at workLoopSync (node_modules/react-dom/cjs/react-dom-client.development.js:17469:41)
      at renderRootSync (node_modules/react-dom/cjs/react-dom-client.development.js:17450:11)
      at performWorkOnRoot (node_modules/react-dom/cjs/react-dom-client.development.js:16504:11)
      at performWorkOnRootViaSchedulerTask (node_modules/react-dom/cjs/react-dom-client.development.js:18957:7)
      at flushActQueue (node_modules/react/cjs/react.development.js:590:34)
      at recursivelyFlushAsyncActWork (node_modules/react/cjs/react.development.js:566:13)
      at Immediate._onImmediate (node_modules/react/cjs/react.development.js:849:32)

  console.warn
    The width(-1) and height(-1) of chart should be greater than 0,
           please check the style of container, or the props width(100%) and height(100%),
           or add a minWidth(0) or minHeight(undefined) or use aspect(undefined) to control the
           height and width.

    [0m [90m 66 |[39m   jest[33m.[39museFakeTimers()[33m.[39msetSystemTime([33mNOW[39m)[33m;[39m
     [90m 67 |[39m   window[33m.[39mapi [33m=[39m buildApi(apiOverrides)[33m;[39m
    [31m[1m>[22m[39m[90m 68 |[39m   [36mconst[39m utils [33m=[39m render([33m<[39m[33mStatistiquesAdherent[39m onPageChange[33m=[39m{onPageChange} [33m/[39m[33m>[39m)[33m;[39m
     [90m    |[39m                       [31m[1m^[22m[39m
     [90m 69 |[39m   [36mreturn[39m utils[33m;[39m
     [90m 70 |[39m }[33m;[39m
     [90m 71 |[39m[0m

      at warn (node_modules/recharts/lib/util/LogUtils.js:22:17)
      at node_modules/recharts/lib/component/ResponsiveContainer.js:144:22
      at Object.react_stack_bottom_frame (node_modules/react-dom/cjs/react-dom-client.development.js:25904:20)
      at renderWithHooks (node_modules/react-dom/cjs/react-dom-client.development.js:7662:22)
      at updateForwardRef (node_modules/react-dom/cjs/react-dom-client.development.js:9724:19)
      at beginWork (node_modules/react-dom/cjs/react-dom-client.development.js:12117:18)
      at runWithFiberInDEV (node_modules/react-dom/cjs/react-dom-client.development.js:874:13)
      at performUnitOfWork (node_modules/react-dom/cjs/react-dom-client.development.js:17641:22)
      at workLoopSync (node_modules/react-dom/cjs/react-dom-client.development.js:17469:41)
      at renderRootSync (node_modules/react-dom/cjs/react-dom-client.development.js:17450:11)
      at performWorkOnRoot (node_modules/react-dom/cjs/react-dom-client.development.js:16504:11)
      at performWorkOnRootViaSchedulerTask (node_modules/react-dom/cjs/react-dom-client.development.js:18957:7)
      at flushActQueue (node_modules/react/cjs/react.development.js:590:34)
      at process.env.NODE_ENV.exports.act (node_modules/react/cjs/react.development.js:884:10)
      at node_modules/@testing-library/react/dist/act-compat.js:46:25
      at renderRoot (node_modules/@testing-library/react/dist/pure.js:189:26)
      at render (node_modules/@testing-library/react/dist/pure.js:291:10)
      at setup (src/__tests__/pages/Statistiquesadherent.test.jsx:68:23)
      at Object.setup (src/__tests__/pages/Statistiquesadherent.test.jsx:169:5)

  console.warn
    The width(-1) and height(-1) of chart should be greater than 0,
           please check the style of container, or the props width(100%) and height(100%),
           or add a minWidth(0) or minHeight(undefined) or use aspect(undefined) to control the
           height and width.

    [0m [90m 66 |[39m   jest[33m.[39museFakeTimers()[33m.[39msetSystemTime([33mNOW[39m)[33m;[39m
     [90m 67 |[39m   window[33m.[39mapi [33m=[39m buildApi(apiOverrides)[33m;[39m
    [31m[1m>[22m[39m[90m 68 |[39m   [36mconst[39m utils [33m=[39m render([33m<[39m[33mStatistiquesAdherent[39m onPageChange[33m=[39m{onPageChange} [33m/[39m[33m>[39m)[33m;[39m
     [90m    |[39m                       [31m[1m^[22m[39m
     [90m 69 |[39m   [36mreturn[39m utils[33m;[39m
     [90m 70 |[39m }[33m;[39m
     [90m 71 |[39m[0m

      at warn (node_modules/recharts/lib/util/LogUtils.js:22:17)
      at node_modules/recharts/lib/component/ResponsiveContainer.js:144:22
      at Object.react_stack_bottom_frame (node_modules/react-dom/cjs/react-dom-client.development.js:25904:20)
      at renderWithHooks (node_modules/react-dom/cjs/react-dom-client.development.js:7662:22)
      at updateForwardRef (node_modules/react-dom/cjs/react-dom-client.development.js:9724:19)
      at beginWork (node_modules/react-dom/cjs/react-dom-client.development.js:12117:18)
      at runWithFiberInDEV (node_modules/react-dom/cjs/react-dom-client.development.js:874:13)
      at performUnitOfWork (node_modules/react-dom/cjs/react-dom-client.development.js:17641:22)
      at workLoopSync (node_modules/react-dom/cjs/react-dom-client.development.js:17469:41)
      at renderRootSync (node_modules/react-dom/cjs/react-dom-client.development.js:17450:11)
      at performWorkOnRoot (node_modules/react-dom/cjs/react-dom-client.development.js:16504:11)
      at performWorkOnRootViaSchedulerTask (node_modules/react-dom/cjs/react-dom-client.development.js:18957:7)
      at flushActQueue (node_modules/react/cjs/react.development.js:590:34)
      at process.env.NODE_ENV.exports.act (node_modules/react/cjs/react.development.js:884:10)
      at node_modules/@testing-library/react/dist/act-compat.js:46:25
      at renderRoot (node_modules/@testing-library/react/dist/pure.js:189:26)
      at render (node_modules/@testing-library/react/dist/pure.js:291:10)
      at setup (src/__tests__/pages/Statistiquesadherent.test.jsx:68:23)
      at Object.setup (src/__tests__/pages/Statistiquesadherent.test.jsx:169:5)

  console.warn
    The width(-1) and height(-1) of chart should be greater than 0,
           please check the style of container, or the props width(100%) and height(100%),
           or add a minWidth(0) or minHeight(undefined) or use aspect(undefined) to control the
           height and width.

      at warn (node_modules/recharts/lib/util/LogUtils.js:22:17)
      at node_modules/recharts/lib/component/ResponsiveContainer.js:144:22
      at Object.react_stack_bottom_frame (node_modules/react-dom/cjs/react-dom-client.development.js:25904:20)
      at renderWithHooks (node_modules/react-dom/cjs/react-dom-client.development.js:7662:22)
      at updateForwardRef (node_modules/react-dom/cjs/react-dom-client.development.js:9724:19)
      at beginWork (node_modules/react-dom/cjs/react-dom-client.development.js:12117:18)
      at runWithFiberInDEV (node_modules/react-dom/cjs/react-dom-client.development.js:874:13)
      at performUnitOfWork (node_modules/react-dom/cjs/react-dom-client.development.js:17641:22)
      at workLoopSync (node_modules/react-dom/cjs/react-dom-client.development.js:17469:41)
      at renderRootSync (node_modules/react-dom/cjs/react-dom-client.development.js:17450:11)
      at performWorkOnRoot (node_modules/react-dom/cjs/react-dom-client.development.js:16504:11)
      at performWorkOnRootViaSchedulerTask (node_modules/react-dom/cjs/react-dom-client.development.js:18957:7)
      at flushActQueue (node_modules/react/cjs/react.development.js:590:34)
      at node_modules/react/cjs/react.development.js:847:21

  console.warn
    The width(-1) and height(-1) of chart should be greater than 0,
           please check the style of container, or the props width(100%) and height(100%),
           or add a minWidth(0) or minHeight(undefined) or use aspect(undefined) to control the
           height and width.

      at warn (node_modules/recharts/lib/util/LogUtils.js:22:17)
      at node_modules/recharts/lib/component/ResponsiveContainer.js:144:22
      at Object.react_stack_bottom_frame (node_modules/react-dom/cjs/react-dom-client.development.js:25904:20)
      at renderWithHooks (node_modules/react-dom/cjs/react-dom-client.development.js:7662:22)
      at updateForwardRef (node_modules/react-dom/cjs/react-dom-client.development.js:9724:19)
      at beginWork (node_modules/react-dom/cjs/react-dom-client.development.js:12117:18)
      at runWithFiberInDEV (node_modules/react-dom/cjs/react-dom-client.development.js:874:13)
      at performUnitOfWork (node_modules/react-dom/cjs/react-dom-client.development.js:17641:22)
      at workLoopSync (node_modules/react-dom/cjs/react-dom-client.development.js:17469:41)
      at renderRootSync (node_modules/react-dom/cjs/react-dom-client.development.js:17450:11)
      at performWorkOnRoot (node_modules/react-dom/cjs/react-dom-client.development.js:16504:11)
      at performWorkOnRootViaSchedulerTask (node_modules/react-dom/cjs/react-dom-client.development.js:18957:7)
      at flushActQueue (node_modules/react/cjs/react.development.js:590:34)
      at node_modules/react/cjs/react.development.js:847:21

  console.warn
    The width(-1) and height(-1) of chart should be greater than 0,
           please check the style of container, or the props width(100%) and height(100%),
           or add a minWidth(0) or minHeight(undefined) or use aspect(undefined) to control the
           height and width.

      at warn (node_modules/recharts/lib/util/LogUtils.js:22:17)
      at node_modules/recharts/lib/component/ResponsiveContainer.js:144:22
      at Object.react_stack_bottom_frame (node_modules/react-dom/cjs/react-dom-client.development.js:25904:20)
      at renderWithHooks (node_modules/react-dom/cjs/react-dom-client.development.js:7662:22)
      at updateForwardRef (node_modules/react-dom/cjs/react-dom-client.development.js:9724:19)
      at beginWork (node_modules/react-dom/cjs/react-dom-client.development.js:12117:18)
      at runWithFiberInDEV (node_modules/react-dom/cjs/react-dom-client.development.js:874:13)
      at performUnitOfWork (node_modules/react-dom/cjs/react-dom-client.development.js:17641:22)
      at workLoopSync (node_modules/react-dom/cjs/react-dom-client.development.js:17469:41)
      at renderRootSync (node_modules/react-dom/cjs/react-dom-client.development.js:17450:11)
      at performWorkOnRoot (node_modules/react-dom/cjs/react-dom-client.development.js:16504:11)
      at performWorkOnRootViaSchedulerTask (node_modules/react-dom/cjs/react-dom-client.development.js:18957:7)
      at flushActQueue (node_modules/react/cjs/react.development.js:590:34)
      at recursivelyFlushAsyncActWork (node_modules/react/cjs/react.development.js:566:13)
      at Immediate._onImmediate (node_modules/react/cjs/react.development.js:849:32)

  console.warn
    The width(-1) and height(-1) of chart should be greater than 0,
           please check the style of container, or the props width(100%) and height(100%),
           or add a minWidth(0) or minHeight(undefined) or use aspect(undefined) to control the
           height and width.

      at warn (node_modules/recharts/lib/util/LogUtils.js:22:17)
      at node_modules/recharts/lib/component/ResponsiveContainer.js:144:22
      at Object.react_stack_bottom_frame (node_modules/react-dom/cjs/react-dom-client.development.js:25904:20)
      at renderWithHooks (node_modules/react-dom/cjs/react-dom-client.development.js:7662:22)
      at updateForwardRef (node_modules/react-dom/cjs/react-dom-client.development.js:9724:19)
      at beginWork (node_modules/react-dom/cjs/react-dom-client.development.js:12117:18)
      at runWithFiberInDEV (node_modules/react-dom/cjs/react-dom-client.development.js:874:13)
      at performUnitOfWork (node_modules/react-dom/cjs/react-dom-client.development.js:17641:22)
      at workLoopSync (node_modules/react-dom/cjs/react-dom-client.development.js:17469:41)
      at renderRootSync (node_modules/react-dom/cjs/react-dom-client.development.js:17450:11)
      at performWorkOnRoot (node_modules/react-dom/cjs/react-dom-client.development.js:16504:11)
      at performWorkOnRootViaSchedulerTask (node_modules/react-dom/cjs/react-dom-client.development.js:18957:7)
      at flushActQueue (node_modules/react/cjs/react.development.js:590:34)
      at recursivelyFlushAsyncActWork (node_modules/react/cjs/react.development.js:566:13)
      at Immediate._onImmediate (node_modules/react/cjs/react.development.js:849:32)

  console.warn
    The width(-1) and height(-1) of chart should be greater than 0,
           please check the style of container, or the props width(100%) and height(100%),
           or add a minWidth(0) or minHeight(undefined) or use aspect(undefined) to control the
           height and width.

    [0m [90m 66 |[39m   jest[33m.[39museFakeTimers()[33m.[39msetSystemTime([33mNOW[39m)[33m;[39m
     [90m 67 |[39m   window[33m.[39mapi [33m=[39m buildApi(apiOverrides)[33m;[39m
    [31m[1m>[22m[39m[90m 68 |[39m   [36mconst[39m utils [33m=[39m render([33m<[39m[33mStatistiquesAdherent[39m onPageChange[33m=[39m{onPageChange} [33m/[39m[33m>[39m)[33m;[39m
     [90m    |[39m                       [31m[1m^[22m[39m
     [90m 69 |[39m   [36mreturn[39m utils[33m;[39m
     [90m 70 |[39m }[33m;[39m
     [90m 71 |[39m[0m

      at warn (node_modules/recharts/lib/util/LogUtils.js:22:17)
      at node_modules/recharts/lib/component/ResponsiveContainer.js:144:22
      at Object.react_stack_bottom_frame (node_modules/react-dom/cjs/react-dom-client.development.js:25904:20)
      at renderWithHooks (node_modules/react-dom/cjs/react-dom-client.development.js:7662:22)
      at updateForwardRef (node_modules/react-dom/cjs/react-dom-client.development.js:9724:19)
      at beginWork (node_modules/react-dom/cjs/react-dom-client.development.js:12117:18)
      at runWithFiberInDEV (node_modules/react-dom/cjs/react-dom-client.development.js:874:13)
      at performUnitOfWork (node_modules/react-dom/cjs/react-dom-client.development.js:17641:22)
      at workLoopSync (node_modules/react-dom/cjs/react-dom-client.development.js:17469:41)
      at renderRootSync (node_modules/react-dom/cjs/react-dom-client.development.js:17450:11)
      at performWorkOnRoot (node_modules/react-dom/cjs/react-dom-client.development.js:16504:11)
      at performWorkOnRootViaSchedulerTask (node_modules/react-dom/cjs/react-dom-client.development.js:18957:7)
      at flushActQueue (node_modules/react/cjs/react.development.js:590:34)
      at process.env.NODE_ENV.exports.act (node_modules/react/cjs/react.development.js:884:10)
      at node_modules/@testing-library/react/dist/act-compat.js:46:25
      at renderRoot (node_modules/@testing-library/react/dist/pure.js:189:26)
      at render (node_modules/@testing-library/react/dist/pure.js:291:10)
      at setup (src/__tests__/pages/Statistiquesadherent.test.jsx:68:23)
      at Object.setup (src/__tests__/pages/Statistiquesadherent.test.jsx:179:5)

  console.warn
    The width(-1) and height(-1) of chart should be greater than 0,
           please check the style of container, or the props width(100%) and height(100%),
           or add a minWidth(0) or minHeight(undefined) or use aspect(undefined) to control the
           height and width.

    [0m [90m 66 |[39m   jest[33m.[39museFakeTimers()[33m.[39msetSystemTime([33mNOW[39m)[33m;[39m
     [90m 67 |[39m   window[33m.[39mapi [33m=[39m buildApi(apiOverrides)[33m;[39m
    [31m[1m>[22m[39m[90m 68 |[39m   [36mconst[39m utils [33m=[39m render([33m<[39m[33mStatistiquesAdherent[39m onPageChange[33m=[39m{onPageChange} [33m/[39m[33m>[39m)[33m;[39m
     [90m    |[39m                       [31m[1m^[22m[39m
     [90m 69 |[39m   [36mreturn[39m utils[33m;[39m
     [90m 70 |[39m }[33m;[39m
     [90m 71 |[39m[0m

      at warn (node_modules/recharts/lib/util/LogUtils.js:22:17)
      at node_modules/recharts/lib/component/ResponsiveContainer.js:144:22
      at Object.react_stack_bottom_frame (node_modules/react-dom/cjs/react-dom-client.development.js:25904:20)
      at renderWithHooks (node_modules/react-dom/cjs/react-dom-client.development.js:7662:22)
      at updateForwardRef (node_modules/react-dom/cjs/react-dom-client.development.js:9724:19)
      at beginWork (node_modules/react-dom/cjs/react-dom-client.development.js:12117:18)
      at runWithFiberInDEV (node_modules/react-dom/cjs/react-dom-client.development.js:874:13)
      at performUnitOfWork (node_modules/react-dom/cjs/react-dom-client.development.js:17641:22)
      at workLoopSync (node_modules/react-dom/cjs/react-dom-client.development.js:17469:41)
      at renderRootSync (node_modules/react-dom/cjs/react-dom-client.development.js:17450:11)
      at performWorkOnRoot (node_modules/react-dom/cjs/react-dom-client.development.js:16504:11)
      at performWorkOnRootViaSchedulerTask (node_modules/react-dom/cjs/react-dom-client.development.js:18957:7)
      at flushActQueue (node_modules/react/cjs/react.development.js:590:34)
      at process.env.NODE_ENV.exports.act (node_modules/react/cjs/react.development.js:884:10)
      at node_modules/@testing-library/react/dist/act-compat.js:46:25
      at renderRoot (node_modules/@testing-library/react/dist/pure.js:189:26)
      at render (node_modules/@testing-library/react/dist/pure.js:291:10)
      at setup (src/__tests__/pages/Statistiquesadherent.test.jsx:68:23)
      at Object.setup (src/__tests__/pages/Statistiquesadherent.test.jsx:179:5)

  console.warn
    The width(-1) and height(-1) of chart should be greater than 0,
           please check the style of container, or the props width(100%) and height(100%),
           or add a minWidth(0) or minHeight(undefined) or use aspect(undefined) to control the
           height and width.

      at warn (node_modules/recharts/lib/util/LogUtils.js:22:17)
      at node_modules/recharts/lib/component/ResponsiveContainer.js:144:22
      at Object.react_stack_bottom_frame (node_modules/react-dom/cjs/react-dom-client.development.js:25904:20)
      at renderWithHooks (node_modules/react-dom/cjs/react-dom-client.development.js:7662:22)
      at updateForwardRef (node_modules/react-dom/cjs/react-dom-client.development.js:9724:19)
      at beginWork (node_modules/react-dom/cjs/react-dom-client.development.js:12117:18)
      at runWithFiberInDEV (node_modules/react-dom/cjs/react-dom-client.development.js:874:13)
      at performUnitOfWork (node_modules/react-dom/cjs/react-dom-client.development.js:17641:22)
      at workLoopSync (node_modules/react-dom/cjs/react-dom-client.development.js:17469:41)
      at renderRootSync (node_modules/react-dom/cjs/react-dom-client.development.js:17450:11)
      at performWorkOnRoot (node_modules/react-dom/cjs/react-dom-client.development.js:16504:11)
      at performWorkOnRootViaSchedulerTask (node_modules/react-dom/cjs/react-dom-client.development.js:18957:7)
      at flushActQueue (node_modules/react/cjs/react.development.js:590:34)
      at node_modules/react/cjs/react.development.js:847:21

  console.warn
    The width(-1) and height(-1) of chart should be greater than 0,
           please check the style of container, or the props width(100%) and height(100%),
           or add a minWidth(0) or minHeight(undefined) or use aspect(undefined) to control the
           height and width.

      at warn (node_modules/recharts/lib/util/LogUtils.js:22:17)
      at node_modules/recharts/lib/component/ResponsiveContainer.js:144:22
      at Object.react_stack_bottom_frame (node_modules/react-dom/cjs/react-dom-client.development.js:25904:20)
      at renderWithHooks (node_modules/react-dom/cjs/react-dom-client.development.js:7662:22)
      at updateForwardRef (node_modules/react-dom/cjs/react-dom-client.development.js:9724:19)
      at beginWork (node_modules/react-dom/cjs/react-dom-client.development.js:12117:18)
      at runWithFiberInDEV (node_modules/react-dom/cjs/react-dom-client.development.js:874:13)
      at performUnitOfWork (node_modules/react-dom/cjs/react-dom-client.development.js:17641:22)
      at workLoopSync (node_modules/react-dom/cjs/react-dom-client.development.js:17469:41)
      at renderRootSync (node_modules/react-dom/cjs/react-dom-client.development.js:17450:11)
      at performWorkOnRoot (node_modules/react-dom/cjs/react-dom-client.development.js:16504:11)
      at performWorkOnRootViaSchedulerTask (node_modules/react-dom/cjs/react-dom-client.development.js:18957:7)
      at flushActQueue (node_modules/react/cjs/react.development.js:590:34)
      at node_modules/react/cjs/react.development.js:847:21

  console.warn
    The width(-1) and height(-1) of chart should be greater than 0,
           please check the style of container, or the props width(100%) and height(100%),
           or add a minWidth(0) or minHeight(undefined) or use aspect(undefined) to control the
           height and width.

      at warn (node_modules/recharts/lib/util/LogUtils.js:22:17)
      at node_modules/recharts/lib/component/ResponsiveContainer.js:144:22
      at Object.react_stack_bottom_frame (node_modules/react-dom/cjs/react-dom-client.development.js:25904:20)
      at renderWithHooks (node_modules/react-dom/cjs/react-dom-client.development.js:7662:22)
      at updateForwardRef (node_modules/react-dom/cjs/react-dom-client.development.js:9724:19)
      at beginWork (node_modules/react-dom/cjs/react-dom-client.development.js:12117:18)
      at runWithFiberInDEV (node_modules/react-dom/cjs/react-dom-client.development.js:874:13)
      at performUnitOfWork (node_modules/react-dom/cjs/react-dom-client.development.js:17641:22)
      at workLoopSync (node_modules/react-dom/cjs/react-dom-client.development.js:17469:41)
      at renderRootSync (node_modules/react-dom/cjs/react-dom-client.development.js:17450:11)
      at performWorkOnRoot (node_modules/react-dom/cjs/react-dom-client.development.js:16504:11)
      at performWorkOnRootViaSchedulerTask (node_modules/react-dom/cjs/react-dom-client.development.js:18957:7)
      at flushActQueue (node_modules/react/cjs/react.development.js:590:34)
      at recursivelyFlushAsyncActWork (node_modules/react/cjs/react.development.js:566:13)
      at Immediate._onImmediate (node_modules/react/cjs/react.development.js:849:32)

  console.warn
    The width(-1) and height(-1) of chart should be greater than 0,
           please check the style of container, or the props width(100%) and height(100%),
           or add a minWidth(0) or minHeight(undefined) or use aspect(undefined) to control the
           height and width.

      at warn (node_modules/recharts/lib/util/LogUtils.js:22:17)
      at node_modules/recharts/lib/component/ResponsiveContainer.js:144:22
      at Object.react_stack_bottom_frame (node_modules/react-dom/cjs/react-dom-client.development.js:25904:20)
      at renderWithHooks (node_modules/react-dom/cjs/react-dom-client.development.js:7662:22)
      at updateForwardRef (node_modules/react-dom/cjs/react-dom-client.development.js:9724:19)
      at beginWork (node_modules/react-dom/cjs/react-dom-client.development.js:12117:18)
      at runWithFiberInDEV (node_modules/react-dom/cjs/react-dom-client.development.js:874:13)
      at performUnitOfWork (node_modules/react-dom/cjs/react-dom-client.development.js:17641:22)
      at workLoopSync (node_modules/react-dom/cjs/react-dom-client.development.js:17469:41)
      at renderRootSync (node_modules/react-dom/cjs/react-dom-client.development.js:17450:11)
      at performWorkOnRoot (node_modules/react-dom/cjs/react-dom-client.development.js:16504:11)
      at performWorkOnRootViaSchedulerTask (node_modules/react-dom/cjs/react-dom-client.development.js:18957:7)
      at flushActQueue (node_modules/react/cjs/react.development.js:590:34)
      at recursivelyFlushAsyncActWork (node_modules/react/cjs/react.development.js:566:13)
      at Immediate._onImmediate (node_modules/react/cjs/react.development.js:849:32)

  console.warn
    The width(-1) and height(-1) of chart should be greater than 0,
           please check the style of container, or the props width(100%) and height(100%),
           or add a minWidth(0) or minHeight(undefined) or use aspect(undefined) to control the
           height and width.

    [0m [90m 66 |[39m   jest[33m.[39museFakeTimers()[33m.[39msetSystemTime([33mNOW[39m)[33m;[39m
     [90m 67 |[39m   window[33m.[39mapi [33m=[39m buildApi(apiOverrides)[33m;[39m
    [31m[1m>[22m[39m[90m 68 |[39m   [36mconst[39m utils [33m=[39m render([33m<[39m[33mStatistiquesAdherent[39m onPageChange[33m=[39m{onPageChange} [33m/[39m[33m>[39m)[33m;[39m
     [90m    |[39m                       [31m[1m^[22m[39m
     [90m 69 |[39m   [36mreturn[39m utils[33m;[39m
     [90m 70 |[39m }[33m;[39m
     [90m 71 |[39m[0m

      at warn (node_modules/recharts/lib/util/LogUtils.js:22:17)
      at node_modules/recharts/lib/component/ResponsiveContainer.js:144:22
      at Object.react_stack_bottom_frame (node_modules/react-dom/cjs/react-dom-client.development.js:25904:20)
      at renderWithHooks (node_modules/react-dom/cjs/react-dom-client.development.js:7662:22)
      at updateForwardRef (node_modules/react-dom/cjs/react-dom-client.development.js:9724:19)
      at beginWork (node_modules/react-dom/cjs/react-dom-client.development.js:12117:18)
      at runWithFiberInDEV (node_modules/react-dom/cjs/react-dom-client.development.js:874:13)
      at performUnitOfWork (node_modules/react-dom/cjs/react-dom-client.development.js:17641:22)
      at workLoopSync (node_modules/react-dom/cjs/react-dom-client.development.js:17469:41)
      at renderRootSync (node_modules/react-dom/cjs/react-dom-client.development.js:17450:11)
      at performWorkOnRoot (node_modules/react-dom/cjs/react-dom-client.development.js:16504:11)
      at performWorkOnRootViaSchedulerTask (node_modules/react-dom/cjs/react-dom-client.development.js:18957:7)
      at flushActQueue (node_modules/react/cjs/react.development.js:590:34)
      at process.env.NODE_ENV.exports.act (node_modules/react/cjs/react.development.js:884:10)
      at node_modules/@testing-library/react/dist/act-compat.js:46:25
      at renderRoot (node_modules/@testing-library/react/dist/pure.js:189:26)
      at render (node_modules/@testing-library/react/dist/pure.js:291:10)
      at setup (src/__tests__/pages/Statistiquesadherent.test.jsx:68:23)
      at Object.setup (src/__tests__/pages/Statistiquesadherent.test.jsx:186:5)

  console.warn
    The width(-1) and height(-1) of chart should be greater than 0,
           please check the style of container, or the props width(100%) and height(100%),
           or add a minWidth(0) or minHeight(undefined) or use aspect(undefined) to control the
           height and width.

    [0m [90m 66 |[39m   jest[33m.[39museFakeTimers()[33m.[39msetSystemTime([33mNOW[39m)[33m;[39m
     [90m 67 |[39m   window[33m.[39mapi [33m=[39m buildApi(apiOverrides)[33m;[39m
    [31m[1m>[22m[39m[90m 68 |[39m   [36mconst[39m utils [33m=[39m render([33m<[39m[33mStatistiquesAdherent[39m onPageChange[33m=[39m{onPageChange} [33m/[39m[33m>[39m)[33m;[39m
     [90m    |[39m                       [31m[1m^[22m[39m
     [90m 69 |[39m   [36mreturn[39m utils[33m;[39m
     [90m 70 |[39m }[33m;[39m
     [90m 71 |[39m[0m

      at warn (node_modules/recharts/lib/util/LogUtils.js:22:17)
      at node_modules/recharts/lib/component/ResponsiveContainer.js:144:22
      at Object.react_stack_bottom_frame (node_modules/react-dom/cjs/react-dom-client.development.js:25904:20)
      at renderWithHooks (node_modules/react-dom/cjs/react-dom-client.development.js:7662:22)
      at updateForwardRef (node_modules/react-dom/cjs/react-dom-client.development.js:9724:19)
      at beginWork (node_modules/react-dom/cjs/react-dom-client.development.js:12117:18)
      at runWithFiberInDEV (node_modules/react-dom/cjs/react-dom-client.development.js:874:13)
      at performUnitOfWork (node_modules/react-dom/cjs/react-dom-client.development.js:17641:22)
      at workLoopSync (node_modules/react-dom/cjs/react-dom-client.development.js:17469:41)
      at renderRootSync (node_modules/react-dom/cjs/react-dom-client.development.js:17450:11)
      at performWorkOnRoot (node_modules/react-dom/cjs/react-dom-client.development.js:16504:11)
      at performWorkOnRootViaSchedulerTask (node_modules/react-dom/cjs/react-dom-client.development.js:18957:7)
      at flushActQueue (node_modules/react/cjs/react.development.js:590:34)
      at process.env.NODE_ENV.exports.act (node_modules/react/cjs/react.development.js:884:10)
      at node_modules/@testing-library/react/dist/act-compat.js:46:25
      at renderRoot (node_modules/@testing-library/react/dist/pure.js:189:26)
      at render (node_modules/@testing-library/react/dist/pure.js:291:10)
      at setup (src/__tests__/pages/Statistiquesadherent.test.jsx:68:23)
      at Object.setup (src/__tests__/pages/Statistiquesadherent.test.jsx:186:5)

  console.warn
    The width(-1) and height(-1) of chart should be greater than 0,
           please check the style of container, or the props width(100%) and height(100%),
           or add a minWidth(0) or minHeight(undefined) or use aspect(undefined) to control the
           height and width.

      at warn (node_modules/recharts/lib/util/LogUtils.js:22:17)
      at node_modules/recharts/lib/component/ResponsiveContainer.js:144:22
      at Object.react_stack_bottom_frame (node_modules/react-dom/cjs/react-dom-client.development.js:25904:20)
      at renderWithHooks (node_modules/react-dom/cjs/react-dom-client.development.js:7662:22)
      at updateForwardRef (node_modules/react-dom/cjs/react-dom-client.development.js:9724:19)
      at beginWork (node_modules/react-dom/cjs/react-dom-client.development.js:12117:18)
      at runWithFiberInDEV (node_modules/react-dom/cjs/react-dom-client.development.js:874:13)
      at performUnitOfWork (node_modules/react-dom/cjs/react-dom-client.development.js:17641:22)
      at workLoopSync (node_modules/react-dom/cjs/react-dom-client.development.js:17469:41)
      at renderRootSync (node_modules/react-dom/cjs/react-dom-client.development.js:17450:11)
      at performWorkOnRoot (node_modules/react-dom/cjs/react-dom-client.development.js:16504:11)
      at performWorkOnRootViaSchedulerTask (node_modules/react-dom/cjs/react-dom-client.development.js:18957:7)
      at flushActQueue (node_modules/react/cjs/react.development.js:590:34)
      at node_modules/react/cjs/react.development.js:847:21

  console.warn
    The width(-1) and height(-1) of chart should be greater than 0,
           please check the style of container, or the props width(100%) and height(100%),
           or add a minWidth(0) or minHeight(undefined) or use aspect(undefined) to control the
           height and width.

      at warn (node_modules/recharts/lib/util/LogUtils.js:22:17)
      at node_modules/recharts/lib/component/ResponsiveContainer.js:144:22
      at Object.react_stack_bottom_frame (node_modules/react-dom/cjs/react-dom-client.development.js:25904:20)
      at renderWithHooks (node_modules/react-dom/cjs/react-dom-client.development.js:7662:22)
      at updateForwardRef (node_modules/react-dom/cjs/react-dom-client.development.js:9724:19)
      at beginWork (node_modules/react-dom/cjs/react-dom-client.development.js:12117:18)
      at runWithFiberInDEV (node_modules/react-dom/cjs/react-dom-client.development.js:874:13)
      at performUnitOfWork (node_modules/react-dom/cjs/react-dom-client.development.js:17641:22)
      at workLoopSync (node_modules/react-dom/cjs/react-dom-client.development.js:17469:41)
      at renderRootSync (node_modules/react-dom/cjs/react-dom-client.development.js:17450:11)
      at performWorkOnRoot (node_modules/react-dom/cjs/react-dom-client.development.js:16504:11)
      at performWorkOnRootViaSchedulerTask (node_modules/react-dom/cjs/react-dom-client.development.js:18957:7)
      at flushActQueue (node_modules/react/cjs/react.development.js:590:34)
      at node_modules/react/cjs/react.development.js:847:21

  console.warn
    The width(-1) and height(-1) of chart should be greater than 0,
           please check the style of container, or the props width(100%) and height(100%),
           or add a minWidth(0) or minHeight(undefined) or use aspect(undefined) to control the
           height and width.

      at warn (node_modules/recharts/lib/util/LogUtils.js:22:17)
      at node_modules/recharts/lib/component/ResponsiveContainer.js:144:22
      at Object.react_stack_bottom_frame (node_modules/react-dom/cjs/react-dom-client.development.js:25904:20)
      at renderWithHooks (node_modules/react-dom/cjs/react-dom-client.development.js:7662:22)
      at updateForwardRef (node_modules/react-dom/cjs/react-dom-client.development.js:9724:19)
      at beginWork (node_modules/react-dom/cjs/react-dom-client.development.js:12117:18)
      at runWithFiberInDEV (node_modules/react-dom/cjs/react-dom-client.development.js:874:13)
      at performUnitOfWork (node_modules/react-dom/cjs/react-dom-client.development.js:17641:22)
      at workLoopSync (node_modules/react-dom/cjs/react-dom-client.development.js:17469:41)
      at renderRootSync (node_modules/react-dom/cjs/react-dom-client.development.js:17450:11)
      at performWorkOnRoot (node_modules/react-dom/cjs/react-dom-client.development.js:16504:11)
      at performWorkOnRootViaSchedulerTask (node_modules/react-dom/cjs/react-dom-client.development.js:18957:7)
      at flushActQueue (node_modules/react/cjs/react.development.js:590:34)
      at recursivelyFlushAsyncActWork (node_modules/react/cjs/react.development.js:566:13)
      at Immediate._onImmediate (node_modules/react/cjs/react.development.js:849:32)

  console.warn
    The width(-1) and height(-1) of chart should be greater than 0,
           please check the style of container, or the props width(100%) and height(100%),
           or add a minWidth(0) or minHeight(undefined) or use aspect(undefined) to control the
           height and width.

      at warn (node_modules/recharts/lib/util/LogUtils.js:22:17)
      at node_modules/recharts/lib/component/ResponsiveContainer.js:144:22
      at Object.react_stack_bottom_frame (node_modules/react-dom/cjs/react-dom-client.development.js:25904:20)
      at renderWithHooks (node_modules/react-dom/cjs/react-dom-client.development.js:7662:22)
      at updateForwardRef (node_modules/react-dom/cjs/react-dom-client.development.js:9724:19)
      at beginWork (node_modules/react-dom/cjs/react-dom-client.development.js:12117:18)
      at runWithFiberInDEV (node_modules/react-dom/cjs/react-dom-client.development.js:874:13)
      at performUnitOfWork (node_modules/react-dom/cjs/react-dom-client.development.js:17641:22)
      at workLoopSync (node_modules/react-dom/cjs/react-dom-client.development.js:17469:41)
      at renderRootSync (node_modules/react-dom/cjs/react-dom-client.development.js:17450:11)
      at performWorkOnRoot (node_modules/react-dom/cjs/react-dom-client.development.js:16504:11)
      at performWorkOnRootViaSchedulerTask (node_modules/react-dom/cjs/react-dom-client.development.js:18957:7)
      at flushActQueue (node_modules/react/cjs/react.development.js:590:34)
      at recursivelyFlushAsyncActWork (node_modules/react/cjs/react.development.js:566:13)
      at Immediate._onImmediate (node_modules/react/cjs/react.development.js:849:32)

  console.warn
    The width(-1) and height(-1) of chart should be greater than 0,
           please check the style of container, or the props width(100%) and height(100%),
           or add a minWidth(0) or minHeight(undefined) or use aspect(undefined) to control the
           height and width.

    [0m [90m 66 |[39m   jest[33m.[39museFakeTimers()[33m.[39msetSystemTime([33mNOW[39m)[33m;[39m
     [90m 67 |[39m   window[33m.[39mapi [33m=[39m buildApi(apiOverrides)[33m;[39m
    [31m[1m>[22m[39m[90m 68 |[39m   [36mconst[39m utils [33m=[39m render([33m<[39m[33mStatistiquesAdherent[39m onPageChange[33m=[39m{onPageChange} [33m/[39m[33m>[39m)[33m;[39m
     [90m    |[39m                       [31m[1m^[22m[39m
     [90m 69 |[39m   [36mreturn[39m utils[33m;[39m
     [90m 70 |[39m }[33m;[39m
     [90m 71 |[39m[0m

      at warn (node_modules/recharts/lib/util/LogUtils.js:22:17)
      at node_modules/recharts/lib/component/ResponsiveContainer.js:144:22
      at Object.react_stack_bottom_frame (node_modules/react-dom/cjs/react-dom-client.development.js:25904:20)
      at renderWithHooks (node_modules/react-dom/cjs/react-dom-client.development.js:7662:22)
      at updateForwardRef (node_modules/react-dom/cjs/react-dom-client.development.js:9724:19)
      at beginWork (node_modules/react-dom/cjs/react-dom-client.development.js:12117:18)
      at runWithFiberInDEV (node_modules/react-dom/cjs/react-dom-client.development.js:874:13)
      at performUnitOfWork (node_modules/react-dom/cjs/react-dom-client.development.js:17641:22)
      at workLoopSync (node_modules/react-dom/cjs/react-dom-client.development.js:17469:41)
      at renderRootSync (node_modules/react-dom/cjs/react-dom-client.development.js:17450:11)
      at performWorkOnRoot (node_modules/react-dom/cjs/react-dom-client.development.js:16504:11)
      at performWorkOnRootViaSchedulerTask (node_modules/react-dom/cjs/react-dom-client.development.js:18957:7)
      at flushActQueue (node_modules/react/cjs/react.development.js:590:34)
      at process.env.NODE_ENV.exports.act (node_modules/react/cjs/react.development.js:884:10)
      at node_modules/@testing-library/react/dist/act-compat.js:46:25
      at renderRoot (node_modules/@testing-library/react/dist/pure.js:189:26)
      at render (node_modules/@testing-library/react/dist/pure.js:291:10)
      at setup (src/__tests__/pages/Statistiquesadherent.test.jsx:68:23)
      at Object.setup (src/__tests__/pages/Statistiquesadherent.test.jsx:193:5)

  console.warn
    The width(-1) and height(-1) of chart should be greater than 0,
           please check the style of container, or the props width(100%) and height(100%),
           or add a minWidth(0) or minHeight(undefined) or use aspect(undefined) to control the
           height and width.

    [0m [90m 66 |[39m   jest[33m.[39museFakeTimers()[33m.[39msetSystemTime([33mNOW[39m)[33m;[39m
     [90m 67 |[39m   window[33m.[39mapi [33m=[39m buildApi(apiOverrides)[33m;[39m
    [31m[1m>[22m[39m[90m 68 |[39m   [36mconst[39m utils [33m=[39m render([33m<[39m[33mStatistiquesAdherent[39m onPageChange[33m=[39m{onPageChange} [33m/[39m[33m>[39m)[33m;[39m
     [90m    |[39m                       [31m[1m^[22m[39m
     [90m 69 |[39m   [36mreturn[39m utils[33m;[39m
     [90m 70 |[39m }[33m;[39m
     [90m 71 |[39m[0m

      at warn (node_modules/recharts/lib/util/LogUtils.js:22:17)
      at node_modules/recharts/lib/component/ResponsiveContainer.js:144:22
      at Object.react_stack_bottom_frame (node_modules/react-dom/cjs/react-dom-client.development.js:25904:20)
      at renderWithHooks (node_modules/react-dom/cjs/react-dom-client.development.js:7662:22)
      at updateForwardRef (node_modules/react-dom/cjs/react-dom-client.development.js:9724:19)
      at beginWork (node_modules/react-dom/cjs/react-dom-client.development.js:12117:18)
      at runWithFiberInDEV (node_modules/react-dom/cjs/react-dom-client.development.js:874:13)
      at performUnitOfWork (node_modules/react-dom/cjs/react-dom-client.development.js:17641:22)
      at workLoopSync (node_modules/react-dom/cjs/react-dom-client.development.js:17469:41)
      at renderRootSync (node_modules/react-dom/cjs/react-dom-client.development.js:17450:11)
      at performWorkOnRoot (node_modules/react-dom/cjs/react-dom-client.development.js:16504:11)
      at performWorkOnRootViaSchedulerTask (node_modules/react-dom/cjs/react-dom-client.development.js:18957:7)
      at flushActQueue (node_modules/react/cjs/react.development.js:590:34)
      at process.env.NODE_ENV.exports.act (node_modules/react/cjs/react.development.js:884:10)
      at node_modules/@testing-library/react/dist/act-compat.js:46:25
      at renderRoot (node_modules/@testing-library/react/dist/pure.js:189:26)
      at render (node_modules/@testing-library/react/dist/pure.js:291:10)
      at setup (src/__tests__/pages/Statistiquesadherent.test.jsx:68:23)
      at Object.setup (src/__tests__/pages/Statistiquesadherent.test.jsx:193:5)

  console.warn
    The width(-1) and height(-1) of chart should be greater than 0,
           please check the style of container, or the props width(100%) and height(100%),
           or add a minWidth(0) or minHeight(undefined) or use aspect(undefined) to control the
           height and width.

      at warn (node_modules/recharts/lib/util/LogUtils.js:22:17)
      at node_modules/recharts/lib/component/ResponsiveContainer.js:144:22
      at Object.react_stack_bottom_frame (node_modules/react-dom/cjs/react-dom-client.development.js:25904:20)
      at renderWithHooks (node_modules/react-dom/cjs/react-dom-client.development.js:7662:22)
      at updateForwardRef (node_modules/react-dom/cjs/react-dom-client.development.js:9724:19)
      at beginWork (node_modules/react-dom/cjs/react-dom-client.development.js:12117:18)
      at runWithFiberInDEV (node_modules/react-dom/cjs/react-dom-client.development.js:874:13)
      at performUnitOfWork (node_modules/react-dom/cjs/react-dom-client.development.js:17641:22)
      at workLoopSync (node_modules/react-dom/cjs/react-dom-client.development.js:17469:41)
      at renderRootSync (node_modules/react-dom/cjs/react-dom-client.development.js:17450:11)
      at performWorkOnRoot (node_modules/react-dom/cjs/react-dom-client.development.js:16504:11)
      at performWorkOnRootViaSchedulerTask (node_modules/react-dom/cjs/react-dom-client.development.js:18957:7)
      at flushActQueue (node_modules/react/cjs/react.development.js:590:34)
      at node_modules/react/cjs/react.development.js:847:21

  console.warn
    The width(-1) and height(-1) of chart should be greater than 0,
           please check the style of container, or the props width(100%) and height(100%),
           or add a minWidth(0) or minHeight(undefined) or use aspect(undefined) to control the
           height and width.

      at warn (node_modules/recharts/lib/util/LogUtils.js:22:17)
      at node_modules/recharts/lib/component/ResponsiveContainer.js:144:22
      at Object.react_stack_bottom_frame (node_modules/react-dom/cjs/react-dom-client.development.js:25904:20)
      at renderWithHooks (node_modules/react-dom/cjs/react-dom-client.development.js:7662:22)
      at updateForwardRef (node_modules/react-dom/cjs/react-dom-client.development.js:9724:19)
      at beginWork (node_modules/react-dom/cjs/react-dom-client.development.js:12117:18)
      at runWithFiberInDEV (node_modules/react-dom/cjs/react-dom-client.development.js:874:13)
      at performUnitOfWork (node_modules/react-dom/cjs/react-dom-client.development.js:17641:22)
      at workLoopSync (node_modules/react-dom/cjs/react-dom-client.development.js:17469:41)
      at renderRootSync (node_modules/react-dom/cjs/react-dom-client.development.js:17450:11)
      at performWorkOnRoot (node_modules/react-dom/cjs/react-dom-client.development.js:16504:11)
      at performWorkOnRootViaSchedulerTask (node_modules/react-dom/cjs/react-dom-client.development.js:18957:7)
      at flushActQueue (node_modules/react/cjs/react.development.js:590:34)
      at node_modules/react/cjs/react.development.js:847:21

  console.warn
    The width(-1) and height(-1) of chart should be greater than 0,
           please check the style of container, or the props width(100%) and height(100%),
           or add a minWidth(0) or minHeight(undefined) or use aspect(undefined) to control the
           height and width.

      at warn (node_modules/recharts/lib/util/LogUtils.js:22:17)
      at node_modules/recharts/lib/component/ResponsiveContainer.js:144:22
      at Object.react_stack_bottom_frame (node_modules/react-dom/cjs/react-dom-client.development.js:25904:20)
      at renderWithHooks (node_modules/react-dom/cjs/react-dom-client.development.js:7662:22)
      at updateForwardRef (node_modules/react-dom/cjs/react-dom-client.development.js:9724:19)
      at beginWork (node_modules/react-dom/cjs/react-dom-client.development.js:12117:18)
      at runWithFiberInDEV (node_modules/react-dom/cjs/react-dom-client.development.js:874:13)
      at performUnitOfWork (node_modules/react-dom/cjs/react-dom-client.development.js:17641:22)
      at workLoopSync (node_modules/react-dom/cjs/react-dom-client.development.js:17469:41)
      at renderRootSync (node_modules/react-dom/cjs/react-dom-client.development.js:17450:11)
      at performWorkOnRoot (node_modules/react-dom/cjs/react-dom-client.development.js:16504:11)
      at performWorkOnRootViaSchedulerTask (node_modules/react-dom/cjs/react-dom-client.development.js:18957:7)
      at flushActQueue (node_modules/react/cjs/react.development.js:590:34)
      at recursivelyFlushAsyncActWork (node_modules/react/cjs/react.development.js:566:13)
      at Immediate._onImmediate (node_modules/react/cjs/react.development.js:849:32)

  console.warn
    The width(-1) and height(-1) of chart should be greater than 0,
           please check the style of container, or the props width(100%) and height(100%),
           or add a minWidth(0) or minHeight(undefined) or use aspect(undefined) to control the
           height and width.

      at warn (node_modules/recharts/lib/util/LogUtils.js:22:17)
      at node_modules/recharts/lib/component/ResponsiveContainer.js:144:22
      at Object.react_stack_bottom_frame (node_modules/react-dom/cjs/react-dom-client.development.js:25904:20)
      at renderWithHooks (node_modules/react-dom/cjs/react-dom-client.development.js:7662:22)
      at updateForwardRef (node_modules/react-dom/cjs/react-dom-client.development.js:9724:19)
      at beginWork (node_modules/react-dom/cjs/react-dom-client.development.js:12117:18)
      at runWithFiberInDEV (node_modules/react-dom/cjs/react-dom-client.development.js:874:13)
      at performUnitOfWork (node_modules/react-dom/cjs/react-dom-client.development.js:17641:22)
      at workLoopSync (node_modules/react-dom/cjs/react-dom-client.development.js:17469:41)
      at renderRootSync (node_modules/react-dom/cjs/react-dom-client.development.js:17450:11)
      at performWorkOnRoot (node_modules/react-dom/cjs/react-dom-client.development.js:16504:11)
      at performWorkOnRootViaSchedulerTask (node_modules/react-dom/cjs/react-dom-client.development.js:18957:7)
      at flushActQueue (node_modules/react/cjs/react.development.js:590:34)
      at recursivelyFlushAsyncActWork (node_modules/react/cjs/react.development.js:566:13)
      at Immediate._onImmediate (node_modules/react/cjs/react.development.js:849:32)

  console.warn
    The width(-1) and height(-1) of chart should be greater than 0,
           please check the style of container, or the props width(100%) and height(100%),
           or add a minWidth(0) or minHeight(undefined) or use aspect(undefined) to control the
           height and width.

    [0m [90m 66 |[39m   jest[33m.[39museFakeTimers()[33m.[39msetSystemTime([33mNOW[39m)[33m;[39m
     [90m 67 |[39m   window[33m.[39mapi [33m=[39m buildApi(apiOverrides)[33m;[39m
    [31m[1m>[22m[39m[90m 68 |[39m   [36mconst[39m utils [33m=[39m render([33m<[39m[33mStatistiquesAdherent[39m onPageChange[33m=[39m{onPageChange} [33m/[39m[33m>[39m)[33m;[39m
     [90m    |[39m                       [31m[1m^[22m[39m
     [90m 69 |[39m   [36mreturn[39m utils[33m;[39m
     [90m 70 |[39m }[33m;[39m
     [90m 71 |[39m[0m

      at warn (node_modules/recharts/lib/util/LogUtils.js:22:17)
      at node_modules/recharts/lib/component/ResponsiveContainer.js:144:22
      at Object.react_stack_bottom_frame (node_modules/react-dom/cjs/react-dom-client.development.js:25904:20)
      at renderWithHooks (node_modules/react-dom/cjs/react-dom-client.development.js:7662:22)
      at updateForwardRef (node_modules/react-dom/cjs/react-dom-client.development.js:9724:19)
      at beginWork (node_modules/react-dom/cjs/react-dom-client.development.js:12117:18)
      at runWithFiberInDEV (node_modules/react-dom/cjs/react-dom-client.development.js:874:13)
      at performUnitOfWork (node_modules/react-dom/cjs/react-dom-client.development.js:17641:22)
      at workLoopSync (node_modules/react-dom/cjs/react-dom-client.development.js:17469:41)
      at renderRootSync (node_modules/react-dom/cjs/react-dom-client.development.js:17450:11)
      at performWorkOnRoot (node_modules/react-dom/cjs/react-dom-client.development.js:16504:11)
      at performWorkOnRootViaSchedulerTask (node_modules/react-dom/cjs/react-dom-client.development.js:18957:7)
      at flushActQueue (node_modules/react/cjs/react.development.js:590:34)
      at process.env.NODE_ENV.exports.act (node_modules/react/cjs/react.development.js:884:10)
      at node_modules/@testing-library/react/dist/act-compat.js:46:25
      at renderRoot (node_modules/@testing-library/react/dist/pure.js:189:26)
      at render (node_modules/@testing-library/react/dist/pure.js:291:10)
      at setup (src/__tests__/pages/Statistiquesadherent.test.jsx:68:23)
      at Object.setup (src/__tests__/pages/Statistiquesadherent.test.jsx:200:5)

  console.warn
    The width(-1) and height(-1) of chart should be greater than 0,
           please check the style of container, or the props width(100%) and height(100%),
           or add a minWidth(0) or minHeight(undefined) or use aspect(undefined) to control the
           height and width.

    [0m [90m 66 |[39m   jest[33m.[39museFakeTimers()[33m.[39msetSystemTime([33mNOW[39m)[33m;[39m
     [90m 67 |[39m   window[33m.[39mapi [33m=[39m buildApi(apiOverrides)[33m;[39m
    [31m[1m>[22m[39m[90m 68 |[39m   [36mconst[39m utils [33m=[39m render([33m<[39m[33mStatistiquesAdherent[39m onPageChange[33m=[39m{onPageChange} [33m/[39m[33m>[39m)[33m;[39m
     [90m    |[39m                       [31m[1m^[22m[39m
     [90m 69 |[39m   [36mreturn[39m utils[33m;[39m
     [90m 70 |[39m }[33m;[39m
     [90m 71 |[39m[0m

      at warn (node_modules/recharts/lib/util/LogUtils.js:22:17)
      at node_modules/recharts/lib/component/ResponsiveContainer.js:144:22
      at Object.react_stack_bottom_frame (node_modules/react-dom/cjs/react-dom-client.development.js:25904:20)
      at renderWithHooks (node_modules/react-dom/cjs/react-dom-client.development.js:7662:22)
      at updateForwardRef (node_modules/react-dom/cjs/react-dom-client.development.js:9724:19)
      at beginWork (node_modules/react-dom/cjs/react-dom-client.development.js:12117:18)
      at runWithFiberInDEV (node_modules/react-dom/cjs/react-dom-client.development.js:874:13)
      at performUnitOfWork (node_modules/react-dom/cjs/react-dom-client.development.js:17641:22)
      at workLoopSync (node_modules/react-dom/cjs/react-dom-client.development.js:17469:41)
      at renderRootSync (node_modules/react-dom/cjs/react-dom-client.development.js:17450:11)
      at performWorkOnRoot (node_modules/react-dom/cjs/react-dom-client.development.js:16504:11)
      at performWorkOnRootViaSchedulerTask (node_modules/react-dom/cjs/react-dom-client.development.js:18957:7)
      at flushActQueue (node_modules/react/cjs/react.development.js:590:34)
      at process.env.NODE_ENV.exports.act (node_modules/react/cjs/react.development.js:884:10)
      at node_modules/@testing-library/react/dist/act-compat.js:46:25
      at renderRoot (node_modules/@testing-library/react/dist/pure.js:189:26)
      at render (node_modules/@testing-library/react/dist/pure.js:291:10)
      at setup (src/__tests__/pages/Statistiquesadherent.test.jsx:68:23)
      at Object.setup (src/__tests__/pages/Statistiquesadherent.test.jsx:200:5)

  console.warn
    The width(-1) and height(-1) of chart should be greater than 0,
           please check the style of container, or the props width(100%) and height(100%),
           or add a minWidth(0) or minHeight(undefined) or use aspect(undefined) to control the
           height and width.

      at warn (node_modules/recharts/lib/util/LogUtils.js:22:17)
      at node_modules/recharts/lib/component/ResponsiveContainer.js:144:22
      at Object.react_stack_bottom_frame (node_modules/react-dom/cjs/react-dom-client.development.js:25904:20)
      at renderWithHooks (node_modules/react-dom/cjs/react-dom-client.development.js:7662:22)
      at updateForwardRef (node_modules/react-dom/cjs/react-dom-client.development.js:9724:19)
      at beginWork (node_modules/react-dom/cjs/react-dom-client.development.js:12117:18)
      at runWithFiberInDEV (node_modules/react-dom/cjs/react-dom-client.development.js:874:13)
      at performUnitOfWork (node_modules/react-dom/cjs/react-dom-client.development.js:17641:22)
      at workLoopSync (node_modules/react-dom/cjs/react-dom-client.development.js:17469:41)
      at renderRootSync (node_modules/react-dom/cjs/react-dom-client.development.js:17450:11)
      at performWorkOnRoot (node_modules/react-dom/cjs/react-dom-client.development.js:16504:11)
      at performWorkOnRootViaSchedulerTask (node_modules/react-dom/cjs/react-dom-client.development.js:18957:7)
      at flushActQueue (node_modules/react/cjs/react.development.js:590:34)
      at node_modules/react/cjs/react.development.js:847:21

  console.warn
    The width(-1) and height(-1) of chart should be greater than 0,
           please check the style of container, or the props width(100%) and height(100%),
           or add a minWidth(0) or minHeight(undefined) or use aspect(undefined) to control the
           height and width.

      at warn (node_modules/recharts/lib/util/LogUtils.js:22:17)
      at node_modules/recharts/lib/component/ResponsiveContainer.js:144:22
      at Object.react_stack_bottom_frame (node_modules/react-dom/cjs/react-dom-client.development.js:25904:20)
      at renderWithHooks (node_modules/react-dom/cjs/react-dom-client.development.js:7662:22)
      at updateForwardRef (node_modules/react-dom/cjs/react-dom-client.development.js:9724:19)
      at beginWork (node_modules/react-dom/cjs/react-dom-client.development.js:12117:18)
      at runWithFiberInDEV (node_modules/react-dom/cjs/react-dom-client.development.js:874:13)
      at performUnitOfWork (node_modules/react-dom/cjs/react-dom-client.development.js:17641:22)
      at workLoopSync (node_modules/react-dom/cjs/react-dom-client.development.js:17469:41)
      at renderRootSync (node_modules/react-dom/cjs/react-dom-client.development.js:17450:11)
      at performWorkOnRoot (node_modules/react-dom/cjs/react-dom-client.development.js:16504:11)
      at performWorkOnRootViaSchedulerTask (node_modules/react-dom/cjs/react-dom-client.development.js:18957:7)
      at flushActQueue (node_modules/react/cjs/react.development.js:590:34)
      at node_modules/react/cjs/react.development.js:847:21

  console.warn
    The width(-1) and height(-1) of chart should be greater than 0,
           please check the style of container, or the props width(100%) and height(100%),
           or add a minWidth(0) or minHeight(undefined) or use aspect(undefined) to control the
           height and width.

      at warn (node_modules/recharts/lib/util/LogUtils.js:22:17)
      at node_modules/recharts/lib/component/ResponsiveContainer.js:144:22
      at Object.react_stack_bottom_frame (node_modules/react-dom/cjs/react-dom-client.development.js:25904:20)
      at renderWithHooks (node_modules/react-dom/cjs/react-dom-client.development.js:7662:22)
      at updateForwardRef (node_modules/react-dom/cjs/react-dom-client.development.js:9724:19)
      at beginWork (node_modules/react-dom/cjs/react-dom-client.development.js:12117:18)
      at runWithFiberInDEV (node_modules/react-dom/cjs/react-dom-client.development.js:874:13)
      at performUnitOfWork (node_modules/react-dom/cjs/react-dom-client.development.js:17641:22)
      at workLoopSync (node_modules/react-dom/cjs/react-dom-client.development.js:17469:41)
      at renderRootSync (node_modules/react-dom/cjs/react-dom-client.development.js:17450:11)
      at performWorkOnRoot (node_modules/react-dom/cjs/react-dom-client.development.js:16504:11)
      at performWorkOnRootViaSchedulerTask (node_modules/react-dom/cjs/react-dom-client.development.js:18957:7)
      at flushActQueue (node_modules/react/cjs/react.development.js:590:34)
      at recursivelyFlushAsyncActWork (node_modules/react/cjs/react.development.js:566:13)
      at Immediate._onImmediate (node_modules/react/cjs/react.development.js:849:32)

  console.warn
    The width(-1) and height(-1) of chart should be greater than 0,
           please check the style of container, or the props width(100%) and height(100%),
           or add a minWidth(0) or minHeight(undefined) or use aspect(undefined) to control the
           height and width.

      at warn (node_modules/recharts/lib/util/LogUtils.js:22:17)
      at node_modules/recharts/lib/component/ResponsiveContainer.js:144:22
      at Object.react_stack_bottom_frame (node_modules/react-dom/cjs/react-dom-client.development.js:25904:20)
      at renderWithHooks (node_modules/react-dom/cjs/react-dom-client.development.js:7662:22)
      at updateForwardRef (node_modules/react-dom/cjs/react-dom-client.development.js:9724:19)
      at beginWork (node_modules/react-dom/cjs/react-dom-client.development.js:12117:18)
      at runWithFiberInDEV (node_modules/react-dom/cjs/react-dom-client.development.js:874:13)
      at performUnitOfWork (node_modules/react-dom/cjs/react-dom-client.development.js:17641:22)
      at workLoopSync (node_modules/react-dom/cjs/react-dom-client.development.js:17469:41)
      at renderRootSync (node_modules/react-dom/cjs/react-dom-client.development.js:17450:11)
      at performWorkOnRoot (node_modules/react-dom/cjs/react-dom-client.development.js:16504:11)
      at performWorkOnRootViaSchedulerTask (node_modules/react-dom/cjs/react-dom-client.development.js:18957:7)
      at flushActQueue (node_modules/react/cjs/react.development.js:590:34)
      at recursivelyFlushAsyncActWork (node_modules/react/cjs/react.development.js:566:13)
      at Immediate._onImmediate (node_modules/react/cjs/react.development.js:849:32)

  console.warn
    The width(-1) and height(-1) of chart should be greater than 0,
           please check the style of container, or the props width(100%) and height(100%),
           or add a minWidth(0) or minHeight(undefined) or use aspect(undefined) to control the
           height and width.

    [0m [90m 66 |[39m   jest[33m.[39museFakeTimers()[33m.[39msetSystemTime([33mNOW[39m)[33m;[39m
     [90m 67 |[39m   window[33m.[39mapi [33m=[39m buildApi(apiOverrides)[33m;[39m
    [31m[1m>[22m[39m[90m 68 |[39m   [36mconst[39m utils [33m=[39m render([33m<[39m[33mStatistiquesAdherent[39m onPageChange[33m=[39m{onPageChange} [33m/[39m[33m>[39m)[33m;[39m
     [90m    |[39m                       [31m[1m^[22m[39m
     [90m 69 |[39m   [36mreturn[39m utils[33m;[39m
     [90m 70 |[39m }[33m;[39m
     [90m 71 |[39m[0m

      at warn (node_modules/recharts/lib/util/LogUtils.js:22:17)
      at node_modules/recharts/lib/component/ResponsiveContainer.js:144:22
      at Object.react_stack_bottom_frame (node_modules/react-dom/cjs/react-dom-client.development.js:25904:20)
      at renderWithHooks (node_modules/react-dom/cjs/react-dom-client.development.js:7662:22)
      at updateForwardRef (node_modules/react-dom/cjs/react-dom-client.development.js:9724:19)
      at beginWork (node_modules/react-dom/cjs/react-dom-client.development.js:12117:18)
      at runWithFiberInDEV (node_modules/react-dom/cjs/react-dom-client.development.js:874:13)
      at performUnitOfWork (node_modules/react-dom/cjs/react-dom-client.development.js:17641:22)
      at workLoopSync (node_modules/react-dom/cjs/react-dom-client.development.js:17469:41)
      at renderRootSync (node_modules/react-dom/cjs/react-dom-client.development.js:17450:11)
      at performWorkOnRoot (node_modules/react-dom/cjs/react-dom-client.development.js:16504:11)
      at performWorkOnRootViaSchedulerTask (node_modules/react-dom/cjs/react-dom-client.development.js:18957:7)
      at flushActQueue (node_modules/react/cjs/react.development.js:590:34)
      at process.env.NODE_ENV.exports.act (node_modules/react/cjs/react.development.js:884:10)
      at node_modules/@testing-library/react/dist/act-compat.js:46:25
      at renderRoot (node_modules/@testing-library/react/dist/pure.js:189:26)
      at render (node_modules/@testing-library/react/dist/pure.js:291:10)
      at setup (src/__tests__/pages/Statistiquesadherent.test.jsx:68:23)
      at Object.setup (src/__tests__/pages/Statistiquesadherent.test.jsx:206:5)

  console.warn
    The width(-1) and height(-1) of chart should be greater than 0,
           please check the style of container, or the props width(100%) and height(100%),
           or add a minWidth(0) or minHeight(undefined) or use aspect(undefined) to control the
           height and width.

    [0m [90m 66 |[39m   jest[33m.[39museFakeTimers()[33m.[39msetSystemTime([33mNOW[39m)[33m;[39m
     [90m 67 |[39m   window[33m.[39mapi [33m=[39m buildApi(apiOverrides)[33m;[39m
    [31m[1m>[22m[39m[90m 68 |[39m   [36mconst[39m utils [33m=[39m render([33m<[39m[33mStatistiquesAdherent[39m onPageChange[33m=[39m{onPageChange} [33m/[39m[33m>[39m)[33m;[39m
     [90m    |[39m                       [31m[1m^[22m[39m
     [90m 69 |[39m   [36mreturn[39m utils[33m;[39m
     [90m 70 |[39m }[33m;[39m
     [90m 71 |[39m[0m

      at warn (node_modules/recharts/lib/util/LogUtils.js:22:17)
      at node_modules/recharts/lib/component/ResponsiveContainer.js:144:22
      at Object.react_stack_bottom_frame (node_modules/react-dom/cjs/react-dom-client.development.js:25904:20)
      at renderWithHooks (node_modules/react-dom/cjs/react-dom-client.development.js:7662:22)
      at updateForwardRef (node_modules/react-dom/cjs/react-dom-client.development.js:9724:19)
      at beginWork (node_modules/react-dom/cjs/react-dom-client.development.js:12117:18)
      at runWithFiberInDEV (node_modules/react-dom/cjs/react-dom-client.development.js:874:13)
      at performUnitOfWork (node_modules/react-dom/cjs/react-dom-client.development.js:17641:22)
      at workLoopSync (node_modules/react-dom/cjs/react-dom-client.development.js:17469:41)
      at renderRootSync (node_modules/react-dom/cjs/react-dom-client.development.js:17450:11)
      at performWorkOnRoot (node_modules/react-dom/cjs/react-dom-client.development.js:16504:11)
      at performWorkOnRootViaSchedulerTask (node_modules/react-dom/cjs/react-dom-client.development.js:18957:7)
      at flushActQueue (node_modules/react/cjs/react.development.js:590:34)
      at process.env.NODE_ENV.exports.act (node_modules/react/cjs/react.development.js:884:10)
      at node_modules/@testing-library/react/dist/act-compat.js:46:25
      at renderRoot (node_modules/@testing-library/react/dist/pure.js:189:26)
      at render (node_modules/@testing-library/react/dist/pure.js:291:10)
      at setup (src/__tests__/pages/Statistiquesadherent.test.jsx:68:23)
      at Object.setup (src/__tests__/pages/Statistiquesadherent.test.jsx:206:5)

  console.warn
    The width(-1) and height(-1) of chart should be greater than 0,
           please check the style of container, or the props width(100%) and height(100%),
           or add a minWidth(0) or minHeight(undefined) or use aspect(undefined) to control the
           height and width.

      at warn (node_modules/recharts/lib/util/LogUtils.js:22:17)
      at node_modules/recharts/lib/component/ResponsiveContainer.js:144:22
      at Object.react_stack_bottom_frame (node_modules/react-dom/cjs/react-dom-client.development.js:25904:20)
      at renderWithHooks (node_modules/react-dom/cjs/react-dom-client.development.js:7662:22)
      at updateForwardRef (node_modules/react-dom/cjs/react-dom-client.development.js:9724:19)
      at beginWork (node_modules/react-dom/cjs/react-dom-client.development.js:12117:18)
      at runWithFiberInDEV (node_modules/react-dom/cjs/react-dom-client.development.js:874:13)
      at performUnitOfWork (node_modules/react-dom/cjs/react-dom-client.development.js:17641:22)
      at workLoopSync (node_modules/react-dom/cjs/react-dom-client.development.js:17469:41)
      at renderRootSync (node_modules/react-dom/cjs/react-dom-client.development.js:17450:11)
      at performWorkOnRoot (node_modules/react-dom/cjs/react-dom-client.development.js:16504:11)
      at performWorkOnRootViaSchedulerTask (node_modules/react-dom/cjs/react-dom-client.development.js:18957:7)
      at flushActQueue (node_modules/react/cjs/react.development.js:590:34)
      at node_modules/react/cjs/react.development.js:847:21

  console.warn
    The width(-1) and height(-1) of chart should be greater than 0,
           please check the style of container, or the props width(100%) and height(100%),
           or add a minWidth(0) or minHeight(undefined) or use aspect(undefined) to control the
           height and width.

      at warn (node_modules/recharts/lib/util/LogUtils.js:22:17)
      at node_modules/recharts/lib/component/ResponsiveContainer.js:144:22
      at Object.react_stack_bottom_frame (node_modules/react-dom/cjs/react-dom-client.development.js:25904:20)
      at renderWithHooks (node_modules/react-dom/cjs/react-dom-client.development.js:7662:22)
      at updateForwardRef (node_modules/react-dom/cjs/react-dom-client.development.js:9724:19)
      at beginWork (node_modules/react-dom/cjs/react-dom-client.development.js:12117:18)
      at runWithFiberInDEV (node_modules/react-dom/cjs/react-dom-client.development.js:874:13)
      at performUnitOfWork (node_modules/react-dom/cjs/react-dom-client.development.js:17641:22)
      at workLoopSync (node_modules/react-dom/cjs/react-dom-client.development.js:17469:41)
      at renderRootSync (node_modules/react-dom/cjs/react-dom-client.development.js:17450:11)
      at performWorkOnRoot (node_modules/react-dom/cjs/react-dom-client.development.js:16504:11)
      at performWorkOnRootViaSchedulerTask (node_modules/react-dom/cjs/react-dom-client.development.js:18957:7)
      at flushActQueue (node_modules/react/cjs/react.development.js:590:34)
      at node_modules/react/cjs/react.development.js:847:21

  console.warn
    The width(-1) and height(-1) of chart should be greater than 0,
           please check the style of container, or the props width(100%) and height(100%),
           or add a minWidth(0) or minHeight(undefined) or use aspect(undefined) to control the
           height and width.

      at warn (node_modules/recharts/lib/util/LogUtils.js:22:17)
      at node_modules/recharts/lib/component/ResponsiveContainer.js:144:22
      at Object.react_stack_bottom_frame (node_modules/react-dom/cjs/react-dom-client.development.js:25904:20)
      at renderWithHooks (node_modules/react-dom/cjs/react-dom-client.development.js:7662:22)
      at updateForwardRef (node_modules/react-dom/cjs/react-dom-client.development.js:9724:19)
      at beginWork (node_modules/react-dom/cjs/react-dom-client.development.js:12117:18)
      at runWithFiberInDEV (node_modules/react-dom/cjs/react-dom-client.development.js:874:13)
      at performUnitOfWork (node_modules/react-dom/cjs/react-dom-client.development.js:17641:22)
      at workLoopSync (node_modules/react-dom/cjs/react-dom-client.development.js:17469:41)
      at renderRootSync (node_modules/react-dom/cjs/react-dom-client.development.js:17450:11)
      at performWorkOnRoot (node_modules/react-dom/cjs/react-dom-client.development.js:16504:11)
      at performWorkOnRootViaSchedulerTask (node_modules/react-dom/cjs/react-dom-client.development.js:18957:7)
      at flushActQueue (node_modules/react/cjs/react.development.js:590:34)
      at recursivelyFlushAsyncActWork (node_modules/react/cjs/react.development.js:566:13)
      at Immediate._onImmediate (node_modules/react/cjs/react.development.js:849:32)

  console.warn
    The width(-1) and height(-1) of chart should be greater than 0,
           please check the style of container, or the props width(100%) and height(100%),
           or add a minWidth(0) or minHeight(undefined) or use aspect(undefined) to control the
           height and width.

      at warn (node_modules/recharts/lib/util/LogUtils.js:22:17)
      at node_modules/recharts/lib/component/ResponsiveContainer.js:144:22
      at Object.react_stack_bottom_frame (node_modules/react-dom/cjs/react-dom-client.development.js:25904:20)
      at renderWithHooks (node_modules/react-dom/cjs/react-dom-client.development.js:7662:22)
      at updateForwardRef (node_modules/react-dom/cjs/react-dom-client.development.js:9724:19)
      at beginWork (node_modules/react-dom/cjs/react-dom-client.development.js:12117:18)
      at runWithFiberInDEV (node_modules/react-dom/cjs/react-dom-client.development.js:874:13)
      at performUnitOfWork (node_modules/react-dom/cjs/react-dom-client.development.js:17641:22)
      at workLoopSync (node_modules/react-dom/cjs/react-dom-client.development.js:17469:41)
      at renderRootSync (node_modules/react-dom/cjs/react-dom-client.development.js:17450:11)
      at performWorkOnRoot (node_modules/react-dom/cjs/react-dom-client.development.js:16504:11)
      at performWorkOnRootViaSchedulerTask (node_modules/react-dom/cjs/react-dom-client.development.js:18957:7)
      at flushActQueue (node_modules/react/cjs/react.development.js:590:34)
      at recursivelyFlushAsyncActWork (node_modules/react/cjs/react.development.js:566:13)
      at Immediate._onImmediate (node_modules/react/cjs/react.development.js:849:32)

  console.warn
    The width(-1) and height(-1) of chart should be greater than 0,
           please check the style of container, or the props width(100%) and height(100%),
           or add a minWidth(0) or minHeight(undefined) or use aspect(undefined) to control the
           height and width.

    [0m [90m 66 |[39m   jest[33m.[39museFakeTimers()[33m.[39msetSystemTime([33mNOW[39m)[33m;[39m
     [90m 67 |[39m   window[33m.[39mapi [33m=[39m buildApi(apiOverrides)[33m;[39m
    [31m[1m>[22m[39m[90m 68 |[39m   [36mconst[39m utils [33m=[39m render([33m<[39m[33mStatistiquesAdherent[39m onPageChange[33m=[39m{onPageChange} [33m/[39m[33m>[39m)[33m;[39m
     [90m    |[39m                       [31m[1m^[22m[39m
     [90m 69 |[39m   [36mreturn[39m utils[33m;[39m
     [90m 70 |[39m }[33m;[39m
     [90m 71 |[39m[0m

      at warn (node_modules/recharts/lib/util/LogUtils.js:22:17)
      at node_modules/recharts/lib/component/ResponsiveContainer.js:144:22
      at Object.react_stack_bottom_frame (node_modules/react-dom/cjs/react-dom-client.development.js:25904:20)
      at renderWithHooks (node_modules/react-dom/cjs/react-dom-client.development.js:7662:22)
      at updateForwardRef (node_modules/react-dom/cjs/react-dom-client.development.js:9724:19)
      at beginWork (node_modules/react-dom/cjs/react-dom-client.development.js:12117:18)
      at runWithFiberInDEV (node_modules/react-dom/cjs/react-dom-client.development.js:874:13)
      at performUnitOfWork (node_modules/react-dom/cjs/react-dom-client.development.js:17641:22)
      at workLoopSync (node_modules/react-dom/cjs/react-dom-client.development.js:17469:41)
      at renderRootSync (node_modules/react-dom/cjs/react-dom-client.development.js:17450:11)
      at performWorkOnRoot (node_modules/react-dom/cjs/react-dom-client.development.js:16504:11)
      at performWorkOnRootViaSchedulerTask (node_modules/react-dom/cjs/react-dom-client.development.js:18957:7)
      at flushActQueue (node_modules/react/cjs/react.development.js:590:34)
      at process.env.NODE_ENV.exports.act (node_modules/react/cjs/react.development.js:884:10)
      at node_modules/@testing-library/react/dist/act-compat.js:46:25
      at renderRoot (node_modules/@testing-library/react/dist/pure.js:189:26)
      at render (node_modules/@testing-library/react/dist/pure.js:291:10)
      at setup (src/__tests__/pages/Statistiquesadherent.test.jsx:68:23)
      at Object.setup (src/__tests__/pages/Statistiquesadherent.test.jsx:212:5)

  console.warn
    The width(-1) and height(-1) of chart should be greater than 0,
           please check the style of container, or the props width(100%) and height(100%),
           or add a minWidth(0) or minHeight(undefined) or use aspect(undefined) to control the
           height and width.

    [0m [90m 66 |[39m   jest[33m.[39museFakeTimers()[33m.[39msetSystemTime([33mNOW[39m)[33m;[39m
     [90m 67 |[39m   window[33m.[39mapi [33m=[39m buildApi(apiOverrides)[33m;[39m
    [31m[1m>[22m[39m[90m 68 |[39m   [36mconst[39m utils [33m=[39m render([33m<[39m[33mStatistiquesAdherent[39m onPageChange[33m=[39m{onPageChange} [33m/[39m[33m>[39m)[33m;[39m
     [90m    |[39m                       [31m[1m^[22m[39m
     [90m 69 |[39m   [36mreturn[39m utils[33m;[39m
     [90m 70 |[39m }[33m;[39m
     [90m 71 |[39m[0m

      at warn (node_modules/recharts/lib/util/LogUtils.js:22:17)
      at node_modules/recharts/lib/component/ResponsiveContainer.js:144:22
      at Object.react_stack_bottom_frame (node_modules/react-dom/cjs/react-dom-client.development.js:25904:20)
      at renderWithHooks (node_modules/react-dom/cjs/react-dom-client.development.js:7662:22)
      at updateForwardRef (node_modules/react-dom/cjs/react-dom-client.development.js:9724:19)
      at beginWork (node_modules/react-dom/cjs/react-dom-client.development.js:12117:18)
      at runWithFiberInDEV (node_modules/react-dom/cjs/react-dom-client.development.js:874:13)
      at performUnitOfWork (node_modules/react-dom/cjs/react-dom-client.development.js:17641:22)
      at workLoopSync (node_modules/react-dom/cjs/react-dom-client.development.js:17469:41)
      at renderRootSync (node_modules/react-dom/cjs/react-dom-client.development.js:17450:11)
      at performWorkOnRoot (node_modules/react-dom/cjs/react-dom-client.development.js:16504:11)
      at performWorkOnRootViaSchedulerTask (node_modules/react-dom/cjs/react-dom-client.development.js:18957:7)
      at flushActQueue (node_modules/react/cjs/react.development.js:590:34)
      at process.env.NODE_ENV.exports.act (node_modules/react/cjs/react.development.js:884:10)
      at node_modules/@testing-library/react/dist/act-compat.js:46:25
      at renderRoot (node_modules/@testing-library/react/dist/pure.js:189:26)
      at render (node_modules/@testing-library/react/dist/pure.js:291:10)
      at setup (src/__tests__/pages/Statistiquesadherent.test.jsx:68:23)
      at Object.setup (src/__tests__/pages/Statistiquesadherent.test.jsx:212:5)

  console.warn
    The width(-1) and height(-1) of chart should be greater than 0,
           please check the style of container, or the props width(100%) and height(100%),
           or add a minWidth(0) or minHeight(undefined) or use aspect(undefined) to control the
           height and width.

      at warn (node_modules/recharts/lib/util/LogUtils.js:22:17)
      at node_modules/recharts/lib/component/ResponsiveContainer.js:144:22
      at Object.react_stack_bottom_frame (node_modules/react-dom/cjs/react-dom-client.development.js:25904:20)
      at renderWithHooks (node_modules/react-dom/cjs/react-dom-client.development.js:7662:22)
      at updateForwardRef (node_modules/react-dom/cjs/react-dom-client.development.js:9724:19)
      at beginWork (node_modules/react-dom/cjs/react-dom-client.development.js:12117:18)
      at runWithFiberInDEV (node_modules/react-dom/cjs/react-dom-client.development.js:874:13)
      at performUnitOfWork (node_modules/react-dom/cjs/react-dom-client.development.js:17641:22)
      at workLoopSync (node_modules/react-dom/cjs/react-dom-client.development.js:17469:41)
      at renderRootSync (node_modules/react-dom/cjs/react-dom-client.development.js:17450:11)
      at performWorkOnRoot (node_modules/react-dom/cjs/react-dom-client.development.js:16504:11)
      at performWorkOnRootViaSchedulerTask (node_modules/react-dom/cjs/react-dom-client.development.js:18957:7)
      at flushActQueue (node_modules/react/cjs/react.development.js:590:34)
      at node_modules/react/cjs/react.development.js:847:21

  console.warn
    The width(-1) and height(-1) of chart should be greater than 0,
           please check the style of container, or the props width(100%) and height(100%),
           or add a minWidth(0) or minHeight(undefined) or use aspect(undefined) to control the
           height and width.

      at warn (node_modules/recharts/lib/util/LogUtils.js:22:17)
      at node_modules/recharts/lib/component/ResponsiveContainer.js:144:22
      at Object.react_stack_bottom_frame (node_modules/react-dom/cjs/react-dom-client.development.js:25904:20)
      at renderWithHooks (node_modules/react-dom/cjs/react-dom-client.development.js:7662:22)
      at updateForwardRef (node_modules/react-dom/cjs/react-dom-client.development.js:9724:19)
      at beginWork (node_modules/react-dom/cjs/react-dom-client.development.js:12117:18)
      at runWithFiberInDEV (node_modules/react-dom/cjs/react-dom-client.development.js:874:13)
      at performUnitOfWork (node_modules/react-dom/cjs/react-dom-client.development.js:17641:22)
      at workLoopSync (node_modules/react-dom/cjs/react-dom-client.development.js:17469:41)
      at renderRootSync (node_modules/react-dom/cjs/react-dom-client.development.js:17450:11)
      at performWorkOnRoot (node_modules/react-dom/cjs/react-dom-client.development.js:16504:11)
      at performWorkOnRootViaSchedulerTask (node_modules/react-dom/cjs/react-dom-client.development.js:18957:7)
      at flushActQueue (node_modules/react/cjs/react.development.js:590:34)
      at node_modules/react/cjs/react.development.js:847:21

  console.warn
    The width(-1) and height(-1) of chart should be greater than 0,
           please check the style of container, or the props width(100%) and height(100%),
           or add a minWidth(0) or minHeight(undefined) or use aspect(undefined) to control the
           height and width.

      at warn (node_modules/recharts/lib/util/LogUtils.js:22:17)
      at node_modules/recharts/lib/component/ResponsiveContainer.js:144:22
      at Object.react_stack_bottom_frame (node_modules/react-dom/cjs/react-dom-client.development.js:25904:20)
      at renderWithHooks (node_modules/react-dom/cjs/react-dom-client.development.js:7662:22)
      at updateForwardRef (node_modules/react-dom/cjs/react-dom-client.development.js:9724:19)
      at beginWork (node_modules/react-dom/cjs/react-dom-client.development.js:12117:18)
      at runWithFiberInDEV (node_modules/react-dom/cjs/react-dom-client.development.js:874:13)
      at performUnitOfWork (node_modules/react-dom/cjs/react-dom-client.development.js:17641:22)
      at workLoopSync (node_modules/react-dom/cjs/react-dom-client.development.js:17469:41)
      at renderRootSync (node_modules/react-dom/cjs/react-dom-client.development.js:17450:11)
      at performWorkOnRoot (node_modules/react-dom/cjs/react-dom-client.development.js:16504:11)
      at performWorkOnRootViaSchedulerTask (node_modules/react-dom/cjs/react-dom-client.development.js:18957:7)
      at flushActQueue (node_modules/react/cjs/react.development.js:590:34)
      at recursivelyFlushAsyncActWork (node_modules/react/cjs/react.development.js:566:13)
      at Immediate._onImmediate (node_modules/react/cjs/react.development.js:849:32)

  console.warn
    The width(-1) and height(-1) of chart should be greater than 0,
           please check the style of container, or the props width(100%) and height(100%),
           or add a minWidth(0) or minHeight(undefined) or use aspect(undefined) to control the
           height and width.

      at warn (node_modules/recharts/lib/util/LogUtils.js:22:17)
      at node_modules/recharts/lib/component/ResponsiveContainer.js:144:22
      at Object.react_stack_bottom_frame (node_modules/react-dom/cjs/react-dom-client.development.js:25904:20)
      at renderWithHooks (node_modules/react-dom/cjs/react-dom-client.development.js:7662:22)
      at updateForwardRef (node_modules/react-dom/cjs/react-dom-client.development.js:9724:19)
      at beginWork (node_modules/react-dom/cjs/react-dom-client.development.js:12117:18)
      at runWithFiberInDEV (node_modules/react-dom/cjs/react-dom-client.development.js:874:13)
      at performUnitOfWork (node_modules/react-dom/cjs/react-dom-client.development.js:17641:22)
      at workLoopSync (node_modules/react-dom/cjs/react-dom-client.development.js:17469:41)
      at renderRootSync (node_modules/react-dom/cjs/react-dom-client.development.js:17450:11)
      at performWorkOnRoot (node_modules/react-dom/cjs/react-dom-client.development.js:16504:11)
      at performWorkOnRootViaSchedulerTask (node_modules/react-dom/cjs/react-dom-client.development.js:18957:7)
      at flushActQueue (node_modules/react/cjs/react.development.js:590:34)
      at recursivelyFlushAsyncActWork (node_modules/react/cjs/react.development.js:566:13)
      at Immediate._onImmediate (node_modules/react/cjs/react.development.js:849:32)

  console.warn
    The width(-1) and height(-1) of chart should be greater than 0,
           please check the style of container, or the props width(100%) and height(100%),
           or add a minWidth(0) or minHeight(undefined) or use aspect(undefined) to control the
           height and width.

    [0m [90m 66 |[39m   jest[33m.[39museFakeTimers()[33m.[39msetSystemTime([33mNOW[39m)[33m;[39m
     [90m 67 |[39m   window[33m.[39mapi [33m=[39m buildApi(apiOverrides)[33m;[39m
    [31m[1m>[22m[39m[90m 68 |[39m   [36mconst[39m utils [33m=[39m render([33m<[39m[33mStatistiquesAdherent[39m onPageChange[33m=[39m{onPageChange} [33m/[39m[33m>[39m)[33m;[39m
     [90m    |[39m                       [31m[1m^[22m[39m
     [90m 69 |[39m   [36mreturn[39m utils[33m;[39m
     [90m 70 |[39m }[33m;[39m
     [90m 71 |[39m[0m

      at warn (node_modules/recharts/lib/util/LogUtils.js:22:17)
      at node_modules/recharts/lib/component/ResponsiveContainer.js:144:22
      at Object.react_stack_bottom_frame (node_modules/react-dom/cjs/react-dom-client.development.js:25904:20)
      at renderWithHooks (node_modules/react-dom/cjs/react-dom-client.development.js:7662:22)
      at updateForwardRef (node_modules/react-dom/cjs/react-dom-client.development.js:9724:19)
      at beginWork (node_modules/react-dom/cjs/react-dom-client.development.js:12117:18)
      at runWithFiberInDEV (node_modules/react-dom/cjs/react-dom-client.development.js:874:13)
      at performUnitOfWork (node_modules/react-dom/cjs/react-dom-client.development.js:17641:22)
      at workLoopSync (node_modules/react-dom/cjs/react-dom-client.development.js:17469:41)
      at renderRootSync (node_modules/react-dom/cjs/react-dom-client.development.js:17450:11)
      at performWorkOnRoot (node_modules/react-dom/cjs/react-dom-client.development.js:16504:11)
      at performWorkOnRootViaSchedulerTask (node_modules/react-dom/cjs/react-dom-client.development.js:18957:7)
      at flushActQueue (node_modules/react/cjs/react.development.js:590:34)
      at process.env.NODE_ENV.exports.act (node_modules/react/cjs/react.development.js:884:10)
      at node_modules/@testing-library/react/dist/act-compat.js:46:25
      at renderRoot (node_modules/@testing-library/react/dist/pure.js:189:26)
      at render (node_modules/@testing-library/react/dist/pure.js:291:10)
      at setup (src/__tests__/pages/Statistiquesadherent.test.jsx:68:23)
      at Object.setup (src/__tests__/pages/Statistiquesadherent.test.jsx:247:7)

  console.warn
    The width(-1) and height(-1) of chart should be greater than 0,
           please check the style of container, or the props width(100%) and height(100%),
           or add a minWidth(0) or minHeight(undefined) or use aspect(undefined) to control the
           height and width.

    [0m [90m 66 |[39m   jest[33m.[39museFakeTimers()[33m.[39msetSystemTime([33mNOW[39m)[33m;[39m
     [90m 67 |[39m   window[33m.[39mapi [33m=[39m buildApi(apiOverrides)[33m;[39m
    [31m[1m>[22m[39m[90m 68 |[39m   [36mconst[39m utils [33m=[39m render([33m<[39m[33mStatistiquesAdherent[39m onPageChange[33m=[39m{onPageChange} [33m/[39m[33m>[39m)[33m;[39m
     [90m    |[39m                       [31m[1m^[22m[39m
     [90m 69 |[39m   [36mreturn[39m utils[33m;[39m
     [90m 70 |[39m }[33m;[39m
     [90m 71 |[39m[0m

      at warn (node_modules/recharts/lib/util/LogUtils.js:22:17)
      at node_modules/recharts/lib/component/ResponsiveContainer.js:144:22
      at Object.react_stack_bottom_frame (node_modules/react-dom/cjs/react-dom-client.development.js:25904:20)
      at renderWithHooks (node_modules/react-dom/cjs/react-dom-client.development.js:7662:22)
      at updateForwardRef (node_modules/react-dom/cjs/react-dom-client.development.js:9724:19)
      at beginWork (node_modules/react-dom/cjs/react-dom-client.development.js:12117:18)
      at runWithFiberInDEV (node_modules/react-dom/cjs/react-dom-client.development.js:874:13)
      at performUnitOfWork (node_modules/react-dom/cjs/react-dom-client.development.js:17641:22)
      at workLoopSync (node_modules/react-dom/cjs/react-dom-client.development.js:17469:41)
      at renderRootSync (node_modules/react-dom/cjs/react-dom-client.development.js:17450:11)
      at performWorkOnRoot (node_modules/react-dom/cjs/react-dom-client.development.js:16504:11)
      at performWorkOnRootViaSchedulerTask (node_modules/react-dom/cjs/react-dom-client.development.js:18957:7)
      at flushActQueue (node_modules/react/cjs/react.development.js:590:34)
      at process.env.NODE_ENV.exports.act (node_modules/react/cjs/react.development.js:884:10)
      at node_modules/@testing-library/react/dist/act-compat.js:46:25
      at renderRoot (node_modules/@testing-library/react/dist/pure.js:189:26)
      at render (node_modules/@testing-library/react/dist/pure.js:291:10)
      at setup (src/__tests__/pages/Statistiquesadherent.test.jsx:68:23)
      at Object.setup (src/__tests__/pages/Statistiquesadherent.test.jsx:247:7)

  console.warn
    The width(-1) and height(-1) of chart should be greater than 0,
           please check the style of container, or the props width(100%) and height(100%),
           or add a minWidth(0) or minHeight(undefined) or use aspect(undefined) to control the
           height and width.

      at warn (node_modules/recharts/lib/util/LogUtils.js:22:17)
      at node_modules/recharts/lib/component/ResponsiveContainer.js:144:22
      at Object.react_stack_bottom_frame (node_modules/react-dom/cjs/react-dom-client.development.js:25904:20)
      at renderWithHooks (node_modules/react-dom/cjs/react-dom-client.development.js:7662:22)
      at updateForwardRef (node_modules/react-dom/cjs/react-dom-client.development.js:9724:19)
      at beginWork (node_modules/react-dom/cjs/react-dom-client.development.js:12117:18)
      at runWithFiberInDEV (node_modules/react-dom/cjs/react-dom-client.development.js:874:13)
      at performUnitOfWork (node_modules/react-dom/cjs/react-dom-client.development.js:17641:22)
      at workLoopSync (node_modules/react-dom/cjs/react-dom-client.development.js:17469:41)
      at renderRootSync (node_modules/react-dom/cjs/react-dom-client.development.js:17450:11)
      at performWorkOnRoot (node_modules/react-dom/cjs/react-dom-client.development.js:16504:11)
      at performWorkOnRootViaSchedulerTask (node_modules/react-dom/cjs/react-dom-client.development.js:18957:7)
      at flushActQueue (node_modules/react/cjs/react.development.js:590:34)
      at node_modules/react/cjs/react.development.js:847:21

  console.warn
    The width(-1) and height(-1) of chart should be greater than 0,
           please check the style of container, or the props width(100%) and height(100%),
           or add a minWidth(0) or minHeight(undefined) or use aspect(undefined) to control the
           height and width.

      at warn (node_modules/recharts/lib/util/LogUtils.js:22:17)
      at node_modules/recharts/lib/component/ResponsiveContainer.js:144:22
      at Object.react_stack_bottom_frame (node_modules/react-dom/cjs/react-dom-client.development.js:25904:20)
      at renderWithHooks (node_modules/react-dom/cjs/react-dom-client.development.js:7662:22)
      at updateForwardRef (node_modules/react-dom/cjs/react-dom-client.development.js:9724:19)
      at beginWork (node_modules/react-dom/cjs/react-dom-client.development.js:12117:18)
      at runWithFiberInDEV (node_modules/react-dom/cjs/react-dom-client.development.js:874:13)
      at performUnitOfWork (node_modules/react-dom/cjs/react-dom-client.development.js:17641:22)
      at workLoopSync (node_modules/react-dom/cjs/react-dom-client.development.js:17469:41)
      at renderRootSync (node_modules/react-dom/cjs/react-dom-client.development.js:17450:11)
      at performWorkOnRoot (node_modules/react-dom/cjs/react-dom-client.development.js:16504:11)
      at performWorkOnRootViaSchedulerTask (node_modules/react-dom/cjs/react-dom-client.development.js:18957:7)
      at flushActQueue (node_modules/react/cjs/react.development.js:590:34)
      at node_modules/react/cjs/react.development.js:847:21

  console.warn
    The width(-1) and height(-1) of chart should be greater than 0,
           please check the style of container, or the props width(100%) and height(100%),
           or add a minWidth(0) or minHeight(undefined) or use aspect(undefined) to control the
           height and width.

      at warn (node_modules/recharts/lib/util/LogUtils.js:22:17)
      at node_modules/recharts/lib/component/ResponsiveContainer.js:144:22
      at Object.react_stack_bottom_frame (node_modules/react-dom/cjs/react-dom-client.development.js:25904:20)
      at renderWithHooks (node_modules/react-dom/cjs/react-dom-client.development.js:7662:22)
      at updateForwardRef (node_modules/react-dom/cjs/react-dom-client.development.js:9724:19)
      at beginWork (node_modules/react-dom/cjs/react-dom-client.development.js:12117:18)
      at runWithFiberInDEV (node_modules/react-dom/cjs/react-dom-client.development.js:874:13)
      at performUnitOfWork (node_modules/react-dom/cjs/react-dom-client.development.js:17641:22)
      at workLoopSync (node_modules/react-dom/cjs/react-dom-client.development.js:17469:41)
      at renderRootSync (node_modules/react-dom/cjs/react-dom-client.development.js:17450:11)
      at performWorkOnRoot (node_modules/react-dom/cjs/react-dom-client.development.js:16504:11)
      at performWorkOnRootViaSchedulerTask (node_modules/react-dom/cjs/react-dom-client.development.js:18957:7)
      at flushActQueue (node_modules/react/cjs/react.development.js:590:34)
      at recursivelyFlushAsyncActWork (node_modules/react/cjs/react.development.js:566:13)
      at Immediate._onImmediate (node_modules/react/cjs/react.development.js:849:32)

  console.warn
    The width(-1) and height(-1) of chart should be greater than 0,
           please check the style of container, or the props width(100%) and height(100%),
           or add a minWidth(0) or minHeight(undefined) or use aspect(undefined) to control the
           height and width.

      at warn (node_modules/recharts/lib/util/LogUtils.js:22:17)
      at node_modules/recharts/lib/component/ResponsiveContainer.js:144:22
      at Object.react_stack_bottom_frame (node_modules/react-dom/cjs/react-dom-client.development.js:25904:20)
      at renderWithHooks (node_modules/react-dom/cjs/react-dom-client.development.js:7662:22)
      at updateForwardRef (node_modules/react-dom/cjs/react-dom-client.development.js:9724:19)
      at beginWork (node_modules/react-dom/cjs/react-dom-client.development.js:12117:18)
      at runWithFiberInDEV (node_modules/react-dom/cjs/react-dom-client.development.js:874:13)
      at performUnitOfWork (node_modules/react-dom/cjs/react-dom-client.development.js:17641:22)
      at workLoopSync (node_modules/react-dom/cjs/react-dom-client.development.js:17469:41)
      at renderRootSync (node_modules/react-dom/cjs/react-dom-client.development.js:17450:11)
      at performWorkOnRoot (node_modules/react-dom/cjs/react-dom-client.development.js:16504:11)
      at performWorkOnRootViaSchedulerTask (node_modules/react-dom/cjs/react-dom-client.development.js:18957:7)
      at flushActQueue (node_modules/react/cjs/react.development.js:590:34)
      at recursivelyFlushAsyncActWork (node_modules/react/cjs/react.development.js:566:13)
      at Immediate._onImmediate (node_modules/react/cjs/react.development.js:849:32)

  console.warn
    The width(-1) and height(-1) of chart should be greater than 0,
           please check the style of container, or the props width(100%) and height(100%),
           or add a minWidth(0) or minHeight(undefined) or use aspect(undefined) to control the
           height and width.

    [0m [90m 66 |[39m   jest[33m.[39museFakeTimers()[33m.[39msetSystemTime([33mNOW[39m)[33m;[39m
     [90m 67 |[39m   window[33m.[39mapi [33m=[39m buildApi(apiOverrides)[33m;[39m
    [31m[1m>[22m[39m[90m 68 |[39m   [36mconst[39m utils [33m=[39m render([33m<[39m[33mStatistiquesAdherent[39m onPageChange[33m=[39m{onPageChange} [33m/[39m[33m>[39m)[33m;[39m
     [90m    |[39m                       [31m[1m^[22m[39m
     [90m 69 |[39m   [36mreturn[39m utils[33m;[39m
     [90m 70 |[39m }[33m;[39m
     [90m 71 |[39m[0m

      at warn (node_modules/recharts/lib/util/LogUtils.js:22:17)
      at node_modules/recharts/lib/component/ResponsiveContainer.js:144:22
      at Object.react_stack_bottom_frame (node_modules/react-dom/cjs/react-dom-client.development.js:25904:20)
      at renderWithHooks (node_modules/react-dom/cjs/react-dom-client.development.js:7662:22)
      at updateForwardRef (node_modules/react-dom/cjs/react-dom-client.development.js:9724:19)
      at beginWork (node_modules/react-dom/cjs/react-dom-client.development.js:12117:18)
      at runWithFiberInDEV (node_modules/react-dom/cjs/react-dom-client.development.js:874:13)
      at performUnitOfWork (node_modules/react-dom/cjs/react-dom-client.development.js:17641:22)
      at workLoopSync (node_modules/react-dom/cjs/react-dom-client.development.js:17469:41)
      at renderRootSync (node_modules/react-dom/cjs/react-dom-client.development.js:17450:11)
      at performWorkOnRoot (node_modules/react-dom/cjs/react-dom-client.development.js:16504:11)
      at performWorkOnRootViaSchedulerTask (node_modules/react-dom/cjs/react-dom-client.development.js:18957:7)
      at flushActQueue (node_modules/react/cjs/react.development.js:590:34)
      at process.env.NODE_ENV.exports.act (node_modules/react/cjs/react.development.js:884:10)
      at node_modules/@testing-library/react/dist/act-compat.js:46:25
      at renderRoot (node_modules/@testing-library/react/dist/pure.js:189:26)
      at render (node_modules/@testing-library/react/dist/pure.js:291:10)
      at setup (src/__tests__/pages/Statistiquesadherent.test.jsx:68:23)
      at Object.setup (src/__tests__/pages/Statistiquesadherent.test.jsx:247:7)

  console.warn
    The width(-1) and height(-1) of chart should be greater than 0,
           please check the style of container, or the props width(100%) and height(100%),
           or add a minWidth(0) or minHeight(undefined) or use aspect(undefined) to control the
           height and width.

    [0m [90m 66 |[39m   jest[33m.[39museFakeTimers()[33m.[39msetSystemTime([33mNOW[39m)[33m;[39m
     [90m 67 |[39m   window[33m.[39mapi [33m=[39m buildApi(apiOverrides)[33m;[39m
    [31m[1m>[22m[39m[90m 68 |[39m   [36mconst[39m utils [33m=[39m render([33m<[39m[33mStatistiquesAdherent[39m onPageChange[33m=[39m{onPageChange} [33m/[39m[33m>[39m)[33m;[39m
     [90m    |[39m                       [31m[1m^[22m[39m
     [90m 69 |[39m   [36mreturn[39m utils[33m;[39m
     [90m 70 |[39m }[33m;[39m
     [90m 71 |[39m[0m

      at warn (node_modules/recharts/lib/util/LogUtils.js:22:17)
      at node_modules/recharts/lib/component/ResponsiveContainer.js:144:22
      at Object.react_stack_bottom_frame (node_modules/react-dom/cjs/react-dom-client.development.js:25904:20)
      at renderWithHooks (node_modules/react-dom/cjs/react-dom-client.development.js:7662:22)
      at updateForwardRef (node_modules/react-dom/cjs/react-dom-client.development.js:9724:19)
      at beginWork (node_modules/react-dom/cjs/react-dom-client.development.js:12117:18)
      at runWithFiberInDEV (node_modules/react-dom/cjs/react-dom-client.development.js:874:13)
      at performUnitOfWork (node_modules/react-dom/cjs/react-dom-client.development.js:17641:22)
      at workLoopSync (node_modules/react-dom/cjs/react-dom-client.development.js:17469:41)
      at renderRootSync (node_modules/react-dom/cjs/react-dom-client.development.js:17450:11)
      at performWorkOnRoot (node_modules/react-dom/cjs/react-dom-client.development.js:16504:11)
      at performWorkOnRootViaSchedulerTask (node_modules/react-dom/cjs/react-dom-client.development.js:18957:7)
      at flushActQueue (node_modules/react/cjs/react.development.js:590:34)
      at process.env.NODE_ENV.exports.act (node_modules/react/cjs/react.development.js:884:10)
      at node_modules/@testing-library/react/dist/act-compat.js:46:25
      at renderRoot (node_modules/@testing-library/react/dist/pure.js:189:26)
      at render (node_modules/@testing-library/react/dist/pure.js:291:10)
      at setup (src/__tests__/pages/Statistiquesadherent.test.jsx:68:23)
      at Object.setup (src/__tests__/pages/Statistiquesadherent.test.jsx:247:7)

  console.warn
    The width(-1) and height(-1) of chart should be greater than 0,
           please check the style of container, or the props width(100%) and height(100%),
           or add a minWidth(0) or minHeight(undefined) or use aspect(undefined) to control the
           height and width.

      at warn (node_modules/recharts/lib/util/LogUtils.js:22:17)
      at node_modules/recharts/lib/component/ResponsiveContainer.js:144:22
      at Object.react_stack_bottom_frame (node_modules/react-dom/cjs/react-dom-client.development.js:25904:20)
      at renderWithHooks (node_modules/react-dom/cjs/react-dom-client.development.js:7662:22)
      at updateForwardRef (node_modules/react-dom/cjs/react-dom-client.development.js:9724:19)
      at beginWork (node_modules/react-dom/cjs/react-dom-client.development.js:12117:18)
      at runWithFiberInDEV (node_modules/react-dom/cjs/react-dom-client.development.js:874:13)
      at performUnitOfWork (node_modules/react-dom/cjs/react-dom-client.development.js:17641:22)
      at workLoopSync (node_modules/react-dom/cjs/react-dom-client.development.js:17469:41)
      at renderRootSync (node_modules/react-dom/cjs/react-dom-client.development.js:17450:11)
      at performWorkOnRoot (node_modules/react-dom/cjs/react-dom-client.development.js:16504:11)
      at performWorkOnRootViaSchedulerTask (node_modules/react-dom/cjs/react-dom-client.development.js:18957:7)
      at flushActQueue (node_modules/react/cjs/react.development.js:590:34)
      at node_modules/react/cjs/react.development.js:847:21

  console.warn
    The width(-1) and height(-1) of chart should be greater than 0,
           please check the style of container, or the props width(100%) and height(100%),
           or add a minWidth(0) or minHeight(undefined) or use aspect(undefined) to control the
           height and width.

      at warn (node_modules/recharts/lib/util/LogUtils.js:22:17)
      at node_modules/recharts/lib/component/ResponsiveContainer.js:144:22
      at Object.react_stack_bottom_frame (node_modules/react-dom/cjs/react-dom-client.development.js:25904:20)
      at renderWithHooks (node_modules/react-dom/cjs/react-dom-client.development.js:7662:22)
      at updateForwardRef (node_modules/react-dom/cjs/react-dom-client.development.js:9724:19)
      at beginWork (node_modules/react-dom/cjs/react-dom-client.development.js:12117:18)
      at runWithFiberInDEV (node_modules/react-dom/cjs/react-dom-client.development.js:874:13)
      at performUnitOfWork (node_modules/react-dom/cjs/react-dom-client.development.js:17641:22)
      at workLoopSync (node_modules/react-dom/cjs/react-dom-client.development.js:17469:41)
      at renderRootSync (node_modules/react-dom/cjs/react-dom-client.development.js:17450:11)
      at performWorkOnRoot (node_modules/react-dom/cjs/react-dom-client.development.js:16504:11)
      at performWorkOnRootViaSchedulerTask (node_modules/react-dom/cjs/react-dom-client.development.js:18957:7)
      at flushActQueue (node_modules/react/cjs/react.development.js:590:34)
      at node_modules/react/cjs/react.development.js:847:21

  console.warn
    The width(-1) and height(-1) of chart should be greater than 0,
           please check the style of container, or the props width(100%) and height(100%),
           or add a minWidth(0) or minHeight(undefined) or use aspect(undefined) to control the
           height and width.

      at warn (node_modules/recharts/lib/util/LogUtils.js:22:17)
      at node_modules/recharts/lib/component/ResponsiveContainer.js:144:22
      at Object.react_stack_bottom_frame (node_modules/react-dom/cjs/react-dom-client.development.js:25904:20)
      at renderWithHooks (node_modules/react-dom/cjs/react-dom-client.development.js:7662:22)
      at updateForwardRef (node_modules/react-dom/cjs/react-dom-client.development.js:9724:19)
      at beginWork (node_modules/react-dom/cjs/react-dom-client.development.js:12117:18)
      at runWithFiberInDEV (node_modules/react-dom/cjs/react-dom-client.development.js:874:13)
      at performUnitOfWork (node_modules/react-dom/cjs/react-dom-client.development.js:17641:22)
      at workLoopSync (node_modules/react-dom/cjs/react-dom-client.development.js:17469:41)
      at renderRootSync (node_modules/react-dom/cjs/react-dom-client.development.js:17450:11)
      at performWorkOnRoot (node_modules/react-dom/cjs/react-dom-client.development.js:16504:11)
      at performWorkOnRootViaSchedulerTask (node_modules/react-dom/cjs/react-dom-client.development.js:18957:7)
      at flushActQueue (node_modules/react/cjs/react.development.js:590:34)
      at recursivelyFlushAsyncActWork (node_modules/react/cjs/react.development.js:566:13)
      at Immediate._onImmediate (node_modules/react/cjs/react.development.js:849:32)

  console.warn
    The width(-1) and height(-1) of chart should be greater than 0,
           please check the style of container, or the props width(100%) and height(100%),
           or add a minWidth(0) or minHeight(undefined) or use aspect(undefined) to control the
           height and width.

      at warn (node_modules/recharts/lib/util/LogUtils.js:22:17)
      at node_modules/recharts/lib/component/ResponsiveContainer.js:144:22
      at Object.react_stack_bottom_frame (node_modules/react-dom/cjs/react-dom-client.development.js:25904:20)
      at renderWithHooks (node_modules/react-dom/cjs/react-dom-client.development.js:7662:22)
      at updateForwardRef (node_modules/react-dom/cjs/react-dom-client.development.js:9724:19)
      at beginWork (node_modules/react-dom/cjs/react-dom-client.development.js:12117:18)
      at runWithFiberInDEV (node_modules/react-dom/cjs/react-dom-client.development.js:874:13)
      at performUnitOfWork (node_modules/react-dom/cjs/react-dom-client.development.js:17641:22)
      at workLoopSync (node_modules/react-dom/cjs/react-dom-client.development.js:17469:41)
      at renderRootSync (node_modules/react-dom/cjs/react-dom-client.development.js:17450:11)
      at performWorkOnRoot (node_modules/react-dom/cjs/react-dom-client.development.js:16504:11)
      at performWorkOnRootViaSchedulerTask (node_modules/react-dom/cjs/react-dom-client.development.js:18957:7)
      at flushActQueue (node_modules/react/cjs/react.development.js:590:34)
      at recursivelyFlushAsyncActWork (node_modules/react/cjs/react.development.js:566:13)
      at Immediate._onImmediate (node_modules/react/cjs/react.development.js:849:32)

  console.warn
    The width(-1) and height(-1) of chart should be greater than 0,
           please check the style of container, or the props width(100%) and height(100%),
           or add a minWidth(0) or minHeight(undefined) or use aspect(undefined) to control the
           height and width.

    [0m [90m 66 |[39m   jest[33m.[39museFakeTimers()[33m.[39msetSystemTime([33mNOW[39m)[33m;[39m
     [90m 67 |[39m   window[33m.[39mapi [33m=[39m buildApi(apiOverrides)[33m;[39m
    [31m[1m>[22m[39m[90m 68 |[39m   [36mconst[39m utils [33m=[39m render([33m<[39m[33mStatistiquesAdherent[39m onPageChange[33m=[39m{onPageChange} [33m/[39m[33m>[39m)[33m;[39m
     [90m    |[39m                       [31m[1m^[22m[39m
     [90m 69 |[39m   [36mreturn[39m utils[33m;[39m
     [90m 70 |[39m }[33m;[39m
     [90m 71 |[39m[0m

      at warn (node_modules/recharts/lib/util/LogUtils.js:22:17)
      at node_modules/recharts/lib/component/ResponsiveContainer.js:144:22
      at Object.react_stack_bottom_frame (node_modules/react-dom/cjs/react-dom-client.development.js:25904:20)
      at renderWithHooks (node_modules/react-dom/cjs/react-dom-client.development.js:7662:22)
      at updateForwardRef (node_modules/react-dom/cjs/react-dom-client.development.js:9724:19)
      at beginWork (node_modules/react-dom/cjs/react-dom-client.development.js:12117:18)
      at runWithFiberInDEV (node_modules/react-dom/cjs/react-dom-client.development.js:874:13)
      at performUnitOfWork (node_modules/react-dom/cjs/react-dom-client.development.js:17641:22)
      at workLoopSync (node_modules/react-dom/cjs/react-dom-client.development.js:17469:41)
      at renderRootSync (node_modules/react-dom/cjs/react-dom-client.development.js:17450:11)
      at performWorkOnRoot (node_modules/react-dom/cjs/react-dom-client.development.js:16504:11)
      at performWorkOnRootViaSchedulerTask (node_modules/react-dom/cjs/react-dom-client.development.js:18957:7)
      at flushActQueue (node_modules/react/cjs/react.development.js:590:34)
      at process.env.NODE_ENV.exports.act (node_modules/react/cjs/react.development.js:884:10)
      at node_modules/@testing-library/react/dist/act-compat.js:46:25
      at renderRoot (node_modules/@testing-library/react/dist/pure.js:189:26)
      at render (node_modules/@testing-library/react/dist/pure.js:291:10)
      at setup (src/__tests__/pages/Statistiquesadherent.test.jsx:68:23)
      at Object.setup (src/__tests__/pages/Statistiquesadherent.test.jsx:247:7)

  console.warn
    The width(-1) and height(-1) of chart should be greater than 0,
           please check the style of container, or the props width(100%) and height(100%),
           or add a minWidth(0) or minHeight(undefined) or use aspect(undefined) to control the
           height and width.

    [0m [90m 66 |[39m   jest[33m.[39museFakeTimers()[33m.[39msetSystemTime([33mNOW[39m)[33m;[39m
     [90m 67 |[39m   window[33m.[39mapi [33m=[39m buildApi(apiOverrides)[33m;[39m
    [31m[1m>[22m[39m[90m 68 |[39m   [36mconst[39m utils [33m=[39m render([33m<[39m[33mStatistiquesAdherent[39m onPageChange[33m=[39m{onPageChange} [33m/[39m[33m>[39m)[33m;[39m
     [90m    |[39m                       [31m[1m^[22m[39m
     [90m 69 |[39m   [36mreturn[39m utils[33m;[39m
     [90m 70 |[39m }[33m;[39m
     [90m 71 |[39m[0m

      at warn (node_modules/recharts/lib/util/LogUtils.js:22:17)
      at node_modules/recharts/lib/component/ResponsiveContainer.js:144:22
      at Object.react_stack_bottom_frame (node_modules/react-dom/cjs/react-dom-client.development.js:25904:20)
      at renderWithHooks (node_modules/react-dom/cjs/react-dom-client.development.js:7662:22)
      at updateForwardRef (node_modules/react-dom/cjs/react-dom-client.development.js:9724:19)
      at beginWork (node_modules/react-dom/cjs/react-dom-client.development.js:12117:18)
      at runWithFiberInDEV (node_modules/react-dom/cjs/react-dom-client.development.js:874:13)
      at performUnitOfWork (node_modules/react-dom/cjs/react-dom-client.development.js:17641:22)
      at workLoopSync (node_modules/react-dom/cjs/react-dom-client.development.js:17469:41)
      at renderRootSync (node_modules/react-dom/cjs/react-dom-client.development.js:17450:11)
      at performWorkOnRoot (node_modules/react-dom/cjs/react-dom-client.development.js:16504:11)
      at performWorkOnRootViaSchedulerTask (node_modules/react-dom/cjs/react-dom-client.development.js:18957:7)
      at flushActQueue (node_modules/react/cjs/react.development.js:590:34)
      at process.env.NODE_ENV.exports.act (node_modules/react/cjs/react.development.js:884:10)
      at node_modules/@testing-library/react/dist/act-compat.js:46:25
      at renderRoot (node_modules/@testing-library/react/dist/pure.js:189:26)
      at render (node_modules/@testing-library/react/dist/pure.js:291:10)
      at setup (src/__tests__/pages/Statistiquesadherent.test.jsx:68:23)
      at Object.setup (src/__tests__/pages/Statistiquesadherent.test.jsx:247:7)

  console.warn
    The width(-1) and height(-1) of chart should be greater than 0,
           please check the style of container, or the props width(100%) and height(100%),
           or add a minWidth(0) or minHeight(undefined) or use aspect(undefined) to control the
           height and width.

      at warn (node_modules/recharts/lib/util/LogUtils.js:22:17)
      at node_modules/recharts/lib/component/ResponsiveContainer.js:144:22
      at Object.react_stack_bottom_frame (node_modules/react-dom/cjs/react-dom-client.development.js:25904:20)
      at renderWithHooks (node_modules/react-dom/cjs/react-dom-client.development.js:7662:22)
      at updateForwardRef (node_modules/react-dom/cjs/react-dom-client.development.js:9724:19)
      at beginWork (node_modules/react-dom/cjs/react-dom-client.development.js:12117:18)
      at runWithFiberInDEV (node_modules/react-dom/cjs/react-dom-client.development.js:874:13)
      at performUnitOfWork (node_modules/react-dom/cjs/react-dom-client.development.js:17641:22)
      at workLoopSync (node_modules/react-dom/cjs/react-dom-client.development.js:17469:41)
      at renderRootSync (node_modules/react-dom/cjs/react-dom-client.development.js:17450:11)
      at performWorkOnRoot (node_modules/react-dom/cjs/react-dom-client.development.js:16504:11)
      at performWorkOnRootViaSchedulerTask (node_modules/react-dom/cjs/react-dom-client.development.js:18957:7)
      at flushActQueue (node_modules/react/cjs/react.development.js:590:34)
      at node_modules/react/cjs/react.development.js:847:21

  console.warn
    The width(-1) and height(-1) of chart should be greater than 0,
           please check the style of container, or the props width(100%) and height(100%),
           or add a minWidth(0) or minHeight(undefined) or use aspect(undefined) to control the
           height and width.

      at warn (node_modules/recharts/lib/util/LogUtils.js:22:17)
      at node_modules/recharts/lib/component/ResponsiveContainer.js:144:22
      at Object.react_stack_bottom_frame (node_modules/react-dom/cjs/react-dom-client.development.js:25904:20)
      at renderWithHooks (node_modules/react-dom/cjs/react-dom-client.development.js:7662:22)
      at updateForwardRef (node_modules/react-dom/cjs/react-dom-client.development.js:9724:19)
      at beginWork (node_modules/react-dom/cjs/react-dom-client.development.js:12117:18)
      at runWithFiberInDEV (node_modules/react-dom/cjs/react-dom-client.development.js:874:13)
      at performUnitOfWork (node_modules/react-dom/cjs/react-dom-client.development.js:17641:22)
      at workLoopSync (node_modules/react-dom/cjs/react-dom-client.development.js:17469:41)
      at renderRootSync (node_modules/react-dom/cjs/react-dom-client.development.js:17450:11)
      at performWorkOnRoot (node_modules/react-dom/cjs/react-dom-client.development.js:16504:11)
      at performWorkOnRootViaSchedulerTask (node_modules/react-dom/cjs/react-dom-client.development.js:18957:7)
      at flushActQueue (node_modules/react/cjs/react.development.js:590:34)
      at node_modules/react/cjs/react.development.js:847:21

  console.warn
    The width(-1) and height(-1) of chart should be greater than 0,
           please check the style of container, or the props width(100%) and height(100%),
           or add a minWidth(0) or minHeight(undefined) or use aspect(undefined) to control the
           height and width.

      at warn (node_modules/recharts/lib/util/LogUtils.js:22:17)
      at node_modules/recharts/lib/component/ResponsiveContainer.js:144:22
      at Object.react_stack_bottom_frame (node_modules/react-dom/cjs/react-dom-client.development.js:25904:20)
      at renderWithHooks (node_modules/react-dom/cjs/react-dom-client.development.js:7662:22)
      at updateForwardRef (node_modules/react-dom/cjs/react-dom-client.development.js:9724:19)
      at beginWork (node_modules/react-dom/cjs/react-dom-client.development.js:12117:18)
      at runWithFiberInDEV (node_modules/react-dom/cjs/react-dom-client.development.js:874:13)
      at performUnitOfWork (node_modules/react-dom/cjs/react-dom-client.development.js:17641:22)
      at workLoopSync (node_modules/react-dom/cjs/react-dom-client.development.js:17469:41)
      at renderRootSync (node_modules/react-dom/cjs/react-dom-client.development.js:17450:11)
      at performWorkOnRoot (node_modules/react-dom/cjs/react-dom-client.development.js:16504:11)
      at performWorkOnRootViaSchedulerTask (node_modules/react-dom/cjs/react-dom-client.development.js:18957:7)
      at flushActQueue (node_modules/react/cjs/react.development.js:590:34)
      at recursivelyFlushAsyncActWork (node_modules/react/cjs/react.development.js:566:13)
      at Immediate._onImmediate (node_modules/react/cjs/react.development.js:849:32)

  console.warn
    The width(-1) and height(-1) of chart should be greater than 0,
           please check the style of container, or the props width(100%) and height(100%),
           or add a minWidth(0) or minHeight(undefined) or use aspect(undefined) to control the
           height and width.

      at warn (node_modules/recharts/lib/util/LogUtils.js:22:17)
      at node_modules/recharts/lib/component/ResponsiveContainer.js:144:22
      at Object.react_stack_bottom_frame (node_modules/react-dom/cjs/react-dom-client.development.js:25904:20)
      at renderWithHooks (node_modules/react-dom/cjs/react-dom-client.development.js:7662:22)
      at updateForwardRef (node_modules/react-dom/cjs/react-dom-client.development.js:9724:19)
      at beginWork (node_modules/react-dom/cjs/react-dom-client.development.js:12117:18)
      at runWithFiberInDEV (node_modules/react-dom/cjs/react-dom-client.development.js:874:13)
      at performUnitOfWork (node_modules/react-dom/cjs/react-dom-client.development.js:17641:22)
      at workLoopSync (node_modules/react-dom/cjs/react-dom-client.development.js:17469:41)
      at renderRootSync (node_modules/react-dom/cjs/react-dom-client.development.js:17450:11)
      at performWorkOnRoot (node_modules/react-dom/cjs/react-dom-client.development.js:16504:11)
      at performWorkOnRootViaSchedulerTask (node_modules/react-dom/cjs/react-dom-client.development.js:18957:7)
      at flushActQueue (node_modules/react/cjs/react.development.js:590:34)
      at recursivelyFlushAsyncActWork (node_modules/react/cjs/react.development.js:566:13)
      at Immediate._onImmediate (node_modules/react/cjs/react.development.js:849:32)

  console.warn
    The width(-1) and height(-1) of chart should be greater than 0,
           please check the style of container, or the props width(100%) and height(100%),
           or add a minWidth(0) or minHeight(undefined) or use aspect(undefined) to control the
           height and width.

    [0m [90m 66 |[39m   jest[33m.[39museFakeTimers()[33m.[39msetSystemTime([33mNOW[39m)[33m;[39m
     [90m 67 |[39m   window[33m.[39mapi [33m=[39m buildApi(apiOverrides)[33m;[39m
    [31m[1m>[22m[39m[90m 68 |[39m   [36mconst[39m utils [33m=[39m render([33m<[39m[33mStatistiquesAdherent[39m onPageChange[33m=[39m{onPageChange} [33m/[39m[33m>[39m)[33m;[39m
     [90m    |[39m                       [31m[1m^[22m[39m
     [90m 69 |[39m   [36mreturn[39m utils[33m;[39m
     [90m 70 |[39m }[33m;[39m
     [90m 71 |[39m[0m

      at warn (node_modules/recharts/lib/util/LogUtils.js:22:17)
      at node_modules/recharts/lib/component/ResponsiveContainer.js:144:22
      at Object.react_stack_bottom_frame (node_modules/react-dom/cjs/react-dom-client.development.js:25904:20)
      at renderWithHooks (node_modules/react-dom/cjs/react-dom-client.development.js:7662:22)
      at updateForwardRef (node_modules/react-dom/cjs/react-dom-client.development.js:9724:19)
      at beginWork (node_modules/react-dom/cjs/react-dom-client.development.js:12117:18)
      at runWithFiberInDEV (node_modules/react-dom/cjs/react-dom-client.development.js:874:13)
      at performUnitOfWork (node_modules/react-dom/cjs/react-dom-client.development.js:17641:22)
      at workLoopSync (node_modules/react-dom/cjs/react-dom-client.development.js:17469:41)
      at renderRootSync (node_modules/react-dom/cjs/react-dom-client.development.js:17450:11)
      at performWorkOnRoot (node_modules/react-dom/cjs/react-dom-client.development.js:16504:11)
      at performWorkOnRootViaSchedulerTask (node_modules/react-dom/cjs/react-dom-client.development.js:18957:7)
      at flushActQueue (node_modules/react/cjs/react.development.js:590:34)
      at process.env.NODE_ENV.exports.act (node_modules/react/cjs/react.development.js:884:10)
      at node_modules/@testing-library/react/dist/act-compat.js:46:25
      at renderRoot (node_modules/@testing-library/react/dist/pure.js:189:26)
      at render (node_modules/@testing-library/react/dist/pure.js:291:10)
      at setup (src/__tests__/pages/Statistiquesadherent.test.jsx:68:23)
      at Object.setup (src/__tests__/pages/Statistiquesadherent.test.jsx:247:7)

  console.warn
    The width(-1) and height(-1) of chart should be greater than 0,
           please check the style of container, or the props width(100%) and height(100%),
           or add a minWidth(0) or minHeight(undefined) or use aspect(undefined) to control the
           height and width.

    [0m [90m 66 |[39m   jest[33m.[39museFakeTimers()[33m.[39msetSystemTime([33mNOW[39m)[33m;[39m
     [90m 67 |[39m   window[33m.[39mapi [33m=[39m buildApi(apiOverrides)[33m;[39m
    [31m[1m>[22m[39m[90m 68 |[39m   [36mconst[39m utils [33m=[39m render([33m<[39m[33mStatistiquesAdherent[39m onPageChange[33m=[39m{onPageChange} [33m/[39m[33m>[39m)[33m;[39m
     [90m    |[39m                       [31m[1m^[22m[39m
     [90m 69 |[39m   [36mreturn[39m utils[33m;[39m
     [90m 70 |[39m }[33m;[39m
     [90m 71 |[39m[0m

      at warn (node_modules/recharts/lib/util/LogUtils.js:22:17)
      at node_modules/recharts/lib/component/ResponsiveContainer.js:144:22
      at Object.react_stack_bottom_frame (node_modules/react-dom/cjs/react-dom-client.development.js:25904:20)
      at renderWithHooks (node_modules/react-dom/cjs/react-dom-client.development.js:7662:22)
      at updateForwardRef (node_modules/react-dom/cjs/react-dom-client.development.js:9724:19)
      at beginWork (node_modules/react-dom/cjs/react-dom-client.development.js:12117:18)
      at runWithFiberInDEV (node_modules/react-dom/cjs/react-dom-client.development.js:874:13)
      at performUnitOfWork (node_modules/react-dom/cjs/react-dom-client.development.js:17641:22)
      at workLoopSync (node_modules/react-dom/cjs/react-dom-client.development.js:17469:41)
      at renderRootSync (node_modules/react-dom/cjs/react-dom-client.development.js:17450:11)
      at performWorkOnRoot (node_modules/react-dom/cjs/react-dom-client.development.js:16504:11)
      at performWorkOnRootViaSchedulerTask (node_modules/react-dom/cjs/react-dom-client.development.js:18957:7)
      at flushActQueue (node_modules/react/cjs/react.development.js:590:34)
      at process.env.NODE_ENV.exports.act (node_modules/react/cjs/react.development.js:884:10)
      at node_modules/@testing-library/react/dist/act-compat.js:46:25
      at renderRoot (node_modules/@testing-library/react/dist/pure.js:189:26)
      at render (node_modules/@testing-library/react/dist/pure.js:291:10)
      at setup (src/__tests__/pages/Statistiquesadherent.test.jsx:68:23)
      at Object.setup (src/__tests__/pages/Statistiquesadherent.test.jsx:247:7)

  console.warn
    The width(-1) and height(-1) of chart should be greater than 0,
           please check the style of container, or the props width(100%) and height(100%),
           or add a minWidth(0) or minHeight(undefined) or use aspect(undefined) to control the
           height and width.

      at warn (node_modules/recharts/lib/util/LogUtils.js:22:17)
      at node_modules/recharts/lib/component/ResponsiveContainer.js:144:22
      at Object.react_stack_bottom_frame (node_modules/react-dom/cjs/react-dom-client.development.js:25904:20)
      at renderWithHooks (node_modules/react-dom/cjs/react-dom-client.development.js:7662:22)
      at updateForwardRef (node_modules/react-dom/cjs/react-dom-client.development.js:9724:19)
      at beginWork (node_modules/react-dom/cjs/react-dom-client.development.js:12117:18)
      at runWithFiberInDEV (node_modules/react-dom/cjs/react-dom-client.development.js:874:13)
      at performUnitOfWork (node_modules/react-dom/cjs/react-dom-client.development.js:17641:22)
      at workLoopSync (node_modules/react-dom/cjs/react-dom-client.development.js:17469:41)
      at renderRootSync (node_modules/react-dom/cjs/react-dom-client.development.js:17450:11)
      at performWorkOnRoot (node_modules/react-dom/cjs/react-dom-client.development.js:16504:11)
      at performWorkOnRootViaSchedulerTask (node_modules/react-dom/cjs/react-dom-client.development.js:18957:7)
      at flushActQueue (node_modules/react/cjs/react.development.js:590:34)
      at node_modules/react/cjs/react.development.js:847:21

  console.warn
    The width(-1) and height(-1) of chart should be greater than 0,
           please check the style of container, or the props width(100%) and height(100%),
           or add a minWidth(0) or minHeight(undefined) or use aspect(undefined) to control the
           height and width.

      at warn (node_modules/recharts/lib/util/LogUtils.js:22:17)
      at node_modules/recharts/lib/component/ResponsiveContainer.js:144:22
      at Object.react_stack_bottom_frame (node_modules/react-dom/cjs/react-dom-client.development.js:25904:20)
      at renderWithHooks (node_modules/react-dom/cjs/react-dom-client.development.js:7662:22)
      at updateForwardRef (node_modules/react-dom/cjs/react-dom-client.development.js:9724:19)
      at beginWork (node_modules/react-dom/cjs/react-dom-client.development.js:12117:18)
      at runWithFiberInDEV (node_modules/react-dom/cjs/react-dom-client.development.js:874:13)
      at performUnitOfWork (node_modules/react-dom/cjs/react-dom-client.development.js:17641:22)
      at workLoopSync (node_modules/react-dom/cjs/react-dom-client.development.js:17469:41)
      at renderRootSync (node_modules/react-dom/cjs/react-dom-client.development.js:17450:11)
      at performWorkOnRoot (node_modules/react-dom/cjs/react-dom-client.development.js:16504:11)
      at performWorkOnRootViaSchedulerTask (node_modules/react-dom/cjs/react-dom-client.development.js:18957:7)
      at flushActQueue (node_modules/react/cjs/react.development.js:590:34)
      at node_modules/react/cjs/react.development.js:847:21

  console.warn
    The width(-1) and height(-1) of chart should be greater than 0,
           please check the style of container, or the props width(100%) and height(100%),
           or add a minWidth(0) or minHeight(undefined) or use aspect(undefined) to control the
           height and width.

      at warn (node_modules/recharts/lib/util/LogUtils.js:22:17)
      at node_modules/recharts/lib/component/ResponsiveContainer.js:144:22
      at Object.react_stack_bottom_frame (node_modules/react-dom/cjs/react-dom-client.development.js:25904:20)
      at renderWithHooks (node_modules/react-dom/cjs/react-dom-client.development.js:7662:22)
      at updateForwardRef (node_modules/react-dom/cjs/react-dom-client.development.js:9724:19)
      at beginWork (node_modules/react-dom/cjs/react-dom-client.development.js:12117:18)
      at runWithFiberInDEV (node_modules/react-dom/cjs/react-dom-client.development.js:874:13)
      at performUnitOfWork (node_modules/react-dom/cjs/react-dom-client.development.js:17641:22)
      at workLoopSync (node_modules/react-dom/cjs/react-dom-client.development.js:17469:41)
      at renderRootSync (node_modules/react-dom/cjs/react-dom-client.development.js:17450:11)
      at performWorkOnRoot (node_modules/react-dom/cjs/react-dom-client.development.js:16504:11)
      at performWorkOnRootViaSchedulerTask (node_modules/react-dom/cjs/react-dom-client.development.js:18957:7)
      at flushActQueue (node_modules/react/cjs/react.development.js:590:34)
      at recursivelyFlushAsyncActWork (node_modules/react/cjs/react.development.js:566:13)
      at Immediate._onImmediate (node_modules/react/cjs/react.development.js:849:32)

  console.warn
    The width(-1) and height(-1) of chart should be greater than 0,
           please check the style of container, or the props width(100%) and height(100%),
           or add a minWidth(0) or minHeight(undefined) or use aspect(undefined) to control the
           height and width.

      at warn (node_modules/recharts/lib/util/LogUtils.js:22:17)
      at node_modules/recharts/lib/component/ResponsiveContainer.js:144:22
      at Object.react_stack_bottom_frame (node_modules/react-dom/cjs/react-dom-client.development.js:25904:20)
      at renderWithHooks (node_modules/react-dom/cjs/react-dom-client.development.js:7662:22)
      at updateForwardRef (node_modules/react-dom/cjs/react-dom-client.development.js:9724:19)
      at beginWork (node_modules/react-dom/cjs/react-dom-client.development.js:12117:18)
      at runWithFiberInDEV (node_modules/react-dom/cjs/react-dom-client.development.js:874:13)
      at performUnitOfWork (node_modules/react-dom/cjs/react-dom-client.development.js:17641:22)
      at workLoopSync (node_modules/react-dom/cjs/react-dom-client.development.js:17469:41)
      at renderRootSync (node_modules/react-dom/cjs/react-dom-client.development.js:17450:11)
      at performWorkOnRoot (node_modules/react-dom/cjs/react-dom-client.development.js:16504:11)
      at performWorkOnRootViaSchedulerTask (node_modules/react-dom/cjs/react-dom-client.development.js:18957:7)
      at flushActQueue (node_modules/react/cjs/react.development.js:590:34)
      at recursivelyFlushAsyncActWork (node_modules/react/cjs/react.development.js:566:13)
      at Immediate._onImmediate (node_modules/react/cjs/react.development.js:849:32)

  console.warn
    The width(-1) and height(-1) of chart should be greater than 0,
           please check the style of container, or the props width(100%) and height(100%),
           or add a minWidth(0) or minHeight(undefined) or use aspect(undefined) to control the
           height and width.

    [0m [90m 66 |[39m   jest[33m.[39museFakeTimers()[33m.[39msetSystemTime([33mNOW[39m)[33m;[39m
     [90m 67 |[39m   window[33m.[39mapi [33m=[39m buildApi(apiOverrides)[33m;[39m
    [31m[1m>[22m[39m[90m 68 |[39m   [36mconst[39m utils [33m=[39m render([33m<[39m[33mStatistiquesAdherent[39m onPageChange[33m=[39m{onPageChange} [33m/[39m[33m>[39m)[33m;[39m
     [90m    |[39m                       [31m[1m^[22m[39m
     [90m 69 |[39m   [36mreturn[39m utils[33m;[39m
     [90m 70 |[39m }[33m;[39m
     [90m 71 |[39m[0m

      at warn (node_modules/recharts/lib/util/LogUtils.js:22:17)
      at node_modules/recharts/lib/component/ResponsiveContainer.js:144:22
      at Object.react_stack_bottom_frame (node_modules/react-dom/cjs/react-dom-client.development.js:25904:20)
      at renderWithHooks (node_modules/react-dom/cjs/react-dom-client.development.js:7662:22)
      at updateForwardRef (node_modules/react-dom/cjs/react-dom-client.development.js:9724:19)
      at beginWork (node_modules/react-dom/cjs/react-dom-client.development.js:12117:18)
      at runWithFiberInDEV (node_modules/react-dom/cjs/react-dom-client.development.js:874:13)
      at performUnitOfWork (node_modules/react-dom/cjs/react-dom-client.development.js:17641:22)
      at workLoopSync (node_modules/react-dom/cjs/react-dom-client.development.js:17469:41)
      at renderRootSync (node_modules/react-dom/cjs/react-dom-client.development.js:17450:11)
      at performWorkOnRoot (node_modules/react-dom/cjs/react-dom-client.development.js:16504:11)
      at performWorkOnRootViaSchedulerTask (node_modules/react-dom/cjs/react-dom-client.development.js:18957:7)
      at flushActQueue (node_modules/react/cjs/react.development.js:590:34)
      at process.env.NODE_ENV.exports.act (node_modules/react/cjs/react.development.js:884:10)
      at node_modules/@testing-library/react/dist/act-compat.js:46:25
      at renderRoot (node_modules/@testing-library/react/dist/pure.js:189:26)
      at render (node_modules/@testing-library/react/dist/pure.js:291:10)
      at setup (src/__tests__/pages/Statistiquesadherent.test.jsx:68:23)
      at Object.setup (src/__tests__/pages/Statistiquesadherent.test.jsx:247:7)

  console.warn
    The width(-1) and height(-1) of chart should be greater than 0,
           please check the style of container, or the props width(100%) and height(100%),
           or add a minWidth(0) or minHeight(undefined) or use aspect(undefined) to control the
           height and width.

    [0m [90m 66 |[39m   jest[33m.[39museFakeTimers()[33m.[39msetSystemTime([33mNOW[39m)[33m;[39m
     [90m 67 |[39m   window[33m.[39mapi [33m=[39m buildApi(apiOverrides)[33m;[39m
    [31m[1m>[22m[39m[90m 68 |[39m   [36mconst[39m utils [33m=[39m render([33m<[39m[33mStatistiquesAdherent[39m onPageChange[33m=[39m{onPageChange} [33m/[39m[33m>[39m)[33m;[39m
     [90m    |[39m                       [31m[1m^[22m[39m
     [90m 69 |[39m   [36mreturn[39m utils[33m;[39m
     [90m 70 |[39m }[33m;[39m
     [90m 71 |[39m[0m

      at warn (node_modules/recharts/lib/util/LogUtils.js:22:17)
      at node_modules/recharts/lib/component/ResponsiveContainer.js:144:22
      at Object.react_stack_bottom_frame (node_modules/react-dom/cjs/react-dom-client.development.js:25904:20)
      at renderWithHooks (node_modules/react-dom/cjs/react-dom-client.development.js:7662:22)
      at updateForwardRef (node_modules/react-dom/cjs/react-dom-client.development.js:9724:19)
      at beginWork (node_modules/react-dom/cjs/react-dom-client.development.js:12117:18)
      at runWithFiberInDEV (node_modules/react-dom/cjs/react-dom-client.development.js:874:13)
      at performUnitOfWork (node_modules/react-dom/cjs/react-dom-client.development.js:17641:22)
      at workLoopSync (node_modules/react-dom/cjs/react-dom-client.development.js:17469:41)
      at renderRootSync (node_modules/react-dom/cjs/react-dom-client.development.js:17450:11)
      at performWorkOnRoot (node_modules/react-dom/cjs/react-dom-client.development.js:16504:11)
      at performWorkOnRootViaSchedulerTask (node_modules/react-dom/cjs/react-dom-client.development.js:18957:7)
      at flushActQueue (node_modules/react/cjs/react.development.js:590:34)
      at process.env.NODE_ENV.exports.act (node_modules/react/cjs/react.development.js:884:10)
      at node_modules/@testing-library/react/dist/act-compat.js:46:25
      at renderRoot (node_modules/@testing-library/react/dist/pure.js:189:26)
      at render (node_modules/@testing-library/react/dist/pure.js:291:10)
      at setup (src/__tests__/pages/Statistiquesadherent.test.jsx:68:23)
      at Object.setup (src/__tests__/pages/Statistiquesadherent.test.jsx:247:7)

  console.warn
    The width(-1) and height(-1) of chart should be greater than 0,
           please check the style of container, or the props width(100%) and height(100%),
           or add a minWidth(0) or minHeight(undefined) or use aspect(undefined) to control the
           height and width.

      at warn (node_modules/recharts/lib/util/LogUtils.js:22:17)
      at node_modules/recharts/lib/component/ResponsiveContainer.js:144:22
      at Object.react_stack_bottom_frame (node_modules/react-dom/cjs/react-dom-client.development.js:25904:20)
      at renderWithHooks (node_modules/react-dom/cjs/react-dom-client.development.js:7662:22)
      at updateForwardRef (node_modules/react-dom/cjs/react-dom-client.development.js:9724:19)
      at beginWork (node_modules/react-dom/cjs/react-dom-client.development.js:12117:18)
      at runWithFiberInDEV (node_modules/react-dom/cjs/react-dom-client.development.js:874:13)
      at performUnitOfWork (node_modules/react-dom/cjs/react-dom-client.development.js:17641:22)
      at workLoopSync (node_modules/react-dom/cjs/react-dom-client.development.js:17469:41)
      at renderRootSync (node_modules/react-dom/cjs/react-dom-client.development.js:17450:11)
      at performWorkOnRoot (node_modules/react-dom/cjs/react-dom-client.development.js:16504:11)
      at performWorkOnRootViaSchedulerTask (node_modules/react-dom/cjs/react-dom-client.development.js:18957:7)
      at flushActQueue (node_modules/react/cjs/react.development.js:590:34)
      at node_modules/react/cjs/react.development.js:847:21

  console.warn
    The width(-1) and height(-1) of chart should be greater than 0,
           please check the style of container, or the props width(100%) and height(100%),
           or add a minWidth(0) or minHeight(undefined) or use aspect(undefined) to control the
           height and width.

      at warn (node_modules/recharts/lib/util/LogUtils.js:22:17)
      at node_modules/recharts/lib/component/ResponsiveContainer.js:144:22
      at Object.react_stack_bottom_frame (node_modules/react-dom/cjs/react-dom-client.development.js:25904:20)
      at renderWithHooks (node_modules/react-dom/cjs/react-dom-client.development.js:7662:22)
      at updateForwardRef (node_modules/react-dom/cjs/react-dom-client.development.js:9724:19)
      at beginWork (node_modules/react-dom/cjs/react-dom-client.development.js:12117:18)
      at runWithFiberInDEV (node_modules/react-dom/cjs/react-dom-client.development.js:874:13)
      at performUnitOfWork (node_modules/react-dom/cjs/react-dom-client.development.js:17641:22)
      at workLoopSync (node_modules/react-dom/cjs/react-dom-client.development.js:17469:41)
      at renderRootSync (node_modules/react-dom/cjs/react-dom-client.development.js:17450:11)
      at performWorkOnRoot (node_modules/react-dom/cjs/react-dom-client.development.js:16504:11)
      at performWorkOnRootViaSchedulerTask (node_modules/react-dom/cjs/react-dom-client.development.js:18957:7)
      at flushActQueue (node_modules/react/cjs/react.development.js:590:34)
      at node_modules/react/cjs/react.development.js:847:21

  console.warn
    The width(-1) and height(-1) of chart should be greater than 0,
           please check the style of container, or the props width(100%) and height(100%),
           or add a minWidth(0) or minHeight(undefined) or use aspect(undefined) to control the
           height and width.

      at warn (node_modules/recharts/lib/util/LogUtils.js:22:17)
      at node_modules/recharts/lib/component/ResponsiveContainer.js:144:22
      at Object.react_stack_bottom_frame (node_modules/react-dom/cjs/react-dom-client.development.js:25904:20)
      at renderWithHooks (node_modules/react-dom/cjs/react-dom-client.development.js:7662:22)
      at updateForwardRef (node_modules/react-dom/cjs/react-dom-client.development.js:9724:19)
      at beginWork (node_modules/react-dom/cjs/react-dom-client.development.js:12117:18)
      at runWithFiberInDEV (node_modules/react-dom/cjs/react-dom-client.development.js:874:13)
      at performUnitOfWork (node_modules/react-dom/cjs/react-dom-client.development.js:17641:22)
      at workLoopSync (node_modules/react-dom/cjs/react-dom-client.development.js:17469:41)
      at renderRootSync (node_modules/react-dom/cjs/react-dom-client.development.js:17450:11)
      at performWorkOnRoot (node_modules/react-dom/cjs/react-dom-client.development.js:16504:11)
      at performWorkOnRootViaSchedulerTask (node_modules/react-dom/cjs/react-dom-client.development.js:18957:7)
      at flushActQueue (node_modules/react/cjs/react.development.js:590:34)
      at recursivelyFlushAsyncActWork (node_modules/react/cjs/react.development.js:566:13)
      at Immediate._onImmediate (node_modules/react/cjs/react.development.js:849:32)

  console.warn
    The width(-1) and height(-1) of chart should be greater than 0,
           please check the style of container, or the props width(100%) and height(100%),
           or add a minWidth(0) or minHeight(undefined) or use aspect(undefined) to control the
           height and width.

      at warn (node_modules/recharts/lib/util/LogUtils.js:22:17)
      at node_modules/recharts/lib/component/ResponsiveContainer.js:144:22
      at Object.react_stack_bottom_frame (node_modules/react-dom/cjs/react-dom-client.development.js:25904:20)
      at renderWithHooks (node_modules/react-dom/cjs/react-dom-client.development.js:7662:22)
      at updateForwardRef (node_modules/react-dom/cjs/react-dom-client.development.js:9724:19)
      at beginWork (node_modules/react-dom/cjs/react-dom-client.development.js:12117:18)
      at runWithFiberInDEV (node_modules/react-dom/cjs/react-dom-client.development.js:874:13)
      at performUnitOfWork (node_modules/react-dom/cjs/react-dom-client.development.js:17641:22)
      at workLoopSync (node_modules/react-dom/cjs/react-dom-client.development.js:17469:41)
      at renderRootSync (node_modules/react-dom/cjs/react-dom-client.development.js:17450:11)
      at performWorkOnRoot (node_modules/react-dom/cjs/react-dom-client.development.js:16504:11)
      at performWorkOnRootViaSchedulerTask (node_modules/react-dom/cjs/react-dom-client.development.js:18957:7)
      at flushActQueue (node_modules/react/cjs/react.development.js:590:34)
      at recursivelyFlushAsyncActWork (node_modules/react/cjs/react.development.js:566:13)
      at Immediate._onImmediate (node_modules/react/cjs/react.development.js:849:32)

  console.warn
    The width(-1) and height(-1) of chart should be greater than 0,
           please check the style of container, or the props width(100%) and height(100%),
           or add a minWidth(0) or minHeight(undefined) or use aspect(undefined) to control the
           height and width.

    [0m [90m 66 |[39m   jest[33m.[39museFakeTimers()[33m.[39msetSystemTime([33mNOW[39m)[33m;[39m
     [90m 67 |[39m   window[33m.[39mapi [33m=[39m buildApi(apiOverrides)[33m;[39m
    [31m[1m>[22m[39m[90m 68 |[39m   [36mconst[39m utils [33m=[39m render([33m<[39m[33mStatistiquesAdherent[39m onPageChange[33m=[39m{onPageChange} [33m/[39m[33m>[39m)[33m;[39m
     [90m    |[39m                       [31m[1m^[22m[39m
     [90m 69 |[39m   [36mreturn[39m utils[33m;[39m
     [90m 70 |[39m }[33m;[39m
     [90m 71 |[39m[0m

      at warn (node_modules/recharts/lib/util/LogUtils.js:22:17)
      at node_modules/recharts/lib/component/ResponsiveContainer.js:144:22
      at Object.react_stack_bottom_frame (node_modules/react-dom/cjs/react-dom-client.development.js:25904:20)
      at renderWithHooks (node_modules/react-dom/cjs/react-dom-client.development.js:7662:22)
      at updateForwardRef (node_modules/react-dom/cjs/react-dom-client.development.js:9724:19)
      at beginWork (node_modules/react-dom/cjs/react-dom-client.development.js:12117:18)
      at runWithFiberInDEV (node_modules/react-dom/cjs/react-dom-client.development.js:874:13)
      at performUnitOfWork (node_modules/react-dom/cjs/react-dom-client.development.js:17641:22)
      at workLoopSync (node_modules/react-dom/cjs/react-dom-client.development.js:17469:41)
      at renderRootSync (node_modules/react-dom/cjs/react-dom-client.development.js:17450:11)
      at performWorkOnRoot (node_modules/react-dom/cjs/react-dom-client.development.js:16504:11)
      at performWorkOnRootViaSchedulerTask (node_modules/react-dom/cjs/react-dom-client.development.js:18957:7)
      at flushActQueue (node_modules/react/cjs/react.development.js:590:34)
      at process.env.NODE_ENV.exports.act (node_modules/react/cjs/react.development.js:884:10)
      at node_modules/@testing-library/react/dist/act-compat.js:46:25
      at renderRoot (node_modules/@testing-library/react/dist/pure.js:189:26)
      at render (node_modules/@testing-library/react/dist/pure.js:291:10)
      at setup (src/__tests__/pages/Statistiquesadherent.test.jsx:68:23)
      at Object.setup (src/__tests__/pages/Statistiquesadherent.test.jsx:247:7)

  console.warn
    The width(-1) and height(-1) of chart should be greater than 0,
           please check the style of container, or the props width(100%) and height(100%),
           or add a minWidth(0) or minHeight(undefined) or use aspect(undefined) to control the
           height and width.

    [0m [90m 66 |[39m   jest[33m.[39museFakeTimers()[33m.[39msetSystemTime([33mNOW[39m)[33m;[39m
     [90m 67 |[39m   window[33m.[39mapi [33m=[39m buildApi(apiOverrides)[33m;[39m
    [31m[1m>[22m[39m[90m 68 |[39m   [36mconst[39m utils [33m=[39m render([33m<[39m[33mStatistiquesAdherent[39m onPageChange[33m=[39m{onPageChange} [33m/[39m[33m>[39m)[33m;[39m
     [90m    |[39m                       [31m[1m^[22m[39m
     [90m 69 |[39m   [36mreturn[39m utils[33m;[39m
     [90m 70 |[39m }[33m;[39m
     [90m 71 |[39m[0m

      at warn (node_modules/recharts/lib/util/LogUtils.js:22:17)
      at node_modules/recharts/lib/component/ResponsiveContainer.js:144:22
      at Object.react_stack_bottom_frame (node_modules/react-dom/cjs/react-dom-client.development.js:25904:20)
      at renderWithHooks (node_modules/react-dom/cjs/react-dom-client.development.js:7662:22)
      at updateForwardRef (node_modules/react-dom/cjs/react-dom-client.development.js:9724:19)
      at beginWork (node_modules/react-dom/cjs/react-dom-client.development.js:12117:18)
      at runWithFiberInDEV (node_modules/react-dom/cjs/react-dom-client.development.js:874:13)
      at performUnitOfWork (node_modules/react-dom/cjs/react-dom-client.development.js:17641:22)
      at workLoopSync (node_modules/react-dom/cjs/react-dom-client.development.js:17469:41)
      at renderRootSync (node_modules/react-dom/cjs/react-dom-client.development.js:17450:11)
      at performWorkOnRoot (node_modules/react-dom/cjs/react-dom-client.development.js:16504:11)
      at performWorkOnRootViaSchedulerTask (node_modules/react-dom/cjs/react-dom-client.development.js:18957:7)
      at flushActQueue (node_modules/react/cjs/react.development.js:590:34)
      at process.env.NODE_ENV.exports.act (node_modules/react/cjs/react.development.js:884:10)
      at node_modules/@testing-library/react/dist/act-compat.js:46:25
      at renderRoot (node_modules/@testing-library/react/dist/pure.js:189:26)
      at render (node_modules/@testing-library/react/dist/pure.js:291:10)
      at setup (src/__tests__/pages/Statistiquesadherent.test.jsx:68:23)
      at Object.setup (src/__tests__/pages/Statistiquesadherent.test.jsx:247:7)

  console.warn
    The width(-1) and height(-1) of chart should be greater than 0,
           please check the style of container, or the props width(100%) and height(100%),
           or add a minWidth(0) or minHeight(undefined) or use aspect(undefined) to control the
           height and width.

      at warn (node_modules/recharts/lib/util/LogUtils.js:22:17)
      at node_modules/recharts/lib/component/ResponsiveContainer.js:144:22
      at Object.react_stack_bottom_frame (node_modules/react-dom/cjs/react-dom-client.development.js:25904:20)
      at renderWithHooks (node_modules/react-dom/cjs/react-dom-client.development.js:7662:22)
      at updateForwardRef (node_modules/react-dom/cjs/react-dom-client.development.js:9724:19)
      at beginWork (node_modules/react-dom/cjs/react-dom-client.development.js:12117:18)
      at runWithFiberInDEV (node_modules/react-dom/cjs/react-dom-client.development.js:874:13)
      at performUnitOfWork (node_modules/react-dom/cjs/react-dom-client.development.js:17641:22)
      at workLoopSync (node_modules/react-dom/cjs/react-dom-client.development.js:17469:41)
      at renderRootSync (node_modules/react-dom/cjs/react-dom-client.development.js:17450:11)
      at performWorkOnRoot (node_modules/react-dom/cjs/react-dom-client.development.js:16504:11)
      at performWorkOnRootViaSchedulerTask (node_modules/react-dom/cjs/react-dom-client.development.js:18957:7)
      at flushActQueue (node_modules/react/cjs/react.development.js:590:34)
      at node_modules/react/cjs/react.development.js:847:21

  console.warn
    The width(-1) and height(-1) of chart should be greater than 0,
           please check the style of container, or the props width(100%) and height(100%),
           or add a minWidth(0) or minHeight(undefined) or use aspect(undefined) to control the
           height and width.

      at warn (node_modules/recharts/lib/util/LogUtils.js:22:17)
      at node_modules/recharts/lib/component/ResponsiveContainer.js:144:22
      at Object.react_stack_bottom_frame (node_modules/react-dom/cjs/react-dom-client.development.js:25904:20)
      at renderWithHooks (node_modules/react-dom/cjs/react-dom-client.development.js:7662:22)
      at updateForwardRef (node_modules/react-dom/cjs/react-dom-client.development.js:9724:19)
      at beginWork (node_modules/react-dom/cjs/react-dom-client.development.js:12117:18)
      at runWithFiberInDEV (node_modules/react-dom/cjs/react-dom-client.development.js:874:13)
      at performUnitOfWork (node_modules/react-dom/cjs/react-dom-client.development.js:17641:22)
      at workLoopSync (node_modules/react-dom/cjs/react-dom-client.development.js:17469:41)
      at renderRootSync (node_modules/react-dom/cjs/react-dom-client.development.js:17450:11)
      at performWorkOnRoot (node_modules/react-dom/cjs/react-dom-client.development.js:16504:11)
      at performWorkOnRootViaSchedulerTask (node_modules/react-dom/cjs/react-dom-client.development.js:18957:7)
      at flushActQueue (node_modules/react/cjs/react.development.js:590:34)
      at node_modules/react/cjs/react.development.js:847:21

  console.warn
    The width(-1) and height(-1) of chart should be greater than 0,
           please check the style of container, or the props width(100%) and height(100%),
           or add a minWidth(0) or minHeight(undefined) or use aspect(undefined) to control the
           height and width.

      at warn (node_modules/recharts/lib/util/LogUtils.js:22:17)
      at node_modules/recharts/lib/component/ResponsiveContainer.js:144:22
      at Object.react_stack_bottom_frame (node_modules/react-dom/cjs/react-dom-client.development.js:25904:20)
      at renderWithHooks (node_modules/react-dom/cjs/react-dom-client.development.js:7662:22)
      at updateForwardRef (node_modules/react-dom/cjs/react-dom-client.development.js:9724:19)
      at beginWork (node_modules/react-dom/cjs/react-dom-client.development.js:12117:18)
      at runWithFiberInDEV (node_modules/react-dom/cjs/react-dom-client.development.js:874:13)
      at performUnitOfWork (node_modules/react-dom/cjs/react-dom-client.development.js:17641:22)
      at workLoopSync (node_modules/react-dom/cjs/react-dom-client.development.js:17469:41)
      at renderRootSync (node_modules/react-dom/cjs/react-dom-client.development.js:17450:11)
      at performWorkOnRoot (node_modules/react-dom/cjs/react-dom-client.development.js:16504:11)
      at performWorkOnRootViaSchedulerTask (node_modules/react-dom/cjs/react-dom-client.development.js:18957:7)
      at flushActQueue (node_modules/react/cjs/react.development.js:590:34)
      at recursivelyFlushAsyncActWork (node_modules/react/cjs/react.development.js:566:13)
      at Immediate._onImmediate (node_modules/react/cjs/react.development.js:849:32)

  console.warn
    The width(-1) and height(-1) of chart should be greater than 0,
           please check the style of container, or the props width(100%) and height(100%),
           or add a minWidth(0) or minHeight(undefined) or use aspect(undefined) to control the
           height and width.

      at warn (node_modules/recharts/lib/util/LogUtils.js:22:17)
      at node_modules/recharts/lib/component/ResponsiveContainer.js:144:22
      at Object.react_stack_bottom_frame (node_modules/react-dom/cjs/react-dom-client.development.js:25904:20)
      at renderWithHooks (node_modules/react-dom/cjs/react-dom-client.development.js:7662:22)
      at updateForwardRef (node_modules/react-dom/cjs/react-dom-client.development.js:9724:19)
      at beginWork (node_modules/react-dom/cjs/react-dom-client.development.js:12117:18)
      at runWithFiberInDEV (node_modules/react-dom/cjs/react-dom-client.development.js:874:13)
      at performUnitOfWork (node_modules/react-dom/cjs/react-dom-client.development.js:17641:22)
      at workLoopSync (node_modules/react-dom/cjs/react-dom-client.development.js:17469:41)
      at renderRootSync (node_modules/react-dom/cjs/react-dom-client.development.js:17450:11)
      at performWorkOnRoot (node_modules/react-dom/cjs/react-dom-client.development.js:16504:11)
      at performWorkOnRootViaSchedulerTask (node_modules/react-dom/cjs/react-dom-client.development.js:18957:7)
      at flushActQueue (node_modules/react/cjs/react.development.js:590:34)
      at recursivelyFlushAsyncActWork (node_modules/react/cjs/react.development.js:566:13)
      at Immediate._onImmediate (node_modules/react/cjs/react.development.js:849:32)

  console.warn
    The width(-1) and height(-1) of chart should be greater than 0,
           please check the style of container, or the props width(100%) and height(100%),
           or add a minWidth(0) or minHeight(undefined) or use aspect(undefined) to control the
           height and width.

    [0m [90m 66 |[39m   jest[33m.[39museFakeTimers()[33m.[39msetSystemTime([33mNOW[39m)[33m;[39m
     [90m 67 |[39m   window[33m.[39mapi [33m=[39m buildApi(apiOverrides)[33m;[39m
    [31m[1m>[22m[39m[90m 68 |[39m   [36mconst[39m utils [33m=[39m render([33m<[39m[33mStatistiquesAdherent[39m onPageChange[33m=[39m{onPageChange} [33m/[39m[33m>[39m)[33m;[39m
     [90m    |[39m                       [31m[1m^[22m[39m
     [90m 69 |[39m   [36mreturn[39m utils[33m;[39m
     [90m 70 |[39m }[33m;[39m
     [90m 71 |[39m[0m

      at warn (node_modules/recharts/lib/util/LogUtils.js:22:17)
      at node_modules/recharts/lib/component/ResponsiveContainer.js:144:22
      at Object.react_stack_bottom_frame (node_modules/react-dom/cjs/react-dom-client.development.js:25904:20)
      at renderWithHooks (node_modules/react-dom/cjs/react-dom-client.development.js:7662:22)
      at updateForwardRef (node_modules/react-dom/cjs/react-dom-client.development.js:9724:19)
      at beginWork (node_modules/react-dom/cjs/react-dom-client.development.js:12117:18)
      at runWithFiberInDEV (node_modules/react-dom/cjs/react-dom-client.development.js:874:13)
      at performUnitOfWork (node_modules/react-dom/cjs/react-dom-client.development.js:17641:22)
      at workLoopSync (node_modules/react-dom/cjs/react-dom-client.development.js:17469:41)
      at renderRootSync (node_modules/react-dom/cjs/react-dom-client.development.js:17450:11)
      at performWorkOnRoot (node_modules/react-dom/cjs/react-dom-client.development.js:16504:11)
      at performWorkOnRootViaSchedulerTask (node_modules/react-dom/cjs/react-dom-client.development.js:18957:7)
      at flushActQueue (node_modules/react/cjs/react.development.js:590:34)
      at process.env.NODE_ENV.exports.act (node_modules/react/cjs/react.development.js:884:10)
      at node_modules/@testing-library/react/dist/act-compat.js:46:25
      at renderRoot (node_modules/@testing-library/react/dist/pure.js:189:26)
      at render (node_modules/@testing-library/react/dist/pure.js:291:10)
      at setup (src/__tests__/pages/Statistiquesadherent.test.jsx:68:23)
      at Object.setup (src/__tests__/pages/Statistiquesadherent.test.jsx:247:7)

  console.warn
    The width(-1) and height(-1) of chart should be greater than 0,
           please check the style of container, or the props width(100%) and height(100%),
           or add a minWidth(0) or minHeight(undefined) or use aspect(undefined) to control the
           height and width.

    [0m [90m 66 |[39m   jest[33m.[39museFakeTimers()[33m.[39msetSystemTime([33mNOW[39m)[33m;[39m
     [90m 67 |[39m   window[33m.[39mapi [33m=[39m buildApi(apiOverrides)[33m;[39m
    [31m[1m>[22m[39m[90m 68 |[39m   [36mconst[39m utils [33m=[39m render([33m<[39m[33mStatistiquesAdherent[39m onPageChange[33m=[39m{onPageChange} [33m/[39m[33m>[39m)[33m;[39m
     [90m    |[39m                       [31m[1m^[22m[39m
     [90m 69 |[39m   [36mreturn[39m utils[33m;[39m
     [90m 70 |[39m }[33m;[39m
     [90m 71 |[39m[0m

      at warn (node_modules/recharts/lib/util/LogUtils.js:22:17)
      at node_modules/recharts/lib/component/ResponsiveContainer.js:144:22
      at Object.react_stack_bottom_frame (node_modules/react-dom/cjs/react-dom-client.development.js:25904:20)
      at renderWithHooks (node_modules/react-dom/cjs/react-dom-client.development.js:7662:22)
      at updateForwardRef (node_modules/react-dom/cjs/react-dom-client.development.js:9724:19)
      at beginWork (node_modules/react-dom/cjs/react-dom-client.development.js:12117:18)
      at runWithFiberInDEV (node_modules/react-dom/cjs/react-dom-client.development.js:874:13)
      at performUnitOfWork (node_modules/react-dom/cjs/react-dom-client.development.js:17641:22)
      at workLoopSync (node_modules/react-dom/cjs/react-dom-client.development.js:17469:41)
      at renderRootSync (node_modules/react-dom/cjs/react-dom-client.development.js:17450:11)
      at performWorkOnRoot (node_modules/react-dom/cjs/react-dom-client.development.js:16504:11)
      at performWorkOnRootViaSchedulerTask (node_modules/react-dom/cjs/react-dom-client.development.js:18957:7)
      at flushActQueue (node_modules/react/cjs/react.development.js:590:34)
      at process.env.NODE_ENV.exports.act (node_modules/react/cjs/react.development.js:884:10)
      at node_modules/@testing-library/react/dist/act-compat.js:46:25
      at renderRoot (node_modules/@testing-library/react/dist/pure.js:189:26)
      at render (node_modules/@testing-library/react/dist/pure.js:291:10)
      at setup (src/__tests__/pages/Statistiquesadherent.test.jsx:68:23)
      at Object.setup (src/__tests__/pages/Statistiquesadherent.test.jsx:247:7)

  console.warn
    The width(-1) and height(-1) of chart should be greater than 0,
           please check the style of container, or the props width(100%) and height(100%),
           or add a minWidth(0) or minHeight(undefined) or use aspect(undefined) to control the
           height and width.

      at warn (node_modules/recharts/lib/util/LogUtils.js:22:17)
      at node_modules/recharts/lib/component/ResponsiveContainer.js:144:22
      at Object.react_stack_bottom_frame (node_modules/react-dom/cjs/react-dom-client.development.js:25904:20)
      at renderWithHooks (node_modules/react-dom/cjs/react-dom-client.development.js:7662:22)
      at updateForwardRef (node_modules/react-dom/cjs/react-dom-client.development.js:9724:19)
      at beginWork (node_modules/react-dom/cjs/react-dom-client.development.js:12117:18)
      at runWithFiberInDEV (node_modules/react-dom/cjs/react-dom-client.development.js:874:13)
      at performUnitOfWork (node_modules/react-dom/cjs/react-dom-client.development.js:17641:22)
      at workLoopSync (node_modules/react-dom/cjs/react-dom-client.development.js:17469:41)
      at renderRootSync (node_modules/react-dom/cjs/react-dom-client.development.js:17450:11)
      at performWorkOnRoot (node_modules/react-dom/cjs/react-dom-client.development.js:16504:11)
      at performWorkOnRootViaSchedulerTask (node_modules/react-dom/cjs/react-dom-client.development.js:18957:7)
      at flushActQueue (node_modules/react/cjs/react.development.js:590:34)
      at node_modules/react/cjs/react.development.js:847:21

  console.warn
    The width(-1) and height(-1) of chart should be greater than 0,
           please check the style of container, or the props width(100%) and height(100%),
           or add a minWidth(0) or minHeight(undefined) or use aspect(undefined) to control the
           height and width.

      at warn (node_modules/recharts/lib/util/LogUtils.js:22:17)
      at node_modules/recharts/lib/component/ResponsiveContainer.js:144:22
      at Object.react_stack_bottom_frame (node_modules/react-dom/cjs/react-dom-client.development.js:25904:20)
      at renderWithHooks (node_modules/react-dom/cjs/react-dom-client.development.js:7662:22)
      at updateForwardRef (node_modules/react-dom/cjs/react-dom-client.development.js:9724:19)
      at beginWork (node_modules/react-dom/cjs/react-dom-client.development.js:12117:18)
      at runWithFiberInDEV (node_modules/react-dom/cjs/react-dom-client.development.js:874:13)
      at performUnitOfWork (node_modules/react-dom/cjs/react-dom-client.development.js:17641:22)
      at workLoopSync (node_modules/react-dom/cjs/react-dom-client.development.js:17469:41)
      at renderRootSync (node_modules/react-dom/cjs/react-dom-client.development.js:17450:11)
      at performWorkOnRoot (node_modules/react-dom/cjs/react-dom-client.development.js:16504:11)
      at performWorkOnRootViaSchedulerTask (node_modules/react-dom/cjs/react-dom-client.development.js:18957:7)
      at flushActQueue (node_modules/react/cjs/react.development.js:590:34)
      at node_modules/react/cjs/react.development.js:847:21

  console.warn
    The width(-1) and height(-1) of chart should be greater than 0,
           please check the style of container, or the props width(100%) and height(100%),
           or add a minWidth(0) or minHeight(undefined) or use aspect(undefined) to control the
           height and width.

      at warn (node_modules/recharts/lib/util/LogUtils.js:22:17)
      at node_modules/recharts/lib/component/ResponsiveContainer.js:144:22
      at Object.react_stack_bottom_frame (node_modules/react-dom/cjs/react-dom-client.development.js:25904:20)
      at renderWithHooks (node_modules/react-dom/cjs/react-dom-client.development.js:7662:22)
      at updateForwardRef (node_modules/react-dom/cjs/react-dom-client.development.js:9724:19)
      at beginWork (node_modules/react-dom/cjs/react-dom-client.development.js:12117:18)
      at runWithFiberInDEV (node_modules/react-dom/cjs/react-dom-client.development.js:874:13)
      at performUnitOfWork (node_modules/react-dom/cjs/react-dom-client.development.js:17641:22)
      at workLoopSync (node_modules/react-dom/cjs/react-dom-client.development.js:17469:41)
      at renderRootSync (node_modules/react-dom/cjs/react-dom-client.development.js:17450:11)
      at performWorkOnRoot (node_modules/react-dom/cjs/react-dom-client.development.js:16504:11)
      at performWorkOnRootViaSchedulerTask (node_modules/react-dom/cjs/react-dom-client.development.js:18957:7)
      at flushActQueue (node_modules/react/cjs/react.development.js:590:34)
      at recursivelyFlushAsyncActWork (node_modules/react/cjs/react.development.js:566:13)
      at Immediate._onImmediate (node_modules/react/cjs/react.development.js:849:32)

  console.warn
    The width(-1) and height(-1) of chart should be greater than 0,
           please check the style of container, or the props width(100%) and height(100%),
           or add a minWidth(0) or minHeight(undefined) or use aspect(undefined) to control the
           height and width.

      at warn (node_modules/recharts/lib/util/LogUtils.js:22:17)
      at node_modules/recharts/lib/component/ResponsiveContainer.js:144:22
      at Object.react_stack_bottom_frame (node_modules/react-dom/cjs/react-dom-client.development.js:25904:20)
      at renderWithHooks (node_modules/react-dom/cjs/react-dom-client.development.js:7662:22)
      at updateForwardRef (node_modules/react-dom/cjs/react-dom-client.development.js:9724:19)
      at beginWork (node_modules/react-dom/cjs/react-dom-client.development.js:12117:18)
      at runWithFiberInDEV (node_modules/react-dom/cjs/react-dom-client.development.js:874:13)
      at performUnitOfWork (node_modules/react-dom/cjs/react-dom-client.development.js:17641:22)
      at workLoopSync (node_modules/react-dom/cjs/react-dom-client.development.js:17469:41)
      at renderRootSync (node_modules/react-dom/cjs/react-dom-client.development.js:17450:11)
      at performWorkOnRoot (node_modules/react-dom/cjs/react-dom-client.development.js:16504:11)
      at performWorkOnRootViaSchedulerTask (node_modules/react-dom/cjs/react-dom-client.development.js:18957:7)
      at flushActQueue (node_modules/react/cjs/react.development.js:590:34)
      at recursivelyFlushAsyncActWork (node_modules/react/cjs/react.development.js:566:13)
      at Immediate._onImmediate (node_modules/react/cjs/react.development.js:849:32)

  console.warn
    The width(-1) and height(-1) of chart should be greater than 0,
           please check the style of container, or the props width(100%) and height(100%),
           or add a minWidth(0) or minHeight(undefined) or use aspect(undefined) to control the
           height and width.

    [0m [90m 66 |[39m   jest[33m.[39museFakeTimers()[33m.[39msetSystemTime([33mNOW[39m)[33m;[39m
     [90m 67 |[39m   window[33m.[39mapi [33m=[39m buildApi(apiOverrides)[33m;[39m
    [31m[1m>[22m[39m[90m 68 |[39m   [36mconst[39m utils [33m=[39m render([33m<[39m[33mStatistiquesAdherent[39m onPageChange[33m=[39m{onPageChange} [33m/[39m[33m>[39m)[33m;[39m
     [90m    |[39m                       [31m[1m^[22m[39m
     [90m 69 |[39m   [36mreturn[39m utils[33m;[39m
     [90m 70 |[39m }[33m;[39m
     [90m 71 |[39m[0m

      at warn (node_modules/recharts/lib/util/LogUtils.js:22:17)
      at node_modules/recharts/lib/component/ResponsiveContainer.js:144:22
      at Object.react_stack_bottom_frame (node_modules/react-dom/cjs/react-dom-client.development.js:25904:20)
      at renderWithHooks (node_modules/react-dom/cjs/react-dom-client.development.js:7662:22)
      at updateForwardRef (node_modules/react-dom/cjs/react-dom-client.development.js:9724:19)
      at beginWork (node_modules/react-dom/cjs/react-dom-client.development.js:12117:18)
      at runWithFiberInDEV (node_modules/react-dom/cjs/react-dom-client.development.js:874:13)
      at performUnitOfWork (node_modules/react-dom/cjs/react-dom-client.development.js:17641:22)
      at workLoopSync (node_modules/react-dom/cjs/react-dom-client.development.js:17469:41)
      at renderRootSync (node_modules/react-dom/cjs/react-dom-client.development.js:17450:11)
      at performWorkOnRoot (node_modules/react-dom/cjs/react-dom-client.development.js:16504:11)
      at performWorkOnRootViaSchedulerTask (node_modules/react-dom/cjs/react-dom-client.development.js:18957:7)
      at flushActQueue (node_modules/react/cjs/react.development.js:590:34)
      at process.env.NODE_ENV.exports.act (node_modules/react/cjs/react.development.js:884:10)
      at node_modules/@testing-library/react/dist/act-compat.js:46:25
      at renderRoot (node_modules/@testing-library/react/dist/pure.js:189:26)
      at render (node_modules/@testing-library/react/dist/pure.js:291:10)
      at setup (src/__tests__/pages/Statistiquesadherent.test.jsx:68:23)
      at Object.setup (src/__tests__/pages/Statistiquesadherent.test.jsx:247:7)

  console.warn
    The width(-1) and height(-1) of chart should be greater than 0,
           please check the style of container, or the props width(100%) and height(100%),
           or add a minWidth(0) or minHeight(undefined) or use aspect(undefined) to control the
           height and width.

    [0m [90m 66 |[39m   jest[33m.[39museFakeTimers()[33m.[39msetSystemTime([33mNOW[39m)[33m;[39m
     [90m 67 |[39m   window[33m.[39mapi [33m=[39m buildApi(apiOverrides)[33m;[39m
    [31m[1m>[22m[39m[90m 68 |[39m   [36mconst[39m utils [33m=[39m render([33m<[39m[33mStatistiquesAdherent[39m onPageChange[33m=[39m{onPageChange} [33m/[39m[33m>[39m)[33m;[39m
     [90m    |[39m                       [31m[1m^[22m[39m
     [90m 69 |[39m   [36mreturn[39m utils[33m;[39m
     [90m 70 |[39m }[33m;[39m
     [90m 71 |[39m[0m

      at warn (node_modules/recharts/lib/util/LogUtils.js:22:17)
      at node_modules/recharts/lib/component/ResponsiveContainer.js:144:22
      at Object.react_stack_bottom_frame (node_modules/react-dom/cjs/react-dom-client.development.js:25904:20)
      at renderWithHooks (node_modules/react-dom/cjs/react-dom-client.development.js:7662:22)
      at updateForwardRef (node_modules/react-dom/cjs/react-dom-client.development.js:9724:19)
      at beginWork (node_modules/react-dom/cjs/react-dom-client.development.js:12117:18)
      at runWithFiberInDEV (node_modules/react-dom/cjs/react-dom-client.development.js:874:13)
      at performUnitOfWork (node_modules/react-dom/cjs/react-dom-client.development.js:17641:22)
      at workLoopSync (node_modules/react-dom/cjs/react-dom-client.development.js:17469:41)
      at renderRootSync (node_modules/react-dom/cjs/react-dom-client.development.js:17450:11)
      at performWorkOnRoot (node_modules/react-dom/cjs/react-dom-client.development.js:16504:11)
      at performWorkOnRootViaSchedulerTask (node_modules/react-dom/cjs/react-dom-client.development.js:18957:7)
      at flushActQueue (node_modules/react/cjs/react.development.js:590:34)
      at process.env.NODE_ENV.exports.act (node_modules/react/cjs/react.development.js:884:10)
      at node_modules/@testing-library/react/dist/act-compat.js:46:25
      at renderRoot (node_modules/@testing-library/react/dist/pure.js:189:26)
      at render (node_modules/@testing-library/react/dist/pure.js:291:10)
      at setup (src/__tests__/pages/Statistiquesadherent.test.jsx:68:23)
      at Object.setup (src/__tests__/pages/Statistiquesadherent.test.jsx:247:7)

  console.warn
    The width(-1) and height(-1) of chart should be greater than 0,
           please check the style of container, or the props width(100%) and height(100%),
           or add a minWidth(0) or minHeight(undefined) or use aspect(undefined) to control the
           height and width.

      at warn (node_modules/recharts/lib/util/LogUtils.js:22:17)
      at node_modules/recharts/lib/component/ResponsiveContainer.js:144:22
      at Object.react_stack_bottom_frame (node_modules/react-dom/cjs/react-dom-client.development.js:25904:20)
      at renderWithHooks (node_modules/react-dom/cjs/react-dom-client.development.js:7662:22)
      at updateForwardRef (node_modules/react-dom/cjs/react-dom-client.development.js:9724:19)
      at beginWork (node_modules/react-dom/cjs/react-dom-client.development.js:12117:18)
      at runWithFiberInDEV (node_modules/react-dom/cjs/react-dom-client.development.js:874:13)
      at performUnitOfWork (node_modules/react-dom/cjs/react-dom-client.development.js:17641:22)
      at workLoopSync (node_modules/react-dom/cjs/react-dom-client.development.js:17469:41)
      at renderRootSync (node_modules/react-dom/cjs/react-dom-client.development.js:17450:11)
      at performWorkOnRoot (node_modules/react-dom/cjs/react-dom-client.development.js:16504:11)
      at performWorkOnRootViaSchedulerTask (node_modules/react-dom/cjs/react-dom-client.development.js:18957:7)
      at flushActQueue (node_modules/react/cjs/react.development.js:590:34)
      at node_modules/react/cjs/react.development.js:847:21

  console.warn
    The width(-1) and height(-1) of chart should be greater than 0,
           please check the style of container, or the props width(100%) and height(100%),
           or add a minWidth(0) or minHeight(undefined) or use aspect(undefined) to control the
           height and width.

      at warn (node_modules/recharts/lib/util/LogUtils.js:22:17)
      at node_modules/recharts/lib/component/ResponsiveContainer.js:144:22
      at Object.react_stack_bottom_frame (node_modules/react-dom/cjs/react-dom-client.development.js:25904:20)
      at renderWithHooks (node_modules/react-dom/cjs/react-dom-client.development.js:7662:22)
      at updateForwardRef (node_modules/react-dom/cjs/react-dom-client.development.js:9724:19)
      at beginWork (node_modules/react-dom/cjs/react-dom-client.development.js:12117:18)
      at runWithFiberInDEV (node_modules/react-dom/cjs/react-dom-client.development.js:874:13)
      at performUnitOfWork (node_modules/react-dom/cjs/react-dom-client.development.js:17641:22)
      at workLoopSync (node_modules/react-dom/cjs/react-dom-client.development.js:17469:41)
      at renderRootSync (node_modules/react-dom/cjs/react-dom-client.development.js:17450:11)
      at performWorkOnRoot (node_modules/react-dom/cjs/react-dom-client.development.js:16504:11)
      at performWorkOnRootViaSchedulerTask (node_modules/react-dom/cjs/react-dom-client.development.js:18957:7)
      at flushActQueue (node_modules/react/cjs/react.development.js:590:34)
      at node_modules/react/cjs/react.development.js:847:21

  console.warn
    The width(-1) and height(-1) of chart should be greater than 0,
           please check the style of container, or the props width(100%) and height(100%),
           or add a minWidth(0) or minHeight(undefined) or use aspect(undefined) to control the
           height and width.

      at warn (node_modules/recharts/lib/util/LogUtils.js:22:17)
      at node_modules/recharts/lib/component/ResponsiveContainer.js:144:22
      at Object.react_stack_bottom_frame (node_modules/react-dom/cjs/react-dom-client.development.js:25904:20)
      at renderWithHooks (node_modules/react-dom/cjs/react-dom-client.development.js:7662:22)
      at updateForwardRef (node_modules/react-dom/cjs/react-dom-client.development.js:9724:19)
      at beginWork (node_modules/react-dom/cjs/react-dom-client.development.js:12117:18)
      at runWithFiberInDEV (node_modules/react-dom/cjs/react-dom-client.development.js:874:13)
      at performUnitOfWork (node_modules/react-dom/cjs/react-dom-client.development.js:17641:22)
      at workLoopSync (node_modules/react-dom/cjs/react-dom-client.development.js:17469:41)
      at renderRootSync (node_modules/react-dom/cjs/react-dom-client.development.js:17450:11)
      at performWorkOnRoot (node_modules/react-dom/cjs/react-dom-client.development.js:16504:11)
      at performWorkOnRootViaSchedulerTask (node_modules/react-dom/cjs/react-dom-client.development.js:18957:7)
      at flushActQueue (node_modules/react/cjs/react.development.js:590:34)
      at recursivelyFlushAsyncActWork (node_modules/react/cjs/react.development.js:566:13)
      at Immediate._onImmediate (node_modules/react/cjs/react.development.js:849:32)

  console.warn
    The width(-1) and height(-1) of chart should be greater than 0,
           please check the style of container, or the props width(100%) and height(100%),
           or add a minWidth(0) or minHeight(undefined) or use aspect(undefined) to control the
           height and width.

      at warn (node_modules/recharts/lib/util/LogUtils.js:22:17)
      at node_modules/recharts/lib/component/ResponsiveContainer.js:144:22
      at Object.react_stack_bottom_frame (node_modules/react-dom/cjs/react-dom-client.development.js:25904:20)
      at renderWithHooks (node_modules/react-dom/cjs/react-dom-client.development.js:7662:22)
      at updateForwardRef (node_modules/react-dom/cjs/react-dom-client.development.js:9724:19)
      at beginWork (node_modules/react-dom/cjs/react-dom-client.development.js:12117:18)
      at runWithFiberInDEV (node_modules/react-dom/cjs/react-dom-client.development.js:874:13)
      at performUnitOfWork (node_modules/react-dom/cjs/react-dom-client.development.js:17641:22)
      at workLoopSync (node_modules/react-dom/cjs/react-dom-client.development.js:17469:41)
      at renderRootSync (node_modules/react-dom/cjs/react-dom-client.development.js:17450:11)
      at performWorkOnRoot (node_modules/react-dom/cjs/react-dom-client.development.js:16504:11)
      at performWorkOnRootViaSchedulerTask (node_modules/react-dom/cjs/react-dom-client.development.js:18957:7)
      at flushActQueue (node_modules/react/cjs/react.development.js:590:34)
      at recursivelyFlushAsyncActWork (node_modules/react/cjs/react.development.js:566:13)
      at Immediate._onImmediate (node_modules/react/cjs/react.development.js:849:32)

  console.warn
    The width(-1) and height(-1) of chart should be greater than 0,
           please check the style of container, or the props width(100%) and height(100%),
           or add a minWidth(0) or minHeight(undefined) or use aspect(undefined) to control the
           height and width.

    [0m [90m 285 |[39m     window[33m.[39mapi [33m=[39m buildApi({ getStatsPageAdherent[33m:[39m jest[33m.[39mfn()[33m.[39mmockReturnValue([36mnew[39m [33mPromise[39m(() [33m=>[39m {})) })[33m;[39m
     [90m 286 |[39m     jest[33m.[39museFakeTimers()[33m.[39msetSystemTime([33mNOW[39m)[33m;[39m
    [31m[1m>[22m[39m[90m 287 |[39m     render([33m<[39m[33mStatistiquesAdherent[39m onPageChange[33m=[39m{jest[33m.[39mfn()} [33m/[39m[33m>[39m)[33m;[39m
     [90m     |[39m           [31m[1m^[22m[39m
     [90m 288 |[39m     expect(screen[33m.[39mgetByText([32m"Chargement…"[39m))[33m.[39mtoBeInTheDocument()[33m;[39m
     [90m 289 |[39m   })[33m;[39m
     [90m 290 |[39m[0m

      at warn (node_modules/recharts/lib/util/LogUtils.js:22:17)
      at node_modules/recharts/lib/component/ResponsiveContainer.js:144:22
      at Object.react_stack_bottom_frame (node_modules/react-dom/cjs/react-dom-client.development.js:25904:20)
      at renderWithHooks (node_modules/react-dom/cjs/react-dom-client.development.js:7662:22)
      at updateForwardRef (node_modules/react-dom/cjs/react-dom-client.development.js:9724:19)
      at beginWork (node_modules/react-dom/cjs/react-dom-client.development.js:12117:18)
      at runWithFiberInDEV (node_modules/react-dom/cjs/react-dom-client.development.js:874:13)
      at performUnitOfWork (node_modules/react-dom/cjs/react-dom-client.development.js:17641:22)
      at workLoopSync (node_modules/react-dom/cjs/react-dom-client.development.js:17469:41)
      at renderRootSync (node_modules/react-dom/cjs/react-dom-client.development.js:17450:11)
      at performWorkOnRoot (node_modules/react-dom/cjs/react-dom-client.development.js:16504:11)
      at performWorkOnRootViaSchedulerTask (node_modules/react-dom/cjs/react-dom-client.development.js:18957:7)
      at flushActQueue (node_modules/react/cjs/react.development.js:590:34)
      at process.env.NODE_ENV.exports.act (node_modules/react/cjs/react.development.js:884:10)
      at node_modules/@testing-library/react/dist/act-compat.js:46:25
      at renderRoot (node_modules/@testing-library/react/dist/pure.js:189:26)
      at render (node_modules/@testing-library/react/dist/pure.js:291:10)
      at Object.<anonymous> (src/__tests__/pages/Statistiquesadherent.test.jsx:287:11)

  console.warn
    The width(-1) and height(-1) of chart should be greater than 0,
           please check the style of container, or the props width(100%) and height(100%),
           or add a minWidth(0) or minHeight(undefined) or use aspect(undefined) to control the
           height and width.

    [0m [90m 285 |[39m     window[33m.[39mapi [33m=[39m buildApi({ getStatsPageAdherent[33m:[39m jest[33m.[39mfn()[33m.[39mmockReturnValue([36mnew[39m [33mPromise[39m(() [33m=>[39m {})) })[33m;[39m
     [90m 286 |[39m     jest[33m.[39museFakeTimers()[33m.[39msetSystemTime([33mNOW[39m)[33m;[39m
    [31m[1m>[22m[39m[90m 287 |[39m     render([33m<[39m[33mStatistiquesAdherent[39m onPageChange[33m=[39m{jest[33m.[39mfn()} [33m/[39m[33m>[39m)[33m;[39m
     [90m     |[39m           [31m[1m^[22m[39m
     [90m 288 |[39m     expect(screen[33m.[39mgetByText([32m"Chargement…"[39m))[33m.[39mtoBeInTheDocument()[33m;[39m
     [90m 289 |[39m   })[33m;[39m
     [90m 290 |[39m[0m

      at warn (node_modules/recharts/lib/util/LogUtils.js:22:17)
      at node_modules/recharts/lib/component/ResponsiveContainer.js:144:22
      at Object.react_stack_bottom_frame (node_modules/react-dom/cjs/react-dom-client.development.js:25904:20)
      at renderWithHooks (node_modules/react-dom/cjs/react-dom-client.development.js:7662:22)
      at updateForwardRef (node_modules/react-dom/cjs/react-dom-client.development.js:9724:19)
      at beginWork (node_modules/react-dom/cjs/react-dom-client.development.js:12117:18)
      at runWithFiberInDEV (node_modules/react-dom/cjs/react-dom-client.development.js:874:13)
      at performUnitOfWork (node_modules/react-dom/cjs/react-dom-client.development.js:17641:22)
      at workLoopSync (node_modules/react-dom/cjs/react-dom-client.development.js:17469:41)
      at renderRootSync (node_modules/react-dom/cjs/react-dom-client.development.js:17450:11)
      at performWorkOnRoot (node_modules/react-dom/cjs/react-dom-client.development.js:16504:11)
      at performWorkOnRootViaSchedulerTask (node_modules/react-dom/cjs/react-dom-client.development.js:18957:7)
      at flushActQueue (node_modules/react/cjs/react.development.js:590:34)
      at process.env.NODE_ENV.exports.act (node_modules/react/cjs/react.development.js:884:10)
      at node_modules/@testing-library/react/dist/act-compat.js:46:25
      at renderRoot (node_modules/@testing-library/react/dist/pure.js:189:26)
      at render (node_modules/@testing-library/react/dist/pure.js:291:10)
      at Object.<anonymous> (src/__tests__/pages/Statistiquesadherent.test.jsx:287:11)

  console.warn
    The width(-1) and height(-1) of chart should be greater than 0,
           please check the style of container, or the props width(100%) and height(100%),
           or add a minWidth(0) or minHeight(undefined) or use aspect(undefined) to control the
           height and width.

    [0m [90m 66 |[39m   jest[33m.[39museFakeTimers()[33m.[39msetSystemTime([33mNOW[39m)[33m;[39m
     [90m 67 |[39m   window[33m.[39mapi [33m=[39m buildApi(apiOverrides)[33m;[39m
    [31m[1m>[22m[39m[90m 68 |[39m   [36mconst[39m utils [33m=[39m render([33m<[39m[33mStatistiquesAdherent[39m onPageChange[33m=[39m{onPageChange} [33m/[39m[33m>[39m)[33m;[39m
     [90m    |[39m                       [31m[1m^[22m[39m
     [90m 69 |[39m   [36mreturn[39m utils[33m;[39m
     [90m 70 |[39m }[33m;[39m
     [90m 71 |[39m[0m

      at warn (node_modules/recharts/lib/util/LogUtils.js:22:17)
      at node_modules/recharts/lib/component/ResponsiveContainer.js:144:22
      at Object.react_stack_bottom_frame (node_modules/react-dom/cjs/react-dom-client.development.js:25904:20)
      at renderWithHooks (node_modules/react-dom/cjs/react-dom-client.development.js:7662:22)
      at updateForwardRef (node_modules/react-dom/cjs/react-dom-client.development.js:9724:19)
      at beginWork (node_modules/react-dom/cjs/react-dom-client.development.js:12117:18)
      at runWithFiberInDEV (node_modules/react-dom/cjs/react-dom-client.development.js:874:13)
      at performUnitOfWork (node_modules/react-dom/cjs/react-dom-client.development.js:17641:22)
      at workLoopSync (node_modules/react-dom/cjs/react-dom-client.development.js:17469:41)
      at renderRootSync (node_modules/react-dom/cjs/react-dom-client.development.js:17450:11)
      at performWorkOnRoot (node_modules/react-dom/cjs/react-dom-client.development.js:16504:11)
      at performWorkOnRootViaSchedulerTask (node_modules/react-dom/cjs/react-dom-client.development.js:18957:7)
      at flushActQueue (node_modules/react/cjs/react.development.js:590:34)
      at process.env.NODE_ENV.exports.act (node_modules/react/cjs/react.development.js:884:10)
      at node_modules/@testing-library/react/dist/act-compat.js:46:25
      at renderRoot (node_modules/@testing-library/react/dist/pure.js:189:26)
      at render (node_modules/@testing-library/react/dist/pure.js:291:10)
      at setup (src/__tests__/pages/Statistiquesadherent.test.jsx:68:23)
      at Object.setup (src/__tests__/pages/Statistiquesadherent.test.jsx:292:5)

  console.warn
    The width(-1) and height(-1) of chart should be greater than 0,
           please check the style of container, or the props width(100%) and height(100%),
           or add a minWidth(0) or minHeight(undefined) or use aspect(undefined) to control the
           height and width.

    [0m [90m 66 |[39m   jest[33m.[39museFakeTimers()[33m.[39msetSystemTime([33mNOW[39m)[33m;[39m
     [90m 67 |[39m   window[33m.[39mapi [33m=[39m buildApi(apiOverrides)[33m;[39m
    [31m[1m>[22m[39m[90m 68 |[39m   [36mconst[39m utils [33m=[39m render([33m<[39m[33mStatistiquesAdherent[39m onPageChange[33m=[39m{onPageChange} [33m/[39m[33m>[39m)[33m;[39m
     [90m    |[39m                       [31m[1m^[22m[39m
     [90m 69 |[39m   [36mreturn[39m utils[33m;[39m
     [90m 70 |[39m }[33m;[39m
     [90m 71 |[39m[0m

      at warn (node_modules/recharts/lib/util/LogUtils.js:22:17)
      at node_modules/recharts/lib/component/ResponsiveContainer.js:144:22
      at Object.react_stack_bottom_frame (node_modules/react-dom/cjs/react-dom-client.development.js:25904:20)
      at renderWithHooks (node_modules/react-dom/cjs/react-dom-client.development.js:7662:22)
      at updateForwardRef (node_modules/react-dom/cjs/react-dom-client.development.js:9724:19)
      at beginWork (node_modules/react-dom/cjs/react-dom-client.development.js:12117:18)
      at runWithFiberInDEV (node_modules/react-dom/cjs/react-dom-client.development.js:874:13)
      at performUnitOfWork (node_modules/react-dom/cjs/react-dom-client.development.js:17641:22)
      at workLoopSync (node_modules/react-dom/cjs/react-dom-client.development.js:17469:41)
      at renderRootSync (node_modules/react-dom/cjs/react-dom-client.development.js:17450:11)
      at performWorkOnRoot (node_modules/react-dom/cjs/react-dom-client.development.js:16504:11)
      at performWorkOnRootViaSchedulerTask (node_modules/react-dom/cjs/react-dom-client.development.js:18957:7)
      at flushActQueue (node_modules/react/cjs/react.development.js:590:34)
      at process.env.NODE_ENV.exports.act (node_modules/react/cjs/react.development.js:884:10)
      at node_modules/@testing-library/react/dist/act-compat.js:46:25
      at renderRoot (node_modules/@testing-library/react/dist/pure.js:189:26)
      at render (node_modules/@testing-library/react/dist/pure.js:291:10)
      at setup (src/__tests__/pages/Statistiquesadherent.test.jsx:68:23)
      at Object.setup (src/__tests__/pages/Statistiquesadherent.test.jsx:292:5)

  console.warn
    The width(-1) and height(-1) of chart should be greater than 0,
           please check the style of container, or the props width(100%) and height(100%),
           or add a minWidth(0) or minHeight(undefined) or use aspect(undefined) to control the
           height and width.

      at warn (node_modules/recharts/lib/util/LogUtils.js:22:17)
      at node_modules/recharts/lib/component/ResponsiveContainer.js:144:22
      at Object.react_stack_bottom_frame (node_modules/react-dom/cjs/react-dom-client.development.js:25904:20)
      at renderWithHooks (node_modules/react-dom/cjs/react-dom-client.development.js:7662:22)
      at updateForwardRef (node_modules/react-dom/cjs/react-dom-client.development.js:9724:19)
      at beginWork (node_modules/react-dom/cjs/react-dom-client.development.js:12117:18)
      at runWithFiberInDEV (node_modules/react-dom/cjs/react-dom-client.development.js:874:13)
      at performUnitOfWork (node_modules/react-dom/cjs/react-dom-client.development.js:17641:22)
      at workLoopSync (node_modules/react-dom/cjs/react-dom-client.development.js:17469:41)
      at renderRootSync (node_modules/react-dom/cjs/react-dom-client.development.js:17450:11)
      at performWorkOnRoot (node_modules/react-dom/cjs/react-dom-client.development.js:16504:11)
      at performWorkOnRootViaSchedulerTask (node_modules/react-dom/cjs/react-dom-client.development.js:18957:7)
      at flushActQueue (node_modules/react/cjs/react.development.js:590:34)
      at node_modules/react/cjs/react.development.js:847:21

  console.warn
    The width(-1) and height(-1) of chart should be greater than 0,
           please check the style of container, or the props width(100%) and height(100%),
           or add a minWidth(0) or minHeight(undefined) or use aspect(undefined) to control the
           height and width.

      at warn (node_modules/recharts/lib/util/LogUtils.js:22:17)
      at node_modules/recharts/lib/component/ResponsiveContainer.js:144:22
      at Object.react_stack_bottom_frame (node_modules/react-dom/cjs/react-dom-client.development.js:25904:20)
      at renderWithHooks (node_modules/react-dom/cjs/react-dom-client.development.js:7662:22)
      at updateForwardRef (node_modules/react-dom/cjs/react-dom-client.development.js:9724:19)
      at beginWork (node_modules/react-dom/cjs/react-dom-client.development.js:12117:18)
      at runWithFiberInDEV (node_modules/react-dom/cjs/react-dom-client.development.js:874:13)
      at performUnitOfWork (node_modules/react-dom/cjs/react-dom-client.development.js:17641:22)
      at workLoopSync (node_modules/react-dom/cjs/react-dom-client.development.js:17469:41)
      at renderRootSync (node_modules/react-dom/cjs/react-dom-client.development.js:17450:11)
      at performWorkOnRoot (node_modules/react-dom/cjs/react-dom-client.development.js:16504:11)
      at performWorkOnRootViaSchedulerTask (node_modules/react-dom/cjs/react-dom-client.development.js:18957:7)
      at flushActQueue (node_modules/react/cjs/react.development.js:590:34)
      at node_modules/react/cjs/react.development.js:847:21

  console.warn
    The width(-1) and height(-1) of chart should be greater than 0,
           please check the style of container, or the props width(100%) and height(100%),
           or add a minWidth(0) or minHeight(undefined) or use aspect(undefined) to control the
           height and width.

      at warn (node_modules/recharts/lib/util/LogUtils.js:22:17)
      at node_modules/recharts/lib/component/ResponsiveContainer.js:144:22
      at Object.react_stack_bottom_frame (node_modules/react-dom/cjs/react-dom-client.development.js:25904:20)
      at renderWithHooks (node_modules/react-dom/cjs/react-dom-client.development.js:7662:22)
      at updateForwardRef (node_modules/react-dom/cjs/react-dom-client.development.js:9724:19)
      at beginWork (node_modules/react-dom/cjs/react-dom-client.development.js:12117:18)
      at runWithFiberInDEV (node_modules/react-dom/cjs/react-dom-client.development.js:874:13)
      at performUnitOfWork (node_modules/react-dom/cjs/react-dom-client.development.js:17641:22)
      at workLoopSync (node_modules/react-dom/cjs/react-dom-client.development.js:17469:41)
      at renderRootSync (node_modules/react-dom/cjs/react-dom-client.development.js:17450:11)
      at performWorkOnRoot (node_modules/react-dom/cjs/react-dom-client.development.js:16504:11)
      at performWorkOnRootViaSchedulerTask (node_modules/react-dom/cjs/react-dom-client.development.js:18957:7)
      at flushActQueue (node_modules/react/cjs/react.development.js:590:34)
      at recursivelyFlushAsyncActWork (node_modules/react/cjs/react.development.js:566:13)
      at Immediate._onImmediate (node_modules/react/cjs/react.development.js:849:32)

  console.warn
    The width(-1) and height(-1) of chart should be greater than 0,
           please check the style of container, or the props width(100%) and height(100%),
           or add a minWidth(0) or minHeight(undefined) or use aspect(undefined) to control the
           height and width.

      at warn (node_modules/recharts/lib/util/LogUtils.js:22:17)
      at node_modules/recharts/lib/component/ResponsiveContainer.js:144:22
      at Object.react_stack_bottom_frame (node_modules/react-dom/cjs/react-dom-client.development.js:25904:20)
      at renderWithHooks (node_modules/react-dom/cjs/react-dom-client.development.js:7662:22)
      at updateForwardRef (node_modules/react-dom/cjs/react-dom-client.development.js:9724:19)
      at beginWork (node_modules/react-dom/cjs/react-dom-client.development.js:12117:18)
      at runWithFiberInDEV (node_modules/react-dom/cjs/react-dom-client.development.js:874:13)
      at performUnitOfWork (node_modules/react-dom/cjs/react-dom-client.development.js:17641:22)
      at workLoopSync (node_modules/react-dom/cjs/react-dom-client.development.js:17469:41)
      at renderRootSync (node_modules/react-dom/cjs/react-dom-client.development.js:17450:11)
      at performWorkOnRoot (node_modules/react-dom/cjs/react-dom-client.development.js:16504:11)
      at performWorkOnRootViaSchedulerTask (node_modules/react-dom/cjs/react-dom-client.development.js:18957:7)
      at flushActQueue (node_modules/react/cjs/react.development.js:590:34)
      at recursivelyFlushAsyncActWork (node_modules/react/cjs/react.development.js:566:13)
      at Immediate._onImmediate (node_modules/react/cjs/react.development.js:849:32)

  console.warn
    The width(-1) and height(-1) of chart should be greater than 0,
           please check the style of container, or the props width(100%) and height(100%),
           or add a minWidth(0) or minHeight(undefined) or use aspect(undefined) to control the
           height and width.

    [0m [90m 66 |[39m   jest[33m.[39museFakeTimers()[33m.[39msetSystemTime([33mNOW[39m)[33m;[39m
     [90m 67 |[39m   window[33m.[39mapi [33m=[39m buildApi(apiOverrides)[33m;[39m
    [31m[1m>[22m[39m[90m 68 |[39m   [36mconst[39m utils [33m=[39m render([33m<[39m[33mStatistiquesAdherent[39m onPageChange[33m=[39m{onPageChange} [33m/[39m[33m>[39m)[33m;[39m
     [90m    |[39m                       [31m[1m^[22m[39m
     [90m 69 |[39m   [36mreturn[39m utils[33m;[39m
     [90m 70 |[39m }[33m;[39m
     [90m 71 |[39m[0m

      at warn (node_modules/recharts/lib/util/LogUtils.js:22:17)
      at node_modules/recharts/lib/component/ResponsiveContainer.js:144:22
      at Object.react_stack_bottom_frame (node_modules/react-dom/cjs/react-dom-client.development.js:25904:20)
      at renderWithHooks (node_modules/react-dom/cjs/react-dom-client.development.js:7662:22)
      at updateForwardRef (node_modules/react-dom/cjs/react-dom-client.development.js:9724:19)
      at beginWork (node_modules/react-dom/cjs/react-dom-client.development.js:12117:18)
      at runWithFiberInDEV (node_modules/react-dom/cjs/react-dom-client.development.js:874:13)
      at performUnitOfWork (node_modules/react-dom/cjs/react-dom-client.development.js:17641:22)
      at workLoopSync (node_modules/react-dom/cjs/react-dom-client.development.js:17469:41)
      at renderRootSync (node_modules/react-dom/cjs/react-dom-client.development.js:17450:11)
      at performWorkOnRoot (node_modules/react-dom/cjs/react-dom-client.development.js:16504:11)
      at performWorkOnRootViaSchedulerTask (node_modules/react-dom/cjs/react-dom-client.development.js:18957:7)
      at flushActQueue (node_modules/react/cjs/react.development.js:590:34)
      at process.env.NODE_ENV.exports.act (node_modules/react/cjs/react.development.js:884:10)
      at node_modules/@testing-library/react/dist/act-compat.js:46:25
      at renderRoot (node_modules/@testing-library/react/dist/pure.js:189:26)
      at render (node_modules/@testing-library/react/dist/pure.js:291:10)
      at setup (src/__tests__/pages/Statistiquesadherent.test.jsx:68:23)
      at Object.setup (src/__tests__/pages/Statistiquesadherent.test.jsx:298:5)

  console.warn
    The width(-1) and height(-1) of chart should be greater than 0,
           please check the style of container, or the props width(100%) and height(100%),
           or add a minWidth(0) or minHeight(undefined) or use aspect(undefined) to control the
           height and width.

    [0m [90m 66 |[39m   jest[33m.[39museFakeTimers()[33m.[39msetSystemTime([33mNOW[39m)[33m;[39m
     [90m 67 |[39m   window[33m.[39mapi [33m=[39m buildApi(apiOverrides)[33m;[39m
    [31m[1m>[22m[39m[90m 68 |[39m   [36mconst[39m utils [33m=[39m render([33m<[39m[33mStatistiquesAdherent[39m onPageChange[33m=[39m{onPageChange} [33m/[39m[33m>[39m)[33m;[39m
     [90m    |[39m                       [31m[1m^[22m[39m
     [90m 69 |[39m   [36mreturn[39m utils[33m;[39m
     [90m 70 |[39m }[33m;[39m
     [90m 71 |[39m[0m

      at warn (node_modules/recharts/lib/util/LogUtils.js:22:17)
      at node_modules/recharts/lib/component/ResponsiveContainer.js:144:22
      at Object.react_stack_bottom_frame (node_modules/react-dom/cjs/react-dom-client.development.js:25904:20)
      at renderWithHooks (node_modules/react-dom/cjs/react-dom-client.development.js:7662:22)
      at updateForwardRef (node_modules/react-dom/cjs/react-dom-client.development.js:9724:19)
      at beginWork (node_modules/react-dom/cjs/react-dom-client.development.js:12117:18)
      at runWithFiberInDEV (node_modules/react-dom/cjs/react-dom-client.development.js:874:13)
      at performUnitOfWork (node_modules/react-dom/cjs/react-dom-client.development.js:17641:22)
      at workLoopSync (node_modules/react-dom/cjs/react-dom-client.development.js:17469:41)
      at renderRootSync (node_modules/react-dom/cjs/react-dom-client.development.js:17450:11)
      at performWorkOnRoot (node_modules/react-dom/cjs/react-dom-client.development.js:16504:11)
      at performWorkOnRootViaSchedulerTask (node_modules/react-dom/cjs/react-dom-client.development.js:18957:7)
      at flushActQueue (node_modules/react/cjs/react.development.js:590:34)
      at process.env.NODE_ENV.exports.act (node_modules/react/cjs/react.development.js:884:10)
      at node_modules/@testing-library/react/dist/act-compat.js:46:25
      at renderRoot (node_modules/@testing-library/react/dist/pure.js:189:26)
      at render (node_modules/@testing-library/react/dist/pure.js:291:10)
      at setup (src/__tests__/pages/Statistiquesadherent.test.jsx:68:23)
      at Object.setup (src/__tests__/pages/Statistiquesadherent.test.jsx:298:5)

  console.warn
    The width(-1) and height(-1) of chart should be greater than 0,
           please check the style of container, or the props width(100%) and height(100%),
           or add a minWidth(0) or minHeight(undefined) or use aspect(undefined) to control the
           height and width.

      at warn (node_modules/recharts/lib/util/LogUtils.js:22:17)
      at node_modules/recharts/lib/component/ResponsiveContainer.js:144:22
      at Object.react_stack_bottom_frame (node_modules/react-dom/cjs/react-dom-client.development.js:25904:20)
      at renderWithHooks (node_modules/react-dom/cjs/react-dom-client.development.js:7662:22)
      at updateForwardRef (node_modules/react-dom/cjs/react-dom-client.development.js:9724:19)
      at beginWork (node_modules/react-dom/cjs/react-dom-client.development.js:12117:18)
      at runWithFiberInDEV (node_modules/react-dom/cjs/react-dom-client.development.js:874:13)
      at performUnitOfWork (node_modules/react-dom/cjs/react-dom-client.development.js:17641:22)
      at workLoopSync (node_modules/react-dom/cjs/react-dom-client.development.js:17469:41)
      at renderRootSync (node_modules/react-dom/cjs/react-dom-client.development.js:17450:11)
      at performWorkOnRoot (node_modules/react-dom/cjs/react-dom-client.development.js:16504:11)
      at performWorkOnRootViaSchedulerTask (node_modules/react-dom/cjs/react-dom-client.development.js:18957:7)
      at flushActQueue (node_modules/react/cjs/react.development.js:590:34)
      at node_modules/react/cjs/react.development.js:847:21

  console.warn
    The width(-1) and height(-1) of chart should be greater than 0,
           please check the style of container, or the props width(100%) and height(100%),
           or add a minWidth(0) or minHeight(undefined) or use aspect(undefined) to control the
           height and width.

      at warn (node_modules/recharts/lib/util/LogUtils.js:22:17)
      at node_modules/recharts/lib/component/ResponsiveContainer.js:144:22
      at Object.react_stack_bottom_frame (node_modules/react-dom/cjs/react-dom-client.development.js:25904:20)
      at renderWithHooks (node_modules/react-dom/cjs/react-dom-client.development.js:7662:22)
      at updateForwardRef (node_modules/react-dom/cjs/react-dom-client.development.js:9724:19)
      at beginWork (node_modules/react-dom/cjs/react-dom-client.development.js:12117:18)
      at runWithFiberInDEV (node_modules/react-dom/cjs/react-dom-client.development.js:874:13)
      at performUnitOfWork (node_modules/react-dom/cjs/react-dom-client.development.js:17641:22)
      at workLoopSync (node_modules/react-dom/cjs/react-dom-client.development.js:17469:41)
      at renderRootSync (node_modules/react-dom/cjs/react-dom-client.development.js:17450:11)
      at performWorkOnRoot (node_modules/react-dom/cjs/react-dom-client.development.js:16504:11)
      at performWorkOnRootViaSchedulerTask (node_modules/react-dom/cjs/react-dom-client.development.js:18957:7)
      at flushActQueue (node_modules/react/cjs/react.development.js:590:34)
      at node_modules/react/cjs/react.development.js:847:21

  console.warn
    The width(-1) and height(-1) of chart should be greater than 0,
           please check the style of container, or the props width(100%) and height(100%),
           or add a minWidth(0) or minHeight(undefined) or use aspect(undefined) to control the
           height and width.

      at warn (node_modules/recharts/lib/util/LogUtils.js:22:17)
      at node_modules/recharts/lib/component/ResponsiveContainer.js:144:22
      at Object.react_stack_bottom_frame (node_modules/react-dom/cjs/react-dom-client.development.js:25904:20)
      at renderWithHooks (node_modules/react-dom/cjs/react-dom-client.development.js:7662:22)
      at updateForwardRef (node_modules/react-dom/cjs/react-dom-client.development.js:9724:19)
      at beginWork (node_modules/react-dom/cjs/react-dom-client.development.js:12117:18)
      at runWithFiberInDEV (node_modules/react-dom/cjs/react-dom-client.development.js:874:13)
      at performUnitOfWork (node_modules/react-dom/cjs/react-dom-client.development.js:17641:22)
      at workLoopSync (node_modules/react-dom/cjs/react-dom-client.development.js:17469:41)
      at renderRootSync (node_modules/react-dom/cjs/react-dom-client.development.js:17450:11)
      at performWorkOnRoot (node_modules/react-dom/cjs/react-dom-client.development.js:16504:11)
      at performWorkOnRootViaSchedulerTask (node_modules/react-dom/cjs/react-dom-client.development.js:18957:7)
      at flushActQueue (node_modules/react/cjs/react.development.js:590:34)
      at recursivelyFlushAsyncActWork (node_modules/react/cjs/react.development.js:566:13)
      at Immediate._onImmediate (node_modules/react/cjs/react.development.js:849:32)

  console.warn
    The width(-1) and height(-1) of chart should be greater than 0,
           please check the style of container, or the props width(100%) and height(100%),
           or add a minWidth(0) or minHeight(undefined) or use aspect(undefined) to control the
           height and width.

      at warn (node_modules/recharts/lib/util/LogUtils.js:22:17)
      at node_modules/recharts/lib/component/ResponsiveContainer.js:144:22
      at Object.react_stack_bottom_frame (node_modules/react-dom/cjs/react-dom-client.development.js:25904:20)
      at renderWithHooks (node_modules/react-dom/cjs/react-dom-client.development.js:7662:22)
      at updateForwardRef (node_modules/react-dom/cjs/react-dom-client.development.js:9724:19)
      at beginWork (node_modules/react-dom/cjs/react-dom-client.development.js:12117:18)
      at runWithFiberInDEV (node_modules/react-dom/cjs/react-dom-client.development.js:874:13)
      at performUnitOfWork (node_modules/react-dom/cjs/react-dom-client.development.js:17641:22)
      at workLoopSync (node_modules/react-dom/cjs/react-dom-client.development.js:17469:41)
      at renderRootSync (node_modules/react-dom/cjs/react-dom-client.development.js:17450:11)
      at performWorkOnRoot (node_modules/react-dom/cjs/react-dom-client.development.js:16504:11)
      at performWorkOnRootViaSchedulerTask (node_modules/react-dom/cjs/react-dom-client.development.js:18957:7)
      at flushActQueue (node_modules/react/cjs/react.development.js:590:34)
      at recursivelyFlushAsyncActWork (node_modules/react/cjs/react.development.js:566:13)
      at Immediate._onImmediate (node_modules/react/cjs/react.development.js:849:32)

  console.warn
    The width(-1) and height(-1) of chart should be greater than 0,
           please check the style of container, or the props width(100%) and height(100%),
           or add a minWidth(0) or minHeight(undefined) or use aspect(undefined) to control the
           height and width.

    [0m [90m 66 |[39m   jest[33m.[39museFakeTimers()[33m.[39msetSystemTime([33mNOW[39m)[33m;[39m
     [90m 67 |[39m   window[33m.[39mapi [33m=[39m buildApi(apiOverrides)[33m;[39m
    [31m[1m>[22m[39m[90m 68 |[39m   [36mconst[39m utils [33m=[39m render([33m<[39m[33mStatistiquesAdherent[39m onPageChange[33m=[39m{onPageChange} [33m/[39m[33m>[39m)[33m;[39m
     [90m    |[39m                       [31m[1m^[22m[39m
     [90m 69 |[39m   [36mreturn[39m utils[33m;[39m
     [90m 70 |[39m }[33m;[39m
     [90m 71 |[39m[0m

      at warn (node_modules/recharts/lib/util/LogUtils.js:22:17)
      at node_modules/recharts/lib/component/ResponsiveContainer.js:144:22
      at Object.react_stack_bottom_frame (node_modules/react-dom/cjs/react-dom-client.development.js:25904:20)
      at renderWithHooks (node_modules/react-dom/cjs/react-dom-client.development.js:7662:22)
      at updateForwardRef (node_modules/react-dom/cjs/react-dom-client.development.js:9724:19)
      at beginWork (node_modules/react-dom/cjs/react-dom-client.development.js:12117:18)
      at runWithFiberInDEV (node_modules/react-dom/cjs/react-dom-client.development.js:874:13)
      at performUnitOfWork (node_modules/react-dom/cjs/react-dom-client.development.js:17641:22)
      at workLoopSync (node_modules/react-dom/cjs/react-dom-client.development.js:17469:41)
      at renderRootSync (node_modules/react-dom/cjs/react-dom-client.development.js:17450:11)
      at performWorkOnRoot (node_modules/react-dom/cjs/react-dom-client.development.js:16504:11)
      at performWorkOnRootViaSchedulerTask (node_modules/react-dom/cjs/react-dom-client.development.js:18957:7)
      at flushActQueue (node_modules/react/cjs/react.development.js:590:34)
      at process.env.NODE_ENV.exports.act (node_modules/react/cjs/react.development.js:884:10)
      at node_modules/@testing-library/react/dist/act-compat.js:46:25
      at renderRoot (node_modules/@testing-library/react/dist/pure.js:189:26)
      at render (node_modules/@testing-library/react/dist/pure.js:291:10)
      at setup (src/__tests__/pages/Statistiquesadherent.test.jsx:68:23)
      at Object.setup (src/__tests__/pages/Statistiquesadherent.test.jsx:308:5)

  console.warn
    The width(-1) and height(-1) of chart should be greater than 0,
           please check the style of container, or the props width(100%) and height(100%),
           or add a minWidth(0) or minHeight(undefined) or use aspect(undefined) to control the
           height and width.

    [0m [90m 66 |[39m   jest[33m.[39museFakeTimers()[33m.[39msetSystemTime([33mNOW[39m)[33m;[39m
     [90m 67 |[39m   window[33m.[39mapi [33m=[39m buildApi(apiOverrides)[33m;[39m
    [31m[1m>[22m[39m[90m 68 |[39m   [36mconst[39m utils [33m=[39m render([33m<[39m[33mStatistiquesAdherent[39m onPageChange[33m=[39m{onPageChange} [33m/[39m[33m>[39m)[33m;[39m
     [90m    |[39m                       [31m[1m^[22m[39m
     [90m 69 |[39m   [36mreturn[39m utils[33m;[39m
     [90m 70 |[39m }[33m;[39m
     [90m 71 |[39m[0m

      at warn (node_modules/recharts/lib/util/LogUtils.js:22:17)
      at node_modules/recharts/lib/component/ResponsiveContainer.js:144:22
      at Object.react_stack_bottom_frame (node_modules/react-dom/cjs/react-dom-client.development.js:25904:20)
      at renderWithHooks (node_modules/react-dom/cjs/react-dom-client.development.js:7662:22)
      at updateForwardRef (node_modules/react-dom/cjs/react-dom-client.development.js:9724:19)
      at beginWork (node_modules/react-dom/cjs/react-dom-client.development.js:12117:18)
      at runWithFiberInDEV (node_modules/react-dom/cjs/react-dom-client.development.js:874:13)
      at performUnitOfWork (node_modules/react-dom/cjs/react-dom-client.development.js:17641:22)
      at workLoopSync (node_modules/react-dom/cjs/react-dom-client.development.js:17469:41)
      at renderRootSync (node_modules/react-dom/cjs/react-dom-client.development.js:17450:11)
      at performWorkOnRoot (node_modules/react-dom/cjs/react-dom-client.development.js:16504:11)
      at performWorkOnRootViaSchedulerTask (node_modules/react-dom/cjs/react-dom-client.development.js:18957:7)
      at flushActQueue (node_modules/react/cjs/react.development.js:590:34)
      at process.env.NODE_ENV.exports.act (node_modules/react/cjs/react.development.js:884:10)
      at node_modules/@testing-library/react/dist/act-compat.js:46:25
      at renderRoot (node_modules/@testing-library/react/dist/pure.js:189:26)
      at render (node_modules/@testing-library/react/dist/pure.js:291:10)
      at setup (src/__tests__/pages/Statistiquesadherent.test.jsx:68:23)
      at Object.setup (src/__tests__/pages/Statistiquesadherent.test.jsx:308:5)

  console.warn
    The width(-1) and height(-1) of chart should be greater than 0,
           please check the style of container, or the props width(100%) and height(100%),
           or add a minWidth(0) or minHeight(undefined) or use aspect(undefined) to control the
           height and width.

      at warn (node_modules/recharts/lib/util/LogUtils.js:22:17)
      at node_modules/recharts/lib/component/ResponsiveContainer.js:144:22
      at Object.react_stack_bottom_frame (node_modules/react-dom/cjs/react-dom-client.development.js:25904:20)
      at renderWithHooks (node_modules/react-dom/cjs/react-dom-client.development.js:7662:22)
      at updateForwardRef (node_modules/react-dom/cjs/react-dom-client.development.js:9724:19)
      at beginWork (node_modules/react-dom/cjs/react-dom-client.development.js:12117:18)
      at runWithFiberInDEV (node_modules/react-dom/cjs/react-dom-client.development.js:874:13)
      at performUnitOfWork (node_modules/react-dom/cjs/react-dom-client.development.js:17641:22)
      at workLoopSync (node_modules/react-dom/cjs/react-dom-client.development.js:17469:41)
      at renderRootSync (node_modules/react-dom/cjs/react-dom-client.development.js:17450:11)
      at performWorkOnRoot (node_modules/react-dom/cjs/react-dom-client.development.js:16504:11)
      at performWorkOnRootViaSchedulerTask (node_modules/react-dom/cjs/react-dom-client.development.js:18957:7)
      at flushActQueue (node_modules/react/cjs/react.development.js:590:34)
      at node_modules/react/cjs/react.development.js:847:21

  console.warn
    The width(-1) and height(-1) of chart should be greater than 0,
           please check the style of container, or the props width(100%) and height(100%),
           or add a minWidth(0) or minHeight(undefined) or use aspect(undefined) to control the
           height and width.

      at warn (node_modules/recharts/lib/util/LogUtils.js:22:17)
      at node_modules/recharts/lib/component/ResponsiveContainer.js:144:22
      at Object.react_stack_bottom_frame (node_modules/react-dom/cjs/react-dom-client.development.js:25904:20)
      at renderWithHooks (node_modules/react-dom/cjs/react-dom-client.development.js:7662:22)
      at updateForwardRef (node_modules/react-dom/cjs/react-dom-client.development.js:9724:19)
      at beginWork (node_modules/react-dom/cjs/react-dom-client.development.js:12117:18)
      at runWithFiberInDEV (node_modules/react-dom/cjs/react-dom-client.development.js:874:13)
      at performUnitOfWork (node_modules/react-dom/cjs/react-dom-client.development.js:17641:22)
      at workLoopSync (node_modules/react-dom/cjs/react-dom-client.development.js:17469:41)
      at renderRootSync (node_modules/react-dom/cjs/react-dom-client.development.js:17450:11)
      at performWorkOnRoot (node_modules/react-dom/cjs/react-dom-client.development.js:16504:11)
      at performWorkOnRootViaSchedulerTask (node_modules/react-dom/cjs/react-dom-client.development.js:18957:7)
      at flushActQueue (node_modules/react/cjs/react.development.js:590:34)
      at node_modules/react/cjs/react.development.js:847:21

  console.warn
    The width(-1) and height(-1) of chart should be greater than 0,
           please check the style of container, or the props width(100%) and height(100%),
           or add a minWidth(0) or minHeight(undefined) or use aspect(undefined) to control the
           height and width.

      at warn (node_modules/recharts/lib/util/LogUtils.js:22:17)
      at node_modules/recharts/lib/component/ResponsiveContainer.js:144:22
      at Object.react_stack_bottom_frame (node_modules/react-dom/cjs/react-dom-client.development.js:25904:20)
      at renderWithHooks (node_modules/react-dom/cjs/react-dom-client.development.js:7662:22)
      at updateForwardRef (node_modules/react-dom/cjs/react-dom-client.development.js:9724:19)
      at beginWork (node_modules/react-dom/cjs/react-dom-client.development.js:12117:18)
      at runWithFiberInDEV (node_modules/react-dom/cjs/react-dom-client.development.js:874:13)
      at performUnitOfWork (node_modules/react-dom/cjs/react-dom-client.development.js:17641:22)
      at workLoopSync (node_modules/react-dom/cjs/react-dom-client.development.js:17469:41)
      at renderRootSync (node_modules/react-dom/cjs/react-dom-client.development.js:17450:11)
      at performWorkOnRoot (node_modules/react-dom/cjs/react-dom-client.development.js:16504:11)
      at performWorkOnRootViaSchedulerTask (node_modules/react-dom/cjs/react-dom-client.development.js:18957:7)
      at flushActQueue (node_modules/react/cjs/react.development.js:590:34)
      at recursivelyFlushAsyncActWork (node_modules/react/cjs/react.development.js:566:13)
      at Immediate._onImmediate (node_modules/react/cjs/react.development.js:849:32)

  console.warn
    The width(-1) and height(-1) of chart should be greater than 0,
           please check the style of container, or the props width(100%) and height(100%),
           or add a minWidth(0) or minHeight(undefined) or use aspect(undefined) to control the
           height and width.

      at warn (node_modules/recharts/lib/util/LogUtils.js:22:17)
      at node_modules/recharts/lib/component/ResponsiveContainer.js:144:22
      at Object.react_stack_bottom_frame (node_modules/react-dom/cjs/react-dom-client.development.js:25904:20)
      at renderWithHooks (node_modules/react-dom/cjs/react-dom-client.development.js:7662:22)
      at updateForwardRef (node_modules/react-dom/cjs/react-dom-client.development.js:9724:19)
      at beginWork (node_modules/react-dom/cjs/react-dom-client.development.js:12117:18)
      at runWithFiberInDEV (node_modules/react-dom/cjs/react-dom-client.development.js:874:13)
      at performUnitOfWork (node_modules/react-dom/cjs/react-dom-client.development.js:17641:22)
      at workLoopSync (node_modules/react-dom/cjs/react-dom-client.development.js:17469:41)
      at renderRootSync (node_modules/react-dom/cjs/react-dom-client.development.js:17450:11)
      at performWorkOnRoot (node_modules/react-dom/cjs/react-dom-client.development.js:16504:11)
      at performWorkOnRootViaSchedulerTask (node_modules/react-dom/cjs/react-dom-client.development.js:18957:7)
      at flushActQueue (node_modules/react/cjs/react.development.js:590:34)
      at recursivelyFlushAsyncActWork (node_modules/react/cjs/react.development.js:566:13)
      at Immediate._onImmediate (node_modules/react/cjs/react.development.js:849:32)

  console.warn
    The width(-1) and height(-1) of chart should be greater than 0,
           please check the style of container, or the props width(100%) and height(100%),
           or add a minWidth(0) or minHeight(undefined) or use aspect(undefined) to control the
           height and width.

    [0m [90m 66 |[39m   jest[33m.[39museFakeTimers()[33m.[39msetSystemTime([33mNOW[39m)[33m;[39m
     [90m 67 |[39m   window[33m.[39mapi [33m=[39m buildApi(apiOverrides)[33m;[39m
    [31m[1m>[22m[39m[90m 68 |[39m   [36mconst[39m utils [33m=[39m render([33m<[39m[33mStatistiquesAdherent[39m onPageChange[33m=[39m{onPageChange} [33m/[39m[33m>[39m)[33m;[39m
     [90m    |[39m                       [31m[1m^[22m[39m
     [90m 69 |[39m   [36mreturn[39m utils[33m;[39m
     [90m 70 |[39m }[33m;[39m
     [90m 71 |[39m[0m

      at warn (node_modules/recharts/lib/util/LogUtils.js:22:17)
      at node_modules/recharts/lib/component/ResponsiveContainer.js:144:22
      at Object.react_stack_bottom_frame (node_modules/react-dom/cjs/react-dom-client.development.js:25904:20)
      at renderWithHooks (node_modules/react-dom/cjs/react-dom-client.development.js:7662:22)
      at updateForwardRef (node_modules/react-dom/cjs/react-dom-client.development.js:9724:19)
      at beginWork (node_modules/react-dom/cjs/react-dom-client.development.js:12117:18)
      at runWithFiberInDEV (node_modules/react-dom/cjs/react-dom-client.development.js:874:13)
      at performUnitOfWork (node_modules/react-dom/cjs/react-dom-client.development.js:17641:22)
      at workLoopSync (node_modules/react-dom/cjs/react-dom-client.development.js:17469:41)
      at renderRootSync (node_modules/react-dom/cjs/react-dom-client.development.js:17450:11)
      at performWorkOnRoot (node_modules/react-dom/cjs/react-dom-client.development.js:16504:11)
      at performWorkOnRootViaSchedulerTask (node_modules/react-dom/cjs/react-dom-client.development.js:18957:7)
      at flushActQueue (node_modules/react/cjs/react.development.js:590:34)
      at process.env.NODE_ENV.exports.act (node_modules/react/cjs/react.development.js:884:10)
      at node_modules/@testing-library/react/dist/act-compat.js:46:25
      at renderRoot (node_modules/@testing-library/react/dist/pure.js:189:26)
      at render (node_modules/@testing-library/react/dist/pure.js:291:10)
      at setup (src/__tests__/pages/Statistiquesadherent.test.jsx:68:23)
      at Object.setup (src/__tests__/pages/Statistiquesadherent.test.jsx:325:5)

  console.warn
    The width(-1) and height(-1) of chart should be greater than 0,
           please check the style of container, or the props width(100%) and height(100%),
           or add a minWidth(0) or minHeight(undefined) or use aspect(undefined) to control the
           height and width.

    [0m [90m 66 |[39m   jest[33m.[39museFakeTimers()[33m.[39msetSystemTime([33mNOW[39m)[33m;[39m
     [90m 67 |[39m   window[33m.[39mapi [33m=[39m buildApi(apiOverrides)[33m;[39m
    [31m[1m>[22m[39m[90m 68 |[39m   [36mconst[39m utils [33m=[39m render([33m<[39m[33mStatistiquesAdherent[39m onPageChange[33m=[39m{onPageChange} [33m/[39m[33m>[39m)[33m;[39m
     [90m    |[39m                       [31m[1m^[22m[39m
     [90m 69 |[39m   [36mreturn[39m utils[33m;[39m
     [90m 70 |[39m }[33m;[39m
     [90m 71 |[39m[0m

      at warn (node_modules/recharts/lib/util/LogUtils.js:22:17)
      at node_modules/recharts/lib/component/ResponsiveContainer.js:144:22
      at Object.react_stack_bottom_frame (node_modules/react-dom/cjs/react-dom-client.development.js:25904:20)
      at renderWithHooks (node_modules/react-dom/cjs/react-dom-client.development.js:7662:22)
      at updateForwardRef (node_modules/react-dom/cjs/react-dom-client.development.js:9724:19)
      at beginWork (node_modules/react-dom/cjs/react-dom-client.development.js:12117:18)
      at runWithFiberInDEV (node_modules/react-dom/cjs/react-dom-client.development.js:874:13)
      at performUnitOfWork (node_modules/react-dom/cjs/react-dom-client.development.js:17641:22)
      at workLoopSync (node_modules/react-dom/cjs/react-dom-client.development.js:17469:41)
      at renderRootSync (node_modules/react-dom/cjs/react-dom-client.development.js:17450:11)
      at performWorkOnRoot (node_modules/react-dom/cjs/react-dom-client.development.js:16504:11)
      at performWorkOnRootViaSchedulerTask (node_modules/react-dom/cjs/react-dom-client.development.js:18957:7)
      at flushActQueue (node_modules/react/cjs/react.development.js:590:34)
      at process.env.NODE_ENV.exports.act (node_modules/react/cjs/react.development.js:884:10)
      at node_modules/@testing-library/react/dist/act-compat.js:46:25
      at renderRoot (node_modules/@testing-library/react/dist/pure.js:189:26)
      at render (node_modules/@testing-library/react/dist/pure.js:291:10)
      at setup (src/__tests__/pages/Statistiquesadherent.test.jsx:68:23)
      at Object.setup (src/__tests__/pages/Statistiquesadherent.test.jsx:325:5)

  console.warn
    The width(-1) and height(-1) of chart should be greater than 0,
           please check the style of container, or the props width(100%) and height(100%),
           or add a minWidth(0) or minHeight(undefined) or use aspect(undefined) to control the
           height and width.

      at warn (node_modules/recharts/lib/util/LogUtils.js:22:17)
      at node_modules/recharts/lib/component/ResponsiveContainer.js:144:22
      at Object.react_stack_bottom_frame (node_modules/react-dom/cjs/react-dom-client.development.js:25904:20)
      at renderWithHooks (node_modules/react-dom/cjs/react-dom-client.development.js:7662:22)
      at updateForwardRef (node_modules/react-dom/cjs/react-dom-client.development.js:9724:19)
      at beginWork (node_modules/react-dom/cjs/react-dom-client.development.js:12117:18)
      at runWithFiberInDEV (node_modules/react-dom/cjs/react-dom-client.development.js:874:13)
      at performUnitOfWork (node_modules/react-dom/cjs/react-dom-client.development.js:17641:22)
      at workLoopSync (node_modules/react-dom/cjs/react-dom-client.development.js:17469:41)
      at renderRootSync (node_modules/react-dom/cjs/react-dom-client.development.js:17450:11)
      at performWorkOnRoot (node_modules/react-dom/cjs/react-dom-client.development.js:16504:11)
      at performWorkOnRootViaSchedulerTask (node_modules/react-dom/cjs/react-dom-client.development.js:18957:7)
      at flushActQueue (node_modules/react/cjs/react.development.js:590:34)
      at node_modules/react/cjs/react.development.js:847:21

  console.warn
    The width(-1) and height(-1) of chart should be greater than 0,
           please check the style of container, or the props width(100%) and height(100%),
           or add a minWidth(0) or minHeight(undefined) or use aspect(undefined) to control the
           height and width.

      at warn (node_modules/recharts/lib/util/LogUtils.js:22:17)
      at node_modules/recharts/lib/component/ResponsiveContainer.js:144:22
      at Object.react_stack_bottom_frame (node_modules/react-dom/cjs/react-dom-client.development.js:25904:20)
      at renderWithHooks (node_modules/react-dom/cjs/react-dom-client.development.js:7662:22)
      at updateForwardRef (node_modules/react-dom/cjs/react-dom-client.development.js:9724:19)
      at beginWork (node_modules/react-dom/cjs/react-dom-client.development.js:12117:18)
      at runWithFiberInDEV (node_modules/react-dom/cjs/react-dom-client.development.js:874:13)
      at performUnitOfWork (node_modules/react-dom/cjs/react-dom-client.development.js:17641:22)
      at workLoopSync (node_modules/react-dom/cjs/react-dom-client.development.js:17469:41)
      at renderRootSync (node_modules/react-dom/cjs/react-dom-client.development.js:17450:11)
      at performWorkOnRoot (node_modules/react-dom/cjs/react-dom-client.development.js:16504:11)
      at performWorkOnRootViaSchedulerTask (node_modules/react-dom/cjs/react-dom-client.development.js:18957:7)
      at flushActQueue (node_modules/react/cjs/react.development.js:590:34)
      at node_modules/react/cjs/react.development.js:847:21

  console.warn
    The width(-1) and height(-1) of chart should be greater than 0,
           please check the style of container, or the props width(100%) and height(100%),
           or add a minWidth(0) or minHeight(undefined) or use aspect(undefined) to control the
           height and width.

    [0m [90m 66 |[39m   jest[33m.[39museFakeTimers()[33m.[39msetSystemTime([33mNOW[39m)[33m;[39m
     [90m 67 |[39m   window[33m.[39mapi [33m=[39m buildApi(apiOverrides)[33m;[39m
    [31m[1m>[22m[39m[90m 68 |[39m   [36mconst[39m utils [33m=[39m render([33m<[39m[33mStatistiquesAdherent[39m onPageChange[33m=[39m{onPageChange} [33m/[39m[33m>[39m)[33m;[39m
     [90m    |[39m                       [31m[1m^[22m[39m
     [90m 69 |[39m   [36mreturn[39m utils[33m;[39m
     [90m 70 |[39m }[33m;[39m
     [90m 71 |[39m[0m

      at warn (node_modules/recharts/lib/util/LogUtils.js:22:17)
      at node_modules/recharts/lib/component/ResponsiveContainer.js:144:22
      at Object.react_stack_bottom_frame (node_modules/react-dom/cjs/react-dom-client.development.js:25904:20)
      at renderWithHooks (node_modules/react-dom/cjs/react-dom-client.development.js:7662:22)
      at updateForwardRef (node_modules/react-dom/cjs/react-dom-client.development.js:9724:19)
      at beginWork (node_modules/react-dom/cjs/react-dom-client.development.js:12117:18)
      at runWithFiberInDEV (node_modules/react-dom/cjs/react-dom-client.development.js:874:13)
      at performUnitOfWork (node_modules/react-dom/cjs/react-dom-client.development.js:17641:22)
      at workLoopSync (node_modules/react-dom/cjs/react-dom-client.development.js:17469:41)
      at renderRootSync (node_modules/react-dom/cjs/react-dom-client.development.js:17450:11)
      at performWorkOnRoot (node_modules/react-dom/cjs/react-dom-client.development.js:16504:11)
      at performWorkOnRootViaSchedulerTask (node_modules/react-dom/cjs/react-dom-client.development.js:18957:7)
      at flushActQueue (node_modules/react/cjs/react.development.js:590:34)
      at process.env.NODE_ENV.exports.act (node_modules/react/cjs/react.development.js:884:10)
      at node_modules/@testing-library/react/dist/act-compat.js:46:25
      at renderRoot (node_modules/@testing-library/react/dist/pure.js:189:26)
      at render (node_modules/@testing-library/react/dist/pure.js:291:10)
      at setup (src/__tests__/pages/Statistiquesadherent.test.jsx:68:23)
      at Object.setup (src/__tests__/pages/Statistiquesadherent.test.jsx:332:5)

  console.warn
    The width(-1) and height(-1) of chart should be greater than 0,
           please check the style of container, or the props width(100%) and height(100%),
           or add a minWidth(0) or minHeight(undefined) or use aspect(undefined) to control the
           height and width.

    [0m [90m 66 |[39m   jest[33m.[39museFakeTimers()[33m.[39msetSystemTime([33mNOW[39m)[33m;[39m
     [90m 67 |[39m   window[33m.[39mapi [33m=[39m buildApi(apiOverrides)[33m;[39m
    [31m[1m>[22m[39m[90m 68 |[39m   [36mconst[39m utils [33m=[39m render([33m<[39m[33mStatistiquesAdherent[39m onPageChange[33m=[39m{onPageChange} [33m/[39m[33m>[39m)[33m;[39m
     [90m    |[39m                       [31m[1m^[22m[39m
     [90m 69 |[39m   [36mreturn[39m utils[33m;[39m
     [90m 70 |[39m }[33m;[39m
     [90m 71 |[39m[0m

      at warn (node_modules/recharts/lib/util/LogUtils.js:22:17)
      at node_modules/recharts/lib/component/ResponsiveContainer.js:144:22
      at Object.react_stack_bottom_frame (node_modules/react-dom/cjs/react-dom-client.development.js:25904:20)
      at renderWithHooks (node_modules/react-dom/cjs/react-dom-client.development.js:7662:22)
      at updateForwardRef (node_modules/react-dom/cjs/react-dom-client.development.js:9724:19)
      at beginWork (node_modules/react-dom/cjs/react-dom-client.development.js:12117:18)
      at runWithFiberInDEV (node_modules/react-dom/cjs/react-dom-client.development.js:874:13)
      at performUnitOfWork (node_modules/react-dom/cjs/react-dom-client.development.js:17641:22)
      at workLoopSync (node_modules/react-dom/cjs/react-dom-client.development.js:17469:41)
      at renderRootSync (node_modules/react-dom/cjs/react-dom-client.development.js:17450:11)
      at performWorkOnRoot (node_modules/react-dom/cjs/react-dom-client.development.js:16504:11)
      at performWorkOnRootViaSchedulerTask (node_modules/react-dom/cjs/react-dom-client.development.js:18957:7)
      at flushActQueue (node_modules/react/cjs/react.development.js:590:34)
      at process.env.NODE_ENV.exports.act (node_modules/react/cjs/react.development.js:884:10)
      at node_modules/@testing-library/react/dist/act-compat.js:46:25
      at renderRoot (node_modules/@testing-library/react/dist/pure.js:189:26)
      at render (node_modules/@testing-library/react/dist/pure.js:291:10)
      at setup (src/__tests__/pages/Statistiquesadherent.test.jsx:68:23)
      at Object.setup (src/__tests__/pages/Statistiquesadherent.test.jsx:332:5)

  console.warn
    The width(-1) and height(-1) of chart should be greater than 0,
           please check the style of container, or the props width(100%) and height(100%),
           or add a minWidth(0) or minHeight(undefined) or use aspect(undefined) to control the
           height and width.

      at warn (node_modules/recharts/lib/util/LogUtils.js:22:17)
      at node_modules/recharts/lib/component/ResponsiveContainer.js:144:22
      at Object.react_stack_bottom_frame (node_modules/react-dom/cjs/react-dom-client.development.js:25904:20)
      at renderWithHooks (node_modules/react-dom/cjs/react-dom-client.development.js:7662:22)
      at updateForwardRef (node_modules/react-dom/cjs/react-dom-client.development.js:9724:19)
      at beginWork (node_modules/react-dom/cjs/react-dom-client.development.js:12117:18)
      at runWithFiberInDEV (node_modules/react-dom/cjs/react-dom-client.development.js:874:13)
      at performUnitOfWork (node_modules/react-dom/cjs/react-dom-client.development.js:17641:22)
      at workLoopSync (node_modules/react-dom/cjs/react-dom-client.development.js:17469:41)
      at renderRootSync (node_modules/react-dom/cjs/react-dom-client.development.js:17450:11)
      at performWorkOnRoot (node_modules/react-dom/cjs/react-dom-client.development.js:16504:11)
      at performWorkOnRootViaSchedulerTask (node_modules/react-dom/cjs/react-dom-client.development.js:18957:7)
      at flushActQueue (node_modules/react/cjs/react.development.js:590:34)
      at node_modules/react/cjs/react.development.js:847:21

  console.warn
    The width(-1) and height(-1) of chart should be greater than 0,
           please check the style of container, or the props width(100%) and height(100%),
           or add a minWidth(0) or minHeight(undefined) or use aspect(undefined) to control the
           height and width.

      at warn (node_modules/recharts/lib/util/LogUtils.js:22:17)
      at node_modules/recharts/lib/component/ResponsiveContainer.js:144:22
      at Object.react_stack_bottom_frame (node_modules/react-dom/cjs/react-dom-client.development.js:25904:20)
      at renderWithHooks (node_modules/react-dom/cjs/react-dom-client.development.js:7662:22)
      at updateForwardRef (node_modules/react-dom/cjs/react-dom-client.development.js:9724:19)
      at beginWork (node_modules/react-dom/cjs/react-dom-client.development.js:12117:18)
      at runWithFiberInDEV (node_modules/react-dom/cjs/react-dom-client.development.js:874:13)
      at performUnitOfWork (node_modules/react-dom/cjs/react-dom-client.development.js:17641:22)
      at workLoopSync (node_modules/react-dom/cjs/react-dom-client.development.js:17469:41)
      at renderRootSync (node_modules/react-dom/cjs/react-dom-client.development.js:17450:11)
      at performWorkOnRoot (node_modules/react-dom/cjs/react-dom-client.development.js:16504:11)
      at performWorkOnRootViaSchedulerTask (node_modules/react-dom/cjs/react-dom-client.development.js:18957:7)
      at flushActQueue (node_modules/react/cjs/react.development.js:590:34)
      at node_modules/react/cjs/react.development.js:847:21

  console.warn
    The width(-1) and height(-1) of chart should be greater than 0,
           please check the style of container, or the props width(100%) and height(100%),
           or add a minWidth(0) or minHeight(undefined) or use aspect(undefined) to control the
           height and width.

      at warn (node_modules/recharts/lib/util/LogUtils.js:22:17)
      at node_modules/recharts/lib/component/ResponsiveContainer.js:144:22
      at Object.react_stack_bottom_frame (node_modules/react-dom/cjs/react-dom-client.development.js:25904:20)
      at renderWithHooks (node_modules/react-dom/cjs/react-dom-client.development.js:7662:22)
      at updateForwardRef (node_modules/react-dom/cjs/react-dom-client.development.js:9724:19)
      at beginWork (node_modules/react-dom/cjs/react-dom-client.development.js:12117:18)
      at runWithFiberInDEV (node_modules/react-dom/cjs/react-dom-client.development.js:874:13)
      at performUnitOfWork (node_modules/react-dom/cjs/react-dom-client.development.js:17641:22)
      at workLoopSync (node_modules/react-dom/cjs/react-dom-client.development.js:17469:41)
      at renderRootSync (node_modules/react-dom/cjs/react-dom-client.development.js:17450:11)
      at performWorkOnRoot (node_modules/react-dom/cjs/react-dom-client.development.js:16504:11)
      at performWorkOnRootViaSchedulerTask (node_modules/react-dom/cjs/react-dom-client.development.js:18957:7)
      at flushActQueue (node_modules/react/cjs/react.development.js:590:34)
      at recursivelyFlushAsyncActWork (node_modules/react/cjs/react.development.js:566:13)
      at Immediate._onImmediate (node_modules/react/cjs/react.development.js:849:32)

  console.warn
    The width(-1) and height(-1) of chart should be greater than 0,
           please check the style of container, or the props width(100%) and height(100%),
           or add a minWidth(0) or minHeight(undefined) or use aspect(undefined) to control the
           height and width.

      at warn (node_modules/recharts/lib/util/LogUtils.js:22:17)
      at node_modules/recharts/lib/component/ResponsiveContainer.js:144:22
      at Object.react_stack_bottom_frame (node_modules/react-dom/cjs/react-dom-client.development.js:25904:20)
      at renderWithHooks (node_modules/react-dom/cjs/react-dom-client.development.js:7662:22)
      at updateForwardRef (node_modules/react-dom/cjs/react-dom-client.development.js:9724:19)
      at beginWork (node_modules/react-dom/cjs/react-dom-client.development.js:12117:18)
      at runWithFiberInDEV (node_modules/react-dom/cjs/react-dom-client.development.js:874:13)
      at performUnitOfWork (node_modules/react-dom/cjs/react-dom-client.development.js:17641:22)
      at workLoopSync (node_modules/react-dom/cjs/react-dom-client.development.js:17469:41)
      at renderRootSync (node_modules/react-dom/cjs/react-dom-client.development.js:17450:11)
      at performWorkOnRoot (node_modules/react-dom/cjs/react-dom-client.development.js:16504:11)
      at performWorkOnRootViaSchedulerTask (node_modules/react-dom/cjs/react-dom-client.development.js:18957:7)
      at flushActQueue (node_modules/react/cjs/react.development.js:590:34)
      at recursivelyFlushAsyncActWork (node_modules/react/cjs/react.development.js:566:13)
      at Immediate._onImmediate (node_modules/react/cjs/react.development.js:849:32)

  console.warn
    The width(-1) and height(-1) of chart should be greater than 0,
           please check the style of container, or the props width(100%) and height(100%),
           or add a minWidth(0) or minHeight(undefined) or use aspect(undefined) to control the
           height and width.

    [0m [90m 66 |[39m   jest[33m.[39museFakeTimers()[33m.[39msetSystemTime([33mNOW[39m)[33m;[39m
     [90m 67 |[39m   window[33m.[39mapi [33m=[39m buildApi(apiOverrides)[33m;[39m
    [31m[1m>[22m[39m[90m 68 |[39m   [36mconst[39m utils [33m=[39m render([33m<[39m[33mStatistiquesAdherent[39m onPageChange[33m=[39m{onPageChange} [33m/[39m[33m>[39m)[33m;[39m
     [90m    |[39m                       [31m[1m^[22m[39m
     [90m 69 |[39m   [36mreturn[39m utils[33m;[39m
     [90m 70 |[39m }[33m;[39m
     [90m 71 |[39m[0m

      at warn (node_modules/recharts/lib/util/LogUtils.js:22:17)
      at node_modules/recharts/lib/component/ResponsiveContainer.js:144:22
      at Object.react_stack_bottom_frame (node_modules/react-dom/cjs/react-dom-client.development.js:25904:20)
      at renderWithHooks (node_modules/react-dom/cjs/react-dom-client.development.js:7662:22)
      at updateForwardRef (node_modules/react-dom/cjs/react-dom-client.development.js:9724:19)
      at beginWork (node_modules/react-dom/cjs/react-dom-client.development.js:12117:18)
      at runWithFiberInDEV (node_modules/react-dom/cjs/react-dom-client.development.js:874:13)
      at performUnitOfWork (node_modules/react-dom/cjs/react-dom-client.development.js:17641:22)
      at workLoopSync (node_modules/react-dom/cjs/react-dom-client.development.js:17469:41)
      at renderRootSync (node_modules/react-dom/cjs/react-dom-client.development.js:17450:11)
      at performWorkOnRoot (node_modules/react-dom/cjs/react-dom-client.development.js:16504:11)
      at performWorkOnRootViaSchedulerTask (node_modules/react-dom/cjs/react-dom-client.development.js:18957:7)
      at flushActQueue (node_modules/react/cjs/react.development.js:590:34)
      at process.env.NODE_ENV.exports.act (node_modules/react/cjs/react.development.js:884:10)
      at node_modules/@testing-library/react/dist/act-compat.js:46:25
      at renderRoot (node_modules/@testing-library/react/dist/pure.js:189:26)
      at render (node_modules/@testing-library/react/dist/pure.js:291:10)
      at setup (src/__tests__/pages/Statistiquesadherent.test.jsx:68:23)
      at Object.setup (src/__tests__/pages/Statistiquesadherent.test.jsx:339:5)

  console.warn
    The width(-1) and height(-1) of chart should be greater than 0,
           please check the style of container, or the props width(100%) and height(100%),
           or add a minWidth(0) or minHeight(undefined) or use aspect(undefined) to control the
           height and width.

    [0m [90m 66 |[39m   jest[33m.[39museFakeTimers()[33m.[39msetSystemTime([33mNOW[39m)[33m;[39m
     [90m 67 |[39m   window[33m.[39mapi [33m=[39m buildApi(apiOverrides)[33m;[39m
    [31m[1m>[22m[39m[90m 68 |[39m   [36mconst[39m utils [33m=[39m render([33m<[39m[33mStatistiquesAdherent[39m onPageChange[33m=[39m{onPageChange} [33m/[39m[33m>[39m)[33m;[39m
     [90m    |[39m                       [31m[1m^[22m[39m
     [90m 69 |[39m   [36mreturn[39m utils[33m;[39m
     [90m 70 |[39m }[33m;[39m
     [90m 71 |[39m[0m

      at warn (node_modules/recharts/lib/util/LogUtils.js:22:17)
      at node_modules/recharts/lib/component/ResponsiveContainer.js:144:22
      at Object.react_stack_bottom_frame (node_modules/react-dom/cjs/react-dom-client.development.js:25904:20)
      at renderWithHooks (node_modules/react-dom/cjs/react-dom-client.development.js:7662:22)
      at updateForwardRef (node_modules/react-dom/cjs/react-dom-client.development.js:9724:19)
      at beginWork (node_modules/react-dom/cjs/react-dom-client.development.js:12117:18)
      at runWithFiberInDEV (node_modules/react-dom/cjs/react-dom-client.development.js:874:13)
      at performUnitOfWork (node_modules/react-dom/cjs/react-dom-client.development.js:17641:22)
      at workLoopSync (node_modules/react-dom/cjs/react-dom-client.development.js:17469:41)
      at renderRootSync (node_modules/react-dom/cjs/react-dom-client.development.js:17450:11)
      at performWorkOnRoot (node_modules/react-dom/cjs/react-dom-client.development.js:16504:11)
      at performWorkOnRootViaSchedulerTask (node_modules/react-dom/cjs/react-dom-client.development.js:18957:7)
      at flushActQueue (node_modules/react/cjs/react.development.js:590:34)
      at process.env.NODE_ENV.exports.act (node_modules/react/cjs/react.development.js:884:10)
      at node_modules/@testing-library/react/dist/act-compat.js:46:25
      at renderRoot (node_modules/@testing-library/react/dist/pure.js:189:26)
      at render (node_modules/@testing-library/react/dist/pure.js:291:10)
      at setup (src/__tests__/pages/Statistiquesadherent.test.jsx:68:23)
      at Object.setup (src/__tests__/pages/Statistiquesadherent.test.jsx:339:5)

  console.warn
    The width(-1) and height(-1) of chart should be greater than 0,
           please check the style of container, or the props width(100%) and height(100%),
           or add a minWidth(0) or minHeight(undefined) or use aspect(undefined) to control the
           height and width.

      at warn (node_modules/recharts/lib/util/LogUtils.js:22:17)
      at node_modules/recharts/lib/component/ResponsiveContainer.js:144:22
      at Object.react_stack_bottom_frame (node_modules/react-dom/cjs/react-dom-client.development.js:25904:20)
      at renderWithHooks (node_modules/react-dom/cjs/react-dom-client.development.js:7662:22)
      at updateForwardRef (node_modules/react-dom/cjs/react-dom-client.development.js:9724:19)
      at beginWork (node_modules/react-dom/cjs/react-dom-client.development.js:12117:18)
      at runWithFiberInDEV (node_modules/react-dom/cjs/react-dom-client.development.js:874:13)
      at performUnitOfWork (node_modules/react-dom/cjs/react-dom-client.development.js:17641:22)
      at workLoopSync (node_modules/react-dom/cjs/react-dom-client.development.js:17469:41)
      at renderRootSync (node_modules/react-dom/cjs/react-dom-client.development.js:17450:11)
      at performWorkOnRoot (node_modules/react-dom/cjs/react-dom-client.development.js:16504:11)
      at performWorkOnRootViaSchedulerTask (node_modules/react-dom/cjs/react-dom-client.development.js:18957:7)
      at flushActQueue (node_modules/react/cjs/react.development.js:590:34)
      at node_modules/react/cjs/react.development.js:847:21

  console.warn
    The width(-1) and height(-1) of chart should be greater than 0,
           please check the style of container, or the props width(100%) and height(100%),
           or add a minWidth(0) or minHeight(undefined) or use aspect(undefined) to control the
           height and width.

      at warn (node_modules/recharts/lib/util/LogUtils.js:22:17)
      at node_modules/recharts/lib/component/ResponsiveContainer.js:144:22
      at Object.react_stack_bottom_frame (node_modules/react-dom/cjs/react-dom-client.development.js:25904:20)
      at renderWithHooks (node_modules/react-dom/cjs/react-dom-client.development.js:7662:22)
      at updateForwardRef (node_modules/react-dom/cjs/react-dom-client.development.js:9724:19)
      at beginWork (node_modules/react-dom/cjs/react-dom-client.development.js:12117:18)
      at runWithFiberInDEV (node_modules/react-dom/cjs/react-dom-client.development.js:874:13)
      at performUnitOfWork (node_modules/react-dom/cjs/react-dom-client.development.js:17641:22)
      at workLoopSync (node_modules/react-dom/cjs/react-dom-client.development.js:17469:41)
      at renderRootSync (node_modules/react-dom/cjs/react-dom-client.development.js:17450:11)
      at performWorkOnRoot (node_modules/react-dom/cjs/react-dom-client.development.js:16504:11)
      at performWorkOnRootViaSchedulerTask (node_modules/react-dom/cjs/react-dom-client.development.js:18957:7)
      at flushActQueue (node_modules/react/cjs/react.development.js:590:34)
      at node_modules/react/cjs/react.development.js:847:21

  console.warn
    The width(-1) and height(-1) of chart should be greater than 0,
           please check the style of container, or the props width(100%) and height(100%),
           or add a minWidth(0) or minHeight(undefined) or use aspect(undefined) to control the
           height and width.

      at warn (node_modules/recharts/lib/util/LogUtils.js:22:17)
      at node_modules/recharts/lib/component/ResponsiveContainer.js:144:22
      at Object.react_stack_bottom_frame (node_modules/react-dom/cjs/react-dom-client.development.js:25904:20)
      at renderWithHooks (node_modules/react-dom/cjs/react-dom-client.development.js:7662:22)
      at updateForwardRef (node_modules/react-dom/cjs/react-dom-client.development.js:9724:19)
      at beginWork (node_modules/react-dom/cjs/react-dom-client.development.js:12117:18)
      at runWithFiberInDEV (node_modules/react-dom/cjs/react-dom-client.development.js:874:13)
      at performUnitOfWork (node_modules/react-dom/cjs/react-dom-client.development.js:17641:22)
      at workLoopSync (node_modules/react-dom/cjs/react-dom-client.development.js:17469:41)
      at renderRootSync (node_modules/react-dom/cjs/react-dom-client.development.js:17450:11)
      at performWorkOnRoot (node_modules/react-dom/cjs/react-dom-client.development.js:16504:11)
      at performWorkOnRootViaSchedulerTask (node_modules/react-dom/cjs/react-dom-client.development.js:18957:7)
      at flushActQueue (node_modules/react/cjs/react.development.js:590:34)
      at recursivelyFlushAsyncActWork (node_modules/react/cjs/react.development.js:566:13)
      at Immediate._onImmediate (node_modules/react/cjs/react.development.js:849:32)

  console.warn
    The width(-1) and height(-1) of chart should be greater than 0,
           please check the style of container, or the props width(100%) and height(100%),
           or add a minWidth(0) or minHeight(undefined) or use aspect(undefined) to control the
           height and width.

      at warn (node_modules/recharts/lib/util/LogUtils.js:22:17)
      at node_modules/recharts/lib/component/ResponsiveContainer.js:144:22
      at Object.react_stack_bottom_frame (node_modules/react-dom/cjs/react-dom-client.development.js:25904:20)
      at renderWithHooks (node_modules/react-dom/cjs/react-dom-client.development.js:7662:22)
      at updateForwardRef (node_modules/react-dom/cjs/react-dom-client.development.js:9724:19)
      at beginWork (node_modules/react-dom/cjs/react-dom-client.development.js:12117:18)
      at runWithFiberInDEV (node_modules/react-dom/cjs/react-dom-client.development.js:874:13)
      at performUnitOfWork (node_modules/react-dom/cjs/react-dom-client.development.js:17641:22)
      at workLoopSync (node_modules/react-dom/cjs/react-dom-client.development.js:17469:41)
      at renderRootSync (node_modules/react-dom/cjs/react-dom-client.development.js:17450:11)
      at performWorkOnRoot (node_modules/react-dom/cjs/react-dom-client.development.js:16504:11)
      at performWorkOnRootViaSchedulerTask (node_modules/react-dom/cjs/react-dom-client.development.js:18957:7)
      at flushActQueue (node_modules/react/cjs/react.development.js:590:34)
      at recursivelyFlushAsyncActWork (node_modules/react/cjs/react.development.js:566:13)
      at Immediate._onImmediate (node_modules/react/cjs/react.development.js:849:32)

  console.warn
    The width(-1) and height(-1) of chart should be greater than 0,
           please check the style of container, or the props width(100%) and height(100%),
           or add a minWidth(0) or minHeight(undefined) or use aspect(undefined) to control the
           height and width.

    [0m [90m 66 |[39m   jest[33m.[39museFakeTimers()[33m.[39msetSystemTime([33mNOW[39m)[33m;[39m
     [90m 67 |[39m   window[33m.[39mapi [33m=[39m buildApi(apiOverrides)[33m;[39m
    [31m[1m>[22m[39m[90m 68 |[39m   [36mconst[39m utils [33m=[39m render([33m<[39m[33mStatistiquesAdherent[39m onPageChange[33m=[39m{onPageChange} [33m/[39m[33m>[39m)[33m;[39m
     [90m    |[39m                       [31m[1m^[22m[39m
     [90m 69 |[39m   [36mreturn[39m utils[33m;[39m
     [90m 70 |[39m }[33m;[39m
     [90m 71 |[39m[0m

      at warn (node_modules/recharts/lib/util/LogUtils.js:22:17)
      at node_modules/recharts/lib/component/ResponsiveContainer.js:144:22
      at Object.react_stack_bottom_frame (node_modules/react-dom/cjs/react-dom-client.development.js:25904:20)
      at renderWithHooks (node_modules/react-dom/cjs/react-dom-client.development.js:7662:22)
      at updateForwardRef (node_modules/react-dom/cjs/react-dom-client.development.js:9724:19)
      at beginWork (node_modules/react-dom/cjs/react-dom-client.development.js:12117:18)
      at runWithFiberInDEV (node_modules/react-dom/cjs/react-dom-client.development.js:874:13)
      at performUnitOfWork (node_modules/react-dom/cjs/react-dom-client.development.js:17641:22)
      at workLoopSync (node_modules/react-dom/cjs/react-dom-client.development.js:17469:41)
      at renderRootSync (node_modules/react-dom/cjs/react-dom-client.development.js:17450:11)
      at performWorkOnRoot (node_modules/react-dom/cjs/react-dom-client.development.js:16504:11)
      at performWorkOnRootViaSchedulerTask (node_modules/react-dom/cjs/react-dom-client.development.js:18957:7)
      at flushActQueue (node_modules/react/cjs/react.development.js:590:34)
      at process.env.NODE_ENV.exports.act (node_modules/react/cjs/react.development.js:884:10)
      at node_modules/@testing-library/react/dist/act-compat.js:46:25
      at renderRoot (node_modules/@testing-library/react/dist/pure.js:189:26)
      at render (node_modules/@testing-library/react/dist/pure.js:291:10)
      at setup (src/__tests__/pages/Statistiquesadherent.test.jsx:68:23)
      at Object.setup (src/__tests__/pages/Statistiquesadherent.test.jsx:349:5)

  console.warn
    The width(-1) and height(-1) of chart should be greater than 0,
           please check the style of container, or the props width(100%) and height(100%),
           or add a minWidth(0) or minHeight(undefined) or use aspect(undefined) to control the
           height and width.

    [0m [90m 66 |[39m   jest[33m.[39museFakeTimers()[33m.[39msetSystemTime([33mNOW[39m)[33m;[39m
     [90m 67 |[39m   window[33m.[39mapi [33m=[39m buildApi(apiOverrides)[33m;[39m
    [31m[1m>[22m[39m[90m 68 |[39m   [36mconst[39m utils [33m=[39m render([33m<[39m[33mStatistiquesAdherent[39m onPageChange[33m=[39m{onPageChange} [33m/[39m[33m>[39m)[33m;[39m
     [90m    |[39m                       [31m[1m^[22m[39m
     [90m 69 |[39m   [36mreturn[39m utils[33m;[39m
     [90m 70 |[39m }[33m;[39m
     [90m 71 |[39m[0m

      at warn (node_modules/recharts/lib/util/LogUtils.js:22:17)
      at node_modules/recharts/lib/component/ResponsiveContainer.js:144:22
      at Object.react_stack_bottom_frame (node_modules/react-dom/cjs/react-dom-client.development.js:25904:20)
      at renderWithHooks (node_modules/react-dom/cjs/react-dom-client.development.js:7662:22)
      at updateForwardRef (node_modules/react-dom/cjs/react-dom-client.development.js:9724:19)
      at beginWork (node_modules/react-dom/cjs/react-dom-client.development.js:12117:18)
      at runWithFiberInDEV (node_modules/react-dom/cjs/react-dom-client.development.js:874:13)
      at performUnitOfWork (node_modules/react-dom/cjs/react-dom-client.development.js:17641:22)
      at workLoopSync (node_modules/react-dom/cjs/react-dom-client.development.js:17469:41)
      at renderRootSync (node_modules/react-dom/cjs/react-dom-client.development.js:17450:11)
      at performWorkOnRoot (node_modules/react-dom/cjs/react-dom-client.development.js:16504:11)
      at performWorkOnRootViaSchedulerTask (node_modules/react-dom/cjs/react-dom-client.development.js:18957:7)
      at flushActQueue (node_modules/react/cjs/react.development.js:590:34)
      at process.env.NODE_ENV.exports.act (node_modules/react/cjs/react.development.js:884:10)
      at node_modules/@testing-library/react/dist/act-compat.js:46:25
      at renderRoot (node_modules/@testing-library/react/dist/pure.js:189:26)
      at render (node_modules/@testing-library/react/dist/pure.js:291:10)
      at setup (src/__tests__/pages/Statistiquesadherent.test.jsx:68:23)
      at Object.setup (src/__tests__/pages/Statistiquesadherent.test.jsx:349:5)

  console.warn
    The width(-1) and height(-1) of chart should be greater than 0,
           please check the style of container, or the props width(100%) and height(100%),
           or add a minWidth(0) or minHeight(undefined) or use aspect(undefined) to control the
           height and width.

      at warn (node_modules/recharts/lib/util/LogUtils.js:22:17)
      at node_modules/recharts/lib/component/ResponsiveContainer.js:144:22
      at Object.react_stack_bottom_frame (node_modules/react-dom/cjs/react-dom-client.development.js:25904:20)
      at renderWithHooks (node_modules/react-dom/cjs/react-dom-client.development.js:7662:22)
      at updateForwardRef (node_modules/react-dom/cjs/react-dom-client.development.js:9724:19)
      at beginWork (node_modules/react-dom/cjs/react-dom-client.development.js:12117:18)
      at runWithFiberInDEV (node_modules/react-dom/cjs/react-dom-client.development.js:874:13)
      at performUnitOfWork (node_modules/react-dom/cjs/react-dom-client.development.js:17641:22)
      at workLoopSync (node_modules/react-dom/cjs/react-dom-client.development.js:17469:41)
      at renderRootSync (node_modules/react-dom/cjs/react-dom-client.development.js:17450:11)
      at performWorkOnRoot (node_modules/react-dom/cjs/react-dom-client.development.js:16504:11)
      at performWorkOnRootViaSchedulerTask (node_modules/react-dom/cjs/react-dom-client.development.js:18957:7)
      at flushActQueue (node_modules/react/cjs/react.development.js:590:34)
      at node_modules/react/cjs/react.development.js:847:21

  console.warn
    The width(-1) and height(-1) of chart should be greater than 0,
           please check the style of container, or the props width(100%) and height(100%),
           or add a minWidth(0) or minHeight(undefined) or use aspect(undefined) to control the
           height and width.

      at warn (node_modules/recharts/lib/util/LogUtils.js:22:17)
      at node_modules/recharts/lib/component/ResponsiveContainer.js:144:22
      at Object.react_stack_bottom_frame (node_modules/react-dom/cjs/react-dom-client.development.js:25904:20)
      at renderWithHooks (node_modules/react-dom/cjs/react-dom-client.development.js:7662:22)
      at updateForwardRef (node_modules/react-dom/cjs/react-dom-client.development.js:9724:19)
      at beginWork (node_modules/react-dom/cjs/react-dom-client.development.js:12117:18)
      at runWithFiberInDEV (node_modules/react-dom/cjs/react-dom-client.development.js:874:13)
      at performUnitOfWork (node_modules/react-dom/cjs/react-dom-client.development.js:17641:22)
      at workLoopSync (node_modules/react-dom/cjs/react-dom-client.development.js:17469:41)
      at renderRootSync (node_modules/react-dom/cjs/react-dom-client.development.js:17450:11)
      at performWorkOnRoot (node_modules/react-dom/cjs/react-dom-client.development.js:16504:11)
      at performWorkOnRootViaSchedulerTask (node_modules/react-dom/cjs/react-dom-client.development.js:18957:7)
      at flushActQueue (node_modules/react/cjs/react.development.js:590:34)
      at node_modules/react/cjs/react.development.js:847:21

  console.warn
    The width(-1) and height(-1) of chart should be greater than 0,
           please check the style of container, or the props width(100%) and height(100%),
           or add a minWidth(0) or minHeight(undefined) or use aspect(undefined) to control the
           height and width.

      at warn (node_modules/recharts/lib/util/LogUtils.js:22:17)
      at node_modules/recharts/lib/component/ResponsiveContainer.js:144:22
      at Object.react_stack_bottom_frame (node_modules/react-dom/cjs/react-dom-client.development.js:25904:20)
      at renderWithHooks (node_modules/react-dom/cjs/react-dom-client.development.js:7662:22)
      at updateForwardRef (node_modules/react-dom/cjs/react-dom-client.development.js:9724:19)
      at beginWork (node_modules/react-dom/cjs/react-dom-client.development.js:12117:18)
      at runWithFiberInDEV (node_modules/react-dom/cjs/react-dom-client.development.js:874:13)
      at performUnitOfWork (node_modules/react-dom/cjs/react-dom-client.development.js:17641:22)
      at workLoopSync (node_modules/react-dom/cjs/react-dom-client.development.js:17469:41)
      at renderRootSync (node_modules/react-dom/cjs/react-dom-client.development.js:17450:11)
      at performWorkOnRoot (node_modules/react-dom/cjs/react-dom-client.development.js:16504:11)
      at performWorkOnRootViaSchedulerTask (node_modules/react-dom/cjs/react-dom-client.development.js:18957:7)
      at flushActQueue (node_modules/react/cjs/react.development.js:590:34)
      at recursivelyFlushAsyncActWork (node_modules/react/cjs/react.development.js:566:13)
      at Immediate._onImmediate (node_modules/react/cjs/react.development.js:849:32)

  console.warn
    The width(-1) and height(-1) of chart should be greater than 0,
           please check the style of container, or the props width(100%) and height(100%),
           or add a minWidth(0) or minHeight(undefined) or use aspect(undefined) to control the
           height and width.

      at warn (node_modules/recharts/lib/util/LogUtils.js:22:17)
      at node_modules/recharts/lib/component/ResponsiveContainer.js:144:22
      at Object.react_stack_bottom_frame (node_modules/react-dom/cjs/react-dom-client.development.js:25904:20)
      at renderWithHooks (node_modules/react-dom/cjs/react-dom-client.development.js:7662:22)
      at updateForwardRef (node_modules/react-dom/cjs/react-dom-client.development.js:9724:19)
      at beginWork (node_modules/react-dom/cjs/react-dom-client.development.js:12117:18)
      at runWithFiberInDEV (node_modules/react-dom/cjs/react-dom-client.development.js:874:13)
      at performUnitOfWork (node_modules/react-dom/cjs/react-dom-client.development.js:17641:22)
      at workLoopSync (node_modules/react-dom/cjs/react-dom-client.development.js:17469:41)
      at renderRootSync (node_modules/react-dom/cjs/react-dom-client.development.js:17450:11)
      at performWorkOnRoot (node_modules/react-dom/cjs/react-dom-client.development.js:16504:11)
      at performWorkOnRootViaSchedulerTask (node_modules/react-dom/cjs/react-dom-client.development.js:18957:7)
      at flushActQueue (node_modules/react/cjs/react.development.js:590:34)
      at recursivelyFlushAsyncActWork (node_modules/react/cjs/react.development.js:566:13)
      at Immediate._onImmediate (node_modules/react/cjs/react.development.js:849:32)

  console.warn
    The width(-1) and height(-1) of chart should be greater than 0,
           please check the style of container, or the props width(100%) and height(100%),
           or add a minWidth(0) or minHeight(undefined) or use aspect(undefined) to control the
           height and width.

    [0m [90m 66 |[39m   jest[33m.[39museFakeTimers()[33m.[39msetSystemTime([33mNOW[39m)[33m;[39m
     [90m 67 |[39m   window[33m.[39mapi [33m=[39m buildApi(apiOverrides)[33m;[39m
    [31m[1m>[22m[39m[90m 68 |[39m   [36mconst[39m utils [33m=[39m render([33m<[39m[33mStatistiquesAdherent[39m onPageChange[33m=[39m{onPageChange} [33m/[39m[33m>[39m)[33m;[39m
     [90m    |[39m                       [31m[1m^[22m[39m
     [90m 69 |[39m   [36mreturn[39m utils[33m;[39m
     [90m 70 |[39m }[33m;[39m
     [90m 71 |[39m[0m

      at warn (node_modules/recharts/lib/util/LogUtils.js:22:17)
      at node_modules/recharts/lib/component/ResponsiveContainer.js:144:22
      at Object.react_stack_bottom_frame (node_modules/react-dom/cjs/react-dom-client.development.js:25904:20)
      at renderWithHooks (node_modules/react-dom/cjs/react-dom-client.development.js:7662:22)
      at updateForwardRef (node_modules/react-dom/cjs/react-dom-client.development.js:9724:19)
      at beginWork (node_modules/react-dom/cjs/react-dom-client.development.js:12117:18)
      at runWithFiberInDEV (node_modules/react-dom/cjs/react-dom-client.development.js:874:13)
      at performUnitOfWork (node_modules/react-dom/cjs/react-dom-client.development.js:17641:22)
      at workLoopSync (node_modules/react-dom/cjs/react-dom-client.development.js:17469:41)
      at renderRootSync (node_modules/react-dom/cjs/react-dom-client.development.js:17450:11)
      at performWorkOnRoot (node_modules/react-dom/cjs/react-dom-client.development.js:16504:11)
      at performWorkOnRootViaSchedulerTask (node_modules/react-dom/cjs/react-dom-client.development.js:18957:7)
      at flushActQueue (node_modules/react/cjs/react.development.js:590:34)
      at process.env.NODE_ENV.exports.act (node_modules/react/cjs/react.development.js:884:10)
      at node_modules/@testing-library/react/dist/act-compat.js:46:25
      at renderRoot (node_modules/@testing-library/react/dist/pure.js:189:26)
      at render (node_modules/@testing-library/react/dist/pure.js:291:10)
      at setup (src/__tests__/pages/Statistiquesadherent.test.jsx:68:23)
      at Object.setup (src/__tests__/pages/Statistiquesadherent.test.jsx:361:5)

  console.warn
    The width(-1) and height(-1) of chart should be greater than 0,
           please check the style of container, or the props width(100%) and height(100%),
           or add a minWidth(0) or minHeight(undefined) or use aspect(undefined) to control the
           height and width.

    [0m [90m 66 |[39m   jest[33m.[39museFakeTimers()[33m.[39msetSystemTime([33mNOW[39m)[33m;[39m
     [90m 67 |[39m   window[33m.[39mapi [33m=[39m buildApi(apiOverrides)[33m;[39m
    [31m[1m>[22m[39m[90m 68 |[39m   [36mconst[39m utils [33m=[39m render([33m<[39m[33mStatistiquesAdherent[39m onPageChange[33m=[39m{onPageChange} [33m/[39m[33m>[39m)[33m;[39m
     [90m    |[39m                       [31m[1m^[22m[39m
     [90m 69 |[39m   [36mreturn[39m utils[33m;[39m
     [90m 70 |[39m }[33m;[39m
     [90m 71 |[39m[0m

      at warn (node_modules/recharts/lib/util/LogUtils.js:22:17)
      at node_modules/recharts/lib/component/ResponsiveContainer.js:144:22
      at Object.react_stack_bottom_frame (node_modules/react-dom/cjs/react-dom-client.development.js:25904:20)
      at renderWithHooks (node_modules/react-dom/cjs/react-dom-client.development.js:7662:22)
      at updateForwardRef (node_modules/react-dom/cjs/react-dom-client.development.js:9724:19)
      at beginWork (node_modules/react-dom/cjs/react-dom-client.development.js:12117:18)
      at runWithFiberInDEV (node_modules/react-dom/cjs/react-dom-client.development.js:874:13)
      at performUnitOfWork (node_modules/react-dom/cjs/react-dom-client.development.js:17641:22)
      at workLoopSync (node_modules/react-dom/cjs/react-dom-client.development.js:17469:41)
      at renderRootSync (node_modules/react-dom/cjs/react-dom-client.development.js:17450:11)
      at performWorkOnRoot (node_modules/react-dom/cjs/react-dom-client.development.js:16504:11)
      at performWorkOnRootViaSchedulerTask (node_modules/react-dom/cjs/react-dom-client.development.js:18957:7)
      at flushActQueue (node_modules/react/cjs/react.development.js:590:34)
      at process.env.NODE_ENV.exports.act (node_modules/react/cjs/react.development.js:884:10)
      at node_modules/@testing-library/react/dist/act-compat.js:46:25
      at renderRoot (node_modules/@testing-library/react/dist/pure.js:189:26)
      at render (node_modules/@testing-library/react/dist/pure.js:291:10)
      at setup (src/__tests__/pages/Statistiquesadherent.test.jsx:68:23)
      at Object.setup (src/__tests__/pages/Statistiquesadherent.test.jsx:361:5)

  console.warn
    The width(-1) and height(-1) of chart should be greater than 0,
           please check the style of container, or the props width(100%) and height(100%),
           or add a minWidth(0) or minHeight(undefined) or use aspect(undefined) to control the
           height and width.

      at warn (node_modules/recharts/lib/util/LogUtils.js:22:17)
      at node_modules/recharts/lib/component/ResponsiveContainer.js:144:22
      at Object.react_stack_bottom_frame (node_modules/react-dom/cjs/react-dom-client.development.js:25904:20)
      at renderWithHooks (node_modules/react-dom/cjs/react-dom-client.development.js:7662:22)
      at updateForwardRef (node_modules/react-dom/cjs/react-dom-client.development.js:9724:19)
      at beginWork (node_modules/react-dom/cjs/react-dom-client.development.js:12117:18)
      at runWithFiberInDEV (node_modules/react-dom/cjs/react-dom-client.development.js:874:13)
      at performUnitOfWork (node_modules/react-dom/cjs/react-dom-client.development.js:17641:22)
      at workLoopSync (node_modules/react-dom/cjs/react-dom-client.development.js:17469:41)
      at renderRootSync (node_modules/react-dom/cjs/react-dom-client.development.js:17450:11)
      at performWorkOnRoot (node_modules/react-dom/cjs/react-dom-client.development.js:16504:11)
      at performWorkOnRootViaSchedulerTask (node_modules/react-dom/cjs/react-dom-client.development.js:18957:7)
      at flushActQueue (node_modules/react/cjs/react.development.js:590:34)
      at node_modules/react/cjs/react.development.js:847:21

  console.warn
    The width(-1) and height(-1) of chart should be greater than 0,
           please check the style of container, or the props width(100%) and height(100%),
           or add a minWidth(0) or minHeight(undefined) or use aspect(undefined) to control the
           height and width.

      at warn (node_modules/recharts/lib/util/LogUtils.js:22:17)
      at node_modules/recharts/lib/component/ResponsiveContainer.js:144:22
      at Object.react_stack_bottom_frame (node_modules/react-dom/cjs/react-dom-client.development.js:25904:20)
      at renderWithHooks (node_modules/react-dom/cjs/react-dom-client.development.js:7662:22)
      at updateForwardRef (node_modules/react-dom/cjs/react-dom-client.development.js:9724:19)
      at beginWork (node_modules/react-dom/cjs/react-dom-client.development.js:12117:18)
      at runWithFiberInDEV (node_modules/react-dom/cjs/react-dom-client.development.js:874:13)
      at performUnitOfWork (node_modules/react-dom/cjs/react-dom-client.development.js:17641:22)
      at workLoopSync (node_modules/react-dom/cjs/react-dom-client.development.js:17469:41)
      at renderRootSync (node_modules/react-dom/cjs/react-dom-client.development.js:17450:11)
      at performWorkOnRoot (node_modules/react-dom/cjs/react-dom-client.development.js:16504:11)
      at performWorkOnRootViaSchedulerTask (node_modules/react-dom/cjs/react-dom-client.development.js:18957:7)
      at flushActQueue (node_modules/react/cjs/react.development.js:590:34)
      at node_modules/react/cjs/react.development.js:847:21

  console.error
    Erreur chargement historique: Error: API error
        at Object.<anonymous> (C:\Users\hp\Desktop\Salle-De-Sport\src\__tests__\pages\HistoriqueTransactions.test.jsx:302:58)
        at Promise.finally.completed (C:\Users\hp\Desktop\Salle-De-Sport\node_modules\jest-circus\build\jestAdapterInit.js:1557:28)
        at new Promise (<anonymous>)
        at callAsyncCircusFn (C:\Users\hp\Desktop\Salle-De-Sport\node_modules\jest-circus\build\jestAdapterInit.js:1497:10)
        at _callCircusTest (C:\Users\hp\Desktop\Salle-De-Sport\node_modules\jest-circus\build\jestAdapterInit.js:1007:40)
        at _runTest (C:\Users\hp\Desktop\Salle-De-Sport\node_modules\jest-circus\build\jestAdapterInit.js:947:3)
        at C:\Users\hp\Desktop\Salle-De-Sport\node_modules\jest-circus\build\jestAdapterInit.js:849:7
        at _runTestsForDescribeBlock (C:\Users\hp\Desktop\Salle-De-Sport\node_modules\jest-circus\build\jestAdapterInit.js:862:11)
        at _runTestsForDescribeBlock (C:\Users\hp\Desktop\Salle-De-Sport\node_modules\jest-circus\build\jestAdapterInit.js:857:11)
        at run (C:\Users\hp\Desktop\Salle-De-Sport\node_modules\jest-circus\build\jestAdapterInit.js:761:3)
        at runAndTransformResultsToJestFormat (C:\Users\hp\Desktop\Salle-De-Sport\node_modules\jest-circus\build\jestAdapterInit.js:1918:21)
        at jestAdapter (C:\Users\hp\Desktop\Salle-De-Sport\node_modules\jest-circus\build\runner.js:101:19)
        at runTestInternal (C:\Users\hp\Desktop\Salle-De-Sport\node_modules\jest-runner\build\testWorker.js:275:16)
        at runTest (C:\Users\hp\Desktop\Salle-De-Sport\node_modules\jest-runner\build\testWorker.js:343:7)
        at Object.worker (C:\Users\hp\Desktop\Salle-De-Sport\node_modules\jest-runner\build\testWorker.js:497:12)

    [0m [90m 153 |[39m       setAdherents(adh)[33m;[39m
     [90m 154 |[39m     } [36mcatch[39m (err) {
    [31m[1m>[22m[39m[90m 155 |[39m       console[33m.[39merror([32m'Erreur chargement historique:'[39m[33m,[39m err)[33m;[39m
     [90m     |[39m               [31m[1m^[22m[39m
     [90m 156 |[39m     } [36mfinally[39m {
     [90m 157 |[39m       setLoading([36mfalse[39m)[33m;[39m
     [90m 158 |[39m     }[0m

      at error (src/renderer/pages/HistoriqueTransactions.jsx:155:15)

  console.warn
    The width(-1) and height(-1) of chart should be greater than 0,
           please check the style of container, or the props width(100%) and height(100%),
           or add a minWidth(0) or minHeight(undefined) or use aspect(undefined) to control the
           height and width.

    [0m [90m 66 |[39m   jest[33m.[39museFakeTimers()[33m.[39msetSystemTime([33mNOW[39m)[33m;[39m
     [90m 67 |[39m   window[33m.[39mapi [33m=[39m buildApi(apiOverrides)[33m;[39m
    [31m[1m>[22m[39m[90m 68 |[39m   [36mconst[39m utils [33m=[39m render([33m<[39m[33mStatistiquesAdherent[39m onPageChange[33m=[39m{onPageChange} [33m/[39m[33m>[39m)[33m;[39m
     [90m    |[39m                       [31m[1m^[22m[39m
     [90m 69 |[39m   [36mreturn[39m utils[33m;[39m
     [90m 70 |[39m }[33m;[39m
     [90m 71 |[39m[0m

      at warn (node_modules/recharts/lib/util/LogUtils.js:22:17)
      at node_modules/recharts/lib/component/ResponsiveContainer.js:144:22
      at Object.react_stack_bottom_frame (node_modules/react-dom/cjs/react-dom-client.development.js:25904:20)
      at renderWithHooks (node_modules/react-dom/cjs/react-dom-client.development.js:7662:22)
      at updateForwardRef (node_modules/react-dom/cjs/react-dom-client.development.js:9724:19)
      at beginWork (node_modules/react-dom/cjs/react-dom-client.development.js:12117:18)
      at runWithFiberInDEV (node_modules/react-dom/cjs/react-dom-client.development.js:874:13)
      at performUnitOfWork (node_modules/react-dom/cjs/react-dom-client.development.js:17641:22)
      at workLoopSync (node_modules/react-dom/cjs/react-dom-client.development.js:17469:41)
      at renderRootSync (node_modules/react-dom/cjs/react-dom-client.development.js:17450:11)
      at performWorkOnRoot (node_modules/react-dom/cjs/react-dom-client.development.js:16504:11)
      at performWorkOnRootViaSchedulerTask (node_modules/react-dom/cjs/react-dom-client.development.js:18957:7)
      at flushActQueue (node_modules/react/cjs/react.development.js:590:34)
      at process.env.NODE_ENV.exports.act (node_modules/react/cjs/react.development.js:884:10)
      at node_modules/@testing-library/react/dist/act-compat.js:46:25
      at renderRoot (node_modules/@testing-library/react/dist/pure.js:189:26)
      at render (node_modules/@testing-library/react/dist/pure.js:291:10)
      at setup (src/__tests__/pages/Statistiquesadherent.test.jsx:68:23)
      at Object.setup (src/__tests__/pages/Statistiquesadherent.test.jsx:369:5)

  console.warn
    The width(-1) and height(-1) of chart should be greater than 0,
           please check the style of container, or the props width(100%) and height(100%),
           or add a minWidth(0) or minHeight(undefined) or use aspect(undefined) to control the
           height and width.

    [0m [90m 66 |[39m   jest[33m.[39museFakeTimers()[33m.[39msetSystemTime([33mNOW[39m)[33m;[39m
     [90m 67 |[39m   window[33m.[39mapi [33m=[39m buildApi(apiOverrides)[33m;[39m
    [31m[1m>[22m[39m[90m 68 |[39m   [36mconst[39m utils [33m=[39m render([33m<[39m[33mStatistiquesAdherent[39m onPageChange[33m=[39m{onPageChange} [33m/[39m[33m>[39m)[33m;[39m
     [90m    |[39m                       [31m[1m^[22m[39m
     [90m 69 |[39m   [36mreturn[39m utils[33m;[39m
     [90m 70 |[39m }[33m;[39m
     [90m 71 |[39m[0m

      at warn (node_modules/recharts/lib/util/LogUtils.js:22:17)
      at node_modules/recharts/lib/component/ResponsiveContainer.js:144:22
      at Object.react_stack_bottom_frame (node_modules/react-dom/cjs/react-dom-client.development.js:25904:20)
      at renderWithHooks (node_modules/react-dom/cjs/react-dom-client.development.js:7662:22)
      at updateForwardRef (node_modules/react-dom/cjs/react-dom-client.development.js:9724:19)
      at beginWork (node_modules/react-dom/cjs/react-dom-client.development.js:12117:18)
      at runWithFiberInDEV (node_modules/react-dom/cjs/react-dom-client.development.js:874:13)
      at performUnitOfWork (node_modules/react-dom/cjs/react-dom-client.development.js:17641:22)
      at workLoopSync (node_modules/react-dom/cjs/react-dom-client.development.js:17469:41)
      at renderRootSync (node_modules/react-dom/cjs/react-dom-client.development.js:17450:11)
      at performWorkOnRoot (node_modules/react-dom/cjs/react-dom-client.development.js:16504:11)
      at performWorkOnRootViaSchedulerTask (node_modules/react-dom/cjs/react-dom-client.development.js:18957:7)
      at flushActQueue (node_modules/react/cjs/react.development.js:590:34)
      at process.env.NODE_ENV.exports.act (node_modules/react/cjs/react.development.js:884:10)
      at node_modules/@testing-library/react/dist/act-compat.js:46:25
      at renderRoot (node_modules/@testing-library/react/dist/pure.js:189:26)
      at render (node_modules/@testing-library/react/dist/pure.js:291:10)
      at setup (src/__tests__/pages/Statistiquesadherent.test.jsx:68:23)
      at Object.setup (src/__tests__/pages/Statistiquesadherent.test.jsx:369:5)

  console.warn
    The width(-1) and height(-1) of chart should be greater than 0,
           please check the style of container, or the props width(100%) and height(100%),
           or add a minWidth(0) or minHeight(undefined) or use aspect(undefined) to control the
           height and width.

      at warn (node_modules/recharts/lib/util/LogUtils.js:22:17)
      at node_modules/recharts/lib/component/ResponsiveContainer.js:144:22
      at Object.react_stack_bottom_frame (node_modules/react-dom/cjs/react-dom-client.development.js:25904:20)
      at renderWithHooks (node_modules/react-dom/cjs/react-dom-client.development.js:7662:22)
      at updateForwardRef (node_modules/react-dom/cjs/react-dom-client.development.js:9724:19)
      at beginWork (node_modules/react-dom/cjs/react-dom-client.development.js:12117:18)
      at runWithFiberInDEV (node_modules/react-dom/cjs/react-dom-client.development.js:874:13)
      at performUnitOfWork (node_modules/react-dom/cjs/react-dom-client.development.js:17641:22)
      at workLoopSync (node_modules/react-dom/cjs/react-dom-client.development.js:17469:41)
      at renderRootSync (node_modules/react-dom/cjs/react-dom-client.development.js:17450:11)
      at performWorkOnRoot (node_modules/react-dom/cjs/react-dom-client.development.js:16504:11)
      at performWorkOnRootViaSchedulerTask (node_modules/react-dom/cjs/react-dom-client.development.js:18957:7)
      at flushActQueue (node_modules/react/cjs/react.development.js:590:34)
      at node_modules/react/cjs/react.development.js:847:21

  console.warn
    The width(-1) and height(-1) of chart should be greater than 0,
           please check the style of container, or the props width(100%) and height(100%),
           or add a minWidth(0) or minHeight(undefined) or use aspect(undefined) to control the
           height and width.

      at warn (node_modules/recharts/lib/util/LogUtils.js:22:17)
      at node_modules/recharts/lib/component/ResponsiveContainer.js:144:22
      at Object.react_stack_bottom_frame (node_modules/react-dom/cjs/react-dom-client.development.js:25904:20)
      at renderWithHooks (node_modules/react-dom/cjs/react-dom-client.development.js:7662:22)
      at updateForwardRef (node_modules/react-dom/cjs/react-dom-client.development.js:9724:19)
      at beginWork (node_modules/react-dom/cjs/react-dom-client.development.js:12117:18)
      at runWithFiberInDEV (node_modules/react-dom/cjs/react-dom-client.development.js:874:13)
      at performUnitOfWork (node_modules/react-dom/cjs/react-dom-client.development.js:17641:22)
      at workLoopSync (node_modules/react-dom/cjs/react-dom-client.development.js:17469:41)
      at renderRootSync (node_modules/react-dom/cjs/react-dom-client.development.js:17450:11)
      at performWorkOnRoot (node_modules/react-dom/cjs/react-dom-client.development.js:16504:11)
      at performWorkOnRootViaSchedulerTask (node_modules/react-dom/cjs/react-dom-client.development.js:18957:7)
      at flushActQueue (node_modules/react/cjs/react.development.js:590:34)
      at node_modules/react/cjs/react.development.js:847:21

  console.warn
    The width(-1) and height(-1) of chart should be greater than 0,
           please check the style of container, or the props width(100%) and height(100%),
           or add a minWidth(0) or minHeight(undefined) or use aspect(undefined) to control the
           height and width.

      at warn (node_modules/recharts/lib/util/LogUtils.js:22:17)
      at node_modules/recharts/lib/component/ResponsiveContainer.js:144:22
      at Object.react_stack_bottom_frame (node_modules/react-dom/cjs/react-dom-client.development.js:25904:20)
      at renderWithHooks (node_modules/react-dom/cjs/react-dom-client.development.js:7662:22)
      at updateForwardRef (node_modules/react-dom/cjs/react-dom-client.development.js:9724:19)
      at beginWork (node_modules/react-dom/cjs/react-dom-client.development.js:12117:18)
      at runWithFiberInDEV (node_modules/react-dom/cjs/react-dom-client.development.js:874:13)
      at performUnitOfWork (node_modules/react-dom/cjs/react-dom-client.development.js:17641:22)
      at workLoopSync (node_modules/react-dom/cjs/react-dom-client.development.js:17469:41)
      at renderRootSync (node_modules/react-dom/cjs/react-dom-client.development.js:17450:11)
      at performWorkOnRoot (node_modules/react-dom/cjs/react-dom-client.development.js:16504:11)
      at performWorkOnRootViaSchedulerTask (node_modules/react-dom/cjs/react-dom-client.development.js:18957:7)
      at flushActQueue (node_modules/react/cjs/react.development.js:590:34)
      at recursivelyFlushAsyncActWork (node_modules/react/cjs/react.development.js:566:13)
      at Immediate._onImmediate (node_modules/react/cjs/react.development.js:849:32)

  console.warn
    The width(-1) and height(-1) of chart should be greater than 0,
           please check the style of container, or the props width(100%) and height(100%),
           or add a minWidth(0) or minHeight(undefined) or use aspect(undefined) to control the
           height and width.

      at warn (node_modules/recharts/lib/util/LogUtils.js:22:17)
      at node_modules/recharts/lib/component/ResponsiveContainer.js:144:22
      at Object.react_stack_bottom_frame (node_modules/react-dom/cjs/react-dom-client.development.js:25904:20)
      at renderWithHooks (node_modules/react-dom/cjs/react-dom-client.development.js:7662:22)
      at updateForwardRef (node_modules/react-dom/cjs/react-dom-client.development.js:9724:19)
      at beginWork (node_modules/react-dom/cjs/react-dom-client.development.js:12117:18)
      at runWithFiberInDEV (node_modules/react-dom/cjs/react-dom-client.development.js:874:13)
      at performUnitOfWork (node_modules/react-dom/cjs/react-dom-client.development.js:17641:22)
      at workLoopSync (node_modules/react-dom/cjs/react-dom-client.development.js:17469:41)
      at renderRootSync (node_modules/react-dom/cjs/react-dom-client.development.js:17450:11)
      at performWorkOnRoot (node_modules/react-dom/cjs/react-dom-client.development.js:16504:11)
      at performWorkOnRootViaSchedulerTask (node_modules/react-dom/cjs/react-dom-client.development.js:18957:7)
      at flushActQueue (node_modules/react/cjs/react.development.js:590:34)
      at recursivelyFlushAsyncActWork (node_modules/react/cjs/react.development.js:566:13)
      at Immediate._onImmediate (node_modules/react/cjs/react.development.js:849:32)

  console.warn
    The width(-1) and height(-1) of chart should be greater than 0,
           please check the style of container, or the props width(100%) and height(100%),
           or add a minWidth(0) or minHeight(undefined) or use aspect(undefined) to control the
           height and width.

    [0m [90m 376 |[39m     window[33m.[39mapi [33m=[39m buildApi()[33m;[39m
     [90m 377 |[39m     jest[33m.[39museFakeTimers()[33m.[39msetSystemTime([33mNOW[39m)[33m;[39m
    [31m[1m>[22m[39m[90m 378 |[39m     render([33m<[39m[33mStatistiquesAdherent[39m [33m/[39m[33m>[39m)[33m;[39m
     [90m     |[39m           [31m[1m^[22m[39m
     [90m 379 |[39m     [36mawait[39m waitFor(() [33m=>[39m expect(screen[33m.[39mqueryByText([32m"…"[39m))[33m.[39mnot[33m.[39mtoBeInTheDocument())[33m;[39m
     [90m 380 |[39m     [36mconst[39m btn [33m=[39m screen[33m.[39mgetByRole([32m"button"[39m[33m,[39m { name[33m:[39m [35m/abonnement/i[39m })[33m;[39m
     [90m 381 |[39m     expect(() [33m=>[39m fireEvent[33m.[39mclick(btn))[33m.[39mnot[33m.[39mtoThrow()[33m;[39m[0m

      at warn (node_modules/recharts/lib/util/LogUtils.js:22:17)
      at node_modules/recharts/lib/component/ResponsiveContainer.js:144:22
      at Object.react_stack_bottom_frame (node_modules/react-dom/cjs/react-dom-client.development.js:25904:20)
      at renderWithHooks (node_modules/react-dom/cjs/react-dom-client.development.js:7662:22)
      at updateForwardRef (node_modules/react-dom/cjs/react-dom-client.development.js:9724:19)
      at beginWork (node_modules/react-dom/cjs/react-dom-client.development.js:12117:18)
      at runWithFiberInDEV (node_modules/react-dom/cjs/react-dom-client.development.js:874:13)
      at performUnitOfWork (node_modules/react-dom/cjs/react-dom-client.development.js:17641:22)
      at workLoopSync (node_modules/react-dom/cjs/react-dom-client.development.js:17469:41)
      at renderRootSync (node_modules/react-dom/cjs/react-dom-client.development.js:17450:11)
      at performWorkOnRoot (node_modules/react-dom/cjs/react-dom-client.development.js:16504:11)
      at performWorkOnRootViaSchedulerTask (node_modules/react-dom/cjs/react-dom-client.development.js:18957:7)
      at flushActQueue (node_modules/react/cjs/react.development.js:590:34)
      at process.env.NODE_ENV.exports.act (node_modules/react/cjs/react.development.js:884:10)
      at node_modules/@testing-library/react/dist/act-compat.js:46:25
      at renderRoot (node_modules/@testing-library/react/dist/pure.js:189:26)
      at render (node_modules/@testing-library/react/dist/pure.js:291:10)
      at Object.<anonymous> (src/__tests__/pages/Statistiquesadherent.test.jsx:378:11)

  console.warn
    The width(-1) and height(-1) of chart should be greater than 0,
           please check the style of container, or the props width(100%) and height(100%),
           or add a minWidth(0) or minHeight(undefined) or use aspect(undefined) to control the
           height and width.

    [0m [90m 376 |[39m     window[33m.[39mapi [33m=[39m buildApi()[33m;[39m
     [90m 377 |[39m     jest[33m.[39museFakeTimers()[33m.[39msetSystemTime([33mNOW[39m)[33m;[39m
    [31m[1m>[22m[39m[90m 378 |[39m     render([33m<[39m[33mStatistiquesAdherent[39m [33m/[39m[33m>[39m)[33m;[39m
     [90m     |[39m           [31m[1m^[22m[39m
     [90m 379 |[39m     [36mawait[39m waitFor(() [33m=>[39m expect(screen[33m.[39mqueryByText([32m"…"[39m))[33m.[39mnot[33m.[39mtoBeInTheDocument())[33m;[39m
     [90m 380 |[39m     [36mconst[39m btn [33m=[39m screen[33m.[39mgetByRole([32m"button"[39m[33m,[39m { name[33m:[39m [35m/abonnement/i[39m })[33m;[39m
     [90m 381 |[39m     expect(() [33m=>[39m fireEvent[33m.[39mclick(btn))[33m.[39mnot[33m.[39mtoThrow()[33m;[39m[0m

      at warn (node_modules/recharts/lib/util/LogUtils.js:22:17)
      at node_modules/recharts/lib/component/ResponsiveContainer.js:144:22
      at Object.react_stack_bottom_frame (node_modules/react-dom/cjs/react-dom-client.development.js:25904:20)
      at renderWithHooks (node_modules/react-dom/cjs/react-dom-client.development.js:7662:22)
      at updateForwardRef (node_modules/react-dom/cjs/react-dom-client.development.js:9724:19)
      at beginWork (node_modules/react-dom/cjs/react-dom-client.development.js:12117:18)
      at runWithFiberInDEV (node_modules/react-dom/cjs/react-dom-client.development.js:874:13)
      at performUnitOfWork (node_modules/react-dom/cjs/react-dom-client.development.js:17641:22)
      at workLoopSync (node_modules/react-dom/cjs/react-dom-client.development.js:17469:41)
      at renderRootSync (node_modules/react-dom/cjs/react-dom-client.development.js:17450:11)
      at performWorkOnRoot (node_modules/react-dom/cjs/react-dom-client.development.js:16504:11)
      at performWorkOnRootViaSchedulerTask (node_modules/react-dom/cjs/react-dom-client.development.js:18957:7)
      at flushActQueue (node_modules/react/cjs/react.development.js:590:34)
      at process.env.NODE_ENV.exports.act (node_modules/react/cjs/react.development.js:884:10)
      at node_modules/@testing-library/react/dist/act-compat.js:46:25
      at renderRoot (node_modules/@testing-library/react/dist/pure.js:189:26)
      at render (node_modules/@testing-library/react/dist/pure.js:291:10)
      at Object.<anonymous> (src/__tests__/pages/Statistiquesadherent.test.jsx:378:11)

  console.warn
    The width(-1) and height(-1) of chart should be greater than 0,
           please check the style of container, or the props width(100%) and height(100%),
           or add a minWidth(0) or minHeight(undefined) or use aspect(undefined) to control the
           height and width.

      at warn (node_modules/recharts/lib/util/LogUtils.js:22:17)
      at node_modules/recharts/lib/component/ResponsiveContainer.js:144:22
      at Object.react_stack_bottom_frame (node_modules/react-dom/cjs/react-dom-client.development.js:25904:20)
      at renderWithHooks (node_modules/react-dom/cjs/react-dom-client.development.js:7662:22)
      at updateForwardRef (node_modules/react-dom/cjs/react-dom-client.development.js:9724:19)
      at beginWork (node_modules/react-dom/cjs/react-dom-client.development.js:12117:18)
      at runWithFiberInDEV (node_modules/react-dom/cjs/react-dom-client.development.js:874:13)
      at performUnitOfWork (node_modules/react-dom/cjs/react-dom-client.development.js:17641:22)
      at workLoopSync (node_modules/react-dom/cjs/react-dom-client.development.js:17469:41)
      at renderRootSync (node_modules/react-dom/cjs/react-dom-client.development.js:17450:11)
      at performWorkOnRoot (node_modules/react-dom/cjs/react-dom-client.development.js:16504:11)
      at performWorkOnRootViaSchedulerTask (node_modules/react-dom/cjs/react-dom-client.development.js:18957:7)
      at flushActQueue (node_modules/react/cjs/react.development.js:590:34)
      at node_modules/react/cjs/react.development.js:847:21

  console.warn
    The width(-1) and height(-1) of chart should be greater than 0,
           please check the style of container, or the props width(100%) and height(100%),
           or add a minWidth(0) or minHeight(undefined) or use aspect(undefined) to control the
           height and width.

      at warn (node_modules/recharts/lib/util/LogUtils.js:22:17)
      at node_modules/recharts/lib/component/ResponsiveContainer.js:144:22
      at Object.react_stack_bottom_frame (node_modules/react-dom/cjs/react-dom-client.development.js:25904:20)
      at renderWithHooks (node_modules/react-dom/cjs/react-dom-client.development.js:7662:22)
      at updateForwardRef (node_modules/react-dom/cjs/react-dom-client.development.js:9724:19)
      at beginWork (node_modules/react-dom/cjs/react-dom-client.development.js:12117:18)
      at runWithFiberInDEV (node_modules/react-dom/cjs/react-dom-client.development.js:874:13)
      at performUnitOfWork (node_modules/react-dom/cjs/react-dom-client.development.js:17641:22)
      at workLoopSync (node_modules/react-dom/cjs/react-dom-client.development.js:17469:41)
      at renderRootSync (node_modules/react-dom/cjs/react-dom-client.development.js:17450:11)
      at performWorkOnRoot (node_modules/react-dom/cjs/react-dom-client.development.js:16504:11)
      at performWorkOnRootViaSchedulerTask (node_modules/react-dom/cjs/react-dom-client.development.js:18957:7)
      at flushActQueue (node_modules/react/cjs/react.development.js:590:34)
      at node_modules/react/cjs/react.development.js:847:21

  console.warn
    The width(-1) and height(-1) of chart should be greater than 0,
           please check the style of container, or the props width(100%) and height(100%),
           or add a minWidth(0) or minHeight(undefined) or use aspect(undefined) to control the
           height and width.

      at warn (node_modules/recharts/lib/util/LogUtils.js:22:17)
      at node_modules/recharts/lib/component/ResponsiveContainer.js:144:22
      at Object.react_stack_bottom_frame (node_modules/react-dom/cjs/react-dom-client.development.js:25904:20)
      at renderWithHooks (node_modules/react-dom/cjs/react-dom-client.development.js:7662:22)
      at updateForwardRef (node_modules/react-dom/cjs/react-dom-client.development.js:9724:19)
      at beginWork (node_modules/react-dom/cjs/react-dom-client.development.js:12117:18)
      at runWithFiberInDEV (node_modules/react-dom/cjs/react-dom-client.development.js:874:13)
      at performUnitOfWork (node_modules/react-dom/cjs/react-dom-client.development.js:17641:22)
      at workLoopSync (node_modules/react-dom/cjs/react-dom-client.development.js:17469:41)
      at renderRootSync (node_modules/react-dom/cjs/react-dom-client.development.js:17450:11)
      at performWorkOnRoot (node_modules/react-dom/cjs/react-dom-client.development.js:16504:11)
      at performWorkOnRootViaSchedulerTask (node_modules/react-dom/cjs/react-dom-client.development.js:18957:7)
      at flushActQueue (node_modules/react/cjs/react.development.js:590:34)
      at recursivelyFlushAsyncActWork (node_modules/react/cjs/react.development.js:566:13)
      at Immediate._onImmediate (node_modules/react/cjs/react.development.js:849:32)

  console.warn
    The width(-1) and height(-1) of chart should be greater than 0,
           please check the style of container, or the props width(100%) and height(100%),
           or add a minWidth(0) or minHeight(undefined) or use aspect(undefined) to control the
           height and width.

      at warn (node_modules/recharts/lib/util/LogUtils.js:22:17)
      at node_modules/recharts/lib/component/ResponsiveContainer.js:144:22
      at Object.react_stack_bottom_frame (node_modules/react-dom/cjs/react-dom-client.development.js:25904:20)
      at renderWithHooks (node_modules/react-dom/cjs/react-dom-client.development.js:7662:22)
      at updateForwardRef (node_modules/react-dom/cjs/react-dom-client.development.js:9724:19)
      at beginWork (node_modules/react-dom/cjs/react-dom-client.development.js:12117:18)
      at runWithFiberInDEV (node_modules/react-dom/cjs/react-dom-client.development.js:874:13)
      at performUnitOfWork (node_modules/react-dom/cjs/react-dom-client.development.js:17641:22)
      at workLoopSync (node_modules/react-dom/cjs/react-dom-client.development.js:17469:41)
      at renderRootSync (node_modules/react-dom/cjs/react-dom-client.development.js:17450:11)
      at performWorkOnRoot (node_modules/react-dom/cjs/react-dom-client.development.js:16504:11)
      at performWorkOnRootViaSchedulerTask (node_modules/react-dom/cjs/react-dom-client.development.js:18957:7)
      at flushActQueue (node_modules/react/cjs/react.development.js:590:34)
      at recursivelyFlushAsyncActWork (node_modules/react/cjs/react.development.js:566:13)
      at Immediate._onImmediate (node_modules/react/cjs/react.development.js:849:32)

  console.warn
    The width(-1) and height(-1) of chart should be greater than 0,
           please check the style of container, or the props width(100%) and height(100%),
           or add a minWidth(0) or minHeight(undefined) or use aspect(undefined) to control the
           height and width.

    [0m [90m 66 |[39m   jest[33m.[39museFakeTimers()[33m.[39msetSystemTime([33mNOW[39m)[33m;[39m
     [90m 67 |[39m   window[33m.[39mapi [33m=[39m buildApi(apiOverrides)[33m;[39m
    [31m[1m>[22m[39m[90m 68 |[39m   [36mconst[39m utils [33m=[39m render([33m<[39m[33mStatistiquesAdherent[39m onPageChange[33m=[39m{onPageChange} [33m/[39m[33m>[39m)[33m;[39m
     [90m    |[39m                       [31m[1m^[22m[39m
     [90m 69 |[39m   [36mreturn[39m utils[33m;[39m
     [90m 70 |[39m }[33m;[39m
     [90m 71 |[39m[0m

      at warn (node_modules/recharts/lib/util/LogUtils.js:22:17)
      at node_modules/recharts/lib/component/ResponsiveContainer.js:144:22
      at Object.react_stack_bottom_frame (node_modules/react-dom/cjs/react-dom-client.development.js:25904:20)
      at renderWithHooks (node_modules/react-dom/cjs/react-dom-client.development.js:7662:22)
      at updateForwardRef (node_modules/react-dom/cjs/react-dom-client.development.js:9724:19)
      at beginWork (node_modules/react-dom/cjs/react-dom-client.development.js:12117:18)
      at runWithFiberInDEV (node_modules/react-dom/cjs/react-dom-client.development.js:874:13)
      at performUnitOfWork (node_modules/react-dom/cjs/react-dom-client.development.js:17641:22)
      at workLoopSync (node_modules/react-dom/cjs/react-dom-client.development.js:17469:41)
      at renderRootSync (node_modules/react-dom/cjs/react-dom-client.development.js:17450:11)
      at performWorkOnRoot (node_modules/react-dom/cjs/react-dom-client.development.js:16504:11)
      at performWorkOnRootViaSchedulerTask (node_modules/react-dom/cjs/react-dom-client.development.js:18957:7)
      at flushActQueue (node_modules/react/cjs/react.development.js:590:34)
      at process.env.NODE_ENV.exports.act (node_modules/react/cjs/react.development.js:884:10)
      at node_modules/@testing-library/react/dist/act-compat.js:46:25
      at renderRoot (node_modules/@testing-library/react/dist/pure.js:189:26)
      at render (node_modules/@testing-library/react/dist/pure.js:291:10)
      at setup (src/__tests__/pages/Statistiquesadherent.test.jsx:68:23)
      at Object.setup (src/__tests__/pages/Statistiquesadherent.test.jsx:385:5)

  console.warn
    The width(-1) and height(-1) of chart should be greater than 0,
           please check the style of container, or the props width(100%) and height(100%),
           or add a minWidth(0) or minHeight(undefined) or use aspect(undefined) to control the
           height and width.

    [0m [90m 66 |[39m   jest[33m.[39museFakeTimers()[33m.[39msetSystemTime([33mNOW[39m)[33m;[39m
     [90m 67 |[39m   window[33m.[39mapi [33m=[39m buildApi(apiOverrides)[33m;[39m
    [31m[1m>[22m[39m[90m 68 |[39m   [36mconst[39m utils [33m=[39m render([33m<[39m[33mStatistiquesAdherent[39m onPageChange[33m=[39m{onPageChange} [33m/[39m[33m>[39m)[33m;[39m
     [90m    |[39m                       [31m[1m^[22m[39m
     [90m 69 |[39m   [36mreturn[39m utils[33m;[39m
     [90m 70 |[39m }[33m;[39m
     [90m 71 |[39m[0m

      at warn (node_modules/recharts/lib/util/LogUtils.js:22:17)
      at node_modules/recharts/lib/component/ResponsiveContainer.js:144:22
      at Object.react_stack_bottom_frame (node_modules/react-dom/cjs/react-dom-client.development.js:25904:20)
      at renderWithHooks (node_modules/react-dom/cjs/react-dom-client.development.js:7662:22)
      at updateForwardRef (node_modules/react-dom/cjs/react-dom-client.development.js:9724:19)
      at beginWork (node_modules/react-dom/cjs/react-dom-client.development.js:12117:18)
      at runWithFiberInDEV (node_modules/react-dom/cjs/react-dom-client.development.js:874:13)
      at performUnitOfWork (node_modules/react-dom/cjs/react-dom-client.development.js:17641:22)
      at workLoopSync (node_modules/react-dom/cjs/react-dom-client.development.js:17469:41)
      at renderRootSync (node_modules/react-dom/cjs/react-dom-client.development.js:17450:11)
      at performWorkOnRoot (node_modules/react-dom/cjs/react-dom-client.development.js:16504:11)
      at performWorkOnRootViaSchedulerTask (node_modules/react-dom/cjs/react-dom-client.development.js:18957:7)
      at flushActQueue (node_modules/react/cjs/react.development.js:590:34)
      at process.env.NODE_ENV.exports.act (node_modules/react/cjs/react.development.js:884:10)
      at node_modules/@testing-library/react/dist/act-compat.js:46:25
      at renderRoot (node_modules/@testing-library/react/dist/pure.js:189:26)
      at render (node_modules/@testing-library/react/dist/pure.js:291:10)
      at setup (src/__tests__/pages/Statistiquesadherent.test.jsx:68:23)
      at Object.setup (src/__tests__/pages/Statistiquesadherent.test.jsx:385:5)

  console.warn
    The width(-1) and height(-1) of chart should be greater than 0,
           please check the style of container, or the props width(100%) and height(100%),
           or add a minWidth(0) or minHeight(undefined) or use aspect(undefined) to control the
           height and width.

      at warn (node_modules/recharts/lib/util/LogUtils.js:22:17)
      at node_modules/recharts/lib/component/ResponsiveContainer.js:144:22
      at Object.react_stack_bottom_frame (node_modules/react-dom/cjs/react-dom-client.development.js:25904:20)
      at renderWithHooks (node_modules/react-dom/cjs/react-dom-client.development.js:7662:22)
      at updateForwardRef (node_modules/react-dom/cjs/react-dom-client.development.js:9724:19)
      at beginWork (node_modules/react-dom/cjs/react-dom-client.development.js:12117:18)
      at runWithFiberInDEV (node_modules/react-dom/cjs/react-dom-client.development.js:874:13)
      at performUnitOfWork (node_modules/react-dom/cjs/react-dom-client.development.js:17641:22)
      at workLoopSync (node_modules/react-dom/cjs/react-dom-client.development.js:17469:41)
      at renderRootSync (node_modules/react-dom/cjs/react-dom-client.development.js:17450:11)
      at performWorkOnRoot (node_modules/react-dom/cjs/react-dom-client.development.js:16504:11)
      at performWorkOnRootViaSchedulerTask (node_modules/react-dom/cjs/react-dom-client.development.js:18957:7)
      at flushActQueue (node_modules/react/cjs/react.development.js:590:34)
      at node_modules/react/cjs/react.development.js:847:21

  console.warn
    The width(-1) and height(-1) of chart should be greater than 0,
           please check the style of container, or the props width(100%) and height(100%),
           or add a minWidth(0) or minHeight(undefined) or use aspect(undefined) to control the
           height and width.

      at warn (node_modules/recharts/lib/util/LogUtils.js:22:17)
      at node_modules/recharts/lib/component/ResponsiveContainer.js:144:22
      at Object.react_stack_bottom_frame (node_modules/react-dom/cjs/react-dom-client.development.js:25904:20)
      at renderWithHooks (node_modules/react-dom/cjs/react-dom-client.development.js:7662:22)
      at updateForwardRef (node_modules/react-dom/cjs/react-dom-client.development.js:9724:19)
      at beginWork (node_modules/react-dom/cjs/react-dom-client.development.js:12117:18)
      at runWithFiberInDEV (node_modules/react-dom/cjs/react-dom-client.development.js:874:13)
      at performUnitOfWork (node_modules/react-dom/cjs/react-dom-client.development.js:17641:22)
      at workLoopSync (node_modules/react-dom/cjs/react-dom-client.development.js:17469:41)
      at renderRootSync (node_modules/react-dom/cjs/react-dom-client.development.js:17450:11)
      at performWorkOnRoot (node_modules/react-dom/cjs/react-dom-client.development.js:16504:11)
      at performWorkOnRootViaSchedulerTask (node_modules/react-dom/cjs/react-dom-client.development.js:18957:7)
      at flushActQueue (node_modules/react/cjs/react.development.js:590:34)
      at node_modules/react/cjs/react.development.js:847:21

  console.warn
    The width(-1) and height(-1) of chart should be greater than 0,
           please check the style of container, or the props width(100%) and height(100%),
           or add a minWidth(0) or minHeight(undefined) or use aspect(undefined) to control the
           height and width.

      at warn (node_modules/recharts/lib/util/LogUtils.js:22:17)
      at node_modules/recharts/lib/component/ResponsiveContainer.js:144:22
      at Object.react_stack_bottom_frame (node_modules/react-dom/cjs/react-dom-client.development.js:25904:20)
      at renderWithHooks (node_modules/react-dom/cjs/react-dom-client.development.js:7662:22)
      at updateForwardRef (node_modules/react-dom/cjs/react-dom-client.development.js:9724:19)
      at beginWork (node_modules/react-dom/cjs/react-dom-client.development.js:12117:18)
      at runWithFiberInDEV (node_modules/react-dom/cjs/react-dom-client.development.js:874:13)
      at performUnitOfWork (node_modules/react-dom/cjs/react-dom-client.development.js:17641:22)
      at workLoopSync (node_modules/react-dom/cjs/react-dom-client.development.js:17469:41)
      at renderRootSync (node_modules/react-dom/cjs/react-dom-client.development.js:17450:11)
      at performWorkOnRoot (node_modules/react-dom/cjs/react-dom-client.development.js:16504:11)
      at performWorkOnRootViaSchedulerTask (node_modules/react-dom/cjs/react-dom-client.development.js:18957:7)
      at flushActQueue (node_modules/react/cjs/react.development.js:590:34)
      at recursivelyFlushAsyncActWork (node_modules/react/cjs/react.development.js:566:13)
      at Immediate._onImmediate (node_modules/react/cjs/react.development.js:849:32)

  console.warn
    The width(-1) and height(-1) of chart should be greater than 0,
           please check the style of container, or the props width(100%) and height(100%),
           or add a minWidth(0) or minHeight(undefined) or use aspect(undefined) to control the
           height and width.

      at warn (node_modules/recharts/lib/util/LogUtils.js:22:17)
      at node_modules/recharts/lib/component/ResponsiveContainer.js:144:22
      at Object.react_stack_bottom_frame (node_modules/react-dom/cjs/react-dom-client.development.js:25904:20)
      at renderWithHooks (node_modules/react-dom/cjs/react-dom-client.development.js:7662:22)
      at updateForwardRef (node_modules/react-dom/cjs/react-dom-client.development.js:9724:19)
      at beginWork (node_modules/react-dom/cjs/react-dom-client.development.js:12117:18)
      at runWithFiberInDEV (node_modules/react-dom/cjs/react-dom-client.development.js:874:13)
      at performUnitOfWork (node_modules/react-dom/cjs/react-dom-client.development.js:17641:22)
      at workLoopSync (node_modules/react-dom/cjs/react-dom-client.development.js:17469:41)
      at renderRootSync (node_modules/react-dom/cjs/react-dom-client.development.js:17450:11)
      at performWorkOnRoot (node_modules/react-dom/cjs/react-dom-client.development.js:16504:11)
      at performWorkOnRootViaSchedulerTask (node_modules/react-dom/cjs/react-dom-client.development.js:18957:7)
      at flushActQueue (node_modules/react/cjs/react.development.js:590:34)
      at recursivelyFlushAsyncActWork (node_modules/react/cjs/react.development.js:566:13)
      at Immediate._onImmediate (node_modules/react/cjs/react.development.js:849:32)

  console.warn
    The width(-1) and height(-1) of chart should be greater than 0,
           please check the style of container, or the props width(100%) and height(100%),
           or add a minWidth(0) or minHeight(undefined) or use aspect(undefined) to control the
           height and width.

    [0m [90m 432 |[39m     window[33m.[39mapi [33m=[39m buildApi({ getStatsPageAdherent[33m:[39m jest[33m.[39mfn()[33m.[39mmockReturnValue([36mnew[39m [33mPromise[39m(() [33m=>[39m {})) })[33m;[39m
     [90m 433 |[39m     jest[33m.[39museFakeTimers()[33m.[39msetSystemTime([33mNOW[39m)[33m;[39m
    [31m[1m>[22m[39m[90m 434 |[39m     render([33m<[39m[33mStatistiquesAdherent[39m onPageChange[33m=[39m{jest[33m.[39mfn()} [33m/[39m[33m>[39m)[33m;[39m
     [90m     |[39m           [31m[1m^[22m[39m
     [90m 435 |[39m     [90m// Les badges header affichent "…"[39m
     [90m 436 |[39m     expect(screen[33m.[39mgetAllByText([32m"…"[39m)[33m.[39mlength)[33m.[39mtoBeGreaterThan([35m0[39m)[33m;[39m
     [90m 437 |[39m   })[33m;[39m[0m

      at warn (node_modules/recharts/lib/util/LogUtils.js:22:17)
      at node_modules/recharts/lib/component/ResponsiveContainer.js:144:22
      at Object.react_stack_bottom_frame (node_modules/react-dom/cjs/react-dom-client.development.js:25904:20)
      at renderWithHooks (node_modules/react-dom/cjs/react-dom-client.development.js:7662:22)
      at updateForwardRef (node_modules/react-dom/cjs/react-dom-client.development.js:9724:19)
      at beginWork (node_modules/react-dom/cjs/react-dom-client.development.js:12117:18)
      at runWithFiberInDEV (node_modules/react-dom/cjs/react-dom-client.development.js:874:13)
      at performUnitOfWork (node_modules/react-dom/cjs/react-dom-client.development.js:17641:22)
      at workLoopSync (node_modules/react-dom/cjs/react-dom-client.development.js:17469:41)
      at renderRootSync (node_modules/react-dom/cjs/react-dom-client.development.js:17450:11)
      at performWorkOnRoot (node_modules/react-dom/cjs/react-dom-client.development.js:16504:11)
      at performWorkOnRootViaSchedulerTask (node_modules/react-dom/cjs/react-dom-client.development.js:18957:7)
      at flushActQueue (node_modules/react/cjs/react.development.js:590:34)
      at process.env.NODE_ENV.exports.act (node_modules/react/cjs/react.development.js:884:10)
      at node_modules/@testing-library/react/dist/act-compat.js:46:25
      at renderRoot (node_modules/@testing-library/react/dist/pure.js:189:26)
      at render (node_modules/@testing-library/react/dist/pure.js:291:10)
      at Object.<anonymous> (src/__tests__/pages/Statistiquesadherent.test.jsx:434:11)

  console.warn
    The width(-1) and height(-1) of chart should be greater than 0,
           please check the style of container, or the props width(100%) and height(100%),
           or add a minWidth(0) or minHeight(undefined) or use aspect(undefined) to control the
           height and width.

    [0m [90m 432 |[39m     window[33m.[39mapi [33m=[39m buildApi({ getStatsPageAdherent[33m:[39m jest[33m.[39mfn()[33m.[39mmockReturnValue([36mnew[39m [33mPromise[39m(() [33m=>[39m {})) })[33m;[39m
     [90m 433 |[39m     jest[33m.[39museFakeTimers()[33m.[39msetSystemTime([33mNOW[39m)[33m;[39m
    [31m[1m>[22m[39m[90m 434 |[39m     render([33m<[39m[33mStatistiquesAdherent[39m onPageChange[33m=[39m{jest[33m.[39mfn()} [33m/[39m[33m>[39m)[33m;[39m
     [90m     |[39m           [31m[1m^[22m[39m
     [90m 435 |[39m     [90m// Les badges header affichent "…"[39m
     [90m 436 |[39m     expect(screen[33m.[39mgetAllByText([32m"…"[39m)[33m.[39mlength)[33m.[39mtoBeGreaterThan([35m0[39m)[33m;[39m
     [90m 437 |[39m   })[33m;[39m[0m

      at warn (node_modules/recharts/lib/util/LogUtils.js:22:17)
      at node_modules/recharts/lib/component/ResponsiveContainer.js:144:22
      at Object.react_stack_bottom_frame (node_modules/react-dom/cjs/react-dom-client.development.js:25904:20)
      at renderWithHooks (node_modules/react-dom/cjs/react-dom-client.development.js:7662:22)
      at updateForwardRef (node_modules/react-dom/cjs/react-dom-client.development.js:9724:19)
      at beginWork (node_modules/react-dom/cjs/react-dom-client.development.js:12117:18)
      at runWithFiberInDEV (node_modules/react-dom/cjs/react-dom-client.development.js:874:13)
      at performUnitOfWork (node_modules/react-dom/cjs/react-dom-client.development.js:17641:22)
      at workLoopSync (node_modules/react-dom/cjs/react-dom-client.development.js:17469:41)
      at renderRootSync (node_modules/react-dom/cjs/react-dom-client.development.js:17450:11)
      at performWorkOnRoot (node_modules/react-dom/cjs/react-dom-client.development.js:16504:11)
      at performWorkOnRootViaSchedulerTask (node_modules/react-dom/cjs/react-dom-client.development.js:18957:7)
      at flushActQueue (node_modules/react/cjs/react.development.js:590:34)
      at process.env.NODE_ENV.exports.act (node_modules/react/cjs/react.development.js:884:10)
      at node_modules/@testing-library/react/dist/act-compat.js:46:25
      at renderRoot (node_modules/@testing-library/react/dist/pure.js:189:26)
      at render (node_modules/@testing-library/react/dist/pure.js:291:10)
      at Object.<anonymous> (src/__tests__/pages/Statistiquesadherent.test.jsx:434:11)

  console.warn
    The width(-1) and height(-1) of chart should be greater than 0,
           please check the style of container, or the props width(100%) and height(100%),
           or add a minWidth(0) or minHeight(undefined) or use aspect(undefined) to control the
           height and width.

    [0m [90m 66 |[39m   jest[33m.[39museFakeTimers()[33m.[39msetSystemTime([33mNOW[39m)[33m;[39m
     [90m 67 |[39m   window[33m.[39mapi [33m=[39m buildApi(apiOverrides)[33m;[39m
    [31m[1m>[22m[39m[90m 68 |[39m   [36mconst[39m utils [33m=[39m render([33m<[39m[33mStatistiquesAdherent[39m onPageChange[33m=[39m{onPageChange} [33m/[39m[33m>[39m)[33m;[39m
     [90m    |[39m                       [31m[1m^[22m[39m
     [90m 69 |[39m   [36mreturn[39m utils[33m;[39m
     [90m 70 |[39m }[33m;[39m
     [90m 71 |[39m[0m

      at warn (node_modules/recharts/lib/util/LogUtils.js:22:17)
      at node_modules/recharts/lib/component/ResponsiveContainer.js:144:22
      at Object.react_stack_bottom_frame (node_modules/react-dom/cjs/react-dom-client.development.js:25904:20)
      at renderWithHooks (node_modules/react-dom/cjs/react-dom-client.development.js:7662:22)
      at updateForwardRef (node_modules/react-dom/cjs/react-dom-client.development.js:9724:19)
      at beginWork (node_modules/react-dom/cjs/react-dom-client.development.js:12117:18)
      at runWithFiberInDEV (node_modules/react-dom/cjs/react-dom-client.development.js:874:13)
      at performUnitOfWork (node_modules/react-dom/cjs/react-dom-client.development.js:17641:22)
      at workLoopSync (node_modules/react-dom/cjs/react-dom-client.development.js:17469:41)
      at renderRootSync (node_modules/react-dom/cjs/react-dom-client.development.js:17450:11)
      at performWorkOnRoot (node_modules/react-dom/cjs/react-dom-client.development.js:16504:11)
      at performWorkOnRootViaSchedulerTask (node_modules/react-dom/cjs/react-dom-client.development.js:18957:7)
      at flushActQueue (node_modules/react/cjs/react.development.js:590:34)
      at process.env.NODE_ENV.exports.act (node_modules/react/cjs/react.development.js:884:10)
      at node_modules/@testing-library/react/dist/act-compat.js:46:25
      at renderRoot (node_modules/@testing-library/react/dist/pure.js:189:26)
      at render (node_modules/@testing-library/react/dist/pure.js:291:10)
      at setup (src/__tests__/pages/Statistiquesadherent.test.jsx:68:23)
      at Object.setup (src/__tests__/pages/Statistiquesadherent.test.jsx:440:5)

  console.warn
    The width(-1) and height(-1) of chart should be greater than 0,
           please check the style of container, or the props width(100%) and height(100%),
           or add a minWidth(0) or minHeight(undefined) or use aspect(undefined) to control the
           height and width.

    [0m [90m 66 |[39m   jest[33m.[39museFakeTimers()[33m.[39msetSystemTime([33mNOW[39m)[33m;[39m
     [90m 67 |[39m   window[33m.[39mapi [33m=[39m buildApi(apiOverrides)[33m;[39m
    [31m[1m>[22m[39m[90m 68 |[39m   [36mconst[39m utils [33m=[39m render([33m<[39m[33mStatistiquesAdherent[39m onPageChange[33m=[39m{onPageChange} [33m/[39m[33m>[39m)[33m;[39m
     [90m    |[39m                       [31m[1m^[22m[39m
     [90m 69 |[39m   [36mreturn[39m utils[33m;[39m
     [90m 70 |[39m }[33m;[39m
     [90m 71 |[39m[0m

      at warn (node_modules/recharts/lib/util/LogUtils.js:22:17)
      at node_modules/recharts/lib/component/ResponsiveContainer.js:144:22
      at Object.react_stack_bottom_frame (node_modules/react-dom/cjs/react-dom-client.development.js:25904:20)
      at renderWithHooks (node_modules/react-dom/cjs/react-dom-client.development.js:7662:22)
      at updateForwardRef (node_modules/react-dom/cjs/react-dom-client.development.js:9724:19)
      at beginWork (node_modules/react-dom/cjs/react-dom-client.development.js:12117:18)
      at runWithFiberInDEV (node_modules/react-dom/cjs/react-dom-client.development.js:874:13)
      at performUnitOfWork (node_modules/react-dom/cjs/react-dom-client.development.js:17641:22)
      at workLoopSync (node_modules/react-dom/cjs/react-dom-client.development.js:17469:41)
      at renderRootSync (node_modules/react-dom/cjs/react-dom-client.development.js:17450:11)
      at performWorkOnRoot (node_modules/react-dom/cjs/react-dom-client.development.js:16504:11)
      at performWorkOnRootViaSchedulerTask (node_modules/react-dom/cjs/react-dom-client.development.js:18957:7)
      at flushActQueue (node_modules/react/cjs/react.development.js:590:34)
      at process.env.NODE_ENV.exports.act (node_modules/react/cjs/react.development.js:884:10)
      at node_modules/@testing-library/react/dist/act-compat.js:46:25
      at renderRoot (node_modules/@testing-library/react/dist/pure.js:189:26)
      at render (node_modules/@testing-library/react/dist/pure.js:291:10)
      at setup (src/__tests__/pages/Statistiquesadherent.test.jsx:68:23)
      at Object.setup (src/__tests__/pages/Statistiquesadherent.test.jsx:440:5)

  console.warn
    The width(-1) and height(-1) of chart should be greater than 0,
           please check the style of container, or the props width(100%) and height(100%),
           or add a minWidth(0) or minHeight(undefined) or use aspect(undefined) to control the
           height and width.

      at warn (node_modules/recharts/lib/util/LogUtils.js:22:17)
      at node_modules/recharts/lib/component/ResponsiveContainer.js:144:22
      at Object.react_stack_bottom_frame (node_modules/react-dom/cjs/react-dom-client.development.js:25904:20)
      at renderWithHooks (node_modules/react-dom/cjs/react-dom-client.development.js:7662:22)
      at updateForwardRef (node_modules/react-dom/cjs/react-dom-client.development.js:9724:19)
      at beginWork (node_modules/react-dom/cjs/react-dom-client.development.js:12117:18)
      at runWithFiberInDEV (node_modules/react-dom/cjs/react-dom-client.development.js:874:13)
      at performUnitOfWork (node_modules/react-dom/cjs/react-dom-client.development.js:17641:22)
      at workLoopSync (node_modules/react-dom/cjs/react-dom-client.development.js:17469:41)
      at renderRootSync (node_modules/react-dom/cjs/react-dom-client.development.js:17450:11)
      at performWorkOnRoot (node_modules/react-dom/cjs/react-dom-client.development.js:16504:11)
      at performWorkOnRootViaSchedulerTask (node_modules/react-dom/cjs/react-dom-client.development.js:18957:7)
      at flushActQueue (node_modules/react/cjs/react.development.js:590:34)
      at node_modules/react/cjs/react.development.js:847:21

  console.warn
    The width(-1) and height(-1) of chart should be greater than 0,
           please check the style of container, or the props width(100%) and height(100%),
           or add a minWidth(0) or minHeight(undefined) or use aspect(undefined) to control the
           height and width.

      at warn (node_modules/recharts/lib/util/LogUtils.js:22:17)
      at node_modules/recharts/lib/component/ResponsiveContainer.js:144:22
      at Object.react_stack_bottom_frame (node_modules/react-dom/cjs/react-dom-client.development.js:25904:20)
      at renderWithHooks (node_modules/react-dom/cjs/react-dom-client.development.js:7662:22)
      at updateForwardRef (node_modules/react-dom/cjs/react-dom-client.development.js:9724:19)
      at beginWork (node_modules/react-dom/cjs/react-dom-client.development.js:12117:18)
      at runWithFiberInDEV (node_modules/react-dom/cjs/react-dom-client.development.js:874:13)
      at performUnitOfWork (node_modules/react-dom/cjs/react-dom-client.development.js:17641:22)
      at workLoopSync (node_modules/react-dom/cjs/react-dom-client.development.js:17469:41)
      at renderRootSync (node_modules/react-dom/cjs/react-dom-client.development.js:17450:11)
      at performWorkOnRoot (node_modules/react-dom/cjs/react-dom-client.development.js:16504:11)
      at performWorkOnRootViaSchedulerTask (node_modules/react-dom/cjs/react-dom-client.development.js:18957:7)
      at flushActQueue (node_modules/react/cjs/react.development.js:590:34)
      at node_modules/react/cjs/react.development.js:847:21

  console.warn
    The width(-1) and height(-1) of chart should be greater than 0,
           please check the style of container, or the props width(100%) and height(100%),
           or add a minWidth(0) or minHeight(undefined) or use aspect(undefined) to control the
           height and width.

      at warn (node_modules/recharts/lib/util/LogUtils.js:22:17)
      at node_modules/recharts/lib/component/ResponsiveContainer.js:144:22
      at Object.react_stack_bottom_frame (node_modules/react-dom/cjs/react-dom-client.development.js:25904:20)
      at renderWithHooks (node_modules/react-dom/cjs/react-dom-client.development.js:7662:22)
      at updateForwardRef (node_modules/react-dom/cjs/react-dom-client.development.js:9724:19)
      at beginWork (node_modules/react-dom/cjs/react-dom-client.development.js:12117:18)
      at runWithFiberInDEV (node_modules/react-dom/cjs/react-dom-client.development.js:874:13)
      at performUnitOfWork (node_modules/react-dom/cjs/react-dom-client.development.js:17641:22)
      at workLoopSync (node_modules/react-dom/cjs/react-dom-client.development.js:17469:41)
      at renderRootSync (node_modules/react-dom/cjs/react-dom-client.development.js:17450:11)
      at performWorkOnRoot (node_modules/react-dom/cjs/react-dom-client.development.js:16504:11)
      at performWorkOnRootViaSchedulerTask (node_modules/react-dom/cjs/react-dom-client.development.js:18957:7)
      at flushActQueue (node_modules/react/cjs/react.development.js:590:34)
      at recursivelyFlushAsyncActWork (node_modules/react/cjs/react.development.js:566:13)
      at Immediate._onImmediate (node_modules/react/cjs/react.development.js:849:32)

  console.warn
    The width(-1) and height(-1) of chart should be greater than 0,
           please check the style of container, or the props width(100%) and height(100%),
           or add a minWidth(0) or minHeight(undefined) or use aspect(undefined) to control the
           height and width.

      at warn (node_modules/recharts/lib/util/LogUtils.js:22:17)
      at node_modules/recharts/lib/component/ResponsiveContainer.js:144:22
      at Object.react_stack_bottom_frame (node_modules/react-dom/cjs/react-dom-client.development.js:25904:20)
      at renderWithHooks (node_modules/react-dom/cjs/react-dom-client.development.js:7662:22)
      at updateForwardRef (node_modules/react-dom/cjs/react-dom-client.development.js:9724:19)
      at beginWork (node_modules/react-dom/cjs/react-dom-client.development.js:12117:18)
      at runWithFiberInDEV (node_modules/react-dom/cjs/react-dom-client.development.js:874:13)
      at performUnitOfWork (node_modules/react-dom/cjs/react-dom-client.development.js:17641:22)
      at workLoopSync (node_modules/react-dom/cjs/react-dom-client.development.js:17469:41)
      at renderRootSync (node_modules/react-dom/cjs/react-dom-client.development.js:17450:11)
      at performWorkOnRoot (node_modules/react-dom/cjs/react-dom-client.development.js:16504:11)
      at performWorkOnRootViaSchedulerTask (node_modules/react-dom/cjs/react-dom-client.development.js:18957:7)
      at flushActQueue (node_modules/react/cjs/react.development.js:590:34)
      at recursivelyFlushAsyncActWork (node_modules/react/cjs/react.development.js:566:13)
      at Immediate._onImmediate (node_modules/react/cjs/react.development.js:849:32)

  console.warn
    The width(-1) and height(-1) of chart should be greater than 0,
           please check the style of container, or the props width(100%) and height(100%),
           or add a minWidth(0) or minHeight(undefined) or use aspect(undefined) to control the
           height and width.

    [0m [90m 66 |[39m   jest[33m.[39museFakeTimers()[33m.[39msetSystemTime([33mNOW[39m)[33m;[39m
     [90m 67 |[39m   window[33m.[39mapi [33m=[39m buildApi(apiOverrides)[33m;[39m
    [31m[1m>[22m[39m[90m 68 |[39m   [36mconst[39m utils [33m=[39m render([33m<[39m[33mStatistiquesAdherent[39m onPageChange[33m=[39m{onPageChange} [33m/[39m[33m>[39m)[33m;[39m
     [90m    |[39m                       [31m[1m^[22m[39m
     [90m 69 |[39m   [36mreturn[39m utils[33m;[39m
     [90m 70 |[39m }[33m;[39m
     [90m 71 |[39m[0m

      at warn (node_modules/recharts/lib/util/LogUtils.js:22:17)
      at node_modules/recharts/lib/component/ResponsiveContainer.js:144:22
      at Object.react_stack_bottom_frame (node_modules/react-dom/cjs/react-dom-client.development.js:25904:20)
      at renderWithHooks (node_modules/react-dom/cjs/react-dom-client.development.js:7662:22)
      at updateForwardRef (node_modules/react-dom/cjs/react-dom-client.development.js:9724:19)
      at beginWork (node_modules/react-dom/cjs/react-dom-client.development.js:12117:18)
      at runWithFiberInDEV (node_modules/react-dom/cjs/react-dom-client.development.js:874:13)
      at performUnitOfWork (node_modules/react-dom/cjs/react-dom-client.development.js:17641:22)
      at workLoopSync (node_modules/react-dom/cjs/react-dom-client.development.js:17469:41)
      at renderRootSync (node_modules/react-dom/cjs/react-dom-client.development.js:17450:11)
      at performWorkOnRoot (node_modules/react-dom/cjs/react-dom-client.development.js:16504:11)
      at performWorkOnRootViaSchedulerTask (node_modules/react-dom/cjs/react-dom-client.development.js:18957:7)
      at flushActQueue (node_modules/react/cjs/react.development.js:590:34)
      at process.env.NODE_ENV.exports.act (node_modules/react/cjs/react.development.js:884:10)
      at node_modules/@testing-library/react/dist/act-compat.js:46:25
      at renderRoot (node_modules/@testing-library/react/dist/pure.js:189:26)
      at render (node_modules/@testing-library/react/dist/pure.js:291:10)
      at setup (src/__tests__/pages/Statistiquesadherent.test.jsx:68:23)
      at Object.setup (src/__tests__/pages/Statistiquesadherent.test.jsx:447:5)

  console.warn
    The width(-1) and height(-1) of chart should be greater than 0,
           please check the style of container, or the props width(100%) and height(100%),
           or add a minWidth(0) or minHeight(undefined) or use aspect(undefined) to control the
           height and width.

    [0m [90m 66 |[39m   jest[33m.[39museFakeTimers()[33m.[39msetSystemTime([33mNOW[39m)[33m;[39m
     [90m 67 |[39m   window[33m.[39mapi [33m=[39m buildApi(apiOverrides)[33m;[39m
    [31m[1m>[22m[39m[90m 68 |[39m   [36mconst[39m utils [33m=[39m render([33m<[39m[33mStatistiquesAdherent[39m onPageChange[33m=[39m{onPageChange} [33m/[39m[33m>[39m)[33m;[39m
     [90m    |[39m                       [31m[1m^[22m[39m
     [90m 69 |[39m   [36mreturn[39m utils[33m;[39m
     [90m 70 |[39m }[33m;[39m
     [90m 71 |[39m[0m

      at warn (node_modules/recharts/lib/util/LogUtils.js:22:17)
      at node_modules/recharts/lib/component/ResponsiveContainer.js:144:22
      at Object.react_stack_bottom_frame (node_modules/react-dom/cjs/react-dom-client.development.js:25904:20)
      at renderWithHooks (node_modules/react-dom/cjs/react-dom-client.development.js:7662:22)
      at updateForwardRef (node_modules/react-dom/cjs/react-dom-client.development.js:9724:19)
      at beginWork (node_modules/react-dom/cjs/react-dom-client.development.js:12117:18)
      at runWithFiberInDEV (node_modules/react-dom/cjs/react-dom-client.development.js:874:13)
      at performUnitOfWork (node_modules/react-dom/cjs/react-dom-client.development.js:17641:22)
      at workLoopSync (node_modules/react-dom/cjs/react-dom-client.development.js:17469:41)
      at renderRootSync (node_modules/react-dom/cjs/react-dom-client.development.js:17450:11)
      at performWorkOnRoot (node_modules/react-dom/cjs/react-dom-client.development.js:16504:11)
      at performWorkOnRootViaSchedulerTask (node_modules/react-dom/cjs/react-dom-client.development.js:18957:7)
      at flushActQueue (node_modules/react/cjs/react.development.js:590:34)
      at process.env.NODE_ENV.exports.act (node_modules/react/cjs/react.development.js:884:10)
      at node_modules/@testing-library/react/dist/act-compat.js:46:25
      at renderRoot (node_modules/@testing-library/react/dist/pure.js:189:26)
      at render (node_modules/@testing-library/react/dist/pure.js:291:10)
      at setup (src/__tests__/pages/Statistiquesadherent.test.jsx:68:23)
      at Object.setup (src/__tests__/pages/Statistiquesadherent.test.jsx:447:5)

  console.warn
    The width(-1) and height(-1) of chart should be greater than 0,
           please check the style of container, or the props width(100%) and height(100%),
           or add a minWidth(0) or minHeight(undefined) or use aspect(undefined) to control the
           height and width.

      at warn (node_modules/recharts/lib/util/LogUtils.js:22:17)
      at node_modules/recharts/lib/component/ResponsiveContainer.js:144:22
      at Object.react_stack_bottom_frame (node_modules/react-dom/cjs/react-dom-client.development.js:25904:20)
      at renderWithHooks (node_modules/react-dom/cjs/react-dom-client.development.js:7662:22)
      at updateForwardRef (node_modules/react-dom/cjs/react-dom-client.development.js:9724:19)
      at beginWork (node_modules/react-dom/cjs/react-dom-client.development.js:12117:18)
      at runWithFiberInDEV (node_modules/react-dom/cjs/react-dom-client.development.js:874:13)
      at performUnitOfWork (node_modules/react-dom/cjs/react-dom-client.development.js:17641:22)
      at workLoopSync (node_modules/react-dom/cjs/react-dom-client.development.js:17469:41)
      at renderRootSync (node_modules/react-dom/cjs/react-dom-client.development.js:17450:11)
      at performWorkOnRoot (node_modules/react-dom/cjs/react-dom-client.development.js:16504:11)
      at performWorkOnRootViaSchedulerTask (node_modules/react-dom/cjs/react-dom-client.development.js:18957:7)
      at flushActQueue (node_modules/react/cjs/react.development.js:590:34)
      at node_modules/react/cjs/react.development.js:847:21

  console.warn
    The width(-1) and height(-1) of chart should be greater than 0,
           please check the style of container, or the props width(100%) and height(100%),
           or add a minWidth(0) or minHeight(undefined) or use aspect(undefined) to control the
           height and width.

      at warn (node_modules/recharts/lib/util/LogUtils.js:22:17)
      at node_modules/recharts/lib/component/ResponsiveContainer.js:144:22
      at Object.react_stack_bottom_frame (node_modules/react-dom/cjs/react-dom-client.development.js:25904:20)
      at renderWithHooks (node_modules/react-dom/cjs/react-dom-client.development.js:7662:22)
      at updateForwardRef (node_modules/react-dom/cjs/react-dom-client.development.js:9724:19)
      at beginWork (node_modules/react-dom/cjs/react-dom-client.development.js:12117:18)
      at runWithFiberInDEV (node_modules/react-dom/cjs/react-dom-client.development.js:874:13)
      at performUnitOfWork (node_modules/react-dom/cjs/react-dom-client.development.js:17641:22)
      at workLoopSync (node_modules/react-dom/cjs/react-dom-client.development.js:17469:41)
      at renderRootSync (node_modules/react-dom/cjs/react-dom-client.development.js:17450:11)
      at performWorkOnRoot (node_modules/react-dom/cjs/react-dom-client.development.js:16504:11)
      at performWorkOnRootViaSchedulerTask (node_modules/react-dom/cjs/react-dom-client.development.js:18957:7)
      at flushActQueue (node_modules/react/cjs/react.development.js:590:34)
      at node_modules/react/cjs/react.development.js:847:21

  console.warn
    The width(-1) and height(-1) of chart should be greater than 0,
           please check the style of container, or the props width(100%) and height(100%),
           or add a minWidth(0) or minHeight(undefined) or use aspect(undefined) to control the
           height and width.

    [0m [90m 66 |[39m   jest[33m.[39museFakeTimers()[33m.[39msetSystemTime([33mNOW[39m)[33m;[39m
     [90m 67 |[39m   window[33m.[39mapi [33m=[39m buildApi(apiOverrides)[33m;[39m
    [31m[1m>[22m[39m[90m 68 |[39m   [36mconst[39m utils [33m=[39m render([33m<[39m[33mStatistiquesAdherent[39m onPageChange[33m=[39m{onPageChange} [33m/[39m[33m>[39m)[33m;[39m
     [90m    |[39m                       [31m[1m^[22m[39m
     [90m 69 |[39m   [36mreturn[39m utils[33m;[39m
     [90m 70 |[39m }[33m;[39m
     [90m 71 |[39m[0m

      at warn (node_modules/recharts/lib/util/LogUtils.js:22:17)
      at node_modules/recharts/lib/component/ResponsiveContainer.js:144:22
      at Object.react_stack_bottom_frame (node_modules/react-dom/cjs/react-dom-client.development.js:25904:20)
      at renderWithHooks (node_modules/react-dom/cjs/react-dom-client.development.js:7662:22)
      at updateForwardRef (node_modules/react-dom/cjs/react-dom-client.development.js:9724:19)
      at beginWork (node_modules/react-dom/cjs/react-dom-client.development.js:12117:18)
      at runWithFiberInDEV (node_modules/react-dom/cjs/react-dom-client.development.js:874:13)
      at performUnitOfWork (node_modules/react-dom/cjs/react-dom-client.development.js:17641:22)
      at workLoopSync (node_modules/react-dom/cjs/react-dom-client.development.js:17469:41)
      at renderRootSync (node_modules/react-dom/cjs/react-dom-client.development.js:17450:11)
      at performWorkOnRoot (node_modules/react-dom/cjs/react-dom-client.development.js:16504:11)
      at performWorkOnRootViaSchedulerTask (node_modules/react-dom/cjs/react-dom-client.development.js:18957:7)
      at flushActQueue (node_modules/react/cjs/react.development.js:590:34)
      at process.env.NODE_ENV.exports.act (node_modules/react/cjs/react.development.js:884:10)
      at node_modules/@testing-library/react/dist/act-compat.js:46:25
      at renderRoot (node_modules/@testing-library/react/dist/pure.js:189:26)
      at render (node_modules/@testing-library/react/dist/pure.js:291:10)
      at setup (src/__tests__/pages/Statistiquesadherent.test.jsx:68:23)
      at Object.setup (src/__tests__/pages/Statistiquesadherent.test.jsx:454:5)

  console.warn
    The width(-1) and height(-1) of chart should be greater than 0,
           please check the style of container, or the props width(100%) and height(100%),
           or add a minWidth(0) or minHeight(undefined) or use aspect(undefined) to control the
           height and width.

    [0m [90m 66 |[39m   jest[33m.[39museFakeTimers()[33m.[39msetSystemTime([33mNOW[39m)[33m;[39m
     [90m 67 |[39m   window[33m.[39mapi [33m=[39m buildApi(apiOverrides)[33m;[39m
    [31m[1m>[22m[39m[90m 68 |[39m   [36mconst[39m utils [33m=[39m render([33m<[39m[33mStatistiquesAdherent[39m onPageChange[33m=[39m{onPageChange} [33m/[39m[33m>[39m)[33m;[39m
     [90m    |[39m                       [31m[1m^[22m[39m
     [90m 69 |[39m   [36mreturn[39m utils[33m;[39m
     [90m 70 |[39m }[33m;[39m
     [90m 71 |[39m[0m

      at warn (node_modules/recharts/lib/util/LogUtils.js:22:17)
      at node_modules/recharts/lib/component/ResponsiveContainer.js:144:22
      at Object.react_stack_bottom_frame (node_modules/react-dom/cjs/react-dom-client.development.js:25904:20)
      at renderWithHooks (node_modules/react-dom/cjs/react-dom-client.development.js:7662:22)
      at updateForwardRef (node_modules/react-dom/cjs/react-dom-client.development.js:9724:19)
      at beginWork (node_modules/react-dom/cjs/react-dom-client.development.js:12117:18)
      at runWithFiberInDEV (node_modules/react-dom/cjs/react-dom-client.development.js:874:13)
      at performUnitOfWork (node_modules/react-dom/cjs/react-dom-client.development.js:17641:22)
      at workLoopSync (node_modules/react-dom/cjs/react-dom-client.development.js:17469:41)
      at renderRootSync (node_modules/react-dom/cjs/react-dom-client.development.js:17450:11)
      at performWorkOnRoot (node_modules/react-dom/cjs/react-dom-client.development.js:16504:11)
      at performWorkOnRootViaSchedulerTask (node_modules/react-dom/cjs/react-dom-client.development.js:18957:7)
      at flushActQueue (node_modules/react/cjs/react.development.js:590:34)
      at process.env.NODE_ENV.exports.act (node_modules/react/cjs/react.development.js:884:10)
      at node_modules/@testing-library/react/dist/act-compat.js:46:25
      at renderRoot (node_modules/@testing-library/react/dist/pure.js:189:26)
      at render (node_modules/@testing-library/react/dist/pure.js:291:10)
      at setup (src/__tests__/pages/Statistiquesadherent.test.jsx:68:23)
      at Object.setup (src/__tests__/pages/Statistiquesadherent.test.jsx:454:5)

  console.warn
    The width(-1) and height(-1) of chart should be greater than 0,
           please check the style of container, or the props width(100%) and height(100%),
           or add a minWidth(0) or minHeight(undefined) or use aspect(undefined) to control the
           height and width.

      at warn (node_modules/recharts/lib/util/LogUtils.js:22:17)
      at node_modules/recharts/lib/component/ResponsiveContainer.js:144:22
      at Object.react_stack_bottom_frame (node_modules/react-dom/cjs/react-dom-client.development.js:25904:20)
      at renderWithHooks (node_modules/react-dom/cjs/react-dom-client.development.js:7662:22)
      at updateForwardRef (node_modules/react-dom/cjs/react-dom-client.development.js:9724:19)
      at beginWork (node_modules/react-dom/cjs/react-dom-client.development.js:12117:18)
      at runWithFiberInDEV (node_modules/react-dom/cjs/react-dom-client.development.js:874:13)
      at performUnitOfWork (node_modules/react-dom/cjs/react-dom-client.development.js:17641:22)
      at workLoopSync (node_modules/react-dom/cjs/react-dom-client.development.js:17469:41)
      at renderRootSync (node_modules/react-dom/cjs/react-dom-client.development.js:17450:11)
      at performWorkOnRoot (node_modules/react-dom/cjs/react-dom-client.development.js:16504:11)
      at performWorkOnRootViaSchedulerTask (node_modules/react-dom/cjs/react-dom-client.development.js:18957:7)
      at flushActQueue (node_modules/react/cjs/react.development.js:590:34)
      at node_modules/react/cjs/react.development.js:847:21

  console.warn
    The width(-1) and height(-1) of chart should be greater than 0,
           please check the style of container, or the props width(100%) and height(100%),
           or add a minWidth(0) or minHeight(undefined) or use aspect(undefined) to control the
           height and width.

      at warn (node_modules/recharts/lib/util/LogUtils.js:22:17)
      at node_modules/recharts/lib/component/ResponsiveContainer.js:144:22
      at Object.react_stack_bottom_frame (node_modules/react-dom/cjs/react-dom-client.development.js:25904:20)
      at renderWithHooks (node_modules/react-dom/cjs/react-dom-client.development.js:7662:22)
      at updateForwardRef (node_modules/react-dom/cjs/react-dom-client.development.js:9724:19)
      at beginWork (node_modules/react-dom/cjs/react-dom-client.development.js:12117:18)
      at runWithFiberInDEV (node_modules/react-dom/cjs/react-dom-client.development.js:874:13)
      at performUnitOfWork (node_modules/react-dom/cjs/react-dom-client.development.js:17641:22)
      at workLoopSync (node_modules/react-dom/cjs/react-dom-client.development.js:17469:41)
      at renderRootSync (node_modules/react-dom/cjs/react-dom-client.development.js:17450:11)
      at performWorkOnRoot (node_modules/react-dom/cjs/react-dom-client.development.js:16504:11)
      at performWorkOnRootViaSchedulerTask (node_modules/react-dom/cjs/react-dom-client.development.js:18957:7)
      at flushActQueue (node_modules/react/cjs/react.development.js:590:34)
      at node_modules/react/cjs/react.development.js:847:21

  console.warn
    The width(-1) and height(-1) of chart should be greater than 0,
           please check the style of container, or the props width(100%) and height(100%),
           or add a minWidth(0) or minHeight(undefined) or use aspect(undefined) to control the
           height and width.

      at warn (node_modules/recharts/lib/util/LogUtils.js:22:17)
      at node_modules/recharts/lib/component/ResponsiveContainer.js:144:22
      at Object.react_stack_bottom_frame (node_modules/react-dom/cjs/react-dom-client.development.js:25904:20)
      at renderWithHooks (node_modules/react-dom/cjs/react-dom-client.development.js:7662:22)
      at updateForwardRef (node_modules/react-dom/cjs/react-dom-client.development.js:9724:19)
      at beginWork (node_modules/react-dom/cjs/react-dom-client.development.js:12117:18)
      at runWithFiberInDEV (node_modules/react-dom/cjs/react-dom-client.development.js:874:13)
      at performUnitOfWork (node_modules/react-dom/cjs/react-dom-client.development.js:17641:22)
      at workLoopSync (node_modules/react-dom/cjs/react-dom-client.development.js:17469:41)
      at renderRootSync (node_modules/react-dom/cjs/react-dom-client.development.js:17450:11)
      at performWorkOnRoot (node_modules/react-dom/cjs/react-dom-client.development.js:16504:11)
      at performWorkOnRootViaSchedulerTask (node_modules/react-dom/cjs/react-dom-client.development.js:18957:7)
      at flushActQueue (node_modules/react/cjs/react.development.js:590:34)
      at recursivelyFlushAsyncActWork (node_modules/react/cjs/react.development.js:566:13)
      at Immediate._onImmediate (node_modules/react/cjs/react.development.js:849:32)

  console.warn
    The width(-1) and height(-1) of chart should be greater than 0,
           please check the style of container, or the props width(100%) and height(100%),
           or add a minWidth(0) or minHeight(undefined) or use aspect(undefined) to control the
           height and width.

      at warn (node_modules/recharts/lib/util/LogUtils.js:22:17)
      at node_modules/recharts/lib/component/ResponsiveContainer.js:144:22
      at Object.react_stack_bottom_frame (node_modules/react-dom/cjs/react-dom-client.development.js:25904:20)
      at renderWithHooks (node_modules/react-dom/cjs/react-dom-client.development.js:7662:22)
      at updateForwardRef (node_modules/react-dom/cjs/react-dom-client.development.js:9724:19)
      at beginWork (node_modules/react-dom/cjs/react-dom-client.development.js:12117:18)
      at runWithFiberInDEV (node_modules/react-dom/cjs/react-dom-client.development.js:874:13)
      at performUnitOfWork (node_modules/react-dom/cjs/react-dom-client.development.js:17641:22)
      at workLoopSync (node_modules/react-dom/cjs/react-dom-client.development.js:17469:41)
      at renderRootSync (node_modules/react-dom/cjs/react-dom-client.development.js:17450:11)
      at performWorkOnRoot (node_modules/react-dom/cjs/react-dom-client.development.js:16504:11)
      at performWorkOnRootViaSchedulerTask (node_modules/react-dom/cjs/react-dom-client.development.js:18957:7)
      at flushActQueue (node_modules/react/cjs/react.development.js:590:34)
      at recursivelyFlushAsyncActWork (node_modules/react/cjs/react.development.js:566:13)
      at Immediate._onImmediate (node_modules/react/cjs/react.development.js:849:32)

  console.warn
    The width(-1) and height(-1) of chart should be greater than 0,
           please check the style of container, or the props width(100%) and height(100%),
           or add a minWidth(0) or minHeight(undefined) or use aspect(undefined) to control the
           height and width.

    [0m [90m 66 |[39m   jest[33m.[39museFakeTimers()[33m.[39msetSystemTime([33mNOW[39m)[33m;[39m
     [90m 67 |[39m   window[33m.[39mapi [33m=[39m buildApi(apiOverrides)[33m;[39m
    [31m[1m>[22m[39m[90m 68 |[39m   [36mconst[39m utils [33m=[39m render([33m<[39m[33mStatistiquesAdherent[39m onPageChange[33m=[39m{onPageChange} [33m/[39m[33m>[39m)[33m;[39m
     [90m    |[39m                       [31m[1m^[22m[39m
     [90m 69 |[39m   [36mreturn[39m utils[33m;[39m
     [90m 70 |[39m }[33m;[39m
     [90m 71 |[39m[0m

      at warn (node_modules/recharts/lib/util/LogUtils.js:22:17)
      at node_modules/recharts/lib/component/ResponsiveContainer.js:144:22
      at Object.react_stack_bottom_frame (node_modules/react-dom/cjs/react-dom-client.development.js:25904:20)
      at renderWithHooks (node_modules/react-dom/cjs/react-dom-client.development.js:7662:22)
      at updateForwardRef (node_modules/react-dom/cjs/react-dom-client.development.js:9724:19)
      at beginWork (node_modules/react-dom/cjs/react-dom-client.development.js:12117:18)
      at runWithFiberInDEV (node_modules/react-dom/cjs/react-dom-client.development.js:874:13)
      at performUnitOfWork (node_modules/react-dom/cjs/react-dom-client.development.js:17641:22)
      at workLoopSync (node_modules/react-dom/cjs/react-dom-client.development.js:17469:41)
      at renderRootSync (node_modules/react-dom/cjs/react-dom-client.development.js:17450:11)
      at performWorkOnRoot (node_modules/react-dom/cjs/react-dom-client.development.js:16504:11)
      at performWorkOnRootViaSchedulerTask (node_modules/react-dom/cjs/react-dom-client.development.js:18957:7)
      at flushActQueue (node_modules/react/cjs/react.development.js:590:34)
      at process.env.NODE_ENV.exports.act (node_modules/react/cjs/react.development.js:884:10)
      at node_modules/@testing-library/react/dist/act-compat.js:46:25
      at renderRoot (node_modules/@testing-library/react/dist/pure.js:189:26)
      at render (node_modules/@testing-library/react/dist/pure.js:291:10)
      at setup (src/__tests__/pages/Statistiquesadherent.test.jsx:68:23)
      at Object.setup (src/__tests__/pages/Statistiquesadherent.test.jsx:460:5)

  console.warn
    The width(-1) and height(-1) of chart should be greater than 0,
           please check the style of container, or the props width(100%) and height(100%),
           or add a minWidth(0) or minHeight(undefined) or use aspect(undefined) to control the
           height and width.

    [0m [90m 66 |[39m   jest[33m.[39museFakeTimers()[33m.[39msetSystemTime([33mNOW[39m)[33m;[39m
     [90m 67 |[39m   window[33m.[39mapi [33m=[39m buildApi(apiOverrides)[33m;[39m
    [31m[1m>[22m[39m[90m 68 |[39m   [36mconst[39m utils [33m=[39m render([33m<[39m[33mStatistiquesAdherent[39m onPageChange[33m=[39m{onPageChange} [33m/[39m[33m>[39m)[33m;[39m
     [90m    |[39m                       [31m[1m^[22m[39m
     [90m 69 |[39m   [36mreturn[39m utils[33m;[39m
     [90m 70 |[39m }[33m;[39m
     [90m 71 |[39m[0m

      at warn (node_modules/recharts/lib/util/LogUtils.js:22:17)
      at node_modules/recharts/lib/component/ResponsiveContainer.js:144:22
      at Object.react_stack_bottom_frame (node_modules/react-dom/cjs/react-dom-client.development.js:25904:20)
      at renderWithHooks (node_modules/react-dom/cjs/react-dom-client.development.js:7662:22)
      at updateForwardRef (node_modules/react-dom/cjs/react-dom-client.development.js:9724:19)
      at beginWork (node_modules/react-dom/cjs/react-dom-client.development.js:12117:18)
      at runWithFiberInDEV (node_modules/react-dom/cjs/react-dom-client.development.js:874:13)
      at performUnitOfWork (node_modules/react-dom/cjs/react-dom-client.development.js:17641:22)
      at workLoopSync (node_modules/react-dom/cjs/react-dom-client.development.js:17469:41)
      at renderRootSync (node_modules/react-dom/cjs/react-dom-client.development.js:17450:11)
      at performWorkOnRoot (node_modules/react-dom/cjs/react-dom-client.development.js:16504:11)
      at performWorkOnRootViaSchedulerTask (node_modules/react-dom/cjs/react-dom-client.development.js:18957:7)
      at flushActQueue (node_modules/react/cjs/react.development.js:590:34)
      at process.env.NODE_ENV.exports.act (node_modules/react/cjs/react.development.js:884:10)
      at node_modules/@testing-library/react/dist/act-compat.js:46:25
      at renderRoot (node_modules/@testing-library/react/dist/pure.js:189:26)
      at render (node_modules/@testing-library/react/dist/pure.js:291:10)
      at setup (src/__tests__/pages/Statistiquesadherent.test.jsx:68:23)
      at Object.setup (src/__tests__/pages/Statistiquesadherent.test.jsx:460:5)

  console.warn
    The width(-1) and height(-1) of chart should be greater than 0,
           please check the style of container, or the props width(100%) and height(100%),
           or add a minWidth(0) or minHeight(undefined) or use aspect(undefined) to control the
           height and width.

      at warn (node_modules/recharts/lib/util/LogUtils.js:22:17)
      at node_modules/recharts/lib/component/ResponsiveContainer.js:144:22
      at Object.react_stack_bottom_frame (node_modules/react-dom/cjs/react-dom-client.development.js:25904:20)
      at renderWithHooks (node_modules/react-dom/cjs/react-dom-client.development.js:7662:22)
      at updateForwardRef (node_modules/react-dom/cjs/react-dom-client.development.js:9724:19)
      at beginWork (node_modules/react-dom/cjs/react-dom-client.development.js:12117:18)
      at runWithFiberInDEV (node_modules/react-dom/cjs/react-dom-client.development.js:874:13)
      at performUnitOfWork (node_modules/react-dom/cjs/react-dom-client.development.js:17641:22)
      at workLoopSync (node_modules/react-dom/cjs/react-dom-client.development.js:17469:41)
      at renderRootSync (node_modules/react-dom/cjs/react-dom-client.development.js:17450:11)
      at performWorkOnRoot (node_modules/react-dom/cjs/react-dom-client.development.js:16504:11)
      at performWorkOnRootViaSchedulerTask (node_modules/react-dom/cjs/react-dom-client.development.js:18957:7)
      at flushActQueue (node_modules/react/cjs/react.development.js:590:34)
      at node_modules/react/cjs/react.development.js:847:21

  console.warn
    The width(-1) and height(-1) of chart should be greater than 0,
           please check the style of container, or the props width(100%) and height(100%),
           or add a minWidth(0) or minHeight(undefined) or use aspect(undefined) to control the
           height and width.

      at warn (node_modules/recharts/lib/util/LogUtils.js:22:17)
      at node_modules/recharts/lib/component/ResponsiveContainer.js:144:22
      at Object.react_stack_bottom_frame (node_modules/react-dom/cjs/react-dom-client.development.js:25904:20)
      at renderWithHooks (node_modules/react-dom/cjs/react-dom-client.development.js:7662:22)
      at updateForwardRef (node_modules/react-dom/cjs/react-dom-client.development.js:9724:19)
      at beginWork (node_modules/react-dom/cjs/react-dom-client.development.js:12117:18)
      at runWithFiberInDEV (node_modules/react-dom/cjs/react-dom-client.development.js:874:13)
      at performUnitOfWork (node_modules/react-dom/cjs/react-dom-client.development.js:17641:22)
      at workLoopSync (node_modules/react-dom/cjs/react-dom-client.development.js:17469:41)
      at renderRootSync (node_modules/react-dom/cjs/react-dom-client.development.js:17450:11)
      at performWorkOnRoot (node_modules/react-dom/cjs/react-dom-client.development.js:16504:11)
      at performWorkOnRootViaSchedulerTask (node_modules/react-dom/cjs/react-dom-client.development.js:18957:7)
      at flushActQueue (node_modules/react/cjs/react.development.js:590:34)
      at node_modules/react/cjs/react.development.js:847:21

  console.warn
    The width(-1) and height(-1) of chart should be greater than 0,
           please check the style of container, or the props width(100%) and height(100%),
           or add a minWidth(0) or minHeight(undefined) or use aspect(undefined) to control the
           height and width.

      at warn (node_modules/recharts/lib/util/LogUtils.js:22:17)
      at node_modules/recharts/lib/component/ResponsiveContainer.js:144:22
      at Object.react_stack_bottom_frame (node_modules/react-dom/cjs/react-dom-client.development.js:25904:20)
      at renderWithHooks (node_modules/react-dom/cjs/react-dom-client.development.js:7662:22)
      at updateForwardRef (node_modules/react-dom/cjs/react-dom-client.development.js:9724:19)
      at beginWork (node_modules/react-dom/cjs/react-dom-client.development.js:12117:18)
      at runWithFiberInDEV (node_modules/react-dom/cjs/react-dom-client.development.js:874:13)
      at performUnitOfWork (node_modules/react-dom/cjs/react-dom-client.development.js:17641:22)
      at workLoopSync (node_modules/react-dom/cjs/react-dom-client.development.js:17469:41)
      at renderRootSync (node_modules/react-dom/cjs/react-dom-client.development.js:17450:11)
      at performWorkOnRoot (node_modules/react-dom/cjs/react-dom-client.development.js:16504:11)
      at performWorkOnRootViaSchedulerTask (node_modules/react-dom/cjs/react-dom-client.development.js:18957:7)
      at flushActQueue (node_modules/react/cjs/react.development.js:590:34)
      at recursivelyFlushAsyncActWork (node_modules/react/cjs/react.development.js:566:13)
      at Immediate._onImmediate (node_modules/react/cjs/react.development.js:849:32)

  console.warn
    The width(-1) and height(-1) of chart should be greater than 0,
           please check the style of container, or the props width(100%) and height(100%),
           or add a minWidth(0) or minHeight(undefined) or use aspect(undefined) to control the
           height and width.

      at warn (node_modules/recharts/lib/util/LogUtils.js:22:17)
      at node_modules/recharts/lib/component/ResponsiveContainer.js:144:22
      at Object.react_stack_bottom_frame (node_modules/react-dom/cjs/react-dom-client.development.js:25904:20)
      at renderWithHooks (node_modules/react-dom/cjs/react-dom-client.development.js:7662:22)
      at updateForwardRef (node_modules/react-dom/cjs/react-dom-client.development.js:9724:19)
      at beginWork (node_modules/react-dom/cjs/react-dom-client.development.js:12117:18)
      at runWithFiberInDEV (node_modules/react-dom/cjs/react-dom-client.development.js:874:13)
      at performUnitOfWork (node_modules/react-dom/cjs/react-dom-client.development.js:17641:22)
      at workLoopSync (node_modules/react-dom/cjs/react-dom-client.development.js:17469:41)
      at renderRootSync (node_modules/react-dom/cjs/react-dom-client.development.js:17450:11)
      at performWorkOnRoot (node_modules/react-dom/cjs/react-dom-client.development.js:16504:11)
      at performWorkOnRootViaSchedulerTask (node_modules/react-dom/cjs/react-dom-client.development.js:18957:7)
      at flushActQueue (node_modules/react/cjs/react.development.js:590:34)
      at recursivelyFlushAsyncActWork (node_modules/react/cjs/react.development.js:566:13)
      at Immediate._onImmediate (node_modules/react/cjs/react.development.js:849:32)

  console.warn
    The width(-1) and height(-1) of chart should be greater than 0,
           please check the style of container, or the props width(100%) and height(100%),
           or add a minWidth(0) or minHeight(undefined) or use aspect(undefined) to control the
           height and width.

    [0m [90m 66 |[39m   jest[33m.[39museFakeTimers()[33m.[39msetSystemTime([33mNOW[39m)[33m;[39m
     [90m 67 |[39m   window[33m.[39mapi [33m=[39m buildApi(apiOverrides)[33m;[39m
    [31m[1m>[22m[39m[90m 68 |[39m   [36mconst[39m utils [33m=[39m render([33m<[39m[33mStatistiquesAdherent[39m onPageChange[33m=[39m{onPageChange} [33m/[39m[33m>[39m)[33m;[39m
     [90m    |[39m                       [31m[1m^[22m[39m
     [90m 69 |[39m   [36mreturn[39m utils[33m;[39m
     [90m 70 |[39m }[33m;[39m
     [90m 71 |[39m[0m

      at warn (node_modules/recharts/lib/util/LogUtils.js:22:17)
      at node_modules/recharts/lib/component/ResponsiveContainer.js:144:22
      at Object.react_stack_bottom_frame (node_modules/react-dom/cjs/react-dom-client.development.js:25904:20)
      at renderWithHooks (node_modules/react-dom/cjs/react-dom-client.development.js:7662:22)
      at updateForwardRef (node_modules/react-dom/cjs/react-dom-client.development.js:9724:19)
      at beginWork (node_modules/react-dom/cjs/react-dom-client.development.js:12117:18)
      at runWithFiberInDEV (node_modules/react-dom/cjs/react-dom-client.development.js:874:13)
      at performUnitOfWork (node_modules/react-dom/cjs/react-dom-client.development.js:17641:22)
      at workLoopSync (node_modules/react-dom/cjs/react-dom-client.development.js:17469:41)
      at renderRootSync (node_modules/react-dom/cjs/react-dom-client.development.js:17450:11)
      at performWorkOnRoot (node_modules/react-dom/cjs/react-dom-client.development.js:16504:11)
      at performWorkOnRootViaSchedulerTask (node_modules/react-dom/cjs/react-dom-client.development.js:18957:7)
      at flushActQueue (node_modules/react/cjs/react.development.js:590:34)
      at process.env.NODE_ENV.exports.act (node_modules/react/cjs/react.development.js:884:10)
      at node_modules/@testing-library/react/dist/act-compat.js:46:25
      at renderRoot (node_modules/@testing-library/react/dist/pure.js:189:26)
      at render (node_modules/@testing-library/react/dist/pure.js:291:10)
      at setup (src/__tests__/pages/Statistiquesadherent.test.jsx:68:23)
      at Object.setup (src/__tests__/pages/Statistiquesadherent.test.jsx:470:5)

  console.warn
    The width(-1) and height(-1) of chart should be greater than 0,
           please check the style of container, or the props width(100%) and height(100%),
           or add a minWidth(0) or minHeight(undefined) or use aspect(undefined) to control the
           height and width.

    [0m [90m 66 |[39m   jest[33m.[39museFakeTimers()[33m.[39msetSystemTime([33mNOW[39m)[33m;[39m
     [90m 67 |[39m   window[33m.[39mapi [33m=[39m buildApi(apiOverrides)[33m;[39m
    [31m[1m>[22m[39m[90m 68 |[39m   [36mconst[39m utils [33m=[39m render([33m<[39m[33mStatistiquesAdherent[39m onPageChange[33m=[39m{onPageChange} [33m/[39m[33m>[39m)[33m;[39m
     [90m    |[39m                       [31m[1m^[22m[39m
     [90m 69 |[39m   [36mreturn[39m utils[33m;[39m
     [90m 70 |[39m }[33m;[39m
     [90m 71 |[39m[0m

      at warn (node_modules/recharts/lib/util/LogUtils.js:22:17)
      at node_modules/recharts/lib/component/ResponsiveContainer.js:144:22
      at Object.react_stack_bottom_frame (node_modules/react-dom/cjs/react-dom-client.development.js:25904:20)
      at renderWithHooks (node_modules/react-dom/cjs/react-dom-client.development.js:7662:22)
      at updateForwardRef (node_modules/react-dom/cjs/react-dom-client.development.js:9724:19)
      at beginWork (node_modules/react-dom/cjs/react-dom-client.development.js:12117:18)
      at runWithFiberInDEV (node_modules/react-dom/cjs/react-dom-client.development.js:874:13)
      at performUnitOfWork (node_modules/react-dom/cjs/react-dom-client.development.js:17641:22)
      at workLoopSync (node_modules/react-dom/cjs/react-dom-client.development.js:17469:41)
      at renderRootSync (node_modules/react-dom/cjs/react-dom-client.development.js:17450:11)
      at performWorkOnRoot (node_modules/react-dom/cjs/react-dom-client.development.js:16504:11)
      at performWorkOnRootViaSchedulerTask (node_modules/react-dom/cjs/react-dom-client.development.js:18957:7)
      at flushActQueue (node_modules/react/cjs/react.development.js:590:34)
      at process.env.NODE_ENV.exports.act (node_modules/react/cjs/react.development.js:884:10)
      at node_modules/@testing-library/react/dist/act-compat.js:46:25
      at renderRoot (node_modules/@testing-library/react/dist/pure.js:189:26)
      at render (node_modules/@testing-library/react/dist/pure.js:291:10)
      at setup (src/__tests__/pages/Statistiquesadherent.test.jsx:68:23)
      at Object.setup (src/__tests__/pages/Statistiquesadherent.test.jsx:470:5)

  console.warn
    The width(-1) and height(-1) of chart should be greater than 0,
           please check the style of container, or the props width(100%) and height(100%),
           or add a minWidth(0) or minHeight(undefined) or use aspect(undefined) to control the
           height and width.

      at warn (node_modules/recharts/lib/util/LogUtils.js:22:17)
      at node_modules/recharts/lib/component/ResponsiveContainer.js:144:22
      at Object.react_stack_bottom_frame (node_modules/react-dom/cjs/react-dom-client.development.js:25904:20)
      at renderWithHooks (node_modules/react-dom/cjs/react-dom-client.development.js:7662:22)
      at updateForwardRef (node_modules/react-dom/cjs/react-dom-client.development.js:9724:19)
      at beginWork (node_modules/react-dom/cjs/react-dom-client.development.js:12117:18)
      at runWithFiberInDEV (node_modules/react-dom/cjs/react-dom-client.development.js:874:13)
      at performUnitOfWork (node_modules/react-dom/cjs/react-dom-client.development.js:17641:22)
      at workLoopSync (node_modules/react-dom/cjs/react-dom-client.development.js:17469:41)
      at renderRootSync (node_modules/react-dom/cjs/react-dom-client.development.js:17450:11)
      at performWorkOnRoot (node_modules/react-dom/cjs/react-dom-client.development.js:16504:11)
      at performWorkOnRootViaSchedulerTask (node_modules/react-dom/cjs/react-dom-client.development.js:18957:7)
      at flushActQueue (node_modules/react/cjs/react.development.js:590:34)
      at node_modules/react/cjs/react.development.js:847:21

  console.warn
    The width(-1) and height(-1) of chart should be greater than 0,
           please check the style of container, or the props width(100%) and height(100%),
           or add a minWidth(0) or minHeight(undefined) or use aspect(undefined) to control the
           height and width.

      at warn (node_modules/recharts/lib/util/LogUtils.js:22:17)
      at node_modules/recharts/lib/component/ResponsiveContainer.js:144:22
      at Object.react_stack_bottom_frame (node_modules/react-dom/cjs/react-dom-client.development.js:25904:20)
      at renderWithHooks (node_modules/react-dom/cjs/react-dom-client.development.js:7662:22)
      at updateForwardRef (node_modules/react-dom/cjs/react-dom-client.development.js:9724:19)
      at beginWork (node_modules/react-dom/cjs/react-dom-client.development.js:12117:18)
      at runWithFiberInDEV (node_modules/react-dom/cjs/react-dom-client.development.js:874:13)
      at performUnitOfWork (node_modules/react-dom/cjs/react-dom-client.development.js:17641:22)
      at workLoopSync (node_modules/react-dom/cjs/react-dom-client.development.js:17469:41)
      at renderRootSync (node_modules/react-dom/cjs/react-dom-client.development.js:17450:11)
      at performWorkOnRoot (node_modules/react-dom/cjs/react-dom-client.development.js:16504:11)
      at performWorkOnRootViaSchedulerTask (node_modules/react-dom/cjs/react-dom-client.development.js:18957:7)
      at flushActQueue (node_modules/react/cjs/react.development.js:590:34)
      at node_modules/react/cjs/react.development.js:847:21

  console.warn
    The width(-1) and height(-1) of chart should be greater than 0,
           please check the style of container, or the props width(100%) and height(100%),
           or add a minWidth(0) or minHeight(undefined) or use aspect(undefined) to control the
           height and width.

      at warn (node_modules/recharts/lib/util/LogUtils.js:22:17)
      at node_modules/recharts/lib/component/ResponsiveContainer.js:144:22
      at Object.react_stack_bottom_frame (node_modules/react-dom/cjs/react-dom-client.development.js:25904:20)
      at renderWithHooks (node_modules/react-dom/cjs/react-dom-client.development.js:7662:22)
      at updateForwardRef (node_modules/react-dom/cjs/react-dom-client.development.js:9724:19)
      at beginWork (node_modules/react-dom/cjs/react-dom-client.development.js:12117:18)
      at runWithFiberInDEV (node_modules/react-dom/cjs/react-dom-client.development.js:874:13)
      at performUnitOfWork (node_modules/react-dom/cjs/react-dom-client.development.js:17641:22)
      at workLoopSync (node_modules/react-dom/cjs/react-dom-client.development.js:17469:41)
      at renderRootSync (node_modules/react-dom/cjs/react-dom-client.development.js:17450:11)
      at performWorkOnRoot (node_modules/react-dom/cjs/react-dom-client.development.js:16504:11)
      at performWorkOnRootViaSchedulerTask (node_modules/react-dom/cjs/react-dom-client.development.js:18957:7)
      at flushActQueue (node_modules/react/cjs/react.development.js:590:34)
      at recursivelyFlushAsyncActWork (node_modules/react/cjs/react.development.js:566:13)
      at Immediate._onImmediate (node_modules/react/cjs/react.development.js:849:32)

  console.warn
    The width(-1) and height(-1) of chart should be greater than 0,
           please check the style of container, or the props width(100%) and height(100%),
           or add a minWidth(0) or minHeight(undefined) or use aspect(undefined) to control the
           height and width.

      at warn (node_modules/recharts/lib/util/LogUtils.js:22:17)
      at node_modules/recharts/lib/component/ResponsiveContainer.js:144:22
      at Object.react_stack_bottom_frame (node_modules/react-dom/cjs/react-dom-client.development.js:25904:20)
      at renderWithHooks (node_modules/react-dom/cjs/react-dom-client.development.js:7662:22)
      at updateForwardRef (node_modules/react-dom/cjs/react-dom-client.development.js:9724:19)
      at beginWork (node_modules/react-dom/cjs/react-dom-client.development.js:12117:18)
      at runWithFiberInDEV (node_modules/react-dom/cjs/react-dom-client.development.js:874:13)
      at performUnitOfWork (node_modules/react-dom/cjs/react-dom-client.development.js:17641:22)
      at workLoopSync (node_modules/react-dom/cjs/react-dom-client.development.js:17469:41)
      at renderRootSync (node_modules/react-dom/cjs/react-dom-client.development.js:17450:11)
      at performWorkOnRoot (node_modules/react-dom/cjs/react-dom-client.development.js:16504:11)
      at performWorkOnRootViaSchedulerTask (node_modules/react-dom/cjs/react-dom-client.development.js:18957:7)
      at flushActQueue (node_modules/react/cjs/react.development.js:590:34)
      at recursivelyFlushAsyncActWork (node_modules/react/cjs/react.development.js:566:13)
      at Immediate._onImmediate (node_modules/react/cjs/react.development.js:849:32)

  console.warn
    The width(-1) and height(-1) of chart should be greater than 0,
           please check the style of container, or the props width(100%) and height(100%),
           or add a minWidth(0) or minHeight(undefined) or use aspect(undefined) to control the
           height and width.

    [0m [90m 66 |[39m   jest[33m.[39museFakeTimers()[33m.[39msetSystemTime([33mNOW[39m)[33m;[39m
     [90m 67 |[39m   window[33m.[39mapi [33m=[39m buildApi(apiOverrides)[33m;[39m
    [31m[1m>[22m[39m[90m 68 |[39m   [36mconst[39m utils [33m=[39m render([33m<[39m[33mStatistiquesAdherent[39m onPageChange[33m=[39m{onPageChange} [33m/[39m[33m>[39m)[33m;[39m
     [90m    |[39m                       [31m[1m^[22m[39m
     [90m 69 |[39m   [36mreturn[39m utils[33m;[39m
     [90m 70 |[39m }[33m;[39m
     [90m 71 |[39m[0m

      at warn (node_modules/recharts/lib/util/LogUtils.js:22:17)
      at node_modules/recharts/lib/component/ResponsiveContainer.js:144:22
      at Object.react_stack_bottom_frame (node_modules/react-dom/cjs/react-dom-client.development.js:25904:20)
      at renderWithHooks (node_modules/react-dom/cjs/react-dom-client.development.js:7662:22)
      at updateForwardRef (node_modules/react-dom/cjs/react-dom-client.development.js:9724:19)
      at beginWork (node_modules/react-dom/cjs/react-dom-client.development.js:12117:18)
      at runWithFiberInDEV (node_modules/react-dom/cjs/react-dom-client.development.js:874:13)
      at performUnitOfWork (node_modules/react-dom/cjs/react-dom-client.development.js:17641:22)
      at workLoopSync (node_modules/react-dom/cjs/react-dom-client.development.js:17469:41)
      at renderRootSync (node_modules/react-dom/cjs/react-dom-client.development.js:17450:11)
      at performWorkOnRoot (node_modules/react-dom/cjs/react-dom-client.development.js:16504:11)
      at performWorkOnRootViaSchedulerTask (node_modules/react-dom/cjs/react-dom-client.development.js:18957:7)
      at flushActQueue (node_modules/react/cjs/react.development.js:590:34)
      at process.env.NODE_ENV.exports.act (node_modules/react/cjs/react.development.js:884:10)
      at node_modules/@testing-library/react/dist/act-compat.js:46:25
      at renderRoot (node_modules/@testing-library/react/dist/pure.js:189:26)
      at render (node_modules/@testing-library/react/dist/pure.js:291:10)
      at setup (src/__tests__/pages/Statistiquesadherent.test.jsx:68:23)
      at Object.setup (src/__tests__/pages/Statistiquesadherent.test.jsx:480:5)

  console.warn
    The width(-1) and height(-1) of chart should be greater than 0,
           please check the style of container, or the props width(100%) and height(100%),
           or add a minWidth(0) or minHeight(undefined) or use aspect(undefined) to control the
           height and width.

    [0m [90m 66 |[39m   jest[33m.[39museFakeTimers()[33m.[39msetSystemTime([33mNOW[39m)[33m;[39m
     [90m 67 |[39m   window[33m.[39mapi [33m=[39m buildApi(apiOverrides)[33m;[39m
    [31m[1m>[22m[39m[90m 68 |[39m   [36mconst[39m utils [33m=[39m render([33m<[39m[33mStatistiquesAdherent[39m onPageChange[33m=[39m{onPageChange} [33m/[39m[33m>[39m)[33m;[39m
     [90m    |[39m                       [31m[1m^[22m[39m
     [90m 69 |[39m   [36mreturn[39m utils[33m;[39m
     [90m 70 |[39m }[33m;[39m
     [90m 71 |[39m[0m

      at warn (node_modules/recharts/lib/util/LogUtils.js:22:17)
      at node_modules/recharts/lib/component/ResponsiveContainer.js:144:22
      at Object.react_stack_bottom_frame (node_modules/react-dom/cjs/react-dom-client.development.js:25904:20)
      at renderWithHooks (node_modules/react-dom/cjs/react-dom-client.development.js:7662:22)
      at updateForwardRef (node_modules/react-dom/cjs/react-dom-client.development.js:9724:19)
      at beginWork (node_modules/react-dom/cjs/react-dom-client.development.js:12117:18)
      at runWithFiberInDEV (node_modules/react-dom/cjs/react-dom-client.development.js:874:13)
      at performUnitOfWork (node_modules/react-dom/cjs/react-dom-client.development.js:17641:22)
      at workLoopSync (node_modules/react-dom/cjs/react-dom-client.development.js:17469:41)
      at renderRootSync (node_modules/react-dom/cjs/react-dom-client.development.js:17450:11)
      at performWorkOnRoot (node_modules/react-dom/cjs/react-dom-client.development.js:16504:11)
      at performWorkOnRootViaSchedulerTask (node_modules/react-dom/cjs/react-dom-client.development.js:18957:7)
      at flushActQueue (node_modules/react/cjs/react.development.js:590:34)
      at process.env.NODE_ENV.exports.act (node_modules/react/cjs/react.development.js:884:10)
      at node_modules/@testing-library/react/dist/act-compat.js:46:25
      at renderRoot (node_modules/@testing-library/react/dist/pure.js:189:26)
      at render (node_modules/@testing-library/react/dist/pure.js:291:10)
      at setup (src/__tests__/pages/Statistiquesadherent.test.jsx:68:23)
      at Object.setup (src/__tests__/pages/Statistiquesadherent.test.jsx:480:5)

  console.warn
    The width(-1) and height(-1) of chart should be greater than 0,
           please check the style of container, or the props width(100%) and height(100%),
           or add a minWidth(0) or minHeight(undefined) or use aspect(undefined) to control the
           height and width.

      at warn (node_modules/recharts/lib/util/LogUtils.js:22:17)
      at node_modules/recharts/lib/component/ResponsiveContainer.js:144:22
      at Object.react_stack_bottom_frame (node_modules/react-dom/cjs/react-dom-client.development.js:25904:20)
      at renderWithHooks (node_modules/react-dom/cjs/react-dom-client.development.js:7662:22)
      at updateForwardRef (node_modules/react-dom/cjs/react-dom-client.development.js:9724:19)
      at beginWork (node_modules/react-dom/cjs/react-dom-client.development.js:12117:18)
      at runWithFiberInDEV (node_modules/react-dom/cjs/react-dom-client.development.js:874:13)
      at performUnitOfWork (node_modules/react-dom/cjs/react-dom-client.development.js:17641:22)
      at workLoopSync (node_modules/react-dom/cjs/react-dom-client.development.js:17469:41)
      at renderRootSync (node_modules/react-dom/cjs/react-dom-client.development.js:17450:11)
      at performWorkOnRoot (node_modules/react-dom/cjs/react-dom-client.development.js:16504:11)
      at performWorkOnRootViaSchedulerTask (node_modules/react-dom/cjs/react-dom-client.development.js:18957:7)
      at flushActQueue (node_modules/react/cjs/react.development.js:590:34)
      at node_modules/react/cjs/react.development.js:847:21

  console.warn
    The width(-1) and height(-1) of chart should be greater than 0,
           please check the style of container, or the props width(100%) and height(100%),
           or add a minWidth(0) or minHeight(undefined) or use aspect(undefined) to control the
           height and width.

      at warn (node_modules/recharts/lib/util/LogUtils.js:22:17)
      at node_modules/recharts/lib/component/ResponsiveContainer.js:144:22
      at Object.react_stack_bottom_frame (node_modules/react-dom/cjs/react-dom-client.development.js:25904:20)
      at renderWithHooks (node_modules/react-dom/cjs/react-dom-client.development.js:7662:22)
      at updateForwardRef (node_modules/react-dom/cjs/react-dom-client.development.js:9724:19)
      at beginWork (node_modules/react-dom/cjs/react-dom-client.development.js:12117:18)
      at runWithFiberInDEV (node_modules/react-dom/cjs/react-dom-client.development.js:874:13)
      at performUnitOfWork (node_modules/react-dom/cjs/react-dom-client.development.js:17641:22)
      at workLoopSync (node_modules/react-dom/cjs/react-dom-client.development.js:17469:41)
      at renderRootSync (node_modules/react-dom/cjs/react-dom-client.development.js:17450:11)
      at performWorkOnRoot (node_modules/react-dom/cjs/react-dom-client.development.js:16504:11)
      at performWorkOnRootViaSchedulerTask (node_modules/react-dom/cjs/react-dom-client.development.js:18957:7)
      at flushActQueue (node_modules/react/cjs/react.development.js:590:34)
      at node_modules/react/cjs/react.development.js:847:21

  console.warn
    The width(-1) and height(-1) of chart should be greater than 0,
           please check the style of container, or the props width(100%) and height(100%),
           or add a minWidth(0) or minHeight(undefined) or use aspect(undefined) to control the
           height and width.

      at warn (node_modules/recharts/lib/util/LogUtils.js:22:17)
      at node_modules/recharts/lib/component/ResponsiveContainer.js:144:22
      at Object.react_stack_bottom_frame (node_modules/react-dom/cjs/react-dom-client.development.js:25904:20)
      at renderWithHooks (node_modules/react-dom/cjs/react-dom-client.development.js:7662:22)
      at updateForwardRef (node_modules/react-dom/cjs/react-dom-client.development.js:9724:19)
      at beginWork (node_modules/react-dom/cjs/react-dom-client.development.js:12117:18)
      at runWithFiberInDEV (node_modules/react-dom/cjs/react-dom-client.development.js:874:13)
      at performUnitOfWork (node_modules/react-dom/cjs/react-dom-client.development.js:17641:22)
      at workLoopSync (node_modules/react-dom/cjs/react-dom-client.development.js:17469:41)
      at renderRootSync (node_modules/react-dom/cjs/react-dom-client.development.js:17450:11)
      at performWorkOnRoot (node_modules/react-dom/cjs/react-dom-client.development.js:16504:11)
      at performWorkOnRootViaSchedulerTask (node_modules/react-dom/cjs/react-dom-client.development.js:18957:7)
      at flushActQueue (node_modules/react/cjs/react.development.js:590:34)
      at recursivelyFlushAsyncActWork (node_modules/react/cjs/react.development.js:566:13)
      at Immediate._onImmediate (node_modules/react/cjs/react.development.js:849:32)

  console.warn
    The width(-1) and height(-1) of chart should be greater than 0,
           please check the style of container, or the props width(100%) and height(100%),
           or add a minWidth(0) or minHeight(undefined) or use aspect(undefined) to control the
           height and width.

      at warn (node_modules/recharts/lib/util/LogUtils.js:22:17)
      at node_modules/recharts/lib/component/ResponsiveContainer.js:144:22
      at Object.react_stack_bottom_frame (node_modules/react-dom/cjs/react-dom-client.development.js:25904:20)
      at renderWithHooks (node_modules/react-dom/cjs/react-dom-client.development.js:7662:22)
      at updateForwardRef (node_modules/react-dom/cjs/react-dom-client.development.js:9724:19)
      at beginWork (node_modules/react-dom/cjs/react-dom-client.development.js:12117:18)
      at runWithFiberInDEV (node_modules/react-dom/cjs/react-dom-client.development.js:874:13)
      at performUnitOfWork (node_modules/react-dom/cjs/react-dom-client.development.js:17641:22)
      at workLoopSync (node_modules/react-dom/cjs/react-dom-client.development.js:17469:41)
      at renderRootSync (node_modules/react-dom/cjs/react-dom-client.development.js:17450:11)
      at performWorkOnRoot (node_modules/react-dom/cjs/react-dom-client.development.js:16504:11)
      at performWorkOnRootViaSchedulerTask (node_modules/react-dom/cjs/react-dom-client.development.js:18957:7)
      at flushActQueue (node_modules/react/cjs/react.development.js:590:34)
      at recursivelyFlushAsyncActWork (node_modules/react/cjs/react.development.js:566:13)
      at Immediate._onImmediate (node_modules/react/cjs/react.development.js:849:32)

  console.warn
    The width(-1) and height(-1) of chart should be greater than 0,
           please check the style of container, or the props width(100%) and height(100%),
           or add a minWidth(0) or minHeight(undefined) or use aspect(undefined) to control the
           height and width.

    [0m [90m 66 |[39m   jest[33m.[39museFakeTimers()[33m.[39msetSystemTime([33mNOW[39m)[33m;[39m
     [90m 67 |[39m   window[33m.[39mapi [33m=[39m buildApi(apiOverrides)[33m;[39m
    [31m[1m>[22m[39m[90m 68 |[39m   [36mconst[39m utils [33m=[39m render([33m<[39m[33mStatistiquesAdherent[39m onPageChange[33m=[39m{onPageChange} [33m/[39m[33m>[39m)[33m;[39m
     [90m    |[39m                       [31m[1m^[22m[39m
     [90m 69 |[39m   [36mreturn[39m utils[33m;[39m
     [90m 70 |[39m }[33m;[39m
     [90m 71 |[39m[0m

      at warn (node_modules/recharts/lib/util/LogUtils.js:22:17)
      at node_modules/recharts/lib/component/ResponsiveContainer.js:144:22
      at Object.react_stack_bottom_frame (node_modules/react-dom/cjs/react-dom-client.development.js:25904:20)
      at renderWithHooks (node_modules/react-dom/cjs/react-dom-client.development.js:7662:22)
      at updateForwardRef (node_modules/react-dom/cjs/react-dom-client.development.js:9724:19)
      at beginWork (node_modules/react-dom/cjs/react-dom-client.development.js:12117:18)
      at runWithFiberInDEV (node_modules/react-dom/cjs/react-dom-client.development.js:874:13)
      at performUnitOfWork (node_modules/react-dom/cjs/react-dom-client.development.js:17641:22)
      at workLoopSync (node_modules/react-dom/cjs/react-dom-client.development.js:17469:41)
      at renderRootSync (node_modules/react-dom/cjs/react-dom-client.development.js:17450:11)
      at performWorkOnRoot (node_modules/react-dom/cjs/react-dom-client.development.js:16504:11)
      at performWorkOnRootViaSchedulerTask (node_modules/react-dom/cjs/react-dom-client.development.js:18957:7)
      at flushActQueue (node_modules/react/cjs/react.development.js:590:34)
      at process.env.NODE_ENV.exports.act (node_modules/react/cjs/react.development.js:884:10)
      at node_modules/@testing-library/react/dist/act-compat.js:46:25
      at renderRoot (node_modules/@testing-library/react/dist/pure.js:189:26)
      at render (node_modules/@testing-library/react/dist/pure.js:291:10)
      at setup (src/__tests__/pages/Statistiquesadherent.test.jsx:68:23)
      at Object.setup (src/__tests__/pages/Statistiquesadherent.test.jsx:490:5)

  console.warn
    The width(-1) and height(-1) of chart should be greater than 0,
           please check the style of container, or the props width(100%) and height(100%),
           or add a minWidth(0) or minHeight(undefined) or use aspect(undefined) to control the
           height and width.

    [0m [90m 66 |[39m   jest[33m.[39museFakeTimers()[33m.[39msetSystemTime([33mNOW[39m)[33m;[39m
     [90m 67 |[39m   window[33m.[39mapi [33m=[39m buildApi(apiOverrides)[33m;[39m
    [31m[1m>[22m[39m[90m 68 |[39m   [36mconst[39m utils [33m=[39m render([33m<[39m[33mStatistiquesAdherent[39m onPageChange[33m=[39m{onPageChange} [33m/[39m[33m>[39m)[33m;[39m
     [90m    |[39m                       [31m[1m^[22m[39m
     [90m 69 |[39m   [36mreturn[39m utils[33m;[39m
     [90m 70 |[39m }[33m;[39m
     [90m 71 |[39m[0m

      at warn (node_modules/recharts/lib/util/LogUtils.js:22:17)
      at node_modules/recharts/lib/component/ResponsiveContainer.js:144:22
      at Object.react_stack_bottom_frame (node_modules/react-dom/cjs/react-dom-client.development.js:25904:20)
      at renderWithHooks (node_modules/react-dom/cjs/react-dom-client.development.js:7662:22)
      at updateForwardRef (node_modules/react-dom/cjs/react-dom-client.development.js:9724:19)
      at beginWork (node_modules/react-dom/cjs/react-dom-client.development.js:12117:18)
      at runWithFiberInDEV (node_modules/react-dom/cjs/react-dom-client.development.js:874:13)
      at performUnitOfWork (node_modules/react-dom/cjs/react-dom-client.development.js:17641:22)
      at workLoopSync (node_modules/react-dom/cjs/react-dom-client.development.js:17469:41)
      at renderRootSync (node_modules/react-dom/cjs/react-dom-client.development.js:17450:11)
      at performWorkOnRoot (node_modules/react-dom/cjs/react-dom-client.development.js:16504:11)
      at performWorkOnRootViaSchedulerTask (node_modules/react-dom/cjs/react-dom-client.development.js:18957:7)
      at flushActQueue (node_modules/react/cjs/react.development.js:590:34)
      at process.env.NODE_ENV.exports.act (node_modules/react/cjs/react.development.js:884:10)
      at node_modules/@testing-library/react/dist/act-compat.js:46:25
      at renderRoot (node_modules/@testing-library/react/dist/pure.js:189:26)
      at render (node_modules/@testing-library/react/dist/pure.js:291:10)
      at setup (src/__tests__/pages/Statistiquesadherent.test.jsx:68:23)
      at Object.setup (src/__tests__/pages/Statistiquesadherent.test.jsx:490:5)

  console.warn
    The width(-1) and height(-1) of chart should be greater than 0,
           please check the style of container, or the props width(100%) and height(100%),
           or add a minWidth(0) or minHeight(undefined) or use aspect(undefined) to control the
           height and width.

      at warn (node_modules/recharts/lib/util/LogUtils.js:22:17)
      at node_modules/recharts/lib/component/ResponsiveContainer.js:144:22
      at Object.react_stack_bottom_frame (node_modules/react-dom/cjs/react-dom-client.development.js:25904:20)
      at renderWithHooks (node_modules/react-dom/cjs/react-dom-client.development.js:7662:22)
      at updateForwardRef (node_modules/react-dom/cjs/react-dom-client.development.js:9724:19)
      at beginWork (node_modules/react-dom/cjs/react-dom-client.development.js:12117:18)
      at runWithFiberInDEV (node_modules/react-dom/cjs/react-dom-client.development.js:874:13)
      at performUnitOfWork (node_modules/react-dom/cjs/react-dom-client.development.js:17641:22)
      at workLoopSync (node_modules/react-dom/cjs/react-dom-client.development.js:17469:41)
      at renderRootSync (node_modules/react-dom/cjs/react-dom-client.development.js:17450:11)
      at performWorkOnRoot (node_modules/react-dom/cjs/react-dom-client.development.js:16504:11)
      at performWorkOnRootViaSchedulerTask (node_modules/react-dom/cjs/react-dom-client.development.js:18957:7)
      at flushActQueue (node_modules/react/cjs/react.development.js:590:34)
      at node_modules/react/cjs/react.development.js:847:21

  console.warn
    The width(-1) and height(-1) of chart should be greater than 0,
           please check the style of container, or the props width(100%) and height(100%),
           or add a minWidth(0) or minHeight(undefined) or use aspect(undefined) to control the
           height and width.

      at warn (node_modules/recharts/lib/util/LogUtils.js:22:17)
      at node_modules/recharts/lib/component/ResponsiveContainer.js:144:22
      at Object.react_stack_bottom_frame (node_modules/react-dom/cjs/react-dom-client.development.js:25904:20)
      at renderWithHooks (node_modules/react-dom/cjs/react-dom-client.development.js:7662:22)
      at updateForwardRef (node_modules/react-dom/cjs/react-dom-client.development.js:9724:19)
      at beginWork (node_modules/react-dom/cjs/react-dom-client.development.js:12117:18)
      at runWithFiberInDEV (node_modules/react-dom/cjs/react-dom-client.development.js:874:13)
      at performUnitOfWork (node_modules/react-dom/cjs/react-dom-client.development.js:17641:22)
      at workLoopSync (node_modules/react-dom/cjs/react-dom-client.development.js:17469:41)
      at renderRootSync (node_modules/react-dom/cjs/react-dom-client.development.js:17450:11)
      at performWorkOnRoot (node_modules/react-dom/cjs/react-dom-client.development.js:16504:11)
      at performWorkOnRootViaSchedulerTask (node_modules/react-dom/cjs/react-dom-client.development.js:18957:7)
      at flushActQueue (node_modules/react/cjs/react.development.js:590:34)
      at node_modules/react/cjs/react.development.js:847:21

  console.warn
    The width(-1) and height(-1) of chart should be greater than 0,
           please check the style of container, or the props width(100%) and height(100%),
           or add a minWidth(0) or minHeight(undefined) or use aspect(undefined) to control the
           height and width.

      at warn (node_modules/recharts/lib/util/LogUtils.js:22:17)
      at node_modules/recharts/lib/component/ResponsiveContainer.js:144:22
      at Object.react_stack_bottom_frame (node_modules/react-dom/cjs/react-dom-client.development.js:25904:20)
      at renderWithHooks (node_modules/react-dom/cjs/react-dom-client.development.js:7662:22)
      at updateForwardRef (node_modules/react-dom/cjs/react-dom-client.development.js:9724:19)
      at beginWork (node_modules/react-dom/cjs/react-dom-client.development.js:12117:18)
      at runWithFiberInDEV (node_modules/react-dom/cjs/react-dom-client.development.js:874:13)
      at performUnitOfWork (node_modules/react-dom/cjs/react-dom-client.development.js:17641:22)
      at workLoopSync (node_modules/react-dom/cjs/react-dom-client.development.js:17469:41)
      at renderRootSync (node_modules/react-dom/cjs/react-dom-client.development.js:17450:11)
      at performWorkOnRoot (node_modules/react-dom/cjs/react-dom-client.development.js:16504:11)
      at performWorkOnRootViaSchedulerTask (node_modules/react-dom/cjs/react-dom-client.development.js:18957:7)
      at flushActQueue (node_modules/react/cjs/react.development.js:590:34)
      at recursivelyFlushAsyncActWork (node_modules/react/cjs/react.development.js:566:13)
      at Immediate._onImmediate (node_modules/react/cjs/react.development.js:849:32)

  console.warn
    The width(-1) and height(-1) of chart should be greater than 0,
           please check the style of container, or the props width(100%) and height(100%),
           or add a minWidth(0) or minHeight(undefined) or use aspect(undefined) to control the
           height and width.

      at warn (node_modules/recharts/lib/util/LogUtils.js:22:17)
      at node_modules/recharts/lib/component/ResponsiveContainer.js:144:22
      at Object.react_stack_bottom_frame (node_modules/react-dom/cjs/react-dom-client.development.js:25904:20)
      at renderWithHooks (node_modules/react-dom/cjs/react-dom-client.development.js:7662:22)
      at updateForwardRef (node_modules/react-dom/cjs/react-dom-client.development.js:9724:19)
      at beginWork (node_modules/react-dom/cjs/react-dom-client.development.js:12117:18)
      at runWithFiberInDEV (node_modules/react-dom/cjs/react-dom-client.development.js:874:13)
      at performUnitOfWork (node_modules/react-dom/cjs/react-dom-client.development.js:17641:22)
      at workLoopSync (node_modules/react-dom/cjs/react-dom-client.development.js:17469:41)
      at renderRootSync (node_modules/react-dom/cjs/react-dom-client.development.js:17450:11)
      at performWorkOnRoot (node_modules/react-dom/cjs/react-dom-client.development.js:16504:11)
      at performWorkOnRootViaSchedulerTask (node_modules/react-dom/cjs/react-dom-client.development.js:18957:7)
      at flushActQueue (node_modules/react/cjs/react.development.js:590:34)
      at recursivelyFlushAsyncActWork (node_modules/react/cjs/react.development.js:566:13)
      at Immediate._onImmediate (node_modules/react/cjs/react.development.js:849:32)

  console.warn
    The width(-1) and height(-1) of chart should be greater than 0,
           please check the style of container, or the props width(100%) and height(100%),
           or add a minWidth(0) or minHeight(undefined) or use aspect(undefined) to control the
           height and width.

    [0m [90m 66 |[39m   jest[33m.[39museFakeTimers()[33m.[39msetSystemTime([33mNOW[39m)[33m;[39m
     [90m 67 |[39m   window[33m.[39mapi [33m=[39m buildApi(apiOverrides)[33m;[39m
    [31m[1m>[22m[39m[90m 68 |[39m   [36mconst[39m utils [33m=[39m render([33m<[39m[33mStatistiquesAdherent[39m onPageChange[33m=[39m{onPageChange} [33m/[39m[33m>[39m)[33m;[39m
     [90m    |[39m                       [31m[1m^[22m[39m
     [90m 69 |[39m   [36mreturn[39m utils[33m;[39m
     [90m 70 |[39m }[33m;[39m
     [90m 71 |[39m[0m

      at warn (node_modules/recharts/lib/util/LogUtils.js:22:17)
      at node_modules/recharts/lib/component/ResponsiveContainer.js:144:22
      at Object.react_stack_bottom_frame (node_modules/react-dom/cjs/react-dom-client.development.js:25904:20)
      at renderWithHooks (node_modules/react-dom/cjs/react-dom-client.development.js:7662:22)
      at updateForwardRef (node_modules/react-dom/cjs/react-dom-client.development.js:9724:19)
      at beginWork (node_modules/react-dom/cjs/react-dom-client.development.js:12117:18)
      at runWithFiberInDEV (node_modules/react-dom/cjs/react-dom-client.development.js:874:13)
      at performUnitOfWork (node_modules/react-dom/cjs/react-dom-client.development.js:17641:22)
      at workLoopSync (node_modules/react-dom/cjs/react-dom-client.development.js:17469:41)
      at renderRootSync (node_modules/react-dom/cjs/react-dom-client.development.js:17450:11)
      at performWorkOnRoot (node_modules/react-dom/cjs/react-dom-client.development.js:16504:11)
      at performWorkOnRootViaSchedulerTask (node_modules/react-dom/cjs/react-dom-client.development.js:18957:7)
      at flushActQueue (node_modules/react/cjs/react.development.js:590:34)
      at process.env.NODE_ENV.exports.act (node_modules/react/cjs/react.development.js:884:10)
      at node_modules/@testing-library/react/dist/act-compat.js:46:25
      at renderRoot (node_modules/@testing-library/react/dist/pure.js:189:26)
      at render (node_modules/@testing-library/react/dist/pure.js:291:10)
      at setup (src/__tests__/pages/Statistiquesadherent.test.jsx:68:23)
      at Object.setup (src/__tests__/pages/Statistiquesadherent.test.jsx:512:5)

  console.warn
    The width(-1) and height(-1) of chart should be greater than 0,
           please check the style of container, or the props width(100%) and height(100%),
           or add a minWidth(0) or minHeight(undefined) or use aspect(undefined) to control the
           height and width.

    [0m [90m 66 |[39m   jest[33m.[39museFakeTimers()[33m.[39msetSystemTime([33mNOW[39m)[33m;[39m
     [90m 67 |[39m   window[33m.[39mapi [33m=[39m buildApi(apiOverrides)[33m;[39m
    [31m[1m>[22m[39m[90m 68 |[39m   [36mconst[39m utils [33m=[39m render([33m<[39m[33mStatistiquesAdherent[39m onPageChange[33m=[39m{onPageChange} [33m/[39m[33m>[39m)[33m;[39m
     [90m    |[39m                       [31m[1m^[22m[39m
     [90m 69 |[39m   [36mreturn[39m utils[33m;[39m
     [90m 70 |[39m }[33m;[39m
     [90m 71 |[39m[0m

      at warn (node_modules/recharts/lib/util/LogUtils.js:22:17)
      at node_modules/recharts/lib/component/ResponsiveContainer.js:144:22
      at Object.react_stack_bottom_frame (node_modules/react-dom/cjs/react-dom-client.development.js:25904:20)
      at renderWithHooks (node_modules/react-dom/cjs/react-dom-client.development.js:7662:22)
      at updateForwardRef (node_modules/react-dom/cjs/react-dom-client.development.js:9724:19)
      at beginWork (node_modules/react-dom/cjs/react-dom-client.development.js:12117:18)
      at runWithFiberInDEV (node_modules/react-dom/cjs/react-dom-client.development.js:874:13)
      at performUnitOfWork (node_modules/react-dom/cjs/react-dom-client.development.js:17641:22)
      at workLoopSync (node_modules/react-dom/cjs/react-dom-client.development.js:17469:41)
      at renderRootSync (node_modules/react-dom/cjs/react-dom-client.development.js:17450:11)
      at performWorkOnRoot (node_modules/react-dom/cjs/react-dom-client.development.js:16504:11)
      at performWorkOnRootViaSchedulerTask (node_modules/react-dom/cjs/react-dom-client.development.js:18957:7)
      at flushActQueue (node_modules/react/cjs/react.development.js:590:34)
      at process.env.NODE_ENV.exports.act (node_modules/react/cjs/react.development.js:884:10)
      at node_modules/@testing-library/react/dist/act-compat.js:46:25
      at renderRoot (node_modules/@testing-library/react/dist/pure.js:189:26)
      at render (node_modules/@testing-library/react/dist/pure.js:291:10)
      at setup (src/__tests__/pages/Statistiquesadherent.test.jsx:68:23)
      at Object.setup (src/__tests__/pages/Statistiquesadherent.test.jsx:512:5)

  console.warn
    The width(-1) and height(-1) of chart should be greater than 0,
           please check the style of container, or the props width(100%) and height(100%),
           or add a minWidth(0) or minHeight(undefined) or use aspect(undefined) to control the
           height and width.

      at warn (node_modules/recharts/lib/util/LogUtils.js:22:17)
      at node_modules/recharts/lib/component/ResponsiveContainer.js:144:22
      at Object.react_stack_bottom_frame (node_modules/react-dom/cjs/react-dom-client.development.js:25904:20)
      at renderWithHooks (node_modules/react-dom/cjs/react-dom-client.development.js:7662:22)
      at updateForwardRef (node_modules/react-dom/cjs/react-dom-client.development.js:9724:19)
      at beginWork (node_modules/react-dom/cjs/react-dom-client.development.js:12117:18)
      at runWithFiberInDEV (node_modules/react-dom/cjs/react-dom-client.development.js:874:13)
      at performUnitOfWork (node_modules/react-dom/cjs/react-dom-client.development.js:17641:22)
      at workLoopSync (node_modules/react-dom/cjs/react-dom-client.development.js:17469:41)
      at renderRootSync (node_modules/react-dom/cjs/react-dom-client.development.js:17450:11)
      at performWorkOnRoot (node_modules/react-dom/cjs/react-dom-client.development.js:16504:11)
      at performWorkOnRootViaSchedulerTask (node_modules/react-dom/cjs/react-dom-client.development.js:18957:7)
      at flushActQueue (node_modules/react/cjs/react.development.js:590:34)
      at node_modules/react/cjs/react.development.js:847:21

  console.warn
    The width(-1) and height(-1) of chart should be greater than 0,
           please check the style of container, or the props width(100%) and height(100%),
           or add a minWidth(0) or minHeight(undefined) or use aspect(undefined) to control the
           height and width.

      at warn (node_modules/recharts/lib/util/LogUtils.js:22:17)
      at node_modules/recharts/lib/component/ResponsiveContainer.js:144:22
      at Object.react_stack_bottom_frame (node_modules/react-dom/cjs/react-dom-client.development.js:25904:20)
      at renderWithHooks (node_modules/react-dom/cjs/react-dom-client.development.js:7662:22)
      at updateForwardRef (node_modules/react-dom/cjs/react-dom-client.development.js:9724:19)
      at beginWork (node_modules/react-dom/cjs/react-dom-client.development.js:12117:18)
      at runWithFiberInDEV (node_modules/react-dom/cjs/react-dom-client.development.js:874:13)
      at performUnitOfWork (node_modules/react-dom/cjs/react-dom-client.development.js:17641:22)
      at workLoopSync (node_modules/react-dom/cjs/react-dom-client.development.js:17469:41)
      at renderRootSync (node_modules/react-dom/cjs/react-dom-client.development.js:17450:11)
      at performWorkOnRoot (node_modules/react-dom/cjs/react-dom-client.development.js:16504:11)
      at performWorkOnRootViaSchedulerTask (node_modules/react-dom/cjs/react-dom-client.development.js:18957:7)
      at flushActQueue (node_modules/react/cjs/react.development.js:590:34)
      at node_modules/react/cjs/react.development.js:847:21

  console.warn
    The width(-1) and height(-1) of chart should be greater than 0,
           please check the style of container, or the props width(100%) and height(100%),
           or add a minWidth(0) or minHeight(undefined) or use aspect(undefined) to control the
           height and width.

      at warn (node_modules/recharts/lib/util/LogUtils.js:22:17)
      at node_modules/recharts/lib/component/ResponsiveContainer.js:144:22
      at Object.react_stack_bottom_frame (node_modules/react-dom/cjs/react-dom-client.development.js:25904:20)
      at renderWithHooks (node_modules/react-dom/cjs/react-dom-client.development.js:7662:22)
      at updateForwardRef (node_modules/react-dom/cjs/react-dom-client.development.js:9724:19)
      at beginWork (node_modules/react-dom/cjs/react-dom-client.development.js:12117:18)
      at runWithFiberInDEV (node_modules/react-dom/cjs/react-dom-client.development.js:874:13)
      at performUnitOfWork (node_modules/react-dom/cjs/react-dom-client.development.js:17641:22)
      at workLoopSync (node_modules/react-dom/cjs/react-dom-client.development.js:17469:41)
      at renderRootSync (node_modules/react-dom/cjs/react-dom-client.development.js:17450:11)
      at performWorkOnRoot (node_modules/react-dom/cjs/react-dom-client.development.js:16504:11)
      at performWorkOnRootViaSchedulerTask (node_modules/react-dom/cjs/react-dom-client.development.js:18957:7)
      at flushActQueue (node_modules/react/cjs/react.development.js:590:34)
      at recursivelyFlushAsyncActWork (node_modules/react/cjs/react.development.js:566:13)
      at Immediate._onImmediate (node_modules/react/cjs/react.development.js:849:32)

  console.warn
    The width(-1) and height(-1) of chart should be greater than 0,
           please check the style of container, or the props width(100%) and height(100%),
           or add a minWidth(0) or minHeight(undefined) or use aspect(undefined) to control the
           height and width.

      at warn (node_modules/recharts/lib/util/LogUtils.js:22:17)
      at node_modules/recharts/lib/component/ResponsiveContainer.js:144:22
      at Object.react_stack_bottom_frame (node_modules/react-dom/cjs/react-dom-client.development.js:25904:20)
      at renderWithHooks (node_modules/react-dom/cjs/react-dom-client.development.js:7662:22)
      at updateForwardRef (node_modules/react-dom/cjs/react-dom-client.development.js:9724:19)
      at beginWork (node_modules/react-dom/cjs/react-dom-client.development.js:12117:18)
      at runWithFiberInDEV (node_modules/react-dom/cjs/react-dom-client.development.js:874:13)
      at performUnitOfWork (node_modules/react-dom/cjs/react-dom-client.development.js:17641:22)
      at workLoopSync (node_modules/react-dom/cjs/react-dom-client.development.js:17469:41)
      at renderRootSync (node_modules/react-dom/cjs/react-dom-client.development.js:17450:11)
      at performWorkOnRoot (node_modules/react-dom/cjs/react-dom-client.development.js:16504:11)
      at performWorkOnRootViaSchedulerTask (node_modules/react-dom/cjs/react-dom-client.development.js:18957:7)
      at flushActQueue (node_modules/react/cjs/react.development.js:590:34)
      at recursivelyFlushAsyncActWork (node_modules/react/cjs/react.development.js:566:13)
      at Immediate._onImmediate (node_modules/react/cjs/react.development.js:849:32)

  console.warn
    The width(-1) and height(-1) of chart should be greater than 0,
           please check the style of container, or the props width(100%) and height(100%),
           or add a minWidth(0) or minHeight(undefined) or use aspect(undefined) to control the
           height and width.

    [0m [90m 66 |[39m   jest[33m.[39museFakeTimers()[33m.[39msetSystemTime([33mNOW[39m)[33m;[39m
     [90m 67 |[39m   window[33m.[39mapi [33m=[39m buildApi(apiOverrides)[33m;[39m
    [31m[1m>[22m[39m[90m 68 |[39m   [36mconst[39m utils [33m=[39m render([33m<[39m[33mStatistiquesAdherent[39m onPageChange[33m=[39m{onPageChange} [33m/[39m[33m>[39m)[33m;[39m
     [90m    |[39m                       [31m[1m^[22m[39m
     [90m 69 |[39m   [36mreturn[39m utils[33m;[39m
     [90m 70 |[39m }[33m;[39m
     [90m 71 |[39m[0m

      at warn (node_modules/recharts/lib/util/LogUtils.js:22:17)
      at node_modules/recharts/lib/component/ResponsiveContainer.js:144:22
      at Object.react_stack_bottom_frame (node_modules/react-dom/cjs/react-dom-client.development.js:25904:20)
      at renderWithHooks (node_modules/react-dom/cjs/react-dom-client.development.js:7662:22)
      at updateForwardRef (node_modules/react-dom/cjs/react-dom-client.development.js:9724:19)
      at beginWork (node_modules/react-dom/cjs/react-dom-client.development.js:12117:18)
      at runWithFiberInDEV (node_modules/react-dom/cjs/react-dom-client.development.js:874:13)
      at performUnitOfWork (node_modules/react-dom/cjs/react-dom-client.development.js:17641:22)
      at workLoopSync (node_modules/react-dom/cjs/react-dom-client.development.js:17469:41)
      at renderRootSync (node_modules/react-dom/cjs/react-dom-client.development.js:17450:11)
      at performWorkOnRoot (node_modules/react-dom/cjs/react-dom-client.development.js:16504:11)
      at performWorkOnRootViaSchedulerTask (node_modules/react-dom/cjs/react-dom-client.development.js:18957:7)
      at flushActQueue (node_modules/react/cjs/react.development.js:590:34)
      at process.env.NODE_ENV.exports.act (node_modules/react/cjs/react.development.js:884:10)
      at node_modules/@testing-library/react/dist/act-compat.js:46:25
      at renderRoot (node_modules/@testing-library/react/dist/pure.js:189:26)
      at render (node_modules/@testing-library/react/dist/pure.js:291:10)
      at setup (src/__tests__/pages/Statistiquesadherent.test.jsx:68:23)
      at Object.setup (src/__tests__/pages/Statistiquesadherent.test.jsx:520:5)

  console.warn
    The width(-1) and height(-1) of chart should be greater than 0,
           please check the style of container, or the props width(100%) and height(100%),
           or add a minWidth(0) or minHeight(undefined) or use aspect(undefined) to control the
           height and width.

    [0m [90m 66 |[39m   jest[33m.[39museFakeTimers()[33m.[39msetSystemTime([33mNOW[39m)[33m;[39m
     [90m 67 |[39m   window[33m.[39mapi [33m=[39m buildApi(apiOverrides)[33m;[39m
    [31m[1m>[22m[39m[90m 68 |[39m   [36mconst[39m utils [33m=[39m render([33m<[39m[33mStatistiquesAdherent[39m onPageChange[33m=[39m{onPageChange} [33m/[39m[33m>[39m)[33m;[39m
     [90m    |[39m                       [31m[1m^[22m[39m
     [90m 69 |[39m   [36mreturn[39m utils[33m;[39m
     [90m 70 |[39m }[33m;[39m
     [90m 71 |[39m[0m

      at warn (node_modules/recharts/lib/util/LogUtils.js:22:17)
      at node_modules/recharts/lib/component/ResponsiveContainer.js:144:22
      at Object.react_stack_bottom_frame (node_modules/react-dom/cjs/react-dom-client.development.js:25904:20)
      at renderWithHooks (node_modules/react-dom/cjs/react-dom-client.development.js:7662:22)
      at updateForwardRef (node_modules/react-dom/cjs/react-dom-client.development.js:9724:19)
      at beginWork (node_modules/react-dom/cjs/react-dom-client.development.js:12117:18)
      at runWithFiberInDEV (node_modules/react-dom/cjs/react-dom-client.development.js:874:13)
      at performUnitOfWork (node_modules/react-dom/cjs/react-dom-client.development.js:17641:22)
      at workLoopSync (node_modules/react-dom/cjs/react-dom-client.development.js:17469:41)
      at renderRootSync (node_modules/react-dom/cjs/react-dom-client.development.js:17450:11)
      at performWorkOnRoot (node_modules/react-dom/cjs/react-dom-client.development.js:16504:11)
      at performWorkOnRootViaSchedulerTask (node_modules/react-dom/cjs/react-dom-client.development.js:18957:7)
      at flushActQueue (node_modules/react/cjs/react.development.js:590:34)
      at process.env.NODE_ENV.exports.act (node_modules/react/cjs/react.development.js:884:10)
      at node_modules/@testing-library/react/dist/act-compat.js:46:25
      at renderRoot (node_modules/@testing-library/react/dist/pure.js:189:26)
      at render (node_modules/@testing-library/react/dist/pure.js:291:10)
      at setup (src/__tests__/pages/Statistiquesadherent.test.jsx:68:23)
      at Object.setup (src/__tests__/pages/Statistiquesadherent.test.jsx:520:5)

  console.warn
    The width(-1) and height(-1) of chart should be greater than 0,
           please check the style of container, or the props width(100%) and height(100%),
           or add a minWidth(0) or minHeight(undefined) or use aspect(undefined) to control the
           height and width.

      at warn (node_modules/recharts/lib/util/LogUtils.js:22:17)
      at node_modules/recharts/lib/component/ResponsiveContainer.js:144:22
      at Object.react_stack_bottom_frame (node_modules/react-dom/cjs/react-dom-client.development.js:25904:20)
      at renderWithHooks (node_modules/react-dom/cjs/react-dom-client.development.js:7662:22)
      at updateForwardRef (node_modules/react-dom/cjs/react-dom-client.development.js:9724:19)
      at beginWork (node_modules/react-dom/cjs/react-dom-client.development.js:12117:18)
      at runWithFiberInDEV (node_modules/react-dom/cjs/react-dom-client.development.js:874:13)
      at performUnitOfWork (node_modules/react-dom/cjs/react-dom-client.development.js:17641:22)
      at workLoopSync (node_modules/react-dom/cjs/react-dom-client.development.js:17469:41)
      at renderRootSync (node_modules/react-dom/cjs/react-dom-client.development.js:17450:11)
      at performWorkOnRoot (node_modules/react-dom/cjs/react-dom-client.development.js:16504:11)
      at performWorkOnRootViaSchedulerTask (node_modules/react-dom/cjs/react-dom-client.development.js:18957:7)
      at flushActQueue (node_modules/react/cjs/react.development.js:590:34)
      at node_modules/react/cjs/react.development.js:847:21

  console.warn
    The width(-1) and height(-1) of chart should be greater than 0,
           please check the style of container, or the props width(100%) and height(100%),
           or add a minWidth(0) or minHeight(undefined) or use aspect(undefined) to control the
           height and width.

      at warn (node_modules/recharts/lib/util/LogUtils.js:22:17)
      at node_modules/recharts/lib/component/ResponsiveContainer.js:144:22
      at Object.react_stack_bottom_frame (node_modules/react-dom/cjs/react-dom-client.development.js:25904:20)
      at renderWithHooks (node_modules/react-dom/cjs/react-dom-client.development.js:7662:22)
      at updateForwardRef (node_modules/react-dom/cjs/react-dom-client.development.js:9724:19)
      at beginWork (node_modules/react-dom/cjs/react-dom-client.development.js:12117:18)
      at runWithFiberInDEV (node_modules/react-dom/cjs/react-dom-client.development.js:874:13)
      at performUnitOfWork (node_modules/react-dom/cjs/react-dom-client.development.js:17641:22)
      at workLoopSync (node_modules/react-dom/cjs/react-dom-client.development.js:17469:41)
      at renderRootSync (node_modules/react-dom/cjs/react-dom-client.development.js:17450:11)
      at performWorkOnRoot (node_modules/react-dom/cjs/react-dom-client.development.js:16504:11)
      at performWorkOnRootViaSchedulerTask (node_modules/react-dom/cjs/react-dom-client.development.js:18957:7)
      at flushActQueue (node_modules/react/cjs/react.development.js:590:34)
      at node_modules/react/cjs/react.development.js:847:21

  console.warn
    The width(-1) and height(-1) of chart should be greater than 0,
           please check the style of container, or the props width(100%) and height(100%),
           or add a minWidth(0) or minHeight(undefined) or use aspect(undefined) to control the
           height and width.

      at warn (node_modules/recharts/lib/util/LogUtils.js:22:17)
      at node_modules/recharts/lib/component/ResponsiveContainer.js:144:22
      at Object.react_stack_bottom_frame (node_modules/react-dom/cjs/react-dom-client.development.js:25904:20)
      at renderWithHooks (node_modules/react-dom/cjs/react-dom-client.development.js:7662:22)
      at updateForwardRef (node_modules/react-dom/cjs/react-dom-client.development.js:9724:19)
      at beginWork (node_modules/react-dom/cjs/react-dom-client.development.js:12117:18)
      at runWithFiberInDEV (node_modules/react-dom/cjs/react-dom-client.development.js:874:13)
      at performUnitOfWork (node_modules/react-dom/cjs/react-dom-client.development.js:17641:22)
      at workLoopSync (node_modules/react-dom/cjs/react-dom-client.development.js:17469:41)
      at renderRootSync (node_modules/react-dom/cjs/react-dom-client.development.js:17450:11)
      at performWorkOnRoot (node_modules/react-dom/cjs/react-dom-client.development.js:16504:11)
      at performWorkOnRootViaSchedulerTask (node_modules/react-dom/cjs/react-dom-client.development.js:18957:7)
      at flushActQueue (node_modules/react/cjs/react.development.js:590:34)
      at recursivelyFlushAsyncActWork (node_modules/react/cjs/react.development.js:566:13)
      at Immediate._onImmediate (node_modules/react/cjs/react.development.js:849:32)

  console.warn
    The width(-1) and height(-1) of chart should be greater than 0,
           please check the style of container, or the props width(100%) and height(100%),
           or add a minWidth(0) or minHeight(undefined) or use aspect(undefined) to control the
           height and width.

      at warn (node_modules/recharts/lib/util/LogUtils.js:22:17)
      at node_modules/recharts/lib/component/ResponsiveContainer.js:144:22
      at Object.react_stack_bottom_frame (node_modules/react-dom/cjs/react-dom-client.development.js:25904:20)
      at renderWithHooks (node_modules/react-dom/cjs/react-dom-client.development.js:7662:22)
      at updateForwardRef (node_modules/react-dom/cjs/react-dom-client.development.js:9724:19)
      at beginWork (node_modules/react-dom/cjs/react-dom-client.development.js:12117:18)
      at runWithFiberInDEV (node_modules/react-dom/cjs/react-dom-client.development.js:874:13)
      at performUnitOfWork (node_modules/react-dom/cjs/react-dom-client.development.js:17641:22)
      at workLoopSync (node_modules/react-dom/cjs/react-dom-client.development.js:17469:41)
      at renderRootSync (node_modules/react-dom/cjs/react-dom-client.development.js:17450:11)
      at performWorkOnRoot (node_modules/react-dom/cjs/react-dom-client.development.js:16504:11)
      at performWorkOnRootViaSchedulerTask (node_modules/react-dom/cjs/react-dom-client.development.js:18957:7)
      at flushActQueue (node_modules/react/cjs/react.development.js:590:34)
      at recursivelyFlushAsyncActWork (node_modules/react/cjs/react.development.js:566:13)
      at Immediate._onImmediate (node_modules/react/cjs/react.development.js:849:32)

  console.warn
    The width(-1) and height(-1) of chart should be greater than 0,
           please check the style of container, or the props width(100%) and height(100%),
           or add a minWidth(0) or minHeight(undefined) or use aspect(undefined) to control the
           height and width.

    [0m [90m 66 |[39m   jest[33m.[39museFakeTimers()[33m.[39msetSystemTime([33mNOW[39m)[33m;[39m
     [90m 67 |[39m   window[33m.[39mapi [33m=[39m buildApi(apiOverrides)[33m;[39m
    [31m[1m>[22m[39m[90m 68 |[39m   [36mconst[39m utils [33m=[39m render([33m<[39m[33mStatistiquesAdherent[39m onPageChange[33m=[39m{onPageChange} [33m/[39m[33m>[39m)[33m;[39m
     [90m    |[39m                       [31m[1m^[22m[39m
     [90m 69 |[39m   [36mreturn[39m utils[33m;[39m
     [90m 70 |[39m }[33m;[39m
     [90m 71 |[39m[0m

      at warn (node_modules/recharts/lib/util/LogUtils.js:22:17)
      at node_modules/recharts/lib/component/ResponsiveContainer.js:144:22
      at Object.react_stack_bottom_frame (node_modules/react-dom/cjs/react-dom-client.development.js:25904:20)
      at renderWithHooks (node_modules/react-dom/cjs/react-dom-client.development.js:7662:22)
      at updateForwardRef (node_modules/react-dom/cjs/react-dom-client.development.js:9724:19)
      at beginWork (node_modules/react-dom/cjs/react-dom-client.development.js:12117:18)
      at runWithFiberInDEV (node_modules/react-dom/cjs/react-dom-client.development.js:874:13)
      at performUnitOfWork (node_modules/react-dom/cjs/react-dom-client.development.js:17641:22)
      at workLoopSync (node_modules/react-dom/cjs/react-dom-client.development.js:17469:41)
      at renderRootSync (node_modules/react-dom/cjs/react-dom-client.development.js:17450:11)
      at performWorkOnRoot (node_modules/react-dom/cjs/react-dom-client.development.js:16504:11)
      at performWorkOnRootViaSchedulerTask (node_modules/react-dom/cjs/react-dom-client.development.js:18957:7)
      at flushActQueue (node_modules/react/cjs/react.development.js:590:34)
      at process.env.NODE_ENV.exports.act (node_modules/react/cjs/react.development.js:884:10)
      at node_modules/@testing-library/react/dist/act-compat.js:46:25
      at renderRoot (node_modules/@testing-library/react/dist/pure.js:189:26)
      at render (node_modules/@testing-library/react/dist/pure.js:291:10)
      at setup (src/__tests__/pages/Statistiquesadherent.test.jsx:68:23)
      at Object.setup (src/__tests__/pages/Statistiquesadherent.test.jsx:528:5)

  console.warn
    The width(-1) and height(-1) of chart should be greater than 0,
           please check the style of container, or the props width(100%) and height(100%),
           or add a minWidth(0) or minHeight(undefined) or use aspect(undefined) to control the
           height and width.

    [0m [90m 66 |[39m   jest[33m.[39museFakeTimers()[33m.[39msetSystemTime([33mNOW[39m)[33m;[39m
     [90m 67 |[39m   window[33m.[39mapi [33m=[39m buildApi(apiOverrides)[33m;[39m
    [31m[1m>[22m[39m[90m 68 |[39m   [36mconst[39m utils [33m=[39m render([33m<[39m[33mStatistiquesAdherent[39m onPageChange[33m=[39m{onPageChange} [33m/[39m[33m>[39m)[33m;[39m
     [90m    |[39m                       [31m[1m^[22m[39m
     [90m 69 |[39m   [36mreturn[39m utils[33m;[39m
     [90m 70 |[39m }[33m;[39m
     [90m 71 |[39m[0m

      at warn (node_modules/recharts/lib/util/LogUtils.js:22:17)
      at node_modules/recharts/lib/component/ResponsiveContainer.js:144:22
      at Object.react_stack_bottom_frame (node_modules/react-dom/cjs/react-dom-client.development.js:25904:20)
      at renderWithHooks (node_modules/react-dom/cjs/react-dom-client.development.js:7662:22)
      at updateForwardRef (node_modules/react-dom/cjs/react-dom-client.development.js:9724:19)
      at beginWork (node_modules/react-dom/cjs/react-dom-client.development.js:12117:18)
      at runWithFiberInDEV (node_modules/react-dom/cjs/react-dom-client.development.js:874:13)
      at performUnitOfWork (node_modules/react-dom/cjs/react-dom-client.development.js:17641:22)
      at workLoopSync (node_modules/react-dom/cjs/react-dom-client.development.js:17469:41)
      at renderRootSync (node_modules/react-dom/cjs/react-dom-client.development.js:17450:11)
      at performWorkOnRoot (node_modules/react-dom/cjs/react-dom-client.development.js:16504:11)
      at performWorkOnRootViaSchedulerTask (node_modules/react-dom/cjs/react-dom-client.development.js:18957:7)
      at flushActQueue (node_modules/react/cjs/react.development.js:590:34)
      at process.env.NODE_ENV.exports.act (node_modules/react/cjs/react.development.js:884:10)
      at node_modules/@testing-library/react/dist/act-compat.js:46:25
      at renderRoot (node_modules/@testing-library/react/dist/pure.js:189:26)
      at render (node_modules/@testing-library/react/dist/pure.js:291:10)
      at setup (src/__tests__/pages/Statistiquesadherent.test.jsx:68:23)
      at Object.setup (src/__tests__/pages/Statistiquesadherent.test.jsx:528:5)

  console.warn
    The width(-1) and height(-1) of chart should be greater than 0,
           please check the style of container, or the props width(100%) and height(100%),
           or add a minWidth(0) or minHeight(undefined) or use aspect(undefined) to control the
           height and width.

      at warn (node_modules/recharts/lib/util/LogUtils.js:22:17)
      at node_modules/recharts/lib/component/ResponsiveContainer.js:144:22
      at Object.react_stack_bottom_frame (node_modules/react-dom/cjs/react-dom-client.development.js:25904:20)
      at renderWithHooks (node_modules/react-dom/cjs/react-dom-client.development.js:7662:22)
      at updateForwardRef (node_modules/react-dom/cjs/react-dom-client.development.js:9724:19)
      at beginWork (node_modules/react-dom/cjs/react-dom-client.development.js:12117:18)
      at runWithFiberInDEV (node_modules/react-dom/cjs/react-dom-client.development.js:874:13)
      at performUnitOfWork (node_modules/react-dom/cjs/react-dom-client.development.js:17641:22)
      at workLoopSync (node_modules/react-dom/cjs/react-dom-client.development.js:17469:41)
      at renderRootSync (node_modules/react-dom/cjs/react-dom-client.development.js:17450:11)
      at performWorkOnRoot (node_modules/react-dom/cjs/react-dom-client.development.js:16504:11)
      at performWorkOnRootViaSchedulerTask (node_modules/react-dom/cjs/react-dom-client.development.js:18957:7)
      at flushActQueue (node_modules/react/cjs/react.development.js:590:34)
      at node_modules/react/cjs/react.development.js:847:21

  console.warn
    The width(-1) and height(-1) of chart should be greater than 0,
           please check the style of container, or the props width(100%) and height(100%),
           or add a minWidth(0) or minHeight(undefined) or use aspect(undefined) to control the
           height and width.

      at warn (node_modules/recharts/lib/util/LogUtils.js:22:17)
      at node_modules/recharts/lib/component/ResponsiveContainer.js:144:22
      at Object.react_stack_bottom_frame (node_modules/react-dom/cjs/react-dom-client.development.js:25904:20)
      at renderWithHooks (node_modules/react-dom/cjs/react-dom-client.development.js:7662:22)
      at updateForwardRef (node_modules/react-dom/cjs/react-dom-client.development.js:9724:19)
      at beginWork (node_modules/react-dom/cjs/react-dom-client.development.js:12117:18)
      at runWithFiberInDEV (node_modules/react-dom/cjs/react-dom-client.development.js:874:13)
      at performUnitOfWork (node_modules/react-dom/cjs/react-dom-client.development.js:17641:22)
      at workLoopSync (node_modules/react-dom/cjs/react-dom-client.development.js:17469:41)
      at renderRootSync (node_modules/react-dom/cjs/react-dom-client.development.js:17450:11)
      at performWorkOnRoot (node_modules/react-dom/cjs/react-dom-client.development.js:16504:11)
      at performWorkOnRootViaSchedulerTask (node_modules/react-dom/cjs/react-dom-client.development.js:18957:7)
      at flushActQueue (node_modules/react/cjs/react.development.js:590:34)
      at node_modules/react/cjs/react.development.js:847:21

  console.warn
    The width(-1) and height(-1) of chart should be greater than 0,
           please check the style of container, or the props width(100%) and height(100%),
           or add a minWidth(0) or minHeight(undefined) or use aspect(undefined) to control the
           height and width.

      at warn (node_modules/recharts/lib/util/LogUtils.js:22:17)
      at node_modules/recharts/lib/component/ResponsiveContainer.js:144:22
      at Object.react_stack_bottom_frame (node_modules/react-dom/cjs/react-dom-client.development.js:25904:20)
      at renderWithHooks (node_modules/react-dom/cjs/react-dom-client.development.js:7662:22)
      at updateForwardRef (node_modules/react-dom/cjs/react-dom-client.development.js:9724:19)
      at beginWork (node_modules/react-dom/cjs/react-dom-client.development.js:12117:18)
      at runWithFiberInDEV (node_modules/react-dom/cjs/react-dom-client.development.js:874:13)
      at performUnitOfWork (node_modules/react-dom/cjs/react-dom-client.development.js:17641:22)
      at workLoopSync (node_modules/react-dom/cjs/react-dom-client.development.js:17469:41)
      at renderRootSync (node_modules/react-dom/cjs/react-dom-client.development.js:17450:11)
      at performWorkOnRoot (node_modules/react-dom/cjs/react-dom-client.development.js:16504:11)
      at performWorkOnRootViaSchedulerTask (node_modules/react-dom/cjs/react-dom-client.development.js:18957:7)
      at flushActQueue (node_modules/react/cjs/react.development.js:590:34)
      at recursivelyFlushAsyncActWork (node_modules/react/cjs/react.development.js:566:13)
      at Immediate._onImmediate (node_modules/react/cjs/react.development.js:849:32)

  console.warn
    The width(-1) and height(-1) of chart should be greater than 0,
           please check the style of container, or the props width(100%) and height(100%),
           or add a minWidth(0) or minHeight(undefined) or use aspect(undefined) to control the
           height and width.

      at warn (node_modules/recharts/lib/util/LogUtils.js:22:17)
      at node_modules/recharts/lib/component/ResponsiveContainer.js:144:22
      at Object.react_stack_bottom_frame (node_modules/react-dom/cjs/react-dom-client.development.js:25904:20)
      at renderWithHooks (node_modules/react-dom/cjs/react-dom-client.development.js:7662:22)
      at updateForwardRef (node_modules/react-dom/cjs/react-dom-client.development.js:9724:19)
      at beginWork (node_modules/react-dom/cjs/react-dom-client.development.js:12117:18)
      at runWithFiberInDEV (node_modules/react-dom/cjs/react-dom-client.development.js:874:13)
      at performUnitOfWork (node_modules/react-dom/cjs/react-dom-client.development.js:17641:22)
      at workLoopSync (node_modules/react-dom/cjs/react-dom-client.development.js:17469:41)
      at renderRootSync (node_modules/react-dom/cjs/react-dom-client.development.js:17450:11)
      at performWorkOnRoot (node_modules/react-dom/cjs/react-dom-client.development.js:16504:11)
      at performWorkOnRootViaSchedulerTask (node_modules/react-dom/cjs/react-dom-client.development.js:18957:7)
      at flushActQueue (node_modules/react/cjs/react.development.js:590:34)
      at recursivelyFlushAsyncActWork (node_modules/react/cjs/react.development.js:566:13)
      at Immediate._onImmediate (node_modules/react/cjs/react.development.js:849:32)

  console.error
    Erreur génération PDF: TypeError: jsPDF is not a constructor
        at exportPDF (C:\Users\hp\Desktop\Salle-De-Sport\src\renderer\pages\HistoriqueTransactions.jsx:276:19)

    [0m [90m 428 |[39m
     [90m 429 |[39m     } [36mcatch[39m (error) {
    [31m[1m>[22m[39m[90m 430 |[39m       console[33m.[39merror([32m'Erreur génération PDF:'[39m[33m,[39m error)[33m;[39m
     [90m     |[39m               [31m[1m^[22m[39m
     [90m 431 |[39m       alert([32m'Erreur lors de la génération du PDF. Vérifiez la console pour plus de détails.'[39m)[33m;[39m
     [90m 432 |[39m     } [36mfinally[39m {
     [90m 433 |[39m       setExportingPDF([36mfalse[39m)[33m;[39m[0m

      at error (src/renderer/pages/HistoriqueTransactions.jsx:430:15)

  console.error
    Error: Not implemented: window.alert
        at module.exports (C:\Users\hp\Desktop\Salle-De-Sport\node_modules\jsdom\lib\jsdom\browser\not-implemented.js:9:17)
        at C:\Users\hp\Desktop\Salle-De-Sport\node_modules\jsdom\lib\jsdom\browser\Window.js:960:7
        at alert (C:\Users\hp\Desktop\Salle-De-Sport\src\renderer\pages\HistoriqueTransactions.jsx:431:7) {
      type: 'not implemented'
    }

    [0m [90m 429 |[39m     } [36mcatch[39m (error) {
     [90m 430 |[39m       console[33m.[39merror([32m'Erreur génération PDF:'[39m[33m,[39m error)[33m;[39m
    [31m[1m>[22m[39m[90m 431 |[39m       alert([32m'Erreur lors de la génération du PDF. Vérifiez la console pour plus de détails.'[39m)[33m;[39m
     [90m     |[39m       [31m[1m^[22m[39m
     [90m 432 |[39m     } [36mfinally[39m {
     [90m 433 |[39m       setExportingPDF([36mfalse[39m)[33m;[39m
     [90m 434 |[39m     }[0m

      at VirtualConsole.<anonymous> (node_modules/@jest/environment-jsdom-abstract/build/index.js:87:23)
      at module.exports (node_modules/jsdom/lib/jsdom/browser/not-implemented.js:12:26)
      at node_modules/jsdom/lib/jsdom/browser/Window.js:960:7
      at alert (src/renderer/pages/HistoriqueTransactions.jsx:431:7)

  console.warn
    The width(-1) and height(-1) of chart should be greater than 0,
           please check the style of container, or the props width(100%) and height(100%),
           or add a minWidth(0) or minHeight(undefined) or use aspect(undefined) to control the
           height and width.

    [0m [90m 66 |[39m   jest[33m.[39museFakeTimers()[33m.[39msetSystemTime([33mNOW[39m)[33m;[39m
     [90m 67 |[39m   window[33m.[39mapi [33m=[39m buildApi(apiOverrides)[33m;[39m
    [31m[1m>[22m[39m[90m 68 |[39m   [36mconst[39m utils [33m=[39m render([33m<[39m[33mStatistiquesAdherent[39m onPageChange[33m=[39m{onPageChange} [33m/[39m[33m>[39m)[33m;[39m
     [90m    |[39m                       [31m[1m^[22m[39m
     [90m 69 |[39m   [36mreturn[39m utils[33m;[39m
     [90m 70 |[39m }[33m;[39m
     [90m 71 |[39m[0m

      at warn (node_modules/recharts/lib/util/LogUtils.js:22:17)
      at node_modules/recharts/lib/component/ResponsiveContainer.js:144:22
      at Object.react_stack_bottom_frame (node_modules/react-dom/cjs/react-dom-client.development.js:25904:20)
      at renderWithHooks (node_modules/react-dom/cjs/react-dom-client.development.js:7662:22)
      at updateForwardRef (node_modules/react-dom/cjs/react-dom-client.development.js:9724:19)
      at beginWork (node_modules/react-dom/cjs/react-dom-client.development.js:12117:18)
      at runWithFiberInDEV (node_modules/react-dom/cjs/react-dom-client.development.js:874:13)
      at performUnitOfWork (node_modules/react-dom/cjs/react-dom-client.development.js:17641:22)
      at workLoopSync (node_modules/react-dom/cjs/react-dom-client.development.js:17469:41)
      at renderRootSync (node_modules/react-dom/cjs/react-dom-client.development.js:17450:11)
      at performWorkOnRoot (node_modules/react-dom/cjs/react-dom-client.development.js:16504:11)
      at performWorkOnRootViaSchedulerTask (node_modules/react-dom/cjs/react-dom-client.development.js:18957:7)
      at flushActQueue (node_modules/react/cjs/react.development.js:590:34)
      at process.env.NODE_ENV.exports.act (node_modules/react/cjs/react.development.js:884:10)
      at node_modules/@testing-library/react/dist/act-compat.js:46:25
      at renderRoot (node_modules/@testing-library/react/dist/pure.js:189:26)
      at render (node_modules/@testing-library/react/dist/pure.js:291:10)
      at setup (src/__tests__/pages/Statistiquesadherent.test.jsx:68:23)
      at Object.setup (src/__tests__/pages/Statistiquesadherent.test.jsx:534:5)

  console.warn
    The width(-1) and height(-1) of chart should be greater than 0,
           please check the style of container, or the props width(100%) and height(100%),
           or add a minWidth(0) or minHeight(undefined) or use aspect(undefined) to control the
           height and width.

    [0m [90m 66 |[39m   jest[33m.[39museFakeTimers()[33m.[39msetSystemTime([33mNOW[39m)[33m;[39m
     [90m 67 |[39m   window[33m.[39mapi [33m=[39m buildApi(apiOverrides)[33m;[39m
    [31m[1m>[22m[39m[90m 68 |[39m   [36mconst[39m utils [33m=[39m render([33m<[39m[33mStatistiquesAdherent[39m onPageChange[33m=[39m{onPageChange} [33m/[39m[33m>[39m)[33m;[39m
     [90m    |[39m                       [31m[1m^[22m[39m
     [90m 69 |[39m   [36mreturn[39m utils[33m;[39m
     [90m 70 |[39m }[33m;[39m
     [90m 71 |[39m[0m

      at warn (node_modules/recharts/lib/util/LogUtils.js:22:17)
      at node_modules/recharts/lib/component/ResponsiveContainer.js:144:22
      at Object.react_stack_bottom_frame (node_modules/react-dom/cjs/react-dom-client.development.js:25904:20)
      at renderWithHooks (node_modules/react-dom/cjs/react-dom-client.development.js:7662:22)
      at updateForwardRef (node_modules/react-dom/cjs/react-dom-client.development.js:9724:19)
      at beginWork (node_modules/react-dom/cjs/react-dom-client.development.js:12117:18)
      at runWithFiberInDEV (node_modules/react-dom/cjs/react-dom-client.development.js:874:13)
      at performUnitOfWork (node_modules/react-dom/cjs/react-dom-client.development.js:17641:22)
      at workLoopSync (node_modules/react-dom/cjs/react-dom-client.development.js:17469:41)
      at renderRootSync (node_modules/react-dom/cjs/react-dom-client.development.js:17450:11)
      at performWorkOnRoot (node_modules/react-dom/cjs/react-dom-client.development.js:16504:11)
      at performWorkOnRootViaSchedulerTask (node_modules/react-dom/cjs/react-dom-client.development.js:18957:7)
      at flushActQueue (node_modules/react/cjs/react.development.js:590:34)
      at process.env.NODE_ENV.exports.act (node_modules/react/cjs/react.development.js:884:10)
      at node_modules/@testing-library/react/dist/act-compat.js:46:25
      at renderRoot (node_modules/@testing-library/react/dist/pure.js:189:26)
      at render (node_modules/@testing-library/react/dist/pure.js:291:10)
      at setup (src/__tests__/pages/Statistiquesadherent.test.jsx:68:23)
      at Object.setup (src/__tests__/pages/Statistiquesadherent.test.jsx:534:5)

  console.warn
    The width(-1) and height(-1) of chart should be greater than 0,
           please check the style of container, or the props width(100%) and height(100%),
           or add a minWidth(0) or minHeight(undefined) or use aspect(undefined) to control the
           height and width.

      at warn (node_modules/recharts/lib/util/LogUtils.js:22:17)
      at node_modules/recharts/lib/component/ResponsiveContainer.js:144:22
      at Object.react_stack_bottom_frame (node_modules/react-dom/cjs/react-dom-client.development.js:25904:20)
      at renderWithHooks (node_modules/react-dom/cjs/react-dom-client.development.js:7662:22)
      at updateForwardRef (node_modules/react-dom/cjs/react-dom-client.development.js:9724:19)
      at beginWork (node_modules/react-dom/cjs/react-dom-client.development.js:12117:18)
      at runWithFiberInDEV (node_modules/react-dom/cjs/react-dom-client.development.js:874:13)
      at performUnitOfWork (node_modules/react-dom/cjs/react-dom-client.development.js:17641:22)
      at workLoopSync (node_modules/react-dom/cjs/react-dom-client.development.js:17469:41)
      at renderRootSync (node_modules/react-dom/cjs/react-dom-client.development.js:17450:11)
      at performWorkOnRoot (node_modules/react-dom/cjs/react-dom-client.development.js:16504:11)
      at performWorkOnRootViaSchedulerTask (node_modules/react-dom/cjs/react-dom-client.development.js:18957:7)
      at flushActQueue (node_modules/react/cjs/react.development.js:590:34)
      at node_modules/react/cjs/react.development.js:847:21

  console.warn
    The width(-1) and height(-1) of chart should be greater than 0,
           please check the style of container, or the props width(100%) and height(100%),
           or add a minWidth(0) or minHeight(undefined) or use aspect(undefined) to control the
           height and width.

      at warn (node_modules/recharts/lib/util/LogUtils.js:22:17)
      at node_modules/recharts/lib/component/ResponsiveContainer.js:144:22
      at Object.react_stack_bottom_frame (node_modules/react-dom/cjs/react-dom-client.development.js:25904:20)
      at renderWithHooks (node_modules/react-dom/cjs/react-dom-client.development.js:7662:22)
      at updateForwardRef (node_modules/react-dom/cjs/react-dom-client.development.js:9724:19)
      at beginWork (node_modules/react-dom/cjs/react-dom-client.development.js:12117:18)
      at runWithFiberInDEV (node_modules/react-dom/cjs/react-dom-client.development.js:874:13)
      at performUnitOfWork (node_modules/react-dom/cjs/react-dom-client.development.js:17641:22)
      at workLoopSync (node_modules/react-dom/cjs/react-dom-client.development.js:17469:41)
      at renderRootSync (node_modules/react-dom/cjs/react-dom-client.development.js:17450:11)
      at performWorkOnRoot (node_modules/react-dom/cjs/react-dom-client.development.js:16504:11)
      at performWorkOnRootViaSchedulerTask (node_modules/react-dom/cjs/react-dom-client.development.js:18957:7)
      at flushActQueue (node_modules/react/cjs/react.development.js:590:34)
      at node_modules/react/cjs/react.development.js:847:21

  console.warn
    The width(-1) and height(-1) of chart should be greater than 0,
           please check the style of container, or the props width(100%) and height(100%),
           or add a minWidth(0) or minHeight(undefined) or use aspect(undefined) to control the
           height and width.

      at warn (node_modules/recharts/lib/util/LogUtils.js:22:17)
      at node_modules/recharts/lib/component/ResponsiveContainer.js:144:22
      at Object.react_stack_bottom_frame (node_modules/react-dom/cjs/react-dom-client.development.js:25904:20)
      at renderWithHooks (node_modules/react-dom/cjs/react-dom-client.development.js:7662:22)
      at updateForwardRef (node_modules/react-dom/cjs/react-dom-client.development.js:9724:19)
      at beginWork (node_modules/react-dom/cjs/react-dom-client.development.js:12117:18)
      at runWithFiberInDEV (node_modules/react-dom/cjs/react-dom-client.development.js:874:13)
      at performUnitOfWork (node_modules/react-dom/cjs/react-dom-client.development.js:17641:22)
      at workLoopSync (node_modules/react-dom/cjs/react-dom-client.development.js:17469:41)
      at renderRootSync (node_modules/react-dom/cjs/react-dom-client.development.js:17450:11)
      at performWorkOnRoot (node_modules/react-dom/cjs/react-dom-client.development.js:16504:11)
      at performWorkOnRootViaSchedulerTask (node_modules/react-dom/cjs/react-dom-client.development.js:18957:7)
      at flushActQueue (node_modules/react/cjs/react.development.js:590:34)
      at recursivelyFlushAsyncActWork (node_modules/react/cjs/react.development.js:566:13)
      at Immediate._onImmediate (node_modules/react/cjs/react.development.js:849:32)

  console.warn
    The width(-1) and height(-1) of chart should be greater than 0,
           please check the style of container, or the props width(100%) and height(100%),
           or add a minWidth(0) or minHeight(undefined) or use aspect(undefined) to control the
           height and width.

      at warn (node_modules/recharts/lib/util/LogUtils.js:22:17)
      at node_modules/recharts/lib/component/ResponsiveContainer.js:144:22
      at Object.react_stack_bottom_frame (node_modules/react-dom/cjs/react-dom-client.development.js:25904:20)
      at renderWithHooks (node_modules/react-dom/cjs/react-dom-client.development.js:7662:22)
      at updateForwardRef (node_modules/react-dom/cjs/react-dom-client.development.js:9724:19)
      at beginWork (node_modules/react-dom/cjs/react-dom-client.development.js:12117:18)
      at runWithFiberInDEV (node_modules/react-dom/cjs/react-dom-client.development.js:874:13)
      at performUnitOfWork (node_modules/react-dom/cjs/react-dom-client.development.js:17641:22)
      at workLoopSync (node_modules/react-dom/cjs/react-dom-client.development.js:17469:41)
      at renderRootSync (node_modules/react-dom/cjs/react-dom-client.development.js:17450:11)
      at performWorkOnRoot (node_modules/react-dom/cjs/react-dom-client.development.js:16504:11)
      at performWorkOnRootViaSchedulerTask (node_modules/react-dom/cjs/react-dom-client.development.js:18957:7)
      at flushActQueue (node_modules/react/cjs/react.development.js:590:34)
      at recursivelyFlushAsyncActWork (node_modules/react/cjs/react.development.js:566:13)
      at Immediate._onImmediate (node_modules/react/cjs/react.development.js:849:32)

  console.warn
    The width(-1) and height(-1) of chart should be greater than 0,
           please check the style of container, or the props width(100%) and height(100%),
           or add a minWidth(0) or minHeight(undefined) or use aspect(undefined) to control the
           height and width.

    [0m [90m 66 |[39m   jest[33m.[39museFakeTimers()[33m.[39msetSystemTime([33mNOW[39m)[33m;[39m
     [90m 67 |[39m   window[33m.[39mapi [33m=[39m buildApi(apiOverrides)[33m;[39m
    [31m[1m>[22m[39m[90m 68 |[39m   [36mconst[39m utils [33m=[39m render([33m<[39m[33mStatistiquesAdherent[39m onPageChange[33m=[39m{onPageChange} [33m/[39m[33m>[39m)[33m;[39m
     [90m    |[39m                       [31m[1m^[22m[39m
     [90m 69 |[39m   [36mreturn[39m utils[33m;[39m
     [90m 70 |[39m }[33m;[39m
     [90m 71 |[39m[0m

      at warn (node_modules/recharts/lib/util/LogUtils.js:22:17)
      at node_modules/recharts/lib/component/ResponsiveContainer.js:144:22
      at Object.react_stack_bottom_frame (node_modules/react-dom/cjs/react-dom-client.development.js:25904:20)
      at renderWithHooks (node_modules/react-dom/cjs/react-dom-client.development.js:7662:22)
      at updateForwardRef (node_modules/react-dom/cjs/react-dom-client.development.js:9724:19)
      at beginWork (node_modules/react-dom/cjs/react-dom-client.development.js:12117:18)
      at runWithFiberInDEV (node_modules/react-dom/cjs/react-dom-client.development.js:874:13)
      at performUnitOfWork (node_modules/react-dom/cjs/react-dom-client.development.js:17641:22)
      at workLoopSync (node_modules/react-dom/cjs/react-dom-client.development.js:17469:41)
      at renderRootSync (node_modules/react-dom/cjs/react-dom-client.development.js:17450:11)
      at performWorkOnRoot (node_modules/react-dom/cjs/react-dom-client.development.js:16504:11)
      at performWorkOnRootViaSchedulerTask (node_modules/react-dom/cjs/react-dom-client.development.js:18957:7)
      at flushActQueue (node_modules/react/cjs/react.development.js:590:34)
      at process.env.NODE_ENV.exports.act (node_modules/react/cjs/react.development.js:884:10)
      at node_modules/@testing-library/react/dist/act-compat.js:46:25
      at renderRoot (node_modules/@testing-library/react/dist/pure.js:189:26)
      at render (node_modules/@testing-library/react/dist/pure.js:291:10)
      at setup (src/__tests__/pages/Statistiquesadherent.test.jsx:68:23)
      at Object.setup (src/__tests__/pages/Statistiquesadherent.test.jsx:540:5)

  console.warn
    The width(-1) and height(-1) of chart should be greater than 0,
           please check the style of container, or the props width(100%) and height(100%),
           or add a minWidth(0) or minHeight(undefined) or use aspect(undefined) to control the
           height and width.

    [0m [90m 66 |[39m   jest[33m.[39museFakeTimers()[33m.[39msetSystemTime([33mNOW[39m)[33m;[39m
     [90m 67 |[39m   window[33m.[39mapi [33m=[39m buildApi(apiOverrides)[33m;[39m
    [31m[1m>[22m[39m[90m 68 |[39m   [36mconst[39m utils [33m=[39m render([33m<[39m[33mStatistiquesAdherent[39m onPageChange[33m=[39m{onPageChange} [33m/[39m[33m>[39m)[33m;[39m
     [90m    |[39m                       [31m[1m^[22m[39m
     [90m 69 |[39m   [36mreturn[39m utils[33m;[39m
     [90m 70 |[39m }[33m;[39m
     [90m 71 |[39m[0m

      at warn (node_modules/recharts/lib/util/LogUtils.js:22:17)
      at node_modules/recharts/lib/component/ResponsiveContainer.js:144:22
      at Object.react_stack_bottom_frame (node_modules/react-dom/cjs/react-dom-client.development.js:25904:20)
      at renderWithHooks (node_modules/react-dom/cjs/react-dom-client.development.js:7662:22)
      at updateForwardRef (node_modules/react-dom/cjs/react-dom-client.development.js:9724:19)
      at beginWork (node_modules/react-dom/cjs/react-dom-client.development.js:12117:18)
      at runWithFiberInDEV (node_modules/react-dom/cjs/react-dom-client.development.js:874:13)
      at performUnitOfWork (node_modules/react-dom/cjs/react-dom-client.development.js:17641:22)
      at workLoopSync (node_modules/react-dom/cjs/react-dom-client.development.js:17469:41)
      at renderRootSync (node_modules/react-dom/cjs/react-dom-client.development.js:17450:11)
      at performWorkOnRoot (node_modules/react-dom/cjs/react-dom-client.development.js:16504:11)
      at performWorkOnRootViaSchedulerTask (node_modules/react-dom/cjs/react-dom-client.development.js:18957:7)
      at flushActQueue (node_modules/react/cjs/react.development.js:590:34)
      at process.env.NODE_ENV.exports.act (node_modules/react/cjs/react.development.js:884:10)
      at node_modules/@testing-library/react/dist/act-compat.js:46:25
      at renderRoot (node_modules/@testing-library/react/dist/pure.js:189:26)
      at render (node_modules/@testing-library/react/dist/pure.js:291:10)
      at setup (src/__tests__/pages/Statistiquesadherent.test.jsx:68:23)
      at Object.setup (src/__tests__/pages/Statistiquesadherent.test.jsx:540:5)

  console.warn
    The width(-1) and height(-1) of chart should be greater than 0,
           please check the style of container, or the props width(100%) and height(100%),
           or add a minWidth(0) or minHeight(undefined) or use aspect(undefined) to control the
           height and width.

      at warn (node_modules/recharts/lib/util/LogUtils.js:22:17)
      at node_modules/recharts/lib/component/ResponsiveContainer.js:144:22
      at Object.react_stack_bottom_frame (node_modules/react-dom/cjs/react-dom-client.development.js:25904:20)
      at renderWithHooks (node_modules/react-dom/cjs/react-dom-client.development.js:7662:22)
      at updateForwardRef (node_modules/react-dom/cjs/react-dom-client.development.js:9724:19)
      at beginWork (node_modules/react-dom/cjs/react-dom-client.development.js:12117:18)
      at runWithFiberInDEV (node_modules/react-dom/cjs/react-dom-client.development.js:874:13)
      at performUnitOfWork (node_modules/react-dom/cjs/react-dom-client.development.js:17641:22)
      at workLoopSync (node_modules/react-dom/cjs/react-dom-client.development.js:17469:41)
      at renderRootSync (node_modules/react-dom/cjs/react-dom-client.development.js:17450:11)
      at performWorkOnRoot (node_modules/react-dom/cjs/react-dom-client.development.js:16504:11)
      at performWorkOnRootViaSchedulerTask (node_modules/react-dom/cjs/react-dom-client.development.js:18957:7)
      at flushActQueue (node_modules/react/cjs/react.development.js:590:34)
      at node_modules/react/cjs/react.development.js:847:21

  console.warn
    The width(-1) and height(-1) of chart should be greater than 0,
           please check the style of container, or the props width(100%) and height(100%),
           or add a minWidth(0) or minHeight(undefined) or use aspect(undefined) to control the
           height and width.

      at warn (node_modules/recharts/lib/util/LogUtils.js:22:17)
      at node_modules/recharts/lib/component/ResponsiveContainer.js:144:22
      at Object.react_stack_bottom_frame (node_modules/react-dom/cjs/react-dom-client.development.js:25904:20)
      at renderWithHooks (node_modules/react-dom/cjs/react-dom-client.development.js:7662:22)
      at updateForwardRef (node_modules/react-dom/cjs/react-dom-client.development.js:9724:19)
      at beginWork (node_modules/react-dom/cjs/react-dom-client.development.js:12117:18)
      at runWithFiberInDEV (node_modules/react-dom/cjs/react-dom-client.development.js:874:13)
      at performUnitOfWork (node_modules/react-dom/cjs/react-dom-client.development.js:17641:22)
      at workLoopSync (node_modules/react-dom/cjs/react-dom-client.development.js:17469:41)
      at renderRootSync (node_modules/react-dom/cjs/react-dom-client.development.js:17450:11)
      at performWorkOnRoot (node_modules/react-dom/cjs/react-dom-client.development.js:16504:11)
      at performWorkOnRootViaSchedulerTask (node_modules/react-dom/cjs/react-dom-client.development.js:18957:7)
      at flushActQueue (node_modules/react/cjs/react.development.js:590:34)
      at node_modules/react/cjs/react.development.js:847:21

  console.warn
    The width(-1) and height(-1) of chart should be greater than 0,
           please check the style of container, or the props width(100%) and height(100%),
           or add a minWidth(0) or minHeight(undefined) or use aspect(undefined) to control the
           height and width.

      at warn (node_modules/recharts/lib/util/LogUtils.js:22:17)
      at node_modules/recharts/lib/component/ResponsiveContainer.js:144:22
      at Object.react_stack_bottom_frame (node_modules/react-dom/cjs/react-dom-client.development.js:25904:20)
      at renderWithHooks (node_modules/react-dom/cjs/react-dom-client.development.js:7662:22)
      at updateForwardRef (node_modules/react-dom/cjs/react-dom-client.development.js:9724:19)
      at beginWork (node_modules/react-dom/cjs/react-dom-client.development.js:12117:18)
      at runWithFiberInDEV (node_modules/react-dom/cjs/react-dom-client.development.js:874:13)
      at performUnitOfWork (node_modules/react-dom/cjs/react-dom-client.development.js:17641:22)
      at workLoopSync (node_modules/react-dom/cjs/react-dom-client.development.js:17469:41)
      at renderRootSync (node_modules/react-dom/cjs/react-dom-client.development.js:17450:11)
      at performWorkOnRoot (node_modules/react-dom/cjs/react-dom-client.development.js:16504:11)
      at performWorkOnRootViaSchedulerTask (node_modules/react-dom/cjs/react-dom-client.development.js:18957:7)
      at flushActQueue (node_modules/react/cjs/react.development.js:590:34)
      at recursivelyFlushAsyncActWork (node_modules/react/cjs/react.development.js:566:13)
      at Immediate._onImmediate (node_modules/react/cjs/react.development.js:849:32)

  console.warn
    The width(-1) and height(-1) of chart should be greater than 0,
           please check the style of container, or the props width(100%) and height(100%),
           or add a minWidth(0) or minHeight(undefined) or use aspect(undefined) to control the
           height and width.

      at warn (node_modules/recharts/lib/util/LogUtils.js:22:17)
      at node_modules/recharts/lib/component/ResponsiveContainer.js:144:22
      at Object.react_stack_bottom_frame (node_modules/react-dom/cjs/react-dom-client.development.js:25904:20)
      at renderWithHooks (node_modules/react-dom/cjs/react-dom-client.development.js:7662:22)
      at updateForwardRef (node_modules/react-dom/cjs/react-dom-client.development.js:9724:19)
      at beginWork (node_modules/react-dom/cjs/react-dom-client.development.js:12117:18)
      at runWithFiberInDEV (node_modules/react-dom/cjs/react-dom-client.development.js:874:13)
      at performUnitOfWork (node_modules/react-dom/cjs/react-dom-client.development.js:17641:22)
      at workLoopSync (node_modules/react-dom/cjs/react-dom-client.development.js:17469:41)
      at renderRootSync (node_modules/react-dom/cjs/react-dom-client.development.js:17450:11)
      at performWorkOnRoot (node_modules/react-dom/cjs/react-dom-client.development.js:16504:11)
      at performWorkOnRootViaSchedulerTask (node_modules/react-dom/cjs/react-dom-client.development.js:18957:7)
      at flushActQueue (node_modules/react/cjs/react.development.js:590:34)
      at recursivelyFlushAsyncActWork (node_modules/react/cjs/react.development.js:566:13)
      at Immediate._onImmediate (node_modules/react/cjs/react.development.js:849:32)

  console.warn
    The width(-1) and height(-1) of chart should be greater than 0,
           please check the style of container, or the props width(100%) and height(100%),
           or add a minWidth(0) or minHeight(undefined) or use aspect(undefined) to control the
           height and width.

    [0m [90m 66 |[39m   jest[33m.[39museFakeTimers()[33m.[39msetSystemTime([33mNOW[39m)[33m;[39m
     [90m 67 |[39m   window[33m.[39mapi [33m=[39m buildApi(apiOverrides)[33m;[39m
    [31m[1m>[22m[39m[90m 68 |[39m   [36mconst[39m utils [33m=[39m render([33m<[39m[33mStatistiquesAdherent[39m onPageChange[33m=[39m{onPageChange} [33m/[39m[33m>[39m)[33m;[39m
     [90m    |[39m                       [31m[1m^[22m[39m
     [90m 69 |[39m   [36mreturn[39m utils[33m;[39m
     [90m 70 |[39m }[33m;[39m
     [90m 71 |[39m[0m

      at warn (node_modules/recharts/lib/util/LogUtils.js:22:17)
      at node_modules/recharts/lib/component/ResponsiveContainer.js:144:22
      at Object.react_stack_bottom_frame (node_modules/react-dom/cjs/react-dom-client.development.js:25904:20)
      at renderWithHooks (node_modules/react-dom/cjs/react-dom-client.development.js:7662:22)
      at updateForwardRef (node_modules/react-dom/cjs/react-dom-client.development.js:9724:19)
      at beginWork (node_modules/react-dom/cjs/react-dom-client.development.js:12117:18)
      at runWithFiberInDEV (node_modules/react-dom/cjs/react-dom-client.development.js:874:13)
      at performUnitOfWork (node_modules/react-dom/cjs/react-dom-client.development.js:17641:22)
      at workLoopSync (node_modules/react-dom/cjs/react-dom-client.development.js:17469:41)
      at renderRootSync (node_modules/react-dom/cjs/react-dom-client.development.js:17450:11)
      at performWorkOnRoot (node_modules/react-dom/cjs/react-dom-client.development.js:16504:11)
      at performWorkOnRootViaSchedulerTask (node_modules/react-dom/cjs/react-dom-client.development.js:18957:7)
      at flushActQueue (node_modules/react/cjs/react.development.js:590:34)
      at process.env.NODE_ENV.exports.act (node_modules/react/cjs/react.development.js:884:10)
      at node_modules/@testing-library/react/dist/act-compat.js:46:25
      at renderRoot (node_modules/@testing-library/react/dist/pure.js:189:26)
      at render (node_modules/@testing-library/react/dist/pure.js:291:10)
      at setup (src/__tests__/pages/Statistiquesadherent.test.jsx:68:23)
      at Object.setup (src/__tests__/pages/Statistiquesadherent.test.jsx:550:5)

  console.warn
    The width(-1) and height(-1) of chart should be greater than 0,
           please check the style of container, or the props width(100%) and height(100%),
           or add a minWidth(0) or minHeight(undefined) or use aspect(undefined) to control the
           height and width.

    [0m [90m 66 |[39m   jest[33m.[39museFakeTimers()[33m.[39msetSystemTime([33mNOW[39m)[33m;[39m
     [90m 67 |[39m   window[33m.[39mapi [33m=[39m buildApi(apiOverrides)[33m;[39m
    [31m[1m>[22m[39m[90m 68 |[39m   [36mconst[39m utils [33m=[39m render([33m<[39m[33mStatistiquesAdherent[39m onPageChange[33m=[39m{onPageChange} [33m/[39m[33m>[39m)[33m;[39m
     [90m    |[39m                       [31m[1m^[22m[39m
     [90m 69 |[39m   [36mreturn[39m utils[33m;[39m
     [90m 70 |[39m }[33m;[39m
     [90m 71 |[39m[0m

      at warn (node_modules/recharts/lib/util/LogUtils.js:22:17)
      at node_modules/recharts/lib/component/ResponsiveContainer.js:144:22
      at Object.react_stack_bottom_frame (node_modules/react-dom/cjs/react-dom-client.development.js:25904:20)
      at renderWithHooks (node_modules/react-dom/cjs/react-dom-client.development.js:7662:22)
      at updateForwardRef (node_modules/react-dom/cjs/react-dom-client.development.js:9724:19)
      at beginWork (node_modules/react-dom/cjs/react-dom-client.development.js:12117:18)
      at runWithFiberInDEV (node_modules/react-dom/cjs/react-dom-client.development.js:874:13)
      at performUnitOfWork (node_modules/react-dom/cjs/react-dom-client.development.js:17641:22)
      at workLoopSync (node_modules/react-dom/cjs/react-dom-client.development.js:17469:41)
      at renderRootSync (node_modules/react-dom/cjs/react-dom-client.development.js:17450:11)
      at performWorkOnRoot (node_modules/react-dom/cjs/react-dom-client.development.js:16504:11)
      at performWorkOnRootViaSchedulerTask (node_modules/react-dom/cjs/react-dom-client.development.js:18957:7)
      at flushActQueue (node_modules/react/cjs/react.development.js:590:34)
      at process.env.NODE_ENV.exports.act (node_modules/react/cjs/react.development.js:884:10)
      at node_modules/@testing-library/react/dist/act-compat.js:46:25
      at renderRoot (node_modules/@testing-library/react/dist/pure.js:189:26)
      at render (node_modules/@testing-library/react/dist/pure.js:291:10)
      at setup (src/__tests__/pages/Statistiquesadherent.test.jsx:68:23)
      at Object.setup (src/__tests__/pages/Statistiquesadherent.test.jsx:550:5)

  console.warn
    The width(-1) and height(-1) of chart should be greater than 0,
           please check the style of container, or the props width(100%) and height(100%),
           or add a minWidth(0) or minHeight(undefined) or use aspect(undefined) to control the
           height and width.

      at warn (node_modules/recharts/lib/util/LogUtils.js:22:17)
      at node_modules/recharts/lib/component/ResponsiveContainer.js:144:22
      at Object.react_stack_bottom_frame (node_modules/react-dom/cjs/react-dom-client.development.js:25904:20)
      at renderWithHooks (node_modules/react-dom/cjs/react-dom-client.development.js:7662:22)
      at updateForwardRef (node_modules/react-dom/cjs/react-dom-client.development.js:9724:19)
      at beginWork (node_modules/react-dom/cjs/react-dom-client.development.js:12117:18)
      at runWithFiberInDEV (node_modules/react-dom/cjs/react-dom-client.development.js:874:13)
      at performUnitOfWork (node_modules/react-dom/cjs/react-dom-client.development.js:17641:22)
      at workLoopSync (node_modules/react-dom/cjs/react-dom-client.development.js:17469:41)
      at renderRootSync (node_modules/react-dom/cjs/react-dom-client.development.js:17450:11)
      at performWorkOnRoot (node_modules/react-dom/cjs/react-dom-client.development.js:16504:11)
      at performWorkOnRootViaSchedulerTask (node_modules/react-dom/cjs/react-dom-client.development.js:18957:7)
      at flushActQueue (node_modules/react/cjs/react.development.js:590:34)
      at node_modules/react/cjs/react.development.js:847:21

  console.warn
    The width(-1) and height(-1) of chart should be greater than 0,
           please check the style of container, or the props width(100%) and height(100%),
           or add a minWidth(0) or minHeight(undefined) or use aspect(undefined) to control the
           height and width.

      at warn (node_modules/recharts/lib/util/LogUtils.js:22:17)
      at node_modules/recharts/lib/component/ResponsiveContainer.js:144:22
      at Object.react_stack_bottom_frame (node_modules/react-dom/cjs/react-dom-client.development.js:25904:20)
      at renderWithHooks (node_modules/react-dom/cjs/react-dom-client.development.js:7662:22)
      at updateForwardRef (node_modules/react-dom/cjs/react-dom-client.development.js:9724:19)
      at beginWork (node_modules/react-dom/cjs/react-dom-client.development.js:12117:18)
      at runWithFiberInDEV (node_modules/react-dom/cjs/react-dom-client.development.js:874:13)
      at performUnitOfWork (node_modules/react-dom/cjs/react-dom-client.development.js:17641:22)
      at workLoopSync (node_modules/react-dom/cjs/react-dom-client.development.js:17469:41)
      at renderRootSync (node_modules/react-dom/cjs/react-dom-client.development.js:17450:11)
      at performWorkOnRoot (node_modules/react-dom/cjs/react-dom-client.development.js:16504:11)
      at performWorkOnRootViaSchedulerTask (node_modules/react-dom/cjs/react-dom-client.development.js:18957:7)
      at flushActQueue (node_modules/react/cjs/react.development.js:590:34)
      at node_modules/react/cjs/react.development.js:847:21

  console.warn
    The width(-1) and height(-1) of chart should be greater than 0,
           please check the style of container, or the props width(100%) and height(100%),
           or add a minWidth(0) or minHeight(undefined) or use aspect(undefined) to control the
           height and width.

      at warn (node_modules/recharts/lib/util/LogUtils.js:22:17)
      at node_modules/recharts/lib/component/ResponsiveContainer.js:144:22
      at Object.react_stack_bottom_frame (node_modules/react-dom/cjs/react-dom-client.development.js:25904:20)
      at renderWithHooks (node_modules/react-dom/cjs/react-dom-client.development.js:7662:22)
      at updateForwardRef (node_modules/react-dom/cjs/react-dom-client.development.js:9724:19)
      at beginWork (node_modules/react-dom/cjs/react-dom-client.development.js:12117:18)
      at runWithFiberInDEV (node_modules/react-dom/cjs/react-dom-client.development.js:874:13)
      at performUnitOfWork (node_modules/react-dom/cjs/react-dom-client.development.js:17641:22)
      at workLoopSync (node_modules/react-dom/cjs/react-dom-client.development.js:17469:41)
      at renderRootSync (node_modules/react-dom/cjs/react-dom-client.development.js:17450:11)
      at performWorkOnRoot (node_modules/react-dom/cjs/react-dom-client.development.js:16504:11)
      at performWorkOnRootViaSchedulerTask (node_modules/react-dom/cjs/react-dom-client.development.js:18957:7)
      at flushActQueue (node_modules/react/cjs/react.development.js:590:34)
      at recursivelyFlushAsyncActWork (node_modules/react/cjs/react.development.js:566:13)
      at Immediate._onImmediate (node_modules/react/cjs/react.development.js:849:32)

  console.warn
    The width(-1) and height(-1) of chart should be greater than 0,
           please check the style of container, or the props width(100%) and height(100%),
           or add a minWidth(0) or minHeight(undefined) or use aspect(undefined) to control the
           height and width.

      at warn (node_modules/recharts/lib/util/LogUtils.js:22:17)
      at node_modules/recharts/lib/component/ResponsiveContainer.js:144:22
      at Object.react_stack_bottom_frame (node_modules/react-dom/cjs/react-dom-client.development.js:25904:20)
      at renderWithHooks (node_modules/react-dom/cjs/react-dom-client.development.js:7662:22)
      at updateForwardRef (node_modules/react-dom/cjs/react-dom-client.development.js:9724:19)
      at beginWork (node_modules/react-dom/cjs/react-dom-client.development.js:12117:18)
      at runWithFiberInDEV (node_modules/react-dom/cjs/react-dom-client.development.js:874:13)
      at performUnitOfWork (node_modules/react-dom/cjs/react-dom-client.development.js:17641:22)
      at workLoopSync (node_modules/react-dom/cjs/react-dom-client.development.js:17469:41)
      at renderRootSync (node_modules/react-dom/cjs/react-dom-client.development.js:17450:11)
      at performWorkOnRoot (node_modules/react-dom/cjs/react-dom-client.development.js:16504:11)
      at performWorkOnRootViaSchedulerTask (node_modules/react-dom/cjs/react-dom-client.development.js:18957:7)
      at flushActQueue (node_modules/react/cjs/react.development.js:590:34)
      at recursivelyFlushAsyncActWork (node_modules/react/cjs/react.development.js:566:13)
      at Immediate._onImmediate (node_modules/react/cjs/react.development.js:849:32)

  console.warn
    The width(-1) and height(-1) of chart should be greater than 0,
           please check the style of container, or the props width(100%) and height(100%),
           or add a minWidth(0) or minHeight(undefined) or use aspect(undefined) to control the
           height and width.

    [0m [90m 563 |[39m     window[33m.[39mapi [33m=[39m buildApi({ getStatsPageAdherent[33m:[39m jest[33m.[39mfn()[33m.[39mmockReturnValue(pending) })[33m;[39m
     [90m 564 |[39m     jest[33m.[39museFakeTimers()[33m.[39msetSystemTime([33mNOW[39m)[33m;[39m
    [31m[1m>[22m[39m[90m 565 |[39m     render([33m<[39m[33mStatistiquesAdherent[39m onPageChange[33m=[39m{jest[33m.[39mfn()} [33m/[39m[33m>[39m)[33m;[39m
     [90m     |[39m           [31m[1m^[22m[39m
     [90m 566 |[39m
     [90m 567 |[39m     [90m// loading = true → "…"[39m
     [90m 568 |[39m     expect(screen[33m.[39mgetAllByText([32m"…"[39m)[33m.[39mlength)[33m.[39mtoBeGreaterThan([35m0[39m)[33m;[39m[0m

      at warn (node_modules/recharts/lib/util/LogUtils.js:22:17)
      at node_modules/recharts/lib/component/ResponsiveContainer.js:144:22
      at Object.react_stack_bottom_frame (node_modules/react-dom/cjs/react-dom-client.development.js:25904:20)
      at renderWithHooks (node_modules/react-dom/cjs/react-dom-client.development.js:7662:22)
      at updateForwardRef (node_modules/react-dom/cjs/react-dom-client.development.js:9724:19)
      at beginWork (node_modules/react-dom/cjs/react-dom-client.development.js:12117:18)
      at runWithFiberInDEV (node_modules/react-dom/cjs/react-dom-client.development.js:874:13)
      at performUnitOfWork (node_modules/react-dom/cjs/react-dom-client.development.js:17641:22)
      at workLoopSync (node_modules/react-dom/cjs/react-dom-client.development.js:17469:41)
      at renderRootSync (node_modules/react-dom/cjs/react-dom-client.development.js:17450:11)
      at performWorkOnRoot (node_modules/react-dom/cjs/react-dom-client.development.js:16504:11)
      at performWorkOnRootViaSchedulerTask (node_modules/react-dom/cjs/react-dom-client.development.js:18957:7)
      at flushActQueue (node_modules/react/cjs/react.development.js:590:34)
      at process.env.NODE_ENV.exports.act (node_modules/react/cjs/react.development.js:884:10)
      at node_modules/@testing-library/react/dist/act-compat.js:46:25
      at renderRoot (node_modules/@testing-library/react/dist/pure.js:189:26)
      at render (node_modules/@testing-library/react/dist/pure.js:291:10)
      at Object.<anonymous> (src/__tests__/pages/Statistiquesadherent.test.jsx:565:11)

  console.warn
    The width(-1) and height(-1) of chart should be greater than 0,
           please check the style of container, or the props width(100%) and height(100%),
           or add a minWidth(0) or minHeight(undefined) or use aspect(undefined) to control the
           height and width.

    [0m [90m 563 |[39m     window[33m.[39mapi [33m=[39m buildApi({ getStatsPageAdherent[33m:[39m jest[33m.[39mfn()[33m.[39mmockReturnValue(pending) })[33m;[39m
     [90m 564 |[39m     jest[33m.[39museFakeTimers()[33m.[39msetSystemTime([33mNOW[39m)[33m;[39m
    [31m[1m>[22m[39m[90m 565 |[39m     render([33m<[39m[33mStatistiquesAdherent[39m onPageChange[33m=[39m{jest[33m.[39mfn()} [33m/[39m[33m>[39m)[33m;[39m
     [90m     |[39m           [31m[1m^[22m[39m
     [90m 566 |[39m
     [90m 567 |[39m     [90m// loading = true → "…"[39m
     [90m 568 |[39m     expect(screen[33m.[39mgetAllByText([32m"…"[39m)[33m.[39mlength)[33m.[39mtoBeGreaterThan([35m0[39m)[33m;[39m[0m

      at warn (node_modules/recharts/lib/util/LogUtils.js:22:17)
      at node_modules/recharts/lib/component/ResponsiveContainer.js:144:22
      at Object.react_stack_bottom_frame (node_modules/react-dom/cjs/react-dom-client.development.js:25904:20)
      at renderWithHooks (node_modules/react-dom/cjs/react-dom-client.development.js:7662:22)
      at updateForwardRef (node_modules/react-dom/cjs/react-dom-client.development.js:9724:19)
      at beginWork (node_modules/react-dom/cjs/react-dom-client.development.js:12117:18)
      at runWithFiberInDEV (node_modules/react-dom/cjs/react-dom-client.development.js:874:13)
      at performUnitOfWork (node_modules/react-dom/cjs/react-dom-client.development.js:17641:22)
      at workLoopSync (node_modules/react-dom/cjs/react-dom-client.development.js:17469:41)
      at renderRootSync (node_modules/react-dom/cjs/react-dom-client.development.js:17450:11)
      at performWorkOnRoot (node_modules/react-dom/cjs/react-dom-client.development.js:16504:11)
      at performWorkOnRootViaSchedulerTask (node_modules/react-dom/cjs/react-dom-client.development.js:18957:7)
      at flushActQueue (node_modules/react/cjs/react.development.js:590:34)
      at process.env.NODE_ENV.exports.act (node_modules/react/cjs/react.development.js:884:10)
      at node_modules/@testing-library/react/dist/act-compat.js:46:25
      at renderRoot (node_modules/@testing-library/react/dist/pure.js:189:26)
      at render (node_modules/@testing-library/react/dist/pure.js:291:10)
      at Object.<anonymous> (src/__tests__/pages/Statistiquesadherent.test.jsx:565:11)

  console.warn
    The width(-1) and height(-1) of chart should be greater than 0,
           please check the style of container, or the props width(100%) and height(100%),
           or add a minWidth(0) or minHeight(undefined) or use aspect(undefined) to control the
           height and width.

      at warn (node_modules/recharts/lib/util/LogUtils.js:22:17)
      at node_modules/recharts/lib/component/ResponsiveContainer.js:144:22
      at Object.react_stack_bottom_frame (node_modules/react-dom/cjs/react-dom-client.development.js:25904:20)
      at renderWithHooks (node_modules/react-dom/cjs/react-dom-client.development.js:7662:22)
      at updateForwardRef (node_modules/react-dom/cjs/react-dom-client.development.js:9724:19)
      at beginWork (node_modules/react-dom/cjs/react-dom-client.development.js:12117:18)
      at runWithFiberInDEV (node_modules/react-dom/cjs/react-dom-client.development.js:874:13)
      at performUnitOfWork (node_modules/react-dom/cjs/react-dom-client.development.js:17641:22)
      at workLoopSync (node_modules/react-dom/cjs/react-dom-client.development.js:17469:41)
      at renderRootSync (node_modules/react-dom/cjs/react-dom-client.development.js:17450:11)
      at performWorkOnRoot (node_modules/react-dom/cjs/react-dom-client.development.js:16504:11)
      at performWorkOnRootViaSchedulerTask (node_modules/react-dom/cjs/react-dom-client.development.js:18957:7)
      at flushActQueue (node_modules/react/cjs/react.development.js:590:34)
      at node_modules/react/cjs/react.development.js:847:21

  console.warn
    The width(-1) and height(-1) of chart should be greater than 0,
           please check the style of container, or the props width(100%) and height(100%),
           or add a minWidth(0) or minHeight(undefined) or use aspect(undefined) to control the
           height and width.

      at warn (node_modules/recharts/lib/util/LogUtils.js:22:17)
      at node_modules/recharts/lib/component/ResponsiveContainer.js:144:22
      at Object.react_stack_bottom_frame (node_modules/react-dom/cjs/react-dom-client.development.js:25904:20)
      at renderWithHooks (node_modules/react-dom/cjs/react-dom-client.development.js:7662:22)
      at updateForwardRef (node_modules/react-dom/cjs/react-dom-client.development.js:9724:19)
      at beginWork (node_modules/react-dom/cjs/react-dom-client.development.js:12117:18)
      at runWithFiberInDEV (node_modules/react-dom/cjs/react-dom-client.development.js:874:13)
      at performUnitOfWork (node_modules/react-dom/cjs/react-dom-client.development.js:17641:22)
      at workLoopSync (node_modules/react-dom/cjs/react-dom-client.development.js:17469:41)
      at renderRootSync (node_modules/react-dom/cjs/react-dom-client.development.js:17450:11)
      at performWorkOnRoot (node_modules/react-dom/cjs/react-dom-client.development.js:16504:11)
      at performWorkOnRootViaSchedulerTask (node_modules/react-dom/cjs/react-dom-client.development.js:18957:7)
      at flushActQueue (node_modules/react/cjs/react.development.js:590:34)
      at node_modules/react/cjs/react.development.js:847:21

  console.warn
    The width(-1) and height(-1) of chart should be greater than 0,
           please check the style of container, or the props width(100%) and height(100%),
           or add a minWidth(0) or minHeight(undefined) or use aspect(undefined) to control the
           height and width.

      at warn (node_modules/recharts/lib/util/LogUtils.js:22:17)
      at node_modules/recharts/lib/component/ResponsiveContainer.js:144:22
      at Object.react_stack_bottom_frame (node_modules/react-dom/cjs/react-dom-client.development.js:25904:20)
      at renderWithHooks (node_modules/react-dom/cjs/react-dom-client.development.js:7662:22)
      at updateForwardRef (node_modules/react-dom/cjs/react-dom-client.development.js:9724:19)
      at beginWork (node_modules/react-dom/cjs/react-dom-client.development.js:12117:18)
      at runWithFiberInDEV (node_modules/react-dom/cjs/react-dom-client.development.js:874:13)
      at performUnitOfWork (node_modules/react-dom/cjs/react-dom-client.development.js:17641:22)
      at workLoopSync (node_modules/react-dom/cjs/react-dom-client.development.js:17469:41)
      at renderRootSync (node_modules/react-dom/cjs/react-dom-client.development.js:17450:11)
      at performWorkOnRoot (node_modules/react-dom/cjs/react-dom-client.development.js:16504:11)
      at performWorkOnRootViaSchedulerTask (node_modules/react-dom/cjs/react-dom-client.development.js:18957:7)
      at flushActQueue (node_modules/react/cjs/react.development.js:590:34)
      at recursivelyFlushAsyncActWork (node_modules/react/cjs/react.development.js:566:13)
      at Immediate._onImmediate (node_modules/react/cjs/react.development.js:849:32)

  console.warn
    The width(-1) and height(-1) of chart should be greater than 0,
           please check the style of container, or the props width(100%) and height(100%),
           or add a minWidth(0) or minHeight(undefined) or use aspect(undefined) to control the
           height and width.

      at warn (node_modules/recharts/lib/util/LogUtils.js:22:17)
      at node_modules/recharts/lib/component/ResponsiveContainer.js:144:22
      at Object.react_stack_bottom_frame (node_modules/react-dom/cjs/react-dom-client.development.js:25904:20)
      at renderWithHooks (node_modules/react-dom/cjs/react-dom-client.development.js:7662:22)
      at updateForwardRef (node_modules/react-dom/cjs/react-dom-client.development.js:9724:19)
      at beginWork (node_modules/react-dom/cjs/react-dom-client.development.js:12117:18)
      at runWithFiberInDEV (node_modules/react-dom/cjs/react-dom-client.development.js:874:13)
      at performUnitOfWork (node_modules/react-dom/cjs/react-dom-client.development.js:17641:22)
      at workLoopSync (node_modules/react-dom/cjs/react-dom-client.development.js:17469:41)
      at renderRootSync (node_modules/react-dom/cjs/react-dom-client.development.js:17450:11)
      at performWorkOnRoot (node_modules/react-dom/cjs/react-dom-client.development.js:16504:11)
      at performWorkOnRootViaSchedulerTask (node_modules/react-dom/cjs/react-dom-client.development.js:18957:7)
      at flushActQueue (node_modules/react/cjs/react.development.js:590:34)
      at recursivelyFlushAsyncActWork (node_modules/react/cjs/react.development.js:566:13)
      at Immediate._onImmediate (node_modules/react/cjs/react.development.js:849:32)

  console.warn
    The width(-1) and height(-1) of chart should be greater than 0,
           please check the style of container, or the props width(100%) and height(100%),
           or add a minWidth(0) or minHeight(undefined) or use aspect(undefined) to control the
           height and width.

    [0m [90m 578 |[39m     window[33m.[39mapi [33m=[39m api[33m;[39m
     [90m 579 |[39m     jest[33m.[39museFakeTimers()[33m.[39msetSystemTime([33mNOW[39m)[33m;[39m
    [31m[1m>[22m[39m[90m 580 |[39m     render([33m<[39m[33mStatistiquesAdherent[39m onPageChange[33m=[39m{jest[33m.[39mfn()} [33m/[39m[33m>[39m)[33m;[39m
     [90m     |[39m           [31m[1m^[22m[39m
     [90m 581 |[39m     [36mawait[39m waitFor(() [33m=>[39m expect(screen[33m.[39mqueryByText([32m"…"[39m))[33m.[39mnot[33m.[39mtoBeInTheDocument())[33m;[39m
     [90m 582 |[39m     expect(api[33m.[39mgetStatsPageAdherent)[33m.[39mtoHaveBeenCalledTimes([35m1[39m)[33m;[39m
     [90m 583 |[39m     expect(api[33m.[39mgetFrequentationSemaine)[33m.[39mtoHaveBeenCalledTimes([35m1[39m)[33m;[39m[0m

      at warn (node_modules/recharts/lib/util/LogUtils.js:22:17)
      at node_modules/recharts/lib/component/ResponsiveContainer.js:144:22
      at Object.react_stack_bottom_frame (node_modules/react-dom/cjs/react-dom-client.development.js:25904:20)
      at renderWithHooks (node_modules/react-dom/cjs/react-dom-client.development.js:7662:22)
      at updateForwardRef (node_modules/react-dom/cjs/react-dom-client.development.js:9724:19)
      at beginWork (node_modules/react-dom/cjs/react-dom-client.development.js:12117:18)
      at runWithFiberInDEV (node_modules/react-dom/cjs/react-dom-client.development.js:874:13)
      at performUnitOfWork (node_modules/react-dom/cjs/react-dom-client.development.js:17641:22)
      at workLoopSync (node_modules/react-dom/cjs/react-dom-client.development.js:17469:41)
      at renderRootSync (node_modules/react-dom/cjs/react-dom-client.development.js:17450:11)
      at performWorkOnRoot (node_modules/react-dom/cjs/react-dom-client.development.js:16504:11)
      at performWorkOnRootViaSchedulerTask (node_modules/react-dom/cjs/react-dom-client.development.js:18957:7)
      at flushActQueue (node_modules/react/cjs/react.development.js:590:34)
      at process.env.NODE_ENV.exports.act (node_modules/react/cjs/react.development.js:884:10)
      at node_modules/@testing-library/react/dist/act-compat.js:46:25
      at renderRoot (node_modules/@testing-library/react/dist/pure.js:189:26)
      at render (node_modules/@testing-library/react/dist/pure.js:291:10)
      at Object.<anonymous> (src/__tests__/pages/Statistiquesadherent.test.jsx:580:11)

  console.warn
    The width(-1) and height(-1) of chart should be greater than 0,
           please check the style of container, or the props width(100%) and height(100%),
           or add a minWidth(0) or minHeight(undefined) or use aspect(undefined) to control the
           height and width.

    [0m [90m 578 |[39m     window[33m.[39mapi [33m=[39m api[33m;[39m
     [90m 579 |[39m     jest[33m.[39museFakeTimers()[33m.[39msetSystemTime([33mNOW[39m)[33m;[39m
    [31m[1m>[22m[39m[90m 580 |[39m     render([33m<[39m[33mStatistiquesAdherent[39m onPageChange[33m=[39m{jest[33m.[39mfn()} [33m/[39m[33m>[39m)[33m;[39m
     [90m     |[39m           [31m[1m^[22m[39m
     [90m 581 |[39m     [36mawait[39m waitFor(() [33m=>[39m expect(screen[33m.[39mqueryByText([32m"…"[39m))[33m.[39mnot[33m.[39mtoBeInTheDocument())[33m;[39m
     [90m 582 |[39m     expect(api[33m.[39mgetStatsPageAdherent)[33m.[39mtoHaveBeenCalledTimes([35m1[39m)[33m;[39m
     [90m 583 |[39m     expect(api[33m.[39mgetFrequentationSemaine)[33m.[39mtoHaveBeenCalledTimes([35m1[39m)[33m;[39m[0m

      at warn (node_modules/recharts/lib/util/LogUtils.js:22:17)
      at node_modules/recharts/lib/component/ResponsiveContainer.js:144:22
      at Object.react_stack_bottom_frame (node_modules/react-dom/cjs/react-dom-client.development.js:25904:20)
      at renderWithHooks (node_modules/react-dom/cjs/react-dom-client.development.js:7662:22)
      at updateForwardRef (node_modules/react-dom/cjs/react-dom-client.development.js:9724:19)
      at beginWork (node_modules/react-dom/cjs/react-dom-client.development.js:12117:18)
      at runWithFiberInDEV (node_modules/react-dom/cjs/react-dom-client.development.js:874:13)
      at performUnitOfWork (node_modules/react-dom/cjs/react-dom-client.development.js:17641:22)
      at workLoopSync (node_modules/react-dom/cjs/react-dom-client.development.js:17469:41)
      at renderRootSync (node_modules/react-dom/cjs/react-dom-client.development.js:17450:11)
      at performWorkOnRoot (node_modules/react-dom/cjs/react-dom-client.development.js:16504:11)
      at performWorkOnRootViaSchedulerTask (node_modules/react-dom/cjs/react-dom-client.development.js:18957:7)
      at flushActQueue (node_modules/react/cjs/react.development.js:590:34)
      at process.env.NODE_ENV.exports.act (node_modules/react/cjs/react.development.js:884:10)
      at node_modules/@testing-library/react/dist/act-compat.js:46:25
      at renderRoot (node_modules/@testing-library/react/dist/pure.js:189:26)
      at render (node_modules/@testing-library/react/dist/pure.js:291:10)
      at Object.<anonymous> (src/__tests__/pages/Statistiquesadherent.test.jsx:580:11)

  console.warn
    The width(-1) and height(-1) of chart should be greater than 0,
           please check the style of container, or the props width(100%) and height(100%),
           or add a minWidth(0) or minHeight(undefined) or use aspect(undefined) to control the
           height and width.

      at warn (node_modules/recharts/lib/util/LogUtils.js:22:17)
      at node_modules/recharts/lib/component/ResponsiveContainer.js:144:22
      at Object.react_stack_bottom_frame (node_modules/react-dom/cjs/react-dom-client.development.js:25904:20)
      at renderWithHooks (node_modules/react-dom/cjs/react-dom-client.development.js:7662:22)
      at updateForwardRef (node_modules/react-dom/cjs/react-dom-client.development.js:9724:19)
      at beginWork (node_modules/react-dom/cjs/react-dom-client.development.js:12117:18)
      at runWithFiberInDEV (node_modules/react-dom/cjs/react-dom-client.development.js:874:13)
      at performUnitOfWork (node_modules/react-dom/cjs/react-dom-client.development.js:17641:22)
      at workLoopSync (node_modules/react-dom/cjs/react-dom-client.development.js:17469:41)
      at renderRootSync (node_modules/react-dom/cjs/react-dom-client.development.js:17450:11)
      at performWorkOnRoot (node_modules/react-dom/cjs/react-dom-client.development.js:16504:11)
      at performWorkOnRootViaSchedulerTask (node_modules/react-dom/cjs/react-dom-client.development.js:18957:7)
      at flushActQueue (node_modules/react/cjs/react.development.js:590:34)
      at node_modules/react/cjs/react.development.js:847:21

  console.warn
    The width(-1) and height(-1) of chart should be greater than 0,
           please check the style of container, or the props width(100%) and height(100%),
           or add a minWidth(0) or minHeight(undefined) or use aspect(undefined) to control the
           height and width.

      at warn (node_modules/recharts/lib/util/LogUtils.js:22:17)
      at node_modules/recharts/lib/component/ResponsiveContainer.js:144:22
      at Object.react_stack_bottom_frame (node_modules/react-dom/cjs/react-dom-client.development.js:25904:20)
      at renderWithHooks (node_modules/react-dom/cjs/react-dom-client.development.js:7662:22)
      at updateForwardRef (node_modules/react-dom/cjs/react-dom-client.development.js:9724:19)
      at beginWork (node_modules/react-dom/cjs/react-dom-client.development.js:12117:18)
      at runWithFiberInDEV (node_modules/react-dom/cjs/react-dom-client.development.js:874:13)
      at performUnitOfWork (node_modules/react-dom/cjs/react-dom-client.development.js:17641:22)
      at workLoopSync (node_modules/react-dom/cjs/react-dom-client.development.js:17469:41)
      at renderRootSync (node_modules/react-dom/cjs/react-dom-client.development.js:17450:11)
      at performWorkOnRoot (node_modules/react-dom/cjs/react-dom-client.development.js:16504:11)
      at performWorkOnRootViaSchedulerTask (node_modules/react-dom/cjs/react-dom-client.development.js:18957:7)
      at flushActQueue (node_modules/react/cjs/react.development.js:590:34)
      at node_modules/react/cjs/react.development.js:847:21

  console.warn
    The width(-1) and height(-1) of chart should be greater than 0,
           please check the style of container, or the props width(100%) and height(100%),
           or add a minWidth(0) or minHeight(undefined) or use aspect(undefined) to control the
           height and width.

      at warn (node_modules/recharts/lib/util/LogUtils.js:22:17)
      at node_modules/recharts/lib/component/ResponsiveContainer.js:144:22
      at Object.react_stack_bottom_frame (node_modules/react-dom/cjs/react-dom-client.development.js:25904:20)
      at renderWithHooks (node_modules/react-dom/cjs/react-dom-client.development.js:7662:22)
      at updateForwardRef (node_modules/react-dom/cjs/react-dom-client.development.js:9724:19)
      at beginWork (node_modules/react-dom/cjs/react-dom-client.development.js:12117:18)
      at runWithFiberInDEV (node_modules/react-dom/cjs/react-dom-client.development.js:874:13)
      at performUnitOfWork (node_modules/react-dom/cjs/react-dom-client.development.js:17641:22)
      at workLoopSync (node_modules/react-dom/cjs/react-dom-client.development.js:17469:41)
      at renderRootSync (node_modules/react-dom/cjs/react-dom-client.development.js:17450:11)
      at performWorkOnRoot (node_modules/react-dom/cjs/react-dom-client.development.js:16504:11)
      at performWorkOnRootViaSchedulerTask (node_modules/react-dom/cjs/react-dom-client.development.js:18957:7)
      at flushActQueue (node_modules/react/cjs/react.development.js:590:34)
      at recursivelyFlushAsyncActWork (node_modules/react/cjs/react.development.js:566:13)
      at Immediate._onImmediate (node_modules/react/cjs/react.development.js:849:32)

  console.warn
    The width(-1) and height(-1) of chart should be greater than 0,
           please check the style of container, or the props width(100%) and height(100%),
           or add a minWidth(0) or minHeight(undefined) or use aspect(undefined) to control the
           height and width.

      at warn (node_modules/recharts/lib/util/LogUtils.js:22:17)
      at node_modules/recharts/lib/component/ResponsiveContainer.js:144:22
      at Object.react_stack_bottom_frame (node_modules/react-dom/cjs/react-dom-client.development.js:25904:20)
      at renderWithHooks (node_modules/react-dom/cjs/react-dom-client.development.js:7662:22)
      at updateForwardRef (node_modules/react-dom/cjs/react-dom-client.development.js:9724:19)
      at beginWork (node_modules/react-dom/cjs/react-dom-client.development.js:12117:18)
      at runWithFiberInDEV (node_modules/react-dom/cjs/react-dom-client.development.js:874:13)
      at performUnitOfWork (node_modules/react-dom/cjs/react-dom-client.development.js:17641:22)
      at workLoopSync (node_modules/react-dom/cjs/react-dom-client.development.js:17469:41)
      at renderRootSync (node_modules/react-dom/cjs/react-dom-client.development.js:17450:11)
      at performWorkOnRoot (node_modules/react-dom/cjs/react-dom-client.development.js:16504:11)
      at performWorkOnRootViaSchedulerTask (node_modules/react-dom/cjs/react-dom-client.development.js:18957:7)
      at flushActQueue (node_modules/react/cjs/react.development.js:590:34)
      at recursivelyFlushAsyncActWork (node_modules/react/cjs/react.development.js:566:13)
      at Immediate._onImmediate (node_modules/react/cjs/react.development.js:849:32)

  console.warn
    The width(-1) and height(-1) of chart should be greater than 0,
           please check the style of container, or the props width(100%) and height(100%),
           or add a minWidth(0) or minHeight(undefined) or use aspect(undefined) to control the
           height and width.

    [0m [90m 66 |[39m   jest[33m.[39museFakeTimers()[33m.[39msetSystemTime([33mNOW[39m)[33m;[39m
     [90m 67 |[39m   window[33m.[39mapi [33m=[39m buildApi(apiOverrides)[33m;[39m
    [31m[1m>[22m[39m[90m 68 |[39m   [36mconst[39m utils [33m=[39m render([33m<[39m[33mStatistiquesAdherent[39m onPageChange[33m=[39m{onPageChange} [33m/[39m[33m>[39m)[33m;[39m
     [90m    |[39m                       [31m[1m^[22m[39m
     [90m 69 |[39m   [36mreturn[39m utils[33m;[39m
     [90m 70 |[39m }[33m;[39m
     [90m 71 |[39m[0m

      at warn (node_modules/recharts/lib/util/LogUtils.js:22:17)
      at node_modules/recharts/lib/component/ResponsiveContainer.js:144:22
      at Object.react_stack_bottom_frame (node_modules/react-dom/cjs/react-dom-client.development.js:25904:20)
      at renderWithHooks (node_modules/react-dom/cjs/react-dom-client.development.js:7662:22)
      at updateForwardRef (node_modules/react-dom/cjs/react-dom-client.development.js:9724:19)
      at beginWork (node_modules/react-dom/cjs/react-dom-client.development.js:12117:18)
      at runWithFiberInDEV (node_modules/react-dom/cjs/react-dom-client.development.js:874:13)
      at performUnitOfWork (node_modules/react-dom/cjs/react-dom-client.development.js:17641:22)
      at workLoopSync (node_modules/react-dom/cjs/react-dom-client.development.js:17469:41)
      at renderRootSync (node_modules/react-dom/cjs/react-dom-client.development.js:17450:11)
      at performWorkOnRoot (node_modules/react-dom/cjs/react-dom-client.development.js:16504:11)
      at performWorkOnRootViaSchedulerTask (node_modules/react-dom/cjs/react-dom-client.development.js:18957:7)
      at flushActQueue (node_modules/react/cjs/react.development.js:590:34)
      at process.env.NODE_ENV.exports.act (node_modules/react/cjs/react.development.js:884:10)
      at node_modules/@testing-library/react/dist/act-compat.js:46:25
      at renderRoot (node_modules/@testing-library/react/dist/pure.js:189:26)
      at render (node_modules/@testing-library/react/dist/pure.js:291:10)
      at setup (src/__tests__/pages/Statistiquesadherent.test.jsx:68:23)
      at Object.setup (src/__tests__/pages/Statistiquesadherent.test.jsx:596:5)

  console.warn
    The width(-1) and height(-1) of chart should be greater than 0,
           please check the style of container, or the props width(100%) and height(100%),
           or add a minWidth(0) or minHeight(undefined) or use aspect(undefined) to control the
           height and width.

    [0m [90m 66 |[39m   jest[33m.[39museFakeTimers()[33m.[39msetSystemTime([33mNOW[39m)[33m;[39m
     [90m 67 |[39m   window[33m.[39mapi [33m=[39m buildApi(apiOverrides)[33m;[39m
    [31m[1m>[22m[39m[90m 68 |[39m   [36mconst[39m utils [33m=[39m render([33m<[39m[33mStatistiquesAdherent[39m onPageChange[33m=[39m{onPageChange} [33m/[39m[33m>[39m)[33m;[39m
     [90m    |[39m                       [31m[1m^[22m[39m
     [90m 69 |[39m   [36mreturn[39m utils[33m;[39m
     [90m 70 |[39m }[33m;[39m
     [90m 71 |[39m[0m

      at warn (node_modules/recharts/lib/util/LogUtils.js:22:17)
      at node_modules/recharts/lib/component/ResponsiveContainer.js:144:22
      at Object.react_stack_bottom_frame (node_modules/react-dom/cjs/react-dom-client.development.js:25904:20)
      at renderWithHooks (node_modules/react-dom/cjs/react-dom-client.development.js:7662:22)
      at updateForwardRef (node_modules/react-dom/cjs/react-dom-client.development.js:9724:19)
      at beginWork (node_modules/react-dom/cjs/react-dom-client.development.js:12117:18)
      at runWithFiberInDEV (node_modules/react-dom/cjs/react-dom-client.development.js:874:13)
      at performUnitOfWork (node_modules/react-dom/cjs/react-dom-client.development.js:17641:22)
      at workLoopSync (node_modules/react-dom/cjs/react-dom-client.development.js:17469:41)
      at renderRootSync (node_modules/react-dom/cjs/react-dom-client.development.js:17450:11)
      at performWorkOnRoot (node_modules/react-dom/cjs/react-dom-client.development.js:16504:11)
      at performWorkOnRootViaSchedulerTask (node_modules/react-dom/cjs/react-dom-client.development.js:18957:7)
      at flushActQueue (node_modules/react/cjs/react.development.js:590:34)
      at process.env.NODE_ENV.exports.act (node_modules/react/cjs/react.development.js:884:10)
      at node_modules/@testing-library/react/dist/act-compat.js:46:25
      at renderRoot (node_modules/@testing-library/react/dist/pure.js:189:26)
      at render (node_modules/@testing-library/react/dist/pure.js:291:10)
      at setup (src/__tests__/pages/Statistiquesadherent.test.jsx:68:23)
      at Object.setup (src/__tests__/pages/Statistiquesadherent.test.jsx:596:5)

  console.warn
    The width(-1) and height(-1) of chart should be greater than 0,
           please check the style of container, or the props width(100%) and height(100%),
           or add a minWidth(0) or minHeight(undefined) or use aspect(undefined) to control the
           height and width.

      at warn (node_modules/recharts/lib/util/LogUtils.js:22:17)
      at node_modules/recharts/lib/component/ResponsiveContainer.js:144:22
      at Object.react_stack_bottom_frame (node_modules/react-dom/cjs/react-dom-client.development.js:25904:20)
      at renderWithHooks (node_modules/react-dom/cjs/react-dom-client.development.js:7662:22)
      at updateForwardRef (node_modules/react-dom/cjs/react-dom-client.development.js:9724:19)
      at beginWork (node_modules/react-dom/cjs/react-dom-client.development.js:12117:18)
      at runWithFiberInDEV (node_modules/react-dom/cjs/react-dom-client.development.js:874:13)
      at performUnitOfWork (node_modules/react-dom/cjs/react-dom-client.development.js:17641:22)
      at workLoopSync (node_modules/react-dom/cjs/react-dom-client.development.js:17469:41)
      at renderRootSync (node_modules/react-dom/cjs/react-dom-client.development.js:17450:11)
      at performWorkOnRoot (node_modules/react-dom/cjs/react-dom-client.development.js:16504:11)
      at performWorkOnRootViaSchedulerTask (node_modules/react-dom/cjs/react-dom-client.development.js:18957:7)
      at flushActQueue (node_modules/react/cjs/react.development.js:590:34)
      at node_modules/react/cjs/react.development.js:847:21

  console.warn
    The width(-1) and height(-1) of chart should be greater than 0,
           please check the style of container, or the props width(100%) and height(100%),
           or add a minWidth(0) or minHeight(undefined) or use aspect(undefined) to control the
           height and width.

      at warn (node_modules/recharts/lib/util/LogUtils.js:22:17)
      at node_modules/recharts/lib/component/ResponsiveContainer.js:144:22
      at Object.react_stack_bottom_frame (node_modules/react-dom/cjs/react-dom-client.development.js:25904:20)
      at renderWithHooks (node_modules/react-dom/cjs/react-dom-client.development.js:7662:22)
      at updateForwardRef (node_modules/react-dom/cjs/react-dom-client.development.js:9724:19)
      at beginWork (node_modules/react-dom/cjs/react-dom-client.development.js:12117:18)
      at runWithFiberInDEV (node_modules/react-dom/cjs/react-dom-client.development.js:874:13)
      at performUnitOfWork (node_modules/react-dom/cjs/react-dom-client.development.js:17641:22)
      at workLoopSync (node_modules/react-dom/cjs/react-dom-client.development.js:17469:41)
      at renderRootSync (node_modules/react-dom/cjs/react-dom-client.development.js:17450:11)
      at performWorkOnRoot (node_modules/react-dom/cjs/react-dom-client.development.js:16504:11)
      at performWorkOnRootViaSchedulerTask (node_modules/react-dom/cjs/react-dom-client.development.js:18957:7)
      at flushActQueue (node_modules/react/cjs/react.development.js:590:34)
      at node_modules/react/cjs/react.development.js:847:21

  console.warn
    The width(-1) and height(-1) of chart should be greater than 0,
           please check the style of container, or the props width(100%) and height(100%),
           or add a minWidth(0) or minHeight(undefined) or use aspect(undefined) to control the
           height and width.

      at warn (node_modules/recharts/lib/util/LogUtils.js:22:17)
      at node_modules/recharts/lib/component/ResponsiveContainer.js:144:22
      at Object.react_stack_bottom_frame (node_modules/react-dom/cjs/react-dom-client.development.js:25904:20)
      at renderWithHooks (node_modules/react-dom/cjs/react-dom-client.development.js:7662:22)
      at updateForwardRef (node_modules/react-dom/cjs/react-dom-client.development.js:9724:19)
      at beginWork (node_modules/react-dom/cjs/react-dom-client.development.js:12117:18)
      at runWithFiberInDEV (node_modules/react-dom/cjs/react-dom-client.development.js:874:13)
      at performUnitOfWork (node_modules/react-dom/cjs/react-dom-client.development.js:17641:22)
      at workLoopSync (node_modules/react-dom/cjs/react-dom-client.development.js:17469:41)
      at renderRootSync (node_modules/react-dom/cjs/react-dom-client.development.js:17450:11)
      at performWorkOnRoot (node_modules/react-dom/cjs/react-dom-client.development.js:16504:11)
      at performWorkOnRootViaSchedulerTask (node_modules/react-dom/cjs/react-dom-client.development.js:18957:7)
      at flushActQueue (node_modules/react/cjs/react.development.js:590:34)
      at recursivelyFlushAsyncActWork (node_modules/react/cjs/react.development.js:566:13)
      at Immediate._onImmediate (node_modules/react/cjs/react.development.js:849:32)

  console.warn
    The width(-1) and height(-1) of chart should be greater than 0,
           please check the style of container, or the props width(100%) and height(100%),
           or add a minWidth(0) or minHeight(undefined) or use aspect(undefined) to control the
           height and width.

      at warn (node_modules/recharts/lib/util/LogUtils.js:22:17)
      at node_modules/recharts/lib/component/ResponsiveContainer.js:144:22
      at Object.react_stack_bottom_frame (node_modules/react-dom/cjs/react-dom-client.development.js:25904:20)
      at renderWithHooks (node_modules/react-dom/cjs/react-dom-client.development.js:7662:22)
      at updateForwardRef (node_modules/react-dom/cjs/react-dom-client.development.js:9724:19)
      at beginWork (node_modules/react-dom/cjs/react-dom-client.development.js:12117:18)
      at runWithFiberInDEV (node_modules/react-dom/cjs/react-dom-client.development.js:874:13)
      at performUnitOfWork (node_modules/react-dom/cjs/react-dom-client.development.js:17641:22)
      at workLoopSync (node_modules/react-dom/cjs/react-dom-client.development.js:17469:41)
      at renderRootSync (node_modules/react-dom/cjs/react-dom-client.development.js:17450:11)
      at performWorkOnRoot (node_modules/react-dom/cjs/react-dom-client.development.js:16504:11)
      at performWorkOnRootViaSchedulerTask (node_modules/react-dom/cjs/react-dom-client.development.js:18957:7)
      at flushActQueue (node_modules/react/cjs/react.development.js:590:34)
      at recursivelyFlushAsyncActWork (node_modules/react/cjs/react.development.js:566:13)
      at Immediate._onImmediate (node_modules/react/cjs/react.development.js:849:32)

  console.log
    Payload envoyé: { nom: 'Standard Mensuel', duree: 1, prix: 1200, features: [] }

      at log (src/renderer/components/NouvelTypeAbonnementModal.jsx:115:13)

  console.log
    Résultat add: { success: true }

      at log (src/renderer/components/NouvelTypeAbonnementModal.jsx:122:15)

  console.warn
    The width(-1) and height(-1) of chart should be greater than 0,
           please check the style of container, or the props width(100%) and height(100%),
           or add a minWidth(0) or minHeight(undefined) or use aspect(undefined) to control the
           height and width.

    [0m [90m 66 |[39m   jest[33m.[39museFakeTimers()[33m.[39msetSystemTime([33mNOW[39m)[33m;[39m
     [90m 67 |[39m   window[33m.[39mapi [33m=[39m buildApi(apiOverrides)[33m;[39m
    [31m[1m>[22m[39m[90m 68 |[39m   [36mconst[39m utils [33m=[39m render([33m<[39m[33mStatistiquesAdherent[39m onPageChange[33m=[39m{onPageChange} [33m/[39m[33m>[39m)[33m;[39m
     [90m    |[39m                       [31m[1m^[22m[39m
     [90m 69 |[39m   [36mreturn[39m utils[33m;[39m
     [90m 70 |[39m }[33m;[39m
     [90m 71 |[39m[0m

      at warn (node_modules/recharts/lib/util/LogUtils.js:22:17)
      at node_modules/recharts/lib/component/ResponsiveContainer.js:144:22
      at Object.react_stack_bottom_frame (node_modules/react-dom/cjs/react-dom-client.development.js:25904:20)
      at renderWithHooks (node_modules/react-dom/cjs/react-dom-client.development.js:7662:22)
      at updateForwardRef (node_modules/react-dom/cjs/react-dom-client.development.js:9724:19)
      at beginWork (node_modules/react-dom/cjs/react-dom-client.development.js:12117:18)
      at runWithFiberInDEV (node_modules/react-dom/cjs/react-dom-client.development.js:874:13)
      at performUnitOfWork (node_modules/react-dom/cjs/react-dom-client.development.js:17641:22)
      at workLoopSync (node_modules/react-dom/cjs/react-dom-client.development.js:17469:41)
      at renderRootSync (node_modules/react-dom/cjs/react-dom-client.development.js:17450:11)
      at performWorkOnRoot (node_modules/react-dom/cjs/react-dom-client.development.js:16504:11)
      at performWorkOnRootViaSchedulerTask (node_modules/react-dom/cjs/react-dom-client.development.js:18957:7)
      at flushActQueue (node_modules/react/cjs/react.development.js:590:34)
      at process.env.NODE_ENV.exports.act (node_modules/react/cjs/react.development.js:884:10)
      at node_modules/@testing-library/react/dist/act-compat.js:46:25
      at renderRoot (node_modules/@testing-library/react/dist/pure.js:189:26)
      at render (node_modules/@testing-library/react/dist/pure.js:291:10)
      at setup (src/__tests__/pages/Statistiquesadherent.test.jsx:68:23)
      at Object.setup (src/__tests__/pages/Statistiquesadherent.test.jsx:604:5)

  console.warn
    The width(-1) and height(-1) of chart should be greater than 0,
           please check the style of container, or the props width(100%) and height(100%),
           or add a minWidth(0) or minHeight(undefined) or use aspect(undefined) to control the
           height and width.

    [0m [90m 66 |[39m   jest[33m.[39museFakeTimers()[33m.[39msetSystemTime([33mNOW[39m)[33m;[39m
     [90m 67 |[39m   window[33m.[39mapi [33m=[39m buildApi(apiOverrides)[33m;[39m
    [31m[1m>[22m[39m[90m 68 |[39m   [36mconst[39m utils [33m=[39m render([33m<[39m[33mStatistiquesAdherent[39m onPageChange[33m=[39m{onPageChange} [33m/[39m[33m>[39m)[33m;[39m
     [90m    |[39m                       [31m[1m^[22m[39m
     [90m 69 |[39m   [36mreturn[39m utils[33m;[39m
     [90m 70 |[39m }[33m;[39m
     [90m 71 |[39m[0m

      at warn (node_modules/recharts/lib/util/LogUtils.js:22:17)
      at node_modules/recharts/lib/component/ResponsiveContainer.js:144:22
      at Object.react_stack_bottom_frame (node_modules/react-dom/cjs/react-dom-client.development.js:25904:20)
      at renderWithHooks (node_modules/react-dom/cjs/react-dom-client.development.js:7662:22)
      at updateForwardRef (node_modules/react-dom/cjs/react-dom-client.development.js:9724:19)
      at beginWork (node_modules/react-dom/cjs/react-dom-client.development.js:12117:18)
      at runWithFiberInDEV (node_modules/react-dom/cjs/react-dom-client.development.js:874:13)
      at performUnitOfWork (node_modules/react-dom/cjs/react-dom-client.development.js:17641:22)
      at workLoopSync (node_modules/react-dom/cjs/react-dom-client.development.js:17469:41)
      at renderRootSync (node_modules/react-dom/cjs/react-dom-client.development.js:17450:11)
      at performWorkOnRoot (node_modules/react-dom/cjs/react-dom-client.development.js:16504:11)
      at performWorkOnRootViaSchedulerTask (node_modules/react-dom/cjs/react-dom-client.development.js:18957:7)
      at flushActQueue (node_modules/react/cjs/react.development.js:590:34)
      at process.env.NODE_ENV.exports.act (node_modules/react/cjs/react.development.js:884:10)
      at node_modules/@testing-library/react/dist/act-compat.js:46:25
      at renderRoot (node_modules/@testing-library/react/dist/pure.js:189:26)
      at render (node_modules/@testing-library/react/dist/pure.js:291:10)
      at setup (src/__tests__/pages/Statistiquesadherent.test.jsx:68:23)
      at Object.setup (src/__tests__/pages/Statistiquesadherent.test.jsx:604:5)

  console.warn
    The width(-1) and height(-1) of chart should be greater than 0,
           please check the style of container, or the props width(100%) and height(100%),
           or add a minWidth(0) or minHeight(undefined) or use aspect(undefined) to control the
           height and width.

      at warn (node_modules/recharts/lib/util/LogUtils.js:22:17)
      at node_modules/recharts/lib/component/ResponsiveContainer.js:144:22
      at Object.react_stack_bottom_frame (node_modules/react-dom/cjs/react-dom-client.development.js:25904:20)
      at renderWithHooks (node_modules/react-dom/cjs/react-dom-client.development.js:7662:22)
      at updateForwardRef (node_modules/react-dom/cjs/react-dom-client.development.js:9724:19)
      at beginWork (node_modules/react-dom/cjs/react-dom-client.development.js:12117:18)
      at runWithFiberInDEV (node_modules/react-dom/cjs/react-dom-client.development.js:874:13)
      at performUnitOfWork (node_modules/react-dom/cjs/react-dom-client.development.js:17641:22)
      at workLoopSync (node_modules/react-dom/cjs/react-dom-client.development.js:17469:41)
      at renderRootSync (node_modules/react-dom/cjs/react-dom-client.development.js:17450:11)
      at performWorkOnRoot (node_modules/react-dom/cjs/react-dom-client.development.js:16504:11)
      at performWorkOnRootViaSchedulerTask (node_modules/react-dom/cjs/react-dom-client.development.js:18957:7)
      at flushActQueue (node_modules/react/cjs/react.development.js:590:34)
      at node_modules/react/cjs/react.development.js:847:21

  console.warn
    The width(-1) and height(-1) of chart should be greater than 0,
           please check the style of container, or the props width(100%) and height(100%),
           or add a minWidth(0) or minHeight(undefined) or use aspect(undefined) to control the
           height and width.

      at warn (node_modules/recharts/lib/util/LogUtils.js:22:17)
      at node_modules/recharts/lib/component/ResponsiveContainer.js:144:22
      at Object.react_stack_bottom_frame (node_modules/react-dom/cjs/react-dom-client.development.js:25904:20)
      at renderWithHooks (node_modules/react-dom/cjs/react-dom-client.development.js:7662:22)
      at updateForwardRef (node_modules/react-dom/cjs/react-dom-client.development.js:9724:19)
      at beginWork (node_modules/react-dom/cjs/react-dom-client.development.js:12117:18)
      at runWithFiberInDEV (node_modules/react-dom/cjs/react-dom-client.development.js:874:13)
      at performUnitOfWork (node_modules/react-dom/cjs/react-dom-client.development.js:17641:22)
      at workLoopSync (node_modules/react-dom/cjs/react-dom-client.development.js:17469:41)
      at renderRootSync (node_modules/react-dom/cjs/react-dom-client.development.js:17450:11)
      at performWorkOnRoot (node_modules/react-dom/cjs/react-dom-client.development.js:16504:11)
      at performWorkOnRootViaSchedulerTask (node_modules/react-dom/cjs/react-dom-client.development.js:18957:7)
      at flushActQueue (node_modules/react/cjs/react.development.js:590:34)
      at node_modules/react/cjs/react.development.js:847:21

  console.warn
    The width(-1) and height(-1) of chart should be greater than 0,
           please check the style of container, or the props width(100%) and height(100%),
           or add a minWidth(0) or minHeight(undefined) or use aspect(undefined) to control the
           height and width.

      at warn (node_modules/recharts/lib/util/LogUtils.js:22:17)
      at node_modules/recharts/lib/component/ResponsiveContainer.js:144:22
      at Object.react_stack_bottom_frame (node_modules/react-dom/cjs/react-dom-client.development.js:25904:20)
      at renderWithHooks (node_modules/react-dom/cjs/react-dom-client.development.js:7662:22)
      at updateForwardRef (node_modules/react-dom/cjs/react-dom-client.development.js:9724:19)
      at beginWork (node_modules/react-dom/cjs/react-dom-client.development.js:12117:18)
      at runWithFiberInDEV (node_modules/react-dom/cjs/react-dom-client.development.js:874:13)
      at performUnitOfWork (node_modules/react-dom/cjs/react-dom-client.development.js:17641:22)
      at workLoopSync (node_modules/react-dom/cjs/react-dom-client.development.js:17469:41)
      at renderRootSync (node_modules/react-dom/cjs/react-dom-client.development.js:17450:11)
      at performWorkOnRoot (node_modules/react-dom/cjs/react-dom-client.development.js:16504:11)
      at performWorkOnRootViaSchedulerTask (node_modules/react-dom/cjs/react-dom-client.development.js:18957:7)
      at flushActQueue (node_modules/react/cjs/react.development.js:590:34)
      at recursivelyFlushAsyncActWork (node_modules/react/cjs/react.development.js:566:13)
      at Immediate._onImmediate (node_modules/react/cjs/react.development.js:849:32)

  console.warn
    The width(-1) and height(-1) of chart should be greater than 0,
           please check the style of container, or the props width(100%) and height(100%),
           or add a minWidth(0) or minHeight(undefined) or use aspect(undefined) to control the
           height and width.

      at warn (node_modules/recharts/lib/util/LogUtils.js:22:17)
      at node_modules/recharts/lib/component/ResponsiveContainer.js:144:22
      at Object.react_stack_bottom_frame (node_modules/react-dom/cjs/react-dom-client.development.js:25904:20)
      at renderWithHooks (node_modules/react-dom/cjs/react-dom-client.development.js:7662:22)
      at updateForwardRef (node_modules/react-dom/cjs/react-dom-client.development.js:9724:19)
      at beginWork (node_modules/react-dom/cjs/react-dom-client.development.js:12117:18)
      at runWithFiberInDEV (node_modules/react-dom/cjs/react-dom-client.development.js:874:13)
      at performUnitOfWork (node_modules/react-dom/cjs/react-dom-client.development.js:17641:22)
      at workLoopSync (node_modules/react-dom/cjs/react-dom-client.development.js:17469:41)
      at renderRootSync (node_modules/react-dom/cjs/react-dom-client.development.js:17450:11)
      at performWorkOnRoot (node_modules/react-dom/cjs/react-dom-client.development.js:16504:11)
      at performWorkOnRootViaSchedulerTask (node_modules/react-dom/cjs/react-dom-client.development.js:18957:7)
      at flushActQueue (node_modules/react/cjs/react.development.js:590:34)
      at recursivelyFlushAsyncActWork (node_modules/react/cjs/react.development.js:566:13)
      at Immediate._onImmediate (node_modules/react/cjs/react.development.js:849:32)

  console.log
    Payload envoyé: { nom: 'Standard Mensuel', duree: 1, prix: 1200, features: [] }

      at log (src/renderer/components/NouvelTypeAbonnementModal.jsx:115:13)

  console.log
    Résultat add: { success: true }

      at log (src/renderer/components/NouvelTypeAbonnementModal.jsx:122:15)

  console.warn
    The width(-1) and height(-1) of chart should be greater than 0,
           please check the style of container, or the props width(100%) and height(100%),
           or add a minWidth(0) or minHeight(undefined) or use aspect(undefined) to control the
           height and width.

    [0m [90m 66 |[39m   jest[33m.[39museFakeTimers()[33m.[39msetSystemTime([33mNOW[39m)[33m;[39m
     [90m 67 |[39m   window[33m.[39mapi [33m=[39m buildApi(apiOverrides)[33m;[39m
    [31m[1m>[22m[39m[90m 68 |[39m   [36mconst[39m utils [33m=[39m render([33m<[39m[33mStatistiquesAdherent[39m onPageChange[33m=[39m{onPageChange} [33m/[39m[33m>[39m)[33m;[39m
     [90m    |[39m                       [31m[1m^[22m[39m
     [90m 69 |[39m   [36mreturn[39m utils[33m;[39m
     [90m 70 |[39m }[33m;[39m
     [90m 71 |[39m[0m

      at warn (node_modules/recharts/lib/util/LogUtils.js:22:17)
      at node_modules/recharts/lib/component/ResponsiveContainer.js:144:22
      at Object.react_stack_bottom_frame (node_modules/react-dom/cjs/react-dom-client.development.js:25904:20)
      at renderWithHooks (node_modules/react-dom/cjs/react-dom-client.development.js:7662:22)
      at updateForwardRef (node_modules/react-dom/cjs/react-dom-client.development.js:9724:19)
      at beginWork (node_modules/react-dom/cjs/react-dom-client.development.js:12117:18)
      at runWithFiberInDEV (node_modules/react-dom/cjs/react-dom-client.development.js:874:13)
      at performUnitOfWork (node_modules/react-dom/cjs/react-dom-client.development.js:17641:22)
      at workLoopSync (node_modules/react-dom/cjs/react-dom-client.development.js:17469:41)
      at renderRootSync (node_modules/react-dom/cjs/react-dom-client.development.js:17450:11)
      at performWorkOnRoot (node_modules/react-dom/cjs/react-dom-client.development.js:16504:11)
      at performWorkOnRootViaSchedulerTask (node_modules/react-dom/cjs/react-dom-client.development.js:18957:7)
      at flushActQueue (node_modules/react/cjs/react.development.js:590:34)
      at process.env.NODE_ENV.exports.act (node_modules/react/cjs/react.development.js:884:10)
      at node_modules/@testing-library/react/dist/act-compat.js:46:25
      at renderRoot (node_modules/@testing-library/react/dist/pure.js:189:26)
      at render (node_modules/@testing-library/react/dist/pure.js:291:10)
      at setup (src/__tests__/pages/Statistiquesadherent.test.jsx:68:23)
      at Object.setup (src/__tests__/pages/Statistiquesadherent.test.jsx:611:5)

  console.warn
    The width(-1) and height(-1) of chart should be greater than 0,
           please check the style of container, or the props width(100%) and height(100%),
           or add a minWidth(0) or minHeight(undefined) or use aspect(undefined) to control the
           height and width.

    [0m [90m 66 |[39m   jest[33m.[39museFakeTimers()[33m.[39msetSystemTime([33mNOW[39m)[33m;[39m
     [90m 67 |[39m   window[33m.[39mapi [33m=[39m buildApi(apiOverrides)[33m;[39m
    [31m[1m>[22m[39m[90m 68 |[39m   [36mconst[39m utils [33m=[39m render([33m<[39m[33mStatistiquesAdherent[39m onPageChange[33m=[39m{onPageChange} [33m/[39m[33m>[39m)[33m;[39m
     [90m    |[39m                       [31m[1m^[22m[39m
     [90m 69 |[39m   [36mreturn[39m utils[33m;[39m
     [90m 70 |[39m }[33m;[39m
     [90m 71 |[39m[0m

      at warn (node_modules/recharts/lib/util/LogUtils.js:22:17)
      at node_modules/recharts/lib/component/ResponsiveContainer.js:144:22
      at Object.react_stack_bottom_frame (node_modules/react-dom/cjs/react-dom-client.development.js:25904:20)
      at renderWithHooks (node_modules/react-dom/cjs/react-dom-client.development.js:7662:22)
      at updateForwardRef (node_modules/react-dom/cjs/react-dom-client.development.js:9724:19)
      at beginWork (node_modules/react-dom/cjs/react-dom-client.development.js:12117:18)
      at runWithFiberInDEV (node_modules/react-dom/cjs/react-dom-client.development.js:874:13)
      at performUnitOfWork (node_modules/react-dom/cjs/react-dom-client.development.js:17641:22)
      at workLoopSync (node_modules/react-dom/cjs/react-dom-client.development.js:17469:41)
      at renderRootSync (node_modules/react-dom/cjs/react-dom-client.development.js:17450:11)
      at performWorkOnRoot (node_modules/react-dom/cjs/react-dom-client.development.js:16504:11)
      at performWorkOnRootViaSchedulerTask (node_modules/react-dom/cjs/react-dom-client.development.js:18957:7)
      at flushActQueue (node_modules/react/cjs/react.development.js:590:34)
      at process.env.NODE_ENV.exports.act (node_modules/react/cjs/react.development.js:884:10)
      at node_modules/@testing-library/react/dist/act-compat.js:46:25
      at renderRoot (node_modules/@testing-library/react/dist/pure.js:189:26)
      at render (node_modules/@testing-library/react/dist/pure.js:291:10)
      at setup (src/__tests__/pages/Statistiquesadherent.test.jsx:68:23)
      at Object.setup (src/__tests__/pages/Statistiquesadherent.test.jsx:611:5)

  console.warn
    The width(-1) and height(-1) of chart should be greater than 0,
           please check the style of container, or the props width(100%) and height(100%),
           or add a minWidth(0) or minHeight(undefined) or use aspect(undefined) to control the
           height and width.

      at warn (node_modules/recharts/lib/util/LogUtils.js:22:17)
      at node_modules/recharts/lib/component/ResponsiveContainer.js:144:22
      at Object.react_stack_bottom_frame (node_modules/react-dom/cjs/react-dom-client.development.js:25904:20)
      at renderWithHooks (node_modules/react-dom/cjs/react-dom-client.development.js:7662:22)
      at updateForwardRef (node_modules/react-dom/cjs/react-dom-client.development.js:9724:19)
      at beginWork (node_modules/react-dom/cjs/react-dom-client.development.js:12117:18)
      at runWithFiberInDEV (node_modules/react-dom/cjs/react-dom-client.development.js:874:13)
      at performUnitOfWork (node_modules/react-dom/cjs/react-dom-client.development.js:17641:22)
      at workLoopSync (node_modules/react-dom/cjs/react-dom-client.development.js:17469:41)
      at renderRootSync (node_modules/react-dom/cjs/react-dom-client.development.js:17450:11)
      at performWorkOnRoot (node_modules/react-dom/cjs/react-dom-client.development.js:16504:11)
      at performWorkOnRootViaSchedulerTask (node_modules/react-dom/cjs/react-dom-client.development.js:18957:7)
      at flushActQueue (node_modules/react/cjs/react.development.js:590:34)
      at node_modules/react/cjs/react.development.js:847:21

  console.warn
    The width(-1) and height(-1) of chart should be greater than 0,
           please check the style of container, or the props width(100%) and height(100%),
           or add a minWidth(0) or minHeight(undefined) or use aspect(undefined) to control the
           height and width.

      at warn (node_modules/recharts/lib/util/LogUtils.js:22:17)
      at node_modules/recharts/lib/component/ResponsiveContainer.js:144:22
      at Object.react_stack_bottom_frame (node_modules/react-dom/cjs/react-dom-client.development.js:25904:20)
      at renderWithHooks (node_modules/react-dom/cjs/react-dom-client.development.js:7662:22)
      at updateForwardRef (node_modules/react-dom/cjs/react-dom-client.development.js:9724:19)
      at beginWork (node_modules/react-dom/cjs/react-dom-client.development.js:12117:18)
      at runWithFiberInDEV (node_modules/react-dom/cjs/react-dom-client.development.js:874:13)
      at performUnitOfWork (node_modules/react-dom/cjs/react-dom-client.development.js:17641:22)
      at workLoopSync (node_modules/react-dom/cjs/react-dom-client.development.js:17469:41)
      at renderRootSync (node_modules/react-dom/cjs/react-dom-client.development.js:17450:11)
      at performWorkOnRoot (node_modules/react-dom/cjs/react-dom-client.development.js:16504:11)
      at performWorkOnRootViaSchedulerTask (node_modules/react-dom/cjs/react-dom-client.development.js:18957:7)
      at flushActQueue (node_modules/react/cjs/react.development.js:590:34)
      at node_modules/react/cjs/react.development.js:847:21

  console.warn
    The width(-1) and height(-1) of chart should be greater than 0,
           please check the style of container, or the props width(100%) and height(100%),
           or add a minWidth(0) or minHeight(undefined) or use aspect(undefined) to control the
           height and width.

      at warn (node_modules/recharts/lib/util/LogUtils.js:22:17)
      at node_modules/recharts/lib/component/ResponsiveContainer.js:144:22
      at Object.react_stack_bottom_frame (node_modules/react-dom/cjs/react-dom-client.development.js:25904:20)
      at renderWithHooks (node_modules/react-dom/cjs/react-dom-client.development.js:7662:22)
      at updateForwardRef (node_modules/react-dom/cjs/react-dom-client.development.js:9724:19)
      at beginWork (node_modules/react-dom/cjs/react-dom-client.development.js:12117:18)
      at runWithFiberInDEV (node_modules/react-dom/cjs/react-dom-client.development.js:874:13)
      at performUnitOfWork (node_modules/react-dom/cjs/react-dom-client.development.js:17641:22)
      at workLoopSync (node_modules/react-dom/cjs/react-dom-client.development.js:17469:41)
      at renderRootSync (node_modules/react-dom/cjs/react-dom-client.development.js:17450:11)
      at performWorkOnRoot (node_modules/react-dom/cjs/react-dom-client.development.js:16504:11)
      at performWorkOnRootViaSchedulerTask (node_modules/react-dom/cjs/react-dom-client.development.js:18957:7)
      at flushActQueue (node_modules/react/cjs/react.development.js:590:34)
      at recursivelyFlushAsyncActWork (node_modules/react/cjs/react.development.js:566:13)
      at Immediate._onImmediate (node_modules/react/cjs/react.development.js:849:32)

  console.warn
    The width(-1) and height(-1) of chart should be greater than 0,
           please check the style of container, or the props width(100%) and height(100%),
           or add a minWidth(0) or minHeight(undefined) or use aspect(undefined) to control the
           height and width.

      at warn (node_modules/recharts/lib/util/LogUtils.js:22:17)
      at node_modules/recharts/lib/component/ResponsiveContainer.js:144:22
      at Object.react_stack_bottom_frame (node_modules/react-dom/cjs/react-dom-client.development.js:25904:20)
      at renderWithHooks (node_modules/react-dom/cjs/react-dom-client.development.js:7662:22)
      at updateForwardRef (node_modules/react-dom/cjs/react-dom-client.development.js:9724:19)
      at beginWork (node_modules/react-dom/cjs/react-dom-client.development.js:12117:18)
      at runWithFiberInDEV (node_modules/react-dom/cjs/react-dom-client.development.js:874:13)
      at performUnitOfWork (node_modules/react-dom/cjs/react-dom-client.development.js:17641:22)
      at workLoopSync (node_modules/react-dom/cjs/react-dom-client.development.js:17469:41)
      at renderRootSync (node_modules/react-dom/cjs/react-dom-client.development.js:17450:11)
      at performWorkOnRoot (node_modules/react-dom/cjs/react-dom-client.development.js:16504:11)
      at performWorkOnRootViaSchedulerTask (node_modules/react-dom/cjs/react-dom-client.development.js:18957:7)
      at flushActQueue (node_modules/react/cjs/react.development.js:590:34)
      at recursivelyFlushAsyncActWork (node_modules/react/cjs/react.development.js:566:13)
      at Immediate._onImmediate (node_modules/react/cjs/react.development.js:849:32)

  console.log
    Payload envoyé: { nom: 'New Plan', duree: 3, prix: 2000, features: [] }

      at log (src/renderer/components/NouvelTypeAbonnementModal.jsx:115:13)

  console.log
    Résultat update: { success: true }

      at log (src/renderer/components/NouvelTypeAbonnementModal.jsx:119:15)

  console.log
    Payload envoyé: { nom: 'New Plan', duree: 3, prix: 2000, features: [] }

      at log (src/renderer/components/NouvelTypeAbonnementModal.jsx:115:13)

  console.log
    Résultat update: { success: true }

      at log (src/renderer/components/NouvelTypeAbonnementModal.jsx:119:15)

  console.error
    Erreur génération PDF: TypeError: jsPDF is not a constructor
        at exportPDF (C:\Users\hp\Desktop\Salle-De-Sport\src\renderer\pages\HistoriqueTransactions.jsx:276:19)

    [0m [90m 428 |[39m
     [90m 429 |[39m     } [36mcatch[39m (error) {
    [31m[1m>[22m[39m[90m 430 |[39m       console[33m.[39merror([32m'Erreur génération PDF:'[39m[33m,[39m error)[33m;[39m
     [90m     |[39m               [31m[1m^[22m[39m
     [90m 431 |[39m       alert([32m'Erreur lors de la génération du PDF. Vérifiez la console pour plus de détails.'[39m)[33m;[39m
     [90m 432 |[39m     } [36mfinally[39m {
     [90m 433 |[39m       setExportingPDF([36mfalse[39m)[33m;[39m[0m

      at error (src/renderer/pages/HistoriqueTransactions.jsx:430:15)

  console.error
    Error: Not implemented: window.alert
        at module.exports (C:\Users\hp\Desktop\Salle-De-Sport\node_modules\jsdom\lib\jsdom\browser\not-implemented.js:9:17)
        at C:\Users\hp\Desktop\Salle-De-Sport\node_modules\jsdom\lib\jsdom\browser\Window.js:960:7
        at alert (C:\Users\hp\Desktop\Salle-De-Sport\src\renderer\pages\HistoriqueTransactions.jsx:431:7) {
      type: 'not implemented'
    }

    [0m [90m 429 |[39m     } [36mcatch[39m (error) {
     [90m 430 |[39m       console[33m.[39merror([32m'Erreur génération PDF:'[39m[33m,[39m error)[33m;[39m
    [31m[1m>[22m[39m[90m 431 |[39m       alert([32m'Erreur lors de la génération du PDF. Vérifiez la console pour plus de détails.'[39m)[33m;[39m
     [90m     |[39m       [31m[1m^[22m[39m
     [90m 432 |[39m     } [36mfinally[39m {
     [90m 433 |[39m       setExportingPDF([36mfalse[39m)[33m;[39m
     [90m 434 |[39m     }[0m

      at VirtualConsole.<anonymous> (node_modules/@jest/environment-jsdom-abstract/build/index.js:87:23)
      at module.exports (node_modules/jsdom/lib/jsdom/browser/not-implemented.js:12:26)
      at node_modules/jsdom/lib/jsdom/browser/Window.js:960:7
      at alert (src/renderer/pages/HistoriqueTransactions.jsx:431:7)

  console.log
    Payload envoyé: { nom: 'Standard', duree: 1, prix: 999, features: [] }

      at log (src/renderer/components/NouvelTypeAbonnementModal.jsx:115:13)

  console.log
    Résultat add: { success: true }

      at log (src/renderer/components/NouvelTypeAbonnementModal.jsx:122:15)

  console.log
    Payload envoyé: { nom: 'Standard', duree: 1, prix: 999, features: [] }

      at log (src/renderer/components/NouvelTypeAbonnementModal.jsx:115:13)

  console.log
    Résultat add: { success: true }

      at log (src/renderer/components/NouvelTypeAbonnementModal.jsx:122:15)

  console.log
    Payload envoyé: {
      nom: 'Basic',
      duree: 1,
      prix: 800,
      features: [ 'Accès salle de sport' ]
    }

      at log (src/renderer/components/NouvelTypeAbonnementModal.jsx:115:13)

  console.log
    Résultat add: { success: true }

      at log (src/renderer/components/NouvelTypeAbonnementModal.jsx:122:15)

  console.log
    Payload envoyé: {
      nom: 'Basic',
      duree: 1,
      prix: 800,
      features: [ 'Accès salle de sport' ]
    }

      at log (src/renderer/components/NouvelTypeAbonnementModal.jsx:115:13)

  console.log
    Résultat add: { success: true }

      at log (src/renderer/components/NouvelTypeAbonnementModal.jsx:122:15)

  console.log
    Payload envoyé: { nom: 'Plan Test', duree: 1, prix: 500, features: [] }

      at log (src/renderer/components/NouvelTypeAbonnementModal.jsx:115:13)

  console.error
    Erreur handleSave: Error: Serveur indisponible
        at Object.<anonymous> (C:\Users\hp\Desktop\Salle-De-Sport\src\__tests__\components\NouvelTypeAbonnementModal.test.jsx:353:53)
        at Promise.finally.completed (C:\Users\hp\Desktop\Salle-De-Sport\node_modules\jest-circus\build\jestAdapterInit.js:1557:28)
        at new Promise (<anonymous>)
        at callAsyncCircusFn (C:\Users\hp\Desktop\Salle-De-Sport\node_modules\jest-circus\build\jestAdapterInit.js:1497:10)
        at _callCircusTest (C:\Users\hp\Desktop\Salle-De-Sport\node_modules\jest-circus\build\jestAdapterInit.js:1007:40)
        at _runTest (C:\Users\hp\Desktop\Salle-De-Sport\node_modules\jest-circus\build\jestAdapterInit.js:947:3)
        at C:\Users\hp\Desktop\Salle-De-Sport\node_modules\jest-circus\build\jestAdapterInit.js:849:7
        at _runTestsForDescribeBlock (C:\Users\hp\Desktop\Salle-De-Sport\node_modules\jest-circus\build\jestAdapterInit.js:862:11)
        at _runTestsForDescribeBlock (C:\Users\hp\Desktop\Salle-De-Sport\node_modules\jest-circus\build\jestAdapterInit.js:857:11)
        at run (C:\Users\hp\Desktop\Salle-De-Sport\node_modules\jest-circus\build\jestAdapterInit.js:761:3)
        at runAndTransformResultsToJestFormat (C:\Users\hp\Desktop\Salle-De-Sport\node_modules\jest-circus\build\jestAdapterInit.js:1918:21)
        at jestAdapter (C:\Users\hp\Desktop\Salle-De-Sport\node_modules\jest-circus\build\runner.js:101:19)
        at runTestInternal (C:\Users\hp\Desktop\Salle-De-Sport\node_modules\jest-runner\build\testWorker.js:275:16)
        at runTest (C:\Users\hp\Desktop\Salle-De-Sport\node_modules\jest-runner\build\testWorker.js:343:7)
        at Object.worker (C:\Users\hp\Desktop\Salle-De-Sport\node_modules\jest-runner\build\testWorker.js:497:12)

    [0m [90m 125 |[39m     onSave[33m?[39m[33m.[39m()[33m;[39m
     [90m 126 |[39m   } [36mcatch[39m (err) {
    [31m[1m>[22m[39m[90m 127 |[39m     console[33m.[39merror([32m'Erreur handleSave:'[39m[33m,[39m err)[33m;[39m
     [90m     |[39m             [31m[1m^[22m[39m
     [90m 128 |[39m     alert([32m'Erreur : '[39m [33m+[39m err[33m.[39mmessage)[33m;[39m
     [90m 129 |[39m   }
     [90m 130 |[39m }[33m;[39m[0m

      at error (src/renderer/components/NouvelTypeAbonnementModal.jsx:127:13)

  console.log
    Payload envoyé: { nom: 'Plan Test', duree: 1, prix: 500, features: [] }

      at log (src/renderer/components/NouvelTypeAbonnementModal.jsx:115:13)

  console.error
    Erreur handleSave: Error: Serveur indisponible
        at Object.<anonymous> (C:\Users\hp\Desktop\Salle-De-Sport\src\__tests__\components\NouveauProduitModal.test.jsx:353:53)
        at Promise.finally.completed (C:\Users\hp\Desktop\Salle-De-Sport\node_modules\jest-circus\build\jestAdapterInit.js:1557:28)
        at new Promise (<anonymous>)
        at callAsyncCircusFn (C:\Users\hp\Desktop\Salle-De-Sport\node_modules\jest-circus\build\jestAdapterInit.js:1497:10)
        at _callCircusTest (C:\Users\hp\Desktop\Salle-De-Sport\node_modules\jest-circus\build\jestAdapterInit.js:1007:40)
        at _runTest (C:\Users\hp\Desktop\Salle-De-Sport\node_modules\jest-circus\build\jestAdapterInit.js:947:3)
        at C:\Users\hp\Desktop\Salle-De-Sport\node_modules\jest-circus\build\jestAdapterInit.js:849:7
        at _runTestsForDescribeBlock (C:\Users\hp\Desktop\Salle-De-Sport\node_modules\jest-circus\build\jestAdapterInit.js:862:11)
        at _runTestsForDescribeBlock (C:\Users\hp\Desktop\Salle-De-Sport\node_modules\jest-circus\build\jestAdapterInit.js:857:11)
        at run (C:\Users\hp\Desktop\Salle-De-Sport\node_modules\jest-circus\build\jestAdapterInit.js:761:3)
        at runAndTransformResultsToJestFormat (C:\Users\hp\Desktop\Salle-De-Sport\node_modules\jest-circus\build\jestAdapterInit.js:1918:21)
        at jestAdapter (C:\Users\hp\Desktop\Salle-De-Sport\node_modules\jest-circus\build\runner.js:101:19)
        at runTestInternal (C:\Users\hp\Desktop\Salle-De-Sport\node_modules\jest-runner\build\testWorker.js:275:16)
        at runTest (C:\Users\hp\Desktop\Salle-De-Sport\node_modules\jest-runner\build\testWorker.js:343:7)
        at Object.worker (C:\Users\hp\Desktop\Salle-De-Sport\node_modules\jest-runner\build\testWorker.js:497:12)

    [0m [90m 125 |[39m     onSave[33m?[39m[33m.[39m()[33m;[39m
     [90m 126 |[39m   } [36mcatch[39m (err) {
    [31m[1m>[22m[39m[90m 127 |[39m     console[33m.[39merror([32m'Erreur handleSave:'[39m[33m,[39m err)[33m;[39m
     [90m     |[39m             [31m[1m^[22m[39m
     [90m 128 |[39m     alert([32m'Erreur : '[39m [33m+[39m err[33m.[39mmessage)[33m;[39m
     [90m 129 |[39m   }
     [90m 130 |[39m }[33m;[39m[0m

      at error (src/renderer/components/NouvelTypeAbonnementModal.jsx:127:13)

  console.error
    An update to NouvelSeanceModal inside a test was not wrapped in act(...).
    
    When testing, code that causes React state updates should be wrapped into act(...):
    
    act(() => {
      /* fire events that update state */
    });
    /* assert on the output */
    
    This ensures that you're testing the behavior the user would see in the browser. Learn more at https://react.dev/link/wrap-tests-with-act

    [0m [90m 62 |[39m   window[33m.[39mapi[33m.[39mgetCoachs()[33m,[39m
     [90m 63 |[39m ])[33m;[39m
    [31m[1m>[22m[39m[90m 64 |[39m         setActivites(acts)[33m;[39m
     [90m    |[39m         [31m[1m^[22m[39m
     [90m 65 |[39m         setCoachs(utils)[33m;[39m
     [90m 66 |[39m         [90m// Pré-sélectionner le premier de chaque liste[39m
     [90m 67 |[39m         [36mif[39m (acts[33m.[39mlength [33m>[39m [35m0[39m)  setForm(f [33m=>[39m ({ [33m...[39mf[33m,[39m activite_id[33m:[39m acts[[35m0[39m][33m.[39midActivite }))[33m;[39m[0m

      at node_modules/react-dom/cjs/react-dom-client.development.js:18758:19
      at runWithFiberInDEV (node_modules/react-dom/cjs/react-dom-client.development.js:874:13)
      at warnIfUpdatesNotWrappedWithActDEV (node_modules/react-dom/cjs/react-dom-client.development.js:18757:9)
      at scheduleUpdateOnFiber (node_modules/react-dom/cjs/react-dom-client.development.js:16409:11)
      at dispatchSetStateInternal (node_modules/react-dom/cjs/react-dom-client.development.js:9170:13)
      at dispatchSetState (node_modules/react-dom/cjs/react-dom-client.development.js:9127:7)
      at setActivites (src/renderer/components/NouvelSeanceModal.jsx:64:9)

  console.error
    An update to NouvelSeanceModal inside a test was not wrapped in act(...).
    
    When testing, code that causes React state updates should be wrapped into act(...):
    
    act(() => {
      /* fire events that update state */
    });
    /* assert on the output */
    
    This ensures that you're testing the behavior the user would see in the browser. Learn more at https://react.dev/link/wrap-tests-with-act

    [0m [90m 63 |[39m ])[33m;[39m
     [90m 64 |[39m         setActivites(acts)[33m;[39m
    [31m[1m>[22m[39m[90m 65 |[39m         setCoachs(utils)[33m;[39m
     [90m    |[39m         [31m[1m^[22m[39m
     [90m 66 |[39m         [90m// Pré-sélectionner le premier de chaque liste[39m
     [90m 67 |[39m         [36mif[39m (acts[33m.[39mlength [33m>[39m [35m0[39m)  setForm(f [33m=>[39m ({ [33m...[39mf[33m,[39m activite_id[33m:[39m acts[[35m0[39m][33m.[39midActivite }))[33m;[39m
     [90m 68 |[39m         [36mif[39m (utils[33m.[39mlength [33m>[39m [35m0[39m) setForm(f [33m=>[39m ({ [33m...[39mf[33m,[39m coach_id[33m:[39m utils[[35m0[39m][33m.[39midUtilisateur }))[33m;[39m[0m

      at node_modules/react-dom/cjs/react-dom-client.development.js:18758:19
      at runWithFiberInDEV (node_modules/react-dom/cjs/react-dom-client.development.js:874:13)
      at warnIfUpdatesNotWrappedWithActDEV (node_modules/react-dom/cjs/react-dom-client.development.js:18757:9)
      at scheduleUpdateOnFiber (node_modules/react-dom/cjs/react-dom-client.development.js:16409:11)
      at dispatchSetStateInternal (node_modules/react-dom/cjs/react-dom-client.development.js:9170:13)
      at dispatchSetState (node_modules/react-dom/cjs/react-dom-client.development.js:9127:7)
      at setCoachs (src/renderer/components/NouvelSeanceModal.jsx:65:9)

  console.error
    An update to NouvelSeanceModal inside a test was not wrapped in act(...).
    
    When testing, code that causes React state updates should be wrapped into act(...):
    
    act(() => {
      /* fire events that update state */
    });
    /* assert on the output */
    
    This ensures that you're testing the behavior the user would see in the browser. Learn more at https://react.dev/link/wrap-tests-with-act

    [0m [90m 65 |[39m         setCoachs(utils)[33m;[39m
     [90m 66 |[39m         [90m// Pré-sélectionner le premier de chaque liste[39m
    [31m[1m>[22m[39m[90m 67 |[39m         [36mif[39m (acts[33m.[39mlength [33m>[39m [35m0[39m)  setForm(f [33m=>[39m ({ [33m...[39mf[33m,[39m activite_id[33m:[39m acts[[35m0[39m][33m.[39midActivite }))[33m;[39m
     [90m    |[39m                               [31m[1m^[22m[39m
     [90m 68 |[39m         [36mif[39m (utils[33m.[39mlength [33m>[39m [35m0[39m) setForm(f [33m=>[39m ({ [33m...[39mf[33m,[39m coach_id[33m:[39m utils[[35m0[39m][33m.[39midUtilisateur }))[33m;[39m
     [90m 69 |[39m       } [36mcatch[39m (err) {
     [90m 70 |[39m         setError([32m'Impossible de charger les données.'[39m)[33m;[39m[0m

      at node_modules/react-dom/cjs/react-dom-client.development.js:18758:19
      at runWithFiberInDEV (node_modules/react-dom/cjs/react-dom-client.development.js:874:13)
      at warnIfUpdatesNotWrappedWithActDEV (node_modules/react-dom/cjs/react-dom-client.development.js:18757:9)
      at scheduleUpdateOnFiber (node_modules/react-dom/cjs/react-dom-client.development.js:16409:11)
      at dispatchSetStateInternal (node_modules/react-dom/cjs/react-dom-client.development.js:9170:13)
      at dispatchSetState (node_modules/react-dom/cjs/react-dom-client.development.js:9127:7)
      at setForm (src/renderer/components/NouvelSeanceModal.jsx:67:31)

  console.error
    An update to NouvelSeanceModal inside a test was not wrapped in act(...).
    
    When testing, code that causes React state updates should be wrapped into act(...):
    
    act(() => {
      /* fire events that update state */
    });
    /* assert on the output */
    
    This ensures that you're testing the behavior the user would see in the browser. Learn more at https://react.dev/link/wrap-tests-with-act

    [0m [90m 66 |[39m         [90m// Pré-sélectionner le premier de chaque liste[39m
     [90m 67 |[39m         [36mif[39m (acts[33m.[39mlength [33m>[39m [35m0[39m)  setForm(f [33m=>[39m ({ [33m...[39mf[33m,[39m activite_id[33m:[39m acts[[35m0[39m][33m.[39midActivite }))[33m;[39m
    [31m[1m>[22m[39m[90m 68 |[39m         [36mif[39m (utils[33m.[39mlength [33m>[39m [35m0[39m) setForm(f [33m=>[39m ({ [33m...[39mf[33m,[39m coach_id[33m:[39m utils[[35m0[39m][33m.[39midUtilisateur }))[33m;[39m
     [90m    |[39m                               [31m[1m^[22m[39m
     [90m 69 |[39m       } [36mcatch[39m (err) {
     [90m 70 |[39m         setError([32m'Impossible de charger les données.'[39m)[33m;[39m
     [90m 71 |[39m       } [36mfinally[39m {[0m

      at node_modules/react-dom/cjs/react-dom-client.development.js:18758:19
      at runWithFiberInDEV (node_modules/react-dom/cjs/react-dom-client.development.js:874:13)
      at warnIfUpdatesNotWrappedWithActDEV (node_modules/react-dom/cjs/react-dom-client.development.js:18757:9)
      at scheduleUpdateOnFiber (node_modules/react-dom/cjs/react-dom-client.development.js:16409:11)
      at dispatchSetStateInternal (node_modules/react-dom/cjs/react-dom-client.development.js:9170:13)
      at dispatchSetState (node_modules/react-dom/cjs/react-dom-client.development.js:9127:7)
      at setForm (src/renderer/components/NouvelSeanceModal.jsx:68:31)

  console.error
    An update to NouvelSeanceModal inside a test was not wrapped in act(...).
    
    When testing, code that causes React state updates should be wrapped into act(...):
    
    act(() => {
      /* fire events that update state */
    });
    /* assert on the output */
    
    This ensures that you're testing the behavior the user would see in the browser. Learn more at https://react.dev/link/wrap-tests-with-act

    [0m [90m 70 |[39m         setError([32m'Impossible de charger les données.'[39m)[33m;[39m
     [90m 71 |[39m       } [36mfinally[39m {
    [31m[1m>[22m[39m[90m 72 |[39m         setLoading([36mfalse[39m)[33m;[39m
     [90m    |[39m         [31m[1m^[22m[39m
     [90m 73 |[39m       }
     [90m 74 |[39m     }[33m;[39m
     [90m 75 |[39m     load()[33m;[39m[0m

      at node_modules/react-dom/cjs/react-dom-client.development.js:18758:19
      at runWithFiberInDEV (node_modules/react-dom/cjs/react-dom-client.development.js:874:13)
      at warnIfUpdatesNotWrappedWithActDEV (node_modules/react-dom/cjs/react-dom-client.development.js:18757:9)
      at scheduleUpdateOnFiber (node_modules/react-dom/cjs/react-dom-client.development.js:16409:11)
      at dispatchSetStateInternal (node_modules/react-dom/cjs/react-dom-client.development.js:9170:13)
      at dispatchSetState (node_modules/react-dom/cjs/react-dom-client.development.js:9127:7)
      at setLoading (src/renderer/components/NouvelSeanceModal.jsx:72:9)

  console.error
    Erreur chargement fidélité: Error: DB error
        at Object.<anonymous> (C:\Users\hp\Desktop\Salle-De-Sport\src\__tests__\pages\FideliteAdherents.tst.jsx:88:49)
        at Promise.finally.completed (C:\Users\hp\Desktop\Salle-De-Sport\node_modules\jest-circus\build\jestAdapterInit.js:1557:28)
        at new Promise (<anonymous>)
        at callAsyncCircusFn (C:\Users\hp\Desktop\Salle-De-Sport\node_modules\jest-circus\build\jestAdapterInit.js:1497:10)
        at _callCircusTest (C:\Users\hp\Desktop\Salle-De-Sport\node_modules\jest-circus\build\jestAdapterInit.js:1007:40)
        at runNextTicks (node:internal/process/task_queues:65:5)
        at listOnTimeout (node:internal/timers:555:9)
        at processTimers (node:internal/timers:529:7)
        at _runTest (C:\Users\hp\Desktop\Salle-De-Sport\node_modules\jest-circus\build\jestAdapterInit.js:947:3)
        at C:\Users\hp\Desktop\Salle-De-Sport\node_modules\jest-circus\build\jestAdapterInit.js:849:7
        at _runTestsForDescribeBlock (C:\Users\hp\Desktop\Salle-De-Sport\node_modules\jest-circus\build\jestAdapterInit.js:862:11)
        at _runTestsForDescribeBlock (C:\Users\hp\Desktop\Salle-De-Sport\node_modules\jest-circus\build\jestAdapterInit.js:857:11)
        at run (C:\Users\hp\Desktop\Salle-De-Sport\node_modules\jest-circus\build\jestAdapterInit.js:761:3)
        at runAndTransformResultsToJestFormat (C:\Users\hp\Desktop\Salle-De-Sport\node_modules\jest-circus\build\jestAdapterInit.js:1918:21)
        at jestAdapter (C:\Users\hp\Desktop\Salle-De-Sport\node_modules\jest-circus\build\runner.js:101:19)
        at runTestInternal (C:\Users\hp\Desktop\Salle-De-Sport\node_modules\jest-runner\build\testWorker.js:275:16)
        at runTest (C:\Users\hp\Desktop\Salle-De-Sport\node_modules\jest-runner\build\testWorker.js:343:7)
        at Object.worker (C:\Users\hp\Desktop\Salle-De-Sport\node_modules\jest-runner\build\testWorker.js:497:12)

    [0m [90m 330 |[39m       setClients(data)[33m;[39m
     [90m 331 |[39m     } [36mcatch[39m (e) {
    [31m[1m>[22m[39m[90m 332 |[39m       console[33m.[39merror([32m'Erreur chargement fidélité:'[39m[33m,[39m e)[33m;[39m
     [90m     |[39m               [31m[1m^[22m[39m
     [90m 333 |[39m     } [36mfinally[39m {
     [90m 334 |[39m       setLoading([36mfalse[39m)[33m;[39m
     [90m 335 |[39m     }[0m

      at error (src/renderer/pages/fideliteadherents.jsx:332:15)

  console.warn
    The width(-1) and height(-1) of chart should be greater than 0,
           please check the style of container, or the props width(100%) and height(100%),
           or add a minWidth(0) or minHeight(undefined) or use aspect(undefined) to control the
           height and width.

      at warn (node_modules/recharts/lib/util/LogUtils.js:22:17)
      at node_modules/recharts/lib/component/ResponsiveContainer.js:144:22
      at Object.react_stack_bottom_frame (node_modules/react-dom/cjs/react-dom-client.development.js:25904:20)
      at renderWithHooks (node_modules/react-dom/cjs/react-dom-client.development.js:7662:22)
      at updateForwardRef (node_modules/react-dom/cjs/react-dom-client.development.js:9724:19)
      at beginWork (node_modules/react-dom/cjs/react-dom-client.development.js:12117:18)
      at runWithFiberInDEV (node_modules/react-dom/cjs/react-dom-client.development.js:874:13)
      at performUnitOfWork (node_modules/react-dom/cjs/react-dom-client.development.js:17641:22)
      at workLoopSync (node_modules/react-dom/cjs/react-dom-client.development.js:17469:41)
      at renderRootSync (node_modules/react-dom/cjs/react-dom-client.development.js:17450:11)
      at performWorkOnRoot (node_modules/react-dom/cjs/react-dom-client.development.js:16504:11)
      at performWorkOnRootViaSchedulerTask (node_modules/react-dom/cjs/react-dom-client.development.js:18957:7)
      at flushActQueue (node_modules/react/cjs/react.development.js:590:34)
      at node_modules/react/cjs/react.development.js:847:21

  console.warn
    The width(-1) and height(-1) of chart should be greater than 0,
           please check the style of container, or the props width(100%) and height(100%),
           or add a minWidth(0) or minHeight(undefined) or use aspect(undefined) to control the
           height and width.

      at warn (node_modules/recharts/lib/util/LogUtils.js:22:17)
      at node_modules/recharts/lib/component/ResponsiveContainer.js:144:22
      at Object.react_stack_bottom_frame (node_modules/react-dom/cjs/react-dom-client.development.js:25904:20)
      at renderWithHooks (node_modules/react-dom/cjs/react-dom-client.development.js:7662:22)
      at updateForwardRef (node_modules/react-dom/cjs/react-dom-client.development.js:9724:19)
      at beginWork (node_modules/react-dom/cjs/react-dom-client.development.js:12117:18)
      at runWithFiberInDEV (node_modules/react-dom/cjs/react-dom-client.development.js:874:13)
      at performUnitOfWork (node_modules/react-dom/cjs/react-dom-client.development.js:17641:22)
      at workLoopSync (node_modules/react-dom/cjs/react-dom-client.development.js:17469:41)
      at renderRootSync (node_modules/react-dom/cjs/react-dom-client.development.js:17450:11)
      at performWorkOnRoot (node_modules/react-dom/cjs/react-dom-client.development.js:16504:11)
      at performWorkOnRootViaSchedulerTask (node_modules/react-dom/cjs/react-dom-client.development.js:18957:7)
      at flushActQueue (node_modules/react/cjs/react.development.js:590:34)
      at node_modules/react/cjs/react.development.js:847:21

  console.warn
    The width(-1) and height(-1) of chart should be greater than 0,
           please check the style of container, or the props width(100%) and height(100%),
           or add a minWidth(0) or minHeight(undefined) or use aspect(undefined) to control the
           height and width.

      at warn (node_modules/recharts/lib/util/LogUtils.js:22:17)
      at node_modules/recharts/lib/component/ResponsiveContainer.js:144:22
      at Object.react_stack_bottom_frame (node_modules/react-dom/cjs/react-dom-client.development.js:25904:20)
      at renderWithHooks (node_modules/react-dom/cjs/react-dom-client.development.js:7662:22)
      at updateForwardRef (node_modules/react-dom/cjs/react-dom-client.development.js:9724:19)
      at beginWork (node_modules/react-dom/cjs/react-dom-client.development.js:12117:18)
      at runWithFiberInDEV (node_modules/react-dom/cjs/react-dom-client.development.js:874:13)
      at performUnitOfWork (node_modules/react-dom/cjs/react-dom-client.development.js:17641:22)
      at workLoopSync (node_modules/react-dom/cjs/react-dom-client.development.js:17469:41)
      at renderRootSync (node_modules/react-dom/cjs/react-dom-client.development.js:17450:11)
      at performWorkOnRoot (node_modules/react-dom/cjs/react-dom-client.development.js:16504:11)
      at performWorkOnRootViaSchedulerTask (node_modules/react-dom/cjs/react-dom-client.development.js:18957:7)
      at flushActQueue (node_modules/react/cjs/react.development.js:590:34)
      at node_modules/react/cjs/react.development.js:847:21

  console.warn
    The width(-1) and height(-1) of chart should be greater than 0,
           please check the style of container, or the props width(100%) and height(100%),
           or add a minWidth(0) or minHeight(undefined) or use aspect(undefined) to control the
           height and width.

      at warn (node_modules/recharts/lib/util/LogUtils.js:22:17)
      at node_modules/recharts/lib/component/ResponsiveContainer.js:144:22
      at Object.react_stack_bottom_frame (node_modules/react-dom/cjs/react-dom-client.development.js:25904:20)
      at renderWithHooks (node_modules/react-dom/cjs/react-dom-client.development.js:7662:22)
      at updateForwardRef (node_modules/react-dom/cjs/react-dom-client.development.js:9724:19)
      at beginWork (node_modules/react-dom/cjs/react-dom-client.development.js:12117:18)
      at runWithFiberInDEV (node_modules/react-dom/cjs/react-dom-client.development.js:874:13)
      at performUnitOfWork (node_modules/react-dom/cjs/react-dom-client.development.js:17641:22)
      at workLoopSync (node_modules/react-dom/cjs/react-dom-client.development.js:17469:41)
      at renderRootSync (node_modules/react-dom/cjs/react-dom-client.development.js:17450:11)
      at performWorkOnRoot (node_modules/react-dom/cjs/react-dom-client.development.js:16504:11)
      at performWorkOnRootViaSchedulerTask (node_modules/react-dom/cjs/react-dom-client.development.js:18957:7)
      at flushActQueue (node_modules/react/cjs/react.development.js:590:34)
      at node_modules/react/cjs/react.development.js:847:21

  console.warn
    The width(-1) and height(-1) of chart should be greater than 0,
           please check the style of container, or the props width(100%) and height(100%),
           or add a minWidth(0) or minHeight(undefined) or use aspect(undefined) to control the
           height and width.

      at warn (node_modules/recharts/lib/util/LogUtils.js:22:17)
      at node_modules/recharts/lib/component/ResponsiveContainer.js:144:22
      at Object.react_stack_bottom_frame (node_modules/react-dom/cjs/react-dom-client.development.js:25904:20)
      at renderWithHooks (node_modules/react-dom/cjs/react-dom-client.development.js:7662:22)
      at updateForwardRef (node_modules/react-dom/cjs/react-dom-client.development.js:9724:19)
      at beginWork (node_modules/react-dom/cjs/react-dom-client.development.js:12117:18)
      at runWithFiberInDEV (node_modules/react-dom/cjs/react-dom-client.development.js:874:13)
      at performUnitOfWork (node_modules/react-dom/cjs/react-dom-client.development.js:17641:22)
      at workLoopSync (node_modules/react-dom/cjs/react-dom-client.development.js:17469:41)
      at renderRootSync (node_modules/react-dom/cjs/react-dom-client.development.js:17450:11)
      at performWorkOnRoot (node_modules/react-dom/cjs/react-dom-client.development.js:16504:11)
      at performWorkOnRootViaSchedulerTask (node_modules/react-dom/cjs/react-dom-client.development.js:18957:7)
      at flushActQueue (node_modules/react/cjs/react.development.js:590:34)
      at node_modules/react/cjs/react.development.js:847:21

  console.warn
    The width(-1) and height(-1) of chart should be greater than 0,
           please check the style of container, or the props width(100%) and height(100%),
           or add a minWidth(0) or minHeight(undefined) or use aspect(undefined) to control the
           height and width.

      at warn (node_modules/recharts/lib/util/LogUtils.js:22:17)
      at node_modules/recharts/lib/component/ResponsiveContainer.js:144:22
      at Object.react_stack_bottom_frame (node_modules/react-dom/cjs/react-dom-client.development.js:25904:20)
      at renderWithHooks (node_modules/react-dom/cjs/react-dom-client.development.js:7662:22)
      at updateForwardRef (node_modules/react-dom/cjs/react-dom-client.development.js:9724:19)
      at beginWork (node_modules/react-dom/cjs/react-dom-client.development.js:12117:18)
      at runWithFiberInDEV (node_modules/react-dom/cjs/react-dom-client.development.js:874:13)
      at performUnitOfWork (node_modules/react-dom/cjs/react-dom-client.development.js:17641:22)
      at workLoopSync (node_modules/react-dom/cjs/react-dom-client.development.js:17469:41)
      at renderRootSync (node_modules/react-dom/cjs/react-dom-client.development.js:17450:11)
      at performWorkOnRoot (node_modules/react-dom/cjs/react-dom-client.development.js:16504:11)
      at performWorkOnRootViaSchedulerTask (node_modules/react-dom/cjs/react-dom-client.development.js:18957:7)
      at flushActQueue (node_modules/react/cjs/react.development.js:590:34)
      at node_modules/react/cjs/react.development.js:847:21

  console.warn
    The width(-1) and height(-1) of chart should be greater than 0,
           please check the style of container, or the props width(100%) and height(100%),
           or add a minWidth(0) or minHeight(undefined) or use aspect(undefined) to control the
           height and width.

      at warn (node_modules/recharts/lib/util/LogUtils.js:22:17)
      at node_modules/recharts/lib/component/ResponsiveContainer.js:144:22
      at Object.react_stack_bottom_frame (node_modules/react-dom/cjs/react-dom-client.development.js:25904:20)
      at renderWithHooks (node_modules/react-dom/cjs/react-dom-client.development.js:7662:22)
      at updateForwardRef (node_modules/react-dom/cjs/react-dom-client.development.js:9724:19)
      at beginWork (node_modules/react-dom/cjs/react-dom-client.development.js:12117:18)
      at runWithFiberInDEV (node_modules/react-dom/cjs/react-dom-client.development.js:874:13)
      at performUnitOfWork (node_modules/react-dom/cjs/react-dom-client.development.js:17641:22)
      at workLoopSync (node_modules/react-dom/cjs/react-dom-client.development.js:17469:41)
      at renderRootSync (node_modules/react-dom/cjs/react-dom-client.development.js:17450:11)
      at performWorkOnRoot (node_modules/react-dom/cjs/react-dom-client.development.js:16504:11)
      at performWorkOnRootViaSchedulerTask (node_modules/react-dom/cjs/react-dom-client.development.js:18957:7)
      at flushActQueue (node_modules/react/cjs/react.development.js:590:34)
      at node_modules/react/cjs/react.development.js:847:21

  console.warn
    The width(-1) and height(-1) of chart should be greater than 0,
           please check the style of container, or the props width(100%) and height(100%),
           or add a minWidth(0) or minHeight(undefined) or use aspect(undefined) to control the
           height and width.

      at warn (node_modules/recharts/lib/util/LogUtils.js:22:17)
      at node_modules/recharts/lib/component/ResponsiveContainer.js:144:22
      at Object.react_stack_bottom_frame (node_modules/react-dom/cjs/react-dom-client.development.js:25904:20)
      at renderWithHooks (node_modules/react-dom/cjs/react-dom-client.development.js:7662:22)
      at updateForwardRef (node_modules/react-dom/cjs/react-dom-client.development.js:9724:19)
      at beginWork (node_modules/react-dom/cjs/react-dom-client.development.js:12117:18)
      at runWithFiberInDEV (node_modules/react-dom/cjs/react-dom-client.development.js:874:13)
      at performUnitOfWork (node_modules/react-dom/cjs/react-dom-client.development.js:17641:22)
      at workLoopSync (node_modules/react-dom/cjs/react-dom-client.development.js:17469:41)
      at renderRootSync (node_modules/react-dom/cjs/react-dom-client.development.js:17450:11)
      at performWorkOnRoot (node_modules/react-dom/cjs/react-dom-client.development.js:16504:11)
      at performWorkOnRootViaSchedulerTask (node_modules/react-dom/cjs/react-dom-client.development.js:18957:7)
      at flushActQueue (node_modules/react/cjs/react.development.js:590:34)
      at node_modules/react/cjs/react.development.js:847:21

  console.warn
    The width(-1) and height(-1) of chart should be greater than 0,
           please check the style of container, or the props width(100%) and height(100%),
           or add a minWidth(0) or minHeight(undefined) or use aspect(undefined) to control the
           height and width.

      at warn (node_modules/recharts/lib/util/LogUtils.js:22:17)
      at node_modules/recharts/lib/component/ResponsiveContainer.js:144:22
      at Object.react_stack_bottom_frame (node_modules/react-dom/cjs/react-dom-client.development.js:25904:20)
      at renderWithHooks (node_modules/react-dom/cjs/react-dom-client.development.js:7662:22)
      at updateForwardRef (node_modules/react-dom/cjs/react-dom-client.development.js:9724:19)
      at beginWork (node_modules/react-dom/cjs/react-dom-client.development.js:12117:18)
      at runWithFiberInDEV (node_modules/react-dom/cjs/react-dom-client.development.js:874:13)
      at performUnitOfWork (node_modules/react-dom/cjs/react-dom-client.development.js:17641:22)
      at workLoopSync (node_modules/react-dom/cjs/react-dom-client.development.js:17469:41)
      at renderRootSync (node_modules/react-dom/cjs/react-dom-client.development.js:17450:11)
      at performWorkOnRoot (node_modules/react-dom/cjs/react-dom-client.development.js:16504:11)
      at performWorkOnRootViaSchedulerTask (node_modules/react-dom/cjs/react-dom-client.development.js:18957:7)
      at flushActQueue (node_modules/react/cjs/react.development.js:590:34)
      at node_modules/react/cjs/react.development.js:847:21

  console.warn
    The width(-1) and height(-1) of chart should be greater than 0,
           please check the style of container, or the props width(100%) and height(100%),
           or add a minWidth(0) or minHeight(undefined) or use aspect(undefined) to control the
           height and width.

      at warn (node_modules/recharts/lib/util/LogUtils.js:22:17)
      at node_modules/recharts/lib/component/ResponsiveContainer.js:144:22
      at Object.react_stack_bottom_frame (node_modules/react-dom/cjs/react-dom-client.development.js:25904:20)
      at renderWithHooks (node_modules/react-dom/cjs/react-dom-client.development.js:7662:22)
      at updateForwardRef (node_modules/react-dom/cjs/react-dom-client.development.js:9724:19)
      at beginWork (node_modules/react-dom/cjs/react-dom-client.development.js:12117:18)
      at runWithFiberInDEV (node_modules/react-dom/cjs/react-dom-client.development.js:874:13)
      at performUnitOfWork (node_modules/react-dom/cjs/react-dom-client.development.js:17641:22)
      at workLoopSync (node_modules/react-dom/cjs/react-dom-client.development.js:17469:41)
      at renderRootSync (node_modules/react-dom/cjs/react-dom-client.development.js:17450:11)
      at performWorkOnRoot (node_modules/react-dom/cjs/react-dom-client.development.js:16504:11)
      at performWorkOnRootViaSchedulerTask (node_modules/react-dom/cjs/react-dom-client.development.js:18957:7)
      at flushActQueue (node_modules/react/cjs/react.development.js:590:34)
      at node_modules/react/cjs/react.development.js:847:21

  console.warn
    The width(-1) and height(-1) of chart should be greater than 0,
           please check the style of container, or the props width(100%) and height(100%),
           or add a minWidth(0) or minHeight(undefined) or use aspect(undefined) to control the
           height and width.

      at warn (node_modules/recharts/lib/util/LogUtils.js:22:17)
      at node_modules/recharts/lib/component/ResponsiveContainer.js:144:22
      at Object.react_stack_bottom_frame (node_modules/react-dom/cjs/react-dom-client.development.js:25904:20)
      at renderWithHooks (node_modules/react-dom/cjs/react-dom-client.development.js:7662:22)
      at updateForwardRef (node_modules/react-dom/cjs/react-dom-client.development.js:9724:19)
      at beginWork (node_modules/react-dom/cjs/react-dom-client.development.js:12117:18)
      at runWithFiberInDEV (node_modules/react-dom/cjs/react-dom-client.development.js:874:13)
      at performUnitOfWork (node_modules/react-dom/cjs/react-dom-client.development.js:17641:22)
      at workLoopSync (node_modules/react-dom/cjs/react-dom-client.development.js:17469:41)
      at renderRootSync (node_modules/react-dom/cjs/react-dom-client.development.js:17450:11)
      at performWorkOnRoot (node_modules/react-dom/cjs/react-dom-client.development.js:16504:11)
      at performWorkOnRootViaSchedulerTask (node_modules/react-dom/cjs/react-dom-client.development.js:18957:7)
      at flushActQueue (node_modules/react/cjs/react.development.js:590:34)
      at node_modules/react/cjs/react.development.js:847:21

  console.warn
    The width(-1) and height(-1) of chart should be greater than 0,
           please check the style of container, or the props width(100%) and height(100%),
           or add a minWidth(0) or minHeight(undefined) or use aspect(undefined) to control the
           height and width.

      at warn (node_modules/recharts/lib/util/LogUtils.js:22:17)
      at node_modules/recharts/lib/component/ResponsiveContainer.js:144:22
      at Object.react_stack_bottom_frame (node_modules/react-dom/cjs/react-dom-client.development.js:25904:20)
      at renderWithHooks (node_modules/react-dom/cjs/react-dom-client.development.js:7662:22)
      at updateForwardRef (node_modules/react-dom/cjs/react-dom-client.development.js:9724:19)
      at beginWork (node_modules/react-dom/cjs/react-dom-client.development.js:12117:18)
      at runWithFiberInDEV (node_modules/react-dom/cjs/react-dom-client.development.js:874:13)
      at performUnitOfWork (node_modules/react-dom/cjs/react-dom-client.development.js:17641:22)
      at workLoopSync (node_modules/react-dom/cjs/react-dom-client.development.js:17469:41)
      at renderRootSync (node_modules/react-dom/cjs/react-dom-client.development.js:17450:11)
      at performWorkOnRoot (node_modules/react-dom/cjs/react-dom-client.development.js:16504:11)
      at performWorkOnRootViaSchedulerTask (node_modules/react-dom/cjs/react-dom-client.development.js:18957:7)
      at flushActQueue (node_modules/react/cjs/react.development.js:590:34)
      at node_modules/react/cjs/react.development.js:847:21

  console.warn
    The width(-1) and height(-1) of chart should be greater than 0,
           please check the style of container, or the props width(100%) and height(100%),
           or add a minWidth(0) or minHeight(undefined) or use aspect(undefined) to control the
           height and width.

      at warn (node_modules/recharts/lib/util/LogUtils.js:22:17)
      at node_modules/recharts/lib/component/ResponsiveContainer.js:144:22
      at Object.react_stack_bottom_frame (node_modules/react-dom/cjs/react-dom-client.development.js:25904:20)
      at renderWithHooks (node_modules/react-dom/cjs/react-dom-client.development.js:7662:22)
      at updateForwardRef (node_modules/react-dom/cjs/react-dom-client.development.js:9724:19)
      at beginWork (node_modules/react-dom/cjs/react-dom-client.development.js:12117:18)
      at runWithFiberInDEV (node_modules/react-dom/cjs/react-dom-client.development.js:874:13)
      at performUnitOfWork (node_modules/react-dom/cjs/react-dom-client.development.js:17641:22)
      at workLoopSync (node_modules/react-dom/cjs/react-dom-client.development.js:17469:41)
      at renderRootSync (node_modules/react-dom/cjs/react-dom-client.development.js:17450:11)
      at performWorkOnRoot (node_modules/react-dom/cjs/react-dom-client.development.js:16504:11)
      at performWorkOnRootViaSchedulerTask (node_modules/react-dom/cjs/react-dom-client.development.js:18957:7)
      at flushActQueue (node_modules/react/cjs/react.development.js:590:34)
      at node_modules/react/cjs/react.development.js:847:21

  console.warn
    The width(-1) and height(-1) of chart should be greater than 0,
           please check the style of container, or the props width(100%) and height(100%),
           or add a minWidth(0) or minHeight(undefined) or use aspect(undefined) to control the
           height and width.

      at warn (node_modules/recharts/lib/util/LogUtils.js:22:17)
      at node_modules/recharts/lib/component/ResponsiveContainer.js:144:22
      at Object.react_stack_bottom_frame (node_modules/react-dom/cjs/react-dom-client.development.js:25904:20)
      at renderWithHooks (node_modules/react-dom/cjs/react-dom-client.development.js:7662:22)
      at updateForwardRef (node_modules/react-dom/cjs/react-dom-client.development.js:9724:19)
      at beginWork (node_modules/react-dom/cjs/react-dom-client.development.js:12117:18)
      at runWithFiberInDEV (node_modules/react-dom/cjs/react-dom-client.development.js:874:13)
      at performUnitOfWork (node_modules/react-dom/cjs/react-dom-client.development.js:17641:22)
      at workLoopSync (node_modules/react-dom/cjs/react-dom-client.development.js:17469:41)
      at renderRootSync (node_modules/react-dom/cjs/react-dom-client.development.js:17450:11)
      at performWorkOnRoot (node_modules/react-dom/cjs/react-dom-client.development.js:16504:11)
      at performWorkOnRootViaSchedulerTask (node_modules/react-dom/cjs/react-dom-client.development.js:18957:7)
      at flushActQueue (node_modules/react/cjs/react.development.js:590:34)
      at node_modules/react/cjs/react.development.js:847:21

  console.warn
    The width(-1) and height(-1) of chart should be greater than 0,
           please check the style of container, or the props width(100%) and height(100%),
           or add a minWidth(0) or minHeight(undefined) or use aspect(undefined) to control the
           height and width.

      at warn (node_modules/recharts/lib/util/LogUtils.js:22:17)
      at node_modules/recharts/lib/component/ResponsiveContainer.js:144:22
      at Object.react_stack_bottom_frame (node_modules/react-dom/cjs/react-dom-client.development.js:25904:20)
      at renderWithHooks (node_modules/react-dom/cjs/react-dom-client.development.js:7662:22)
      at updateForwardRef (node_modules/react-dom/cjs/react-dom-client.development.js:9724:19)
      at beginWork (node_modules/react-dom/cjs/react-dom-client.development.js:12117:18)
      at runWithFiberInDEV (node_modules/react-dom/cjs/react-dom-client.development.js:874:13)
      at performUnitOfWork (node_modules/react-dom/cjs/react-dom-client.development.js:17641:22)
      at workLoopSync (node_modules/react-dom/cjs/react-dom-client.development.js:17469:41)
      at renderRootSync (node_modules/react-dom/cjs/react-dom-client.development.js:17450:11)
      at performWorkOnRoot (node_modules/react-dom/cjs/react-dom-client.development.js:16504:11)
      at performWorkOnRootViaSchedulerTask (node_modules/react-dom/cjs/react-dom-client.development.js:18957:7)
      at flushActQueue (node_modules/react/cjs/react.development.js:590:34)
      at node_modules/react/cjs/react.development.js:847:21

  console.warn
    The width(-1) and height(-1) of chart should be greater than 0,
           please check the style of container, or the props width(100%) and height(100%),
           or add a minWidth(0) or minHeight(undefined) or use aspect(undefined) to control the
           height and width.

      at warn (node_modules/recharts/lib/util/LogUtils.js:22:17)
      at node_modules/recharts/lib/component/ResponsiveContainer.js:144:22
      at Object.react_stack_bottom_frame (node_modules/react-dom/cjs/react-dom-client.development.js:25904:20)
      at renderWithHooks (node_modules/react-dom/cjs/react-dom-client.development.js:7662:22)
      at updateForwardRef (node_modules/react-dom/cjs/react-dom-client.development.js:9724:19)
      at beginWork (node_modules/react-dom/cjs/react-dom-client.development.js:12117:18)
      at runWithFiberInDEV (node_modules/react-dom/cjs/react-dom-client.development.js:874:13)
      at performUnitOfWork (node_modules/react-dom/cjs/react-dom-client.development.js:17641:22)
      at workLoopSync (node_modules/react-dom/cjs/react-dom-client.development.js:17469:41)
      at renderRootSync (node_modules/react-dom/cjs/react-dom-client.development.js:17450:11)
      at performWorkOnRoot (node_modules/react-dom/cjs/react-dom-client.development.js:16504:11)
      at performWorkOnRootViaSchedulerTask (node_modules/react-dom/cjs/react-dom-client.development.js:18957:7)
      at flushActQueue (node_modules/react/cjs/react.development.js:590:34)
      at node_modules/react/cjs/react.development.js:847:21

  console.warn
    The width(-1) and height(-1) of chart should be greater than 0,
           please check the style of container, or the props width(100%) and height(100%),
           or add a minWidth(0) or minHeight(undefined) or use aspect(undefined) to control the
           height and width.

      at warn (node_modules/recharts/lib/util/LogUtils.js:22:17)
      at node_modules/recharts/lib/component/ResponsiveContainer.js:144:22
      at Object.react_stack_bottom_frame (node_modules/react-dom/cjs/react-dom-client.development.js:25904:20)
      at renderWithHooks (node_modules/react-dom/cjs/react-dom-client.development.js:7662:22)
      at updateForwardRef (node_modules/react-dom/cjs/react-dom-client.development.js:9724:19)
      at beginWork (node_modules/react-dom/cjs/react-dom-client.development.js:12117:18)
      at runWithFiberInDEV (node_modules/react-dom/cjs/react-dom-client.development.js:874:13)
      at performUnitOfWork (node_modules/react-dom/cjs/react-dom-client.development.js:17641:22)
      at workLoopSync (node_modules/react-dom/cjs/react-dom-client.development.js:17469:41)
      at renderRootSync (node_modules/react-dom/cjs/react-dom-client.development.js:17450:11)
      at performWorkOnRoot (node_modules/react-dom/cjs/react-dom-client.development.js:16504:11)
      at performWorkOnRootViaSchedulerTask (node_modules/react-dom/cjs/react-dom-client.development.js:18957:7)
      at flushActQueue (node_modules/react/cjs/react.development.js:590:34)
      at node_modules/react/cjs/react.development.js:847:21

  console.warn
    The width(-1) and height(-1) of chart should be greater than 0,
           please check the style of container, or the props width(100%) and height(100%),
           or add a minWidth(0) or minHeight(undefined) or use aspect(undefined) to control the
           height and width.

      at warn (node_modules/recharts/lib/util/LogUtils.js:22:17)
      at node_modules/recharts/lib/component/ResponsiveContainer.js:144:22
      at Object.react_stack_bottom_frame (node_modules/react-dom/cjs/react-dom-client.development.js:25904:20)
      at renderWithHooks (node_modules/react-dom/cjs/react-dom-client.development.js:7662:22)
      at updateForwardRef (node_modules/react-dom/cjs/react-dom-client.development.js:9724:19)
      at beginWork (node_modules/react-dom/cjs/react-dom-client.development.js:12117:18)
      at runWithFiberInDEV (node_modules/react-dom/cjs/react-dom-client.development.js:874:13)
      at performUnitOfWork (node_modules/react-dom/cjs/react-dom-client.development.js:17641:22)
      at workLoopSync (node_modules/react-dom/cjs/react-dom-client.development.js:17469:41)
      at renderRootSync (node_modules/react-dom/cjs/react-dom-client.development.js:17450:11)
      at performWorkOnRoot (node_modules/react-dom/cjs/react-dom-client.development.js:16504:11)
      at performWorkOnRootViaSchedulerTask (node_modules/react-dom/cjs/react-dom-client.development.js:18957:7)
      at flushActQueue (node_modules/react/cjs/react.development.js:590:34)
      at node_modules/react/cjs/react.development.js:847:21

  console.warn
    The width(-1) and height(-1) of chart should be greater than 0,
           please check the style of container, or the props width(100%) and height(100%),
           or add a minWidth(0) or minHeight(undefined) or use aspect(undefined) to control the
           height and width.

      at warn (node_modules/recharts/lib/util/LogUtils.js:22:17)
      at node_modules/recharts/lib/component/ResponsiveContainer.js:144:22
      at Object.react_stack_bottom_frame (node_modules/react-dom/cjs/react-dom-client.development.js:25904:20)
      at renderWithHooks (node_modules/react-dom/cjs/react-dom-client.development.js:7662:22)
      at updateForwardRef (node_modules/react-dom/cjs/react-dom-client.development.js:9724:19)
      at beginWork (node_modules/react-dom/cjs/react-dom-client.development.js:12117:18)
      at runWithFiberInDEV (node_modules/react-dom/cjs/react-dom-client.development.js:874:13)
      at performUnitOfWork (node_modules/react-dom/cjs/react-dom-client.development.js:17641:22)
      at workLoopSync (node_modules/react-dom/cjs/react-dom-client.development.js:17469:41)
      at renderRootSync (node_modules/react-dom/cjs/react-dom-client.development.js:17450:11)
      at performWorkOnRoot (node_modules/react-dom/cjs/react-dom-client.development.js:16504:11)
      at performWorkOnRootViaSchedulerTask (node_modules/react-dom/cjs/react-dom-client.development.js:18957:7)
      at flushActQueue (node_modules/react/cjs/react.development.js:590:34)
      at node_modules/react/cjs/react.development.js:847:21

  console.warn
    The width(-1) and height(-1) of chart should be greater than 0,
           please check the style of container, or the props width(100%) and height(100%),
           or add a minWidth(0) or minHeight(undefined) or use aspect(undefined) to control the
           height and width.

      at warn (node_modules/recharts/lib/util/LogUtils.js:22:17)
      at node_modules/recharts/lib/component/ResponsiveContainer.js:144:22
      at Object.react_stack_bottom_frame (node_modules/react-dom/cjs/react-dom-client.development.js:25904:20)
      at renderWithHooks (node_modules/react-dom/cjs/react-dom-client.development.js:7662:22)
      at updateForwardRef (node_modules/react-dom/cjs/react-dom-client.development.js:9724:19)
      at beginWork (node_modules/react-dom/cjs/react-dom-client.development.js:12117:18)
      at runWithFiberInDEV (node_modules/react-dom/cjs/react-dom-client.development.js:874:13)
      at performUnitOfWork (node_modules/react-dom/cjs/react-dom-client.development.js:17641:22)
      at workLoopSync (node_modules/react-dom/cjs/react-dom-client.development.js:17469:41)
      at renderRootSync (node_modules/react-dom/cjs/react-dom-client.development.js:17450:11)
      at performWorkOnRoot (node_modules/react-dom/cjs/react-dom-client.development.js:16504:11)
      at performWorkOnRootViaSchedulerTask (node_modules/react-dom/cjs/react-dom-client.development.js:18957:7)
      at flushActQueue (node_modules/react/cjs/react.development.js:590:34)
      at node_modules/react/cjs/react.development.js:847:21

  console.warn
    The width(-1) and height(-1) of chart should be greater than 0,
           please check the style of container, or the props width(100%) and height(100%),
           or add a minWidth(0) or minHeight(undefined) or use aspect(undefined) to control the
           height and width.

      at warn (node_modules/recharts/lib/util/LogUtils.js:22:17)
      at node_modules/recharts/lib/component/ResponsiveContainer.js:144:22
      at Object.react_stack_bottom_frame (node_modules/react-dom/cjs/react-dom-client.development.js:25904:20)
      at renderWithHooks (node_modules/react-dom/cjs/react-dom-client.development.js:7662:22)
      at updateForwardRef (node_modules/react-dom/cjs/react-dom-client.development.js:9724:19)
      at beginWork (node_modules/react-dom/cjs/react-dom-client.development.js:12117:18)
      at runWithFiberInDEV (node_modules/react-dom/cjs/react-dom-client.development.js:874:13)
      at performUnitOfWork (node_modules/react-dom/cjs/react-dom-client.development.js:17641:22)
      at workLoopSync (node_modules/react-dom/cjs/react-dom-client.development.js:17469:41)
      at renderRootSync (node_modules/react-dom/cjs/react-dom-client.development.js:17450:11)
      at performWorkOnRoot (node_modules/react-dom/cjs/react-dom-client.development.js:16504:11)
      at performWorkOnRootViaSchedulerTask (node_modules/react-dom/cjs/react-dom-client.development.js:18957:7)
      at flushActQueue (node_modules/react/cjs/react.development.js:590:34)
      at node_modules/react/cjs/react.development.js:847:21

  console.warn
    The width(-1) and height(-1) of chart should be greater than 0,
           please check the style of container, or the props width(100%) and height(100%),
           or add a minWidth(0) or minHeight(undefined) or use aspect(undefined) to control the
           height and width.

      at warn (node_modules/recharts/lib/util/LogUtils.js:22:17)
      at node_modules/recharts/lib/component/ResponsiveContainer.js:144:22
      at Object.react_stack_bottom_frame (node_modules/react-dom/cjs/react-dom-client.development.js:25904:20)
      at renderWithHooks (node_modules/react-dom/cjs/react-dom-client.development.js:7662:22)
      at updateForwardRef (node_modules/react-dom/cjs/react-dom-client.development.js:9724:19)
      at beginWork (node_modules/react-dom/cjs/react-dom-client.development.js:12117:18)
      at runWithFiberInDEV (node_modules/react-dom/cjs/react-dom-client.development.js:874:13)
      at performUnitOfWork (node_modules/react-dom/cjs/react-dom-client.development.js:17641:22)
      at workLoopSync (node_modules/react-dom/cjs/react-dom-client.development.js:17469:41)
      at renderRootSync (node_modules/react-dom/cjs/react-dom-client.development.js:17450:11)
      at performWorkOnRoot (node_modules/react-dom/cjs/react-dom-client.development.js:16504:11)
      at performWorkOnRootViaSchedulerTask (node_modules/react-dom/cjs/react-dom-client.development.js:18957:7)
      at flushActQueue (node_modules/react/cjs/react.development.js:590:34)
      at node_modules/react/cjs/react.development.js:847:21

  console.warn
    The width(-1) and height(-1) of chart should be greater than 0,
           please check the style of container, or the props width(100%) and height(100%),
           or add a minWidth(0) or minHeight(undefined) or use aspect(undefined) to control the
           height and width.

      at warn (node_modules/recharts/lib/util/LogUtils.js:22:17)
      at node_modules/recharts/lib/component/ResponsiveContainer.js:144:22
      at Object.react_stack_bottom_frame (node_modules/react-dom/cjs/react-dom-client.development.js:25904:20)
      at renderWithHooks (node_modules/react-dom/cjs/react-dom-client.development.js:7662:22)
      at updateForwardRef (node_modules/react-dom/cjs/react-dom-client.development.js:9724:19)
      at beginWork (node_modules/react-dom/cjs/react-dom-client.development.js:12117:18)
      at runWithFiberInDEV (node_modules/react-dom/cjs/react-dom-client.development.js:874:13)
      at performUnitOfWork (node_modules/react-dom/cjs/react-dom-client.development.js:17641:22)
      at workLoopSync (node_modules/react-dom/cjs/react-dom-client.development.js:17469:41)
      at renderRootSync (node_modules/react-dom/cjs/react-dom-client.development.js:17450:11)
      at performWorkOnRoot (node_modules/react-dom/cjs/react-dom-client.development.js:16504:11)
      at performWorkOnRootViaSchedulerTask (node_modules/react-dom/cjs/react-dom-client.development.js:18957:7)
      at flushActQueue (node_modules/react/cjs/react.development.js:590:34)
      at node_modules/react/cjs/react.development.js:847:21

  console.warn
    The width(-1) and height(-1) of chart should be greater than 0,
           please check the style of container, or the props width(100%) and height(100%),
           or add a minWidth(0) or minHeight(undefined) or use aspect(undefined) to control the
           height and width.

      at warn (node_modules/recharts/lib/util/LogUtils.js:22:17)
      at node_modules/recharts/lib/component/ResponsiveContainer.js:144:22
      at Object.react_stack_bottom_frame (node_modules/react-dom/cjs/react-dom-client.development.js:25904:20)
      at renderWithHooks (node_modules/react-dom/cjs/react-dom-client.development.js:7662:22)
      at updateForwardRef (node_modules/react-dom/cjs/react-dom-client.development.js:9724:19)
      at beginWork (node_modules/react-dom/cjs/react-dom-client.development.js:12117:18)
      at runWithFiberInDEV (node_modules/react-dom/cjs/react-dom-client.development.js:874:13)
      at performUnitOfWork (node_modules/react-dom/cjs/react-dom-client.development.js:17641:22)
      at workLoopSync (node_modules/react-dom/cjs/react-dom-client.development.js:17469:41)
      at renderRootSync (node_modules/react-dom/cjs/react-dom-client.development.js:17450:11)
      at performWorkOnRoot (node_modules/react-dom/cjs/react-dom-client.development.js:16504:11)
      at performWorkOnRootViaSchedulerTask (node_modules/react-dom/cjs/react-dom-client.development.js:18957:7)
      at flushActQueue (node_modules/react/cjs/react.development.js:590:34)
      at node_modules/react/cjs/react.development.js:847:21

  console.warn
    The width(-1) and height(-1) of chart should be greater than 0,
           please check the style of container, or the props width(100%) and height(100%),
           or add a minWidth(0) or minHeight(undefined) or use aspect(undefined) to control the
           height and width.

      at warn (node_modules/recharts/lib/util/LogUtils.js:22:17)
      at node_modules/recharts/lib/component/ResponsiveContainer.js:144:22
      at Object.react_stack_bottom_frame (node_modules/react-dom/cjs/react-dom-client.development.js:25904:20)
      at renderWithHooks (node_modules/react-dom/cjs/react-dom-client.development.js:7662:22)
      at updateForwardRef (node_modules/react-dom/cjs/react-dom-client.development.js:9724:19)
      at beginWork (node_modules/react-dom/cjs/react-dom-client.development.js:12117:18)
      at runWithFiberInDEV (node_modules/react-dom/cjs/react-dom-client.development.js:874:13)
      at performUnitOfWork (node_modules/react-dom/cjs/react-dom-client.development.js:17641:22)
      at workLoopSync (node_modules/react-dom/cjs/react-dom-client.development.js:17469:41)
      at renderRootSync (node_modules/react-dom/cjs/react-dom-client.development.js:17450:11)
      at performWorkOnRoot (node_modules/react-dom/cjs/react-dom-client.development.js:16504:11)
      at performWorkOnRootViaSchedulerTask (node_modules/react-dom/cjs/react-dom-client.development.js:18957:7)
      at flushActQueue (node_modules/react/cjs/react.development.js:590:34)
      at node_modules/react/cjs/react.development.js:847:21

  console.warn
    The width(-1) and height(-1) of chart should be greater than 0,
           please check the style of container, or the props width(100%) and height(100%),
           or add a minWidth(0) or minHeight(undefined) or use aspect(undefined) to control the
           height and width.

      at warn (node_modules/recharts/lib/util/LogUtils.js:22:17)
      at node_modules/recharts/lib/component/ResponsiveContainer.js:144:22
      at Object.react_stack_bottom_frame (node_modules/react-dom/cjs/react-dom-client.development.js:25904:20)
      at renderWithHooks (node_modules/react-dom/cjs/react-dom-client.development.js:7662:22)
      at updateForwardRef (node_modules/react-dom/cjs/react-dom-client.development.js:9724:19)
      at beginWork (node_modules/react-dom/cjs/react-dom-client.development.js:12117:18)
      at runWithFiberInDEV (node_modules/react-dom/cjs/react-dom-client.development.js:874:13)
      at performUnitOfWork (node_modules/react-dom/cjs/react-dom-client.development.js:17641:22)
      at workLoopSync (node_modules/react-dom/cjs/react-dom-client.development.js:17469:41)
      at renderRootSync (node_modules/react-dom/cjs/react-dom-client.development.js:17450:11)
      at performWorkOnRoot (node_modules/react-dom/cjs/react-dom-client.development.js:16504:11)
      at performWorkOnRootViaSchedulerTask (node_modules/react-dom/cjs/react-dom-client.development.js:18957:7)
      at flushActQueue (node_modules/react/cjs/react.development.js:590:34)
      at node_modules/react/cjs/react.development.js:847:21

  console.warn
    The width(-1) and height(-1) of chart should be greater than 0,
           please check the style of container, or the props width(100%) and height(100%),
           or add a minWidth(0) or minHeight(undefined) or use aspect(undefined) to control the
           height and width.

      at warn (node_modules/recharts/lib/util/LogUtils.js:22:17)
      at node_modules/recharts/lib/component/ResponsiveContainer.js:144:22
      at Object.react_stack_bottom_frame (node_modules/react-dom/cjs/react-dom-client.development.js:25904:20)
      at renderWithHooks (node_modules/react-dom/cjs/react-dom-client.development.js:7662:22)
      at updateForwardRef (node_modules/react-dom/cjs/react-dom-client.development.js:9724:19)
      at beginWork (node_modules/react-dom/cjs/react-dom-client.development.js:12117:18)
      at runWithFiberInDEV (node_modules/react-dom/cjs/react-dom-client.development.js:874:13)
      at performUnitOfWork (node_modules/react-dom/cjs/react-dom-client.development.js:17641:22)
      at workLoopSync (node_modules/react-dom/cjs/react-dom-client.development.js:17469:41)
      at renderRootSync (node_modules/react-dom/cjs/react-dom-client.development.js:17450:11)
      at performWorkOnRoot (node_modules/react-dom/cjs/react-dom-client.development.js:16504:11)
      at performWorkOnRootViaSchedulerTask (node_modules/react-dom/cjs/react-dom-client.development.js:18957:7)
      at flushActQueue (node_modules/react/cjs/react.development.js:590:34)
      at node_modules/react/cjs/react.development.js:847:21

  console.warn
    The width(-1) and height(-1) of chart should be greater than 0,
           please check the style of container, or the props width(100%) and height(100%),
           or add a minWidth(0) or minHeight(undefined) or use aspect(undefined) to control the
           height and width.

      at warn (node_modules/recharts/lib/util/LogUtils.js:22:17)
      at node_modules/recharts/lib/component/ResponsiveContainer.js:144:22
      at Object.react_stack_bottom_frame (node_modules/react-dom/cjs/react-dom-client.development.js:25904:20)
      at renderWithHooks (node_modules/react-dom/cjs/react-dom-client.development.js:7662:22)
      at updateForwardRef (node_modules/react-dom/cjs/react-dom-client.development.js:9724:19)
      at beginWork (node_modules/react-dom/cjs/react-dom-client.development.js:12117:18)
      at runWithFiberInDEV (node_modules/react-dom/cjs/react-dom-client.development.js:874:13)
      at performUnitOfWork (node_modules/react-dom/cjs/react-dom-client.development.js:17641:22)
      at workLoopSync (node_modules/react-dom/cjs/react-dom-client.development.js:17469:41)
      at renderRootSync (node_modules/react-dom/cjs/react-dom-client.development.js:17450:11)
      at performWorkOnRoot (node_modules/react-dom/cjs/react-dom-client.development.js:16504:11)
      at performWorkOnRootViaSchedulerTask (node_modules/react-dom/cjs/react-dom-client.development.js:18957:7)
      at flushActQueue (node_modules/react/cjs/react.development.js:590:34)
      at node_modules/react/cjs/react.development.js:847:21

  console.error
    An update to Recette inside a test was not wrapped in act(...).
    
    When testing, code that causes React state updates should be wrapped into act(...):
    
    act(() => {
      /* fire events that update state */
    });
    /* assert on the output */
    
    This ensures that you're testing the behavior the user would see in the browser. Learn more at https://react.dev/link/wrap-tests-with-act

    [0m [90m 108 |[39m       }))[33m;[39m
     [90m 109 |[39m
    [31m[1m>[22m[39m[90m 110 |[39m       setRecettes(
     [90m     |[39m       [31m[1m^[22m[39m
     [90m 111 |[39m         [[33m...[39mlignesPaiements[33m,[39m [33m...[39mlignesVentes[33m,[39m [33m...[39mlignesSeances][33m.[39msort(
     [90m 112 |[39m           (a[33m,[39m b) [33m=>[39m [36mnew[39m [33mDate[39m(b[33m.[39mdate) [33m-[39m [36mnew[39m [33mDate[39m(a[33m.[39mdate)
     [90m 113 |[39m         )[0m

      at node_modules/react-dom/cjs/react-dom-client.development.js:18758:19
      at runWithFiberInDEV (node_modules/react-dom/cjs/react-dom-client.development.js:874:13)
      at warnIfUpdatesNotWrappedWithActDEV (node_modules/react-dom/cjs/react-dom-client.development.js:18757:9)
      at scheduleUpdateOnFiber (node_modules/react-dom/cjs/react-dom-client.development.js:16409:11)
      at dispatchSetStateInternal (node_modules/react-dom/cjs/react-dom-client.development.js:9170:13)
      at dispatchSetState (node_modules/react-dom/cjs/react-dom-client.development.js:9127:7)
      at setRecettes (src/renderer/pages/Recette.jsx:110:7)

  console.error
    An update to Recette inside a test was not wrapped in act(...).
    
    When testing, code that causes React state updates should be wrapped into act(...):
    
    act(() => {
      /* fire events that update state */
    });
    /* assert on the output */
    
    This ensures that you're testing the behavior the user would see in the browser. Learn more at https://react.dev/link/wrap-tests-with-act

    [0m [90m 116 |[39m       setError([32m"Impossible de charger les recettes."[39m)[33m;[39m
     [90m 117 |[39m     } [36mfinally[39m {
    [31m[1m>[22m[39m[90m 118 |[39m       setLoading([36mfalse[39m)[33m;[39m
     [90m     |[39m       [31m[1m^[22m[39m
     [90m 119 |[39m     }
     [90m 120 |[39m   }[33m;[39m
     [90m 121 |[39m[0m

      at node_modules/react-dom/cjs/react-dom-client.development.js:18758:19
      at runWithFiberInDEV (node_modules/react-dom/cjs/react-dom-client.development.js:874:13)
      at warnIfUpdatesNotWrappedWithActDEV (node_modules/react-dom/cjs/react-dom-client.development.js:18757:9)
      at scheduleUpdateOnFiber (node_modules/react-dom/cjs/react-dom-client.development.js:16409:11)
      at dispatchSetStateInternal (node_modules/react-dom/cjs/react-dom-client.development.js:9170:13)
      at dispatchSetState (node_modules/react-dom/cjs/react-dom-client.development.js:9127:7)
      at setLoading (src/renderer/pages/Recette.jsx:118:7)

  console.warn
    The width(-1) and height(-1) of chart should be greater than 0,
           please check the style of container, or the props width(100%) and height(100%),
           or add a minWidth(0) or minHeight(undefined) or use aspect(undefined) to control the
           height and width.

      at warn (node_modules/recharts/lib/util/LogUtils.js:22:17)
      at node_modules/recharts/lib/component/ResponsiveContainer.js:144:22
      at Object.react_stack_bottom_frame (node_modules/react-dom/cjs/react-dom-client.development.js:25904:20)
      at renderWithHooks (node_modules/react-dom/cjs/react-dom-client.development.js:7662:22)
      at updateForwardRef (node_modules/react-dom/cjs/react-dom-client.development.js:9724:19)
      at beginWork (node_modules/react-dom/cjs/react-dom-client.development.js:12117:18)
      at runWithFiberInDEV (node_modules/react-dom/cjs/react-dom-client.development.js:874:13)
      at performUnitOfWork (node_modules/react-dom/cjs/react-dom-client.development.js:17641:22)
      at workLoopSync (node_modules/react-dom/cjs/react-dom-client.development.js:17469:41)
      at renderRootSync (node_modules/react-dom/cjs/react-dom-client.development.js:17450:11)
      at performWorkOnRoot (node_modules/react-dom/cjs/react-dom-client.development.js:16504:11)
      at performWorkOnRootViaSchedulerTask (node_modules/react-dom/cjs/react-dom-client.development.js:18957:7)
      at flushActQueue (node_modules/react/cjs/react.development.js:590:34)
      at node_modules/react/cjs/react.development.js:847:21

  console.warn
    The width(-1) and height(-1) of chart should be greater than 0,
           please check the style of container, or the props width(100%) and height(100%),
           or add a minWidth(0) or minHeight(undefined) or use aspect(undefined) to control the
           height and width.

      at warn (node_modules/recharts/lib/util/LogUtils.js:22:17)
      at node_modules/recharts/lib/component/ResponsiveContainer.js:144:22
      at Object.react_stack_bottom_frame (node_modules/react-dom/cjs/react-dom-client.development.js:25904:20)
      at renderWithHooks (node_modules/react-dom/cjs/react-dom-client.development.js:7662:22)
      at updateForwardRef (node_modules/react-dom/cjs/react-dom-client.development.js:9724:19)
      at beginWork (node_modules/react-dom/cjs/react-dom-client.development.js:12117:18)
      at runWithFiberInDEV (node_modules/react-dom/cjs/react-dom-client.development.js:874:13)
      at performUnitOfWork (node_modules/react-dom/cjs/react-dom-client.development.js:17641:22)
      at workLoopSync (node_modules/react-dom/cjs/react-dom-client.development.js:17469:41)
      at renderRootSync (node_modules/react-dom/cjs/react-dom-client.development.js:17450:11)
      at performWorkOnRoot (node_modules/react-dom/cjs/react-dom-client.development.js:16504:11)
      at performWorkOnRootViaSchedulerTask (node_modules/react-dom/cjs/react-dom-client.development.js:18957:7)
      at flushActQueue (node_modules/react/cjs/react.development.js:590:34)
      at node_modules/react/cjs/react.development.js:847:21

  console.error
    Erreur facture PDF: TypeError: doc.line is not a function
        at line (C:\Users\hp\Desktop\Salle-De-Sport\src\renderer\pages\paiment.jsx:212:9)

    [0m [90m 324 |[39m     doc[33m.[39msave([32m`facture_${paiement.id}_${(paiement.nom || 'client').replace(/[^a-zA-Z0-9]/g, '_')}.pdf`[39m)[33m;[39m
     [90m 325 |[39m   } [36mcatch[39m (error) {
    [31m[1m>[22m[39m[90m 326 |[39m     console[33m.[39merror([32m'Erreur facture PDF:'[39m[33m,[39m error)[33m;[39m
     [90m     |[39m             [31m[1m^[22m[39m
     [90m 327 |[39m     alert([32m'Erreur génération facture'[39m)[33m;[39m
     [90m 328 |[39m   }
     [90m 329 |[39m }[33m;[39m[0m

      at error (src/renderer/pages/paiment.jsx:326:13)

  console.error
    Erreur facture PDF: TypeError: doc.line is not a function
        at line (C:\Users\hp\Desktop\Salle-De-Sport\src\renderer\pages\paiment.jsx:212:9)

    [0m [90m 324 |[39m     doc[33m.[39msave([32m`facture_${paiement.id}_${(paiement.nom || 'client').replace(/[^a-zA-Z0-9]/g, '_')}.pdf`[39m)[33m;[39m
     [90m 325 |[39m   } [36mcatch[39m (error) {
    [31m[1m>[22m[39m[90m 326 |[39m     console[33m.[39merror([32m'Erreur facture PDF:'[39m[33m,[39m error)[33m;[39m
     [90m     |[39m             [31m[1m^[22m[39m
     [90m 327 |[39m     alert([32m'Erreur génération facture'[39m)[33m;[39m
     [90m 328 |[39m   }
     [90m 329 |[39m }[33m;[39m[0m

      at error (src/renderer/pages/paiment.jsx:326:13)

  console.error
    Erreur facture PDF: TypeError: doc.line is not a function
        at line (C:\Users\hp\Desktop\Salle-De-Sport\src\renderer\pages\paiment.jsx:212:9)

    [0m [90m 324 |[39m     doc[33m.[39msave([32m`facture_${paiement.id}_${(paiement.nom || 'client').replace(/[^a-zA-Z0-9]/g, '_')}.pdf`[39m)[33m;[39m
     [90m 325 |[39m   } [36mcatch[39m (error) {
    [31m[1m>[22m[39m[90m 326 |[39m     console[33m.[39merror([32m'Erreur facture PDF:'[39m[33m,[39m error)[33m;[39m
     [90m     |[39m             [31m[1m^[22m[39m
     [90m 327 |[39m     alert([32m'Erreur génération facture'[39m)[33m;[39m
     [90m 328 |[39m   }
     [90m 329 |[39m }[33m;[39m[0m

      at error (src/renderer/pages/paiment.jsx:326:13)

  console.warn
    The width(-1) and height(-1) of chart should be greater than 0,
           please check the style of container, or the props width(100%) and height(100%),
           or add a minWidth(0) or minHeight(undefined) or use aspect(undefined) to control the
           height and width.

      at warn (node_modules/recharts/lib/util/LogUtils.js:22:17)
      at node_modules/recharts/lib/component/ResponsiveContainer.js:144:22
      at Object.react_stack_bottom_frame (node_modules/react-dom/cjs/react-dom-client.development.js:25904:20)
      at renderWithHooks (node_modules/react-dom/cjs/react-dom-client.development.js:7662:22)
      at updateForwardRef (node_modules/react-dom/cjs/react-dom-client.development.js:9724:19)
      at beginWork (node_modules/react-dom/cjs/react-dom-client.development.js:12117:18)
      at runWithFiberInDEV (node_modules/react-dom/cjs/react-dom-client.development.js:874:13)
      at performUnitOfWork (node_modules/react-dom/cjs/react-dom-client.development.js:17641:22)
      at workLoopSync (node_modules/react-dom/cjs/react-dom-client.development.js:17469:41)
      at renderRootSync (node_modules/react-dom/cjs/react-dom-client.development.js:17450:11)
      at performWorkOnRoot (node_modules/react-dom/cjs/react-dom-client.development.js:16504:11)
      at performWorkOnRootViaSchedulerTask (node_modules/react-dom/cjs/react-dom-client.development.js:18957:7)
      at flushActQueue (node_modules/react/cjs/react.development.js:590:34)
      at node_modules/react/cjs/react.development.js:847:21

  console.error
    Erreur facture PDF: TypeError: doc.line is not a function
        at line (C:\Users\hp\Desktop\Salle-De-Sport\src\renderer\pages\paiment.jsx:212:9)

    [0m [90m 324 |[39m     doc[33m.[39msave([32m`facture_${paiement.id}_${(paiement.nom || 'client').replace(/[^a-zA-Z0-9]/g, '_')}.pdf`[39m)[33m;[39m
     [90m 325 |[39m   } [36mcatch[39m (error) {
    [31m[1m>[22m[39m[90m 326 |[39m     console[33m.[39merror([32m'Erreur facture PDF:'[39m[33m,[39m error)[33m;[39m
     [90m     |[39m             [31m[1m^[22m[39m
     [90m 327 |[39m     alert([32m'Erreur génération facture'[39m)[33m;[39m
     [90m 328 |[39m   }
     [90m 329 |[39m }[33m;[39m[0m

      at error (src/renderer/pages/paiment.jsx:326:13)

  console.warn
    The width(-1) and height(-1) of chart should be greater than 0,
           please check the style of container, or the props width(100%) and height(100%),
           or add a minWidth(0) or minHeight(undefined) or use aspect(undefined) to control the
           height and width.

      at warn (node_modules/recharts/lib/util/LogUtils.js:22:17)
      at node_modules/recharts/lib/component/ResponsiveContainer.js:144:22
      at Object.react_stack_bottom_frame (node_modules/react-dom/cjs/react-dom-client.development.js:25904:20)
      at renderWithHooks (node_modules/react-dom/cjs/react-dom-client.development.js:7662:22)
      at updateForwardRef (node_modules/react-dom/cjs/react-dom-client.development.js:9724:19)
      at beginWork (node_modules/react-dom/cjs/react-dom-client.development.js:12117:18)
      at runWithFiberInDEV (node_modules/react-dom/cjs/react-dom-client.development.js:874:13)
      at performUnitOfWork (node_modules/react-dom/cjs/react-dom-client.development.js:17641:22)
      at workLoopSync (node_modules/react-dom/cjs/react-dom-client.development.js:17469:41)
      at renderRootSync (node_modules/react-dom/cjs/react-dom-client.development.js:17450:11)
      at performWorkOnRoot (node_modules/react-dom/cjs/react-dom-client.development.js:16504:11)
      at performWorkOnRootViaSchedulerTask (node_modules/react-dom/cjs/react-dom-client.development.js:18957:7)
      at flushActQueue (node_modules/react/cjs/react.development.js:590:34)
      at node_modules/react/cjs/react.development.js:847:21

  console.warn
    The width(-1) and height(-1) of chart should be greater than 0,
           please check the style of container, or the props width(100%) and height(100%),
           or add a minWidth(0) or minHeight(undefined) or use aspect(undefined) to control the
           height and width.

      at warn (node_modules/recharts/lib/util/LogUtils.js:22:17)
      at node_modules/recharts/lib/component/ResponsiveContainer.js:144:22
      at Object.react_stack_bottom_frame (node_modules/react-dom/cjs/react-dom-client.development.js:25904:20)
      at renderWithHooks (node_modules/react-dom/cjs/react-dom-client.development.js:7662:22)
      at updateForwardRef (node_modules/react-dom/cjs/react-dom-client.development.js:9724:19)
      at beginWork (node_modules/react-dom/cjs/react-dom-client.development.js:12117:18)
      at runWithFiberInDEV (node_modules/react-dom/cjs/react-dom-client.development.js:874:13)
      at performUnitOfWork (node_modules/react-dom/cjs/react-dom-client.development.js:17641:22)
      at workLoopSync (node_modules/react-dom/cjs/react-dom-client.development.js:17469:41)
      at renderRootSync (node_modules/react-dom/cjs/react-dom-client.development.js:17450:11)
      at performWorkOnRoot (node_modules/react-dom/cjs/react-dom-client.development.js:16504:11)
      at performWorkOnRootViaSchedulerTask (node_modules/react-dom/cjs/react-dom-client.development.js:18957:7)
      at flushActQueue (node_modules/react/cjs/react.development.js:590:34)
      at node_modules/react/cjs/react.development.js:847:21

  console.error
    Error: Crash API
        at Object.<anonymous> (C:\Users\hp\Desktop\Salle-De-Sport\src\__tests__\pages\paiement.test.jsx:299:5)
        at Promise.finally.completed (C:\Users\hp\Desktop\Salle-De-Sport\node_modules\jest-circus\build\jestAdapterInit.js:1557:28)
        at new Promise (<anonymous>)
        at callAsyncCircusFn (C:\Users\hp\Desktop\Salle-De-Sport\node_modules\jest-circus\build\jestAdapterInit.js:1497:10)
        at _callCircusTest (C:\Users\hp\Desktop\Salle-De-Sport\node_modules\jest-circus\build\jestAdapterInit.js:1007:40)
        at _runTest (C:\Users\hp\Desktop\Salle-De-Sport\node_modules\jest-circus\build\jestAdapterInit.js:947:3)
        at C:\Users\hp\Desktop\Salle-De-Sport\node_modules\jest-circus\build\jestAdapterInit.js:849:7
        at _runTestsForDescribeBlock (C:\Users\hp\Desktop\Salle-De-Sport\node_modules\jest-circus\build\jestAdapterInit.js:862:11)
        at _runTestsForDescribeBlock (C:\Users\hp\Desktop\Salle-De-Sport\node_modules\jest-circus\build\jestAdapterInit.js:857:11)
        at _runTestsForDescribeBlock (C:\Users\hp\Desktop\Salle-De-Sport\node_modules\jest-circus\build\jestAdapterInit.js:857:11)
        at run (C:\Users\hp\Desktop\Salle-De-Sport\node_modules\jest-circus\build\jestAdapterInit.js:761:3)
        at runAndTransformResultsToJestFormat (C:\Users\hp\Desktop\Salle-De-Sport\node_modules\jest-circus\build\jestAdapterInit.js:1918:21)
        at jestAdapter (C:\Users\hp\Desktop\Salle-De-Sport\node_modules\jest-circus\build\runner.js:101:19)
        at runTestInternal (C:\Users\hp\Desktop\Salle-De-Sport\node_modules\jest-runner\build\testWorker.js:275:16)
        at runTest (C:\Users\hp\Desktop\Salle-De-Sport\node_modules\jest-runner\build\testWorker.js:343:7)
        at Object.worker (C:\Users\hp\Desktop\Salle-De-Sport\node_modules\jest-runner\build\testWorker.js:497:12)

    [0m [90m 407 |[39m       }
     [90m 408 |[39m     } [36mcatch[39m (err) {
    [31m[1m>[22m[39m[90m 409 |[39m       console[33m.[39merror(err)[33m;[39m
     [90m     |[39m               [31m[1m^[22m[39m
     [90m 410 |[39m       alert([32m"Erreur de communication."[39m)[33m;[39m
     [90m 411 |[39m     }
     [90m 412 |[39m   }[33m;[39m[0m

      at error (src/renderer/pages/paiment.jsx:409:15)

  console.warn
    The width(-1) and height(-1) of chart should be greater than 0,
           please check the style of container, or the props width(100%) and height(100%),
           or add a minWidth(0) or minHeight(undefined) or use aspect(undefined) to control the
           height and width.

      at warn (node_modules/recharts/lib/util/LogUtils.js:22:17)
      at node_modules/recharts/lib/component/ResponsiveContainer.js:144:22
      at Object.react_stack_bottom_frame (node_modules/react-dom/cjs/react-dom-client.development.js:25904:20)
      at renderWithHooks (node_modules/react-dom/cjs/react-dom-client.development.js:7662:22)
      at updateForwardRef (node_modules/react-dom/cjs/react-dom-client.development.js:9724:19)
      at beginWork (node_modules/react-dom/cjs/react-dom-client.development.js:12117:18)
      at runWithFiberInDEV (node_modules/react-dom/cjs/react-dom-client.development.js:874:13)
      at performUnitOfWork (node_modules/react-dom/cjs/react-dom-client.development.js:17641:22)
      at workLoopSync (node_modules/react-dom/cjs/react-dom-client.development.js:17469:41)
      at renderRootSync (node_modules/react-dom/cjs/react-dom-client.development.js:17450:11)
      at performWorkOnRoot (node_modules/react-dom/cjs/react-dom-client.development.js:16504:11)
      at performWorkOnRootViaSchedulerTask (node_modules/react-dom/cjs/react-dom-client.development.js:18957:7)
      at flushActQueue (node_modules/react/cjs/react.development.js:590:34)
      at node_modules/react/cjs/react.development.js:847:21

  console.warn
    The width(-1) and height(-1) of chart should be greater than 0,
           please check the style of container, or the props width(100%) and height(100%),
           or add a minWidth(0) or minHeight(undefined) or use aspect(undefined) to control the
           height and width.

      at warn (node_modules/recharts/lib/util/LogUtils.js:22:17)
      at node_modules/recharts/lib/component/ResponsiveContainer.js:144:22
      at Object.react_stack_bottom_frame (node_modules/react-dom/cjs/react-dom-client.development.js:25904:20)
      at renderWithHooks (node_modules/react-dom/cjs/react-dom-client.development.js:7662:22)
      at updateForwardRef (node_modules/react-dom/cjs/react-dom-client.development.js:9724:19)
      at beginWork (node_modules/react-dom/cjs/react-dom-client.development.js:12117:18)
      at runWithFiberInDEV (node_modules/react-dom/cjs/react-dom-client.development.js:874:13)
      at performUnitOfWork (node_modules/react-dom/cjs/react-dom-client.development.js:17641:22)
      at workLoopSync (node_modules/react-dom/cjs/react-dom-client.development.js:17469:41)
      at renderRootSync (node_modules/react-dom/cjs/react-dom-client.development.js:17450:11)
      at performWorkOnRoot (node_modules/react-dom/cjs/react-dom-client.development.js:16504:11)
      at performWorkOnRootViaSchedulerTask (node_modules/react-dom/cjs/react-dom-client.development.js:18957:7)
      at flushActQueue (node_modules/react/cjs/react.development.js:590:34)
      at node_modules/react/cjs/react.development.js:847:21

  console.warn
    The width(-1) and height(-1) of chart should be greater than 0,
           please check the style of container, or the props width(100%) and height(100%),
           or add a minWidth(0) or minHeight(undefined) or use aspect(undefined) to control the
           height and width.

      at warn (node_modules/recharts/lib/util/LogUtils.js:22:17)
      at node_modules/recharts/lib/component/ResponsiveContainer.js:144:22
      at Object.react_stack_bottom_frame (node_modules/react-dom/cjs/react-dom-client.development.js:25904:20)
      at renderWithHooks (node_modules/react-dom/cjs/react-dom-client.development.js:7662:22)
      at updateForwardRef (node_modules/react-dom/cjs/react-dom-client.development.js:9724:19)
      at beginWork (node_modules/react-dom/cjs/react-dom-client.development.js:12117:18)
      at runWithFiberInDEV (node_modules/react-dom/cjs/react-dom-client.development.js:874:13)
      at performUnitOfWork (node_modules/react-dom/cjs/react-dom-client.development.js:17641:22)
      at workLoopSync (node_modules/react-dom/cjs/react-dom-client.development.js:17469:41)
      at renderRootSync (node_modules/react-dom/cjs/react-dom-client.development.js:17450:11)
      at performWorkOnRoot (node_modules/react-dom/cjs/react-dom-client.development.js:16504:11)
      at performWorkOnRootViaSchedulerTask (node_modules/react-dom/cjs/react-dom-client.development.js:18957:7)
      at flushActQueue (node_modules/react/cjs/react.development.js:590:34)
      at node_modules/react/cjs/react.development.js:847:21

  console.warn
    The width(-1) and height(-1) of chart should be greater than 0,
           please check the style of container, or the props width(100%) and height(100%),
           or add a minWidth(0) or minHeight(undefined) or use aspect(undefined) to control the
           height and width.

      at warn (node_modules/recharts/lib/util/LogUtils.js:22:17)
      at node_modules/recharts/lib/component/ResponsiveContainer.js:144:22
      at Object.react_stack_bottom_frame (node_modules/react-dom/cjs/react-dom-client.development.js:25904:20)
      at renderWithHooks (node_modules/react-dom/cjs/react-dom-client.development.js:7662:22)
      at updateForwardRef (node_modules/react-dom/cjs/react-dom-client.development.js:9724:19)
      at beginWork (node_modules/react-dom/cjs/react-dom-client.development.js:12117:18)
      at runWithFiberInDEV (node_modules/react-dom/cjs/react-dom-client.development.js:874:13)
      at performUnitOfWork (node_modules/react-dom/cjs/react-dom-client.development.js:17641:22)
      at workLoopSync (node_modules/react-dom/cjs/react-dom-client.development.js:17469:41)
      at renderRootSync (node_modules/react-dom/cjs/react-dom-client.development.js:17450:11)
      at performWorkOnRoot (node_modules/react-dom/cjs/react-dom-client.development.js:16504:11)
      at performWorkOnRootViaSchedulerTask (node_modules/react-dom/cjs/react-dom-client.development.js:18957:7)
      at flushActQueue (node_modules/react/cjs/react.development.js:590:34)
      at node_modules/react/cjs/react.development.js:847:21

  console.warn
    The width(-1) and height(-1) of chart should be greater than 0,
           please check the style of container, or the props width(100%) and height(100%),
           or add a minWidth(0) or minHeight(undefined) or use aspect(undefined) to control the
           height and width.

      at warn (node_modules/recharts/lib/util/LogUtils.js:22:17)
      at node_modules/recharts/lib/component/ResponsiveContainer.js:144:22
      at Object.react_stack_bottom_frame (node_modules/react-dom/cjs/react-dom-client.development.js:25904:20)
      at renderWithHooks (node_modules/react-dom/cjs/react-dom-client.development.js:7662:22)
      at updateForwardRef (node_modules/react-dom/cjs/react-dom-client.development.js:9724:19)
      at beginWork (node_modules/react-dom/cjs/react-dom-client.development.js:12117:18)
      at runWithFiberInDEV (node_modules/react-dom/cjs/react-dom-client.development.js:874:13)
      at performUnitOfWork (node_modules/react-dom/cjs/react-dom-client.development.js:17641:22)
      at workLoopSync (node_modules/react-dom/cjs/react-dom-client.development.js:17469:41)
      at renderRootSync (node_modules/react-dom/cjs/react-dom-client.development.js:17450:11)
      at performWorkOnRoot (node_modules/react-dom/cjs/react-dom-client.development.js:16504:11)
      at performWorkOnRootViaSchedulerTask (node_modules/react-dom/cjs/react-dom-client.development.js:18957:7)
      at flushActQueue (node_modules/react/cjs/react.development.js:590:34)
      at node_modules/react/cjs/react.development.js:847:21

  console.warn
    The width(-1) and height(-1) of chart should be greater than 0,
           please check the style of container, or the props width(100%) and height(100%),
           or add a minWidth(0) or minHeight(undefined) or use aspect(undefined) to control the
           height and width.

      at warn (node_modules/recharts/lib/util/LogUtils.js:22:17)
      at node_modules/recharts/lib/component/ResponsiveContainer.js:144:22
      at Object.react_stack_bottom_frame (node_modules/react-dom/cjs/react-dom-client.development.js:25904:20)
      at renderWithHooks (node_modules/react-dom/cjs/react-dom-client.development.js:7662:22)
      at updateForwardRef (node_modules/react-dom/cjs/react-dom-client.development.js:9724:19)
      at beginWork (node_modules/react-dom/cjs/react-dom-client.development.js:12117:18)
      at runWithFiberInDEV (node_modules/react-dom/cjs/react-dom-client.development.js:874:13)
      at performUnitOfWork (node_modules/react-dom/cjs/react-dom-client.development.js:17641:22)
      at workLoopSync (node_modules/react-dom/cjs/react-dom-client.development.js:17469:41)
      at renderRootSync (node_modules/react-dom/cjs/react-dom-client.development.js:17450:11)
      at performWorkOnRoot (node_modules/react-dom/cjs/react-dom-client.development.js:16504:11)
      at performWorkOnRootViaSchedulerTask (node_modules/react-dom/cjs/react-dom-client.development.js:18957:7)
      at flushActQueue (node_modules/react/cjs/react.development.js:590:34)
      at node_modules/react/cjs/react.development.js:847:21

  console.warn
    The width(-1) and height(-1) of chart should be greater than 0,
           please check the style of container, or the props width(100%) and height(100%),
           or add a minWidth(0) or minHeight(undefined) or use aspect(undefined) to control the
           height and width.

      at warn (node_modules/recharts/lib/util/LogUtils.js:22:17)
      at node_modules/recharts/lib/component/ResponsiveContainer.js:144:22
      at Object.react_stack_bottom_frame (node_modules/react-dom/cjs/react-dom-client.development.js:25904:20)
      at renderWithHooks (node_modules/react-dom/cjs/react-dom-client.development.js:7662:22)
      at updateForwardRef (node_modules/react-dom/cjs/react-dom-client.development.js:9724:19)
      at beginWork (node_modules/react-dom/cjs/react-dom-client.development.js:12117:18)
      at runWithFiberInDEV (node_modules/react-dom/cjs/react-dom-client.development.js:874:13)
      at performUnitOfWork (node_modules/react-dom/cjs/react-dom-client.development.js:17641:22)
      at workLoopSync (node_modules/react-dom/cjs/react-dom-client.development.js:17469:41)
      at renderRootSync (node_modules/react-dom/cjs/react-dom-client.development.js:17450:11)
      at performWorkOnRoot (node_modules/react-dom/cjs/react-dom-client.development.js:16504:11)
      at performWorkOnRootViaSchedulerTask (node_modules/react-dom/cjs/react-dom-client.development.js:18957:7)
      at flushActQueue (node_modules/react/cjs/react.development.js:590:34)
      at node_modules/react/cjs/react.development.js:847:21

  console.warn
    The width(-1) and height(-1) of chart should be greater than 0,
           please check the style of container, or the props width(100%) and height(100%),
           or add a minWidth(0) or minHeight(undefined) or use aspect(undefined) to control the
           height and width.

      at warn (node_modules/recharts/lib/util/LogUtils.js:22:17)
      at node_modules/recharts/lib/component/ResponsiveContainer.js:144:22
      at Object.react_stack_bottom_frame (node_modules/react-dom/cjs/react-dom-client.development.js:25904:20)
      at renderWithHooks (node_modules/react-dom/cjs/react-dom-client.development.js:7662:22)
      at updateForwardRef (node_modules/react-dom/cjs/react-dom-client.development.js:9724:19)
      at beginWork (node_modules/react-dom/cjs/react-dom-client.development.js:12117:18)
      at runWithFiberInDEV (node_modules/react-dom/cjs/react-dom-client.development.js:874:13)
      at performUnitOfWork (node_modules/react-dom/cjs/react-dom-client.development.js:17641:22)
      at workLoopSync (node_modules/react-dom/cjs/react-dom-client.development.js:17469:41)
      at renderRootSync (node_modules/react-dom/cjs/react-dom-client.development.js:17450:11)
      at performWorkOnRoot (node_modules/react-dom/cjs/react-dom-client.development.js:16504:11)
      at performWorkOnRootViaSchedulerTask (node_modules/react-dom/cjs/react-dom-client.development.js:18957:7)
      at flushActQueue (node_modules/react/cjs/react.development.js:590:34)
      at node_modules/react/cjs/react.development.js:847:21

  console.warn
    The width(-1) and height(-1) of chart should be greater than 0,
           please check the style of container, or the props width(100%) and height(100%),
           or add a minWidth(0) or minHeight(undefined) or use aspect(undefined) to control the
           height and width.

      at warn (node_modules/recharts/lib/util/LogUtils.js:22:17)
      at node_modules/recharts/lib/component/ResponsiveContainer.js:144:22
      at Object.react_stack_bottom_frame (node_modules/react-dom/cjs/react-dom-client.development.js:25904:20)
      at renderWithHooks (node_modules/react-dom/cjs/react-dom-client.development.js:7662:22)
      at updateForwardRef (node_modules/react-dom/cjs/react-dom-client.development.js:9724:19)
      at beginWork (node_modules/react-dom/cjs/react-dom-client.development.js:12117:18)
      at runWithFiberInDEV (node_modules/react-dom/cjs/react-dom-client.development.js:874:13)
      at performUnitOfWork (node_modules/react-dom/cjs/react-dom-client.development.js:17641:22)
      at workLoopSync (node_modules/react-dom/cjs/react-dom-client.development.js:17469:41)
      at renderRootSync (node_modules/react-dom/cjs/react-dom-client.development.js:17450:11)
      at performWorkOnRoot (node_modules/react-dom/cjs/react-dom-client.development.js:16504:11)
      at performWorkOnRootViaSchedulerTask (node_modules/react-dom/cjs/react-dom-client.development.js:18957:7)
      at flushActQueue (node_modules/react/cjs/react.development.js:590:34)
      at node_modules/react/cjs/react.development.js:847:21

  console.warn
    The width(-1) and height(-1) of chart should be greater than 0,
           please check the style of container, or the props width(100%) and height(100%),
           or add a minWidth(0) or minHeight(undefined) or use aspect(undefined) to control the
           height and width.

      at warn (node_modules/recharts/lib/util/LogUtils.js:22:17)
      at node_modules/recharts/lib/component/ResponsiveContainer.js:144:22
      at Object.react_stack_bottom_frame (node_modules/react-dom/cjs/react-dom-client.development.js:25904:20)
      at renderWithHooks (node_modules/react-dom/cjs/react-dom-client.development.js:7662:22)
      at updateForwardRef (node_modules/react-dom/cjs/react-dom-client.development.js:9724:19)
      at beginWork (node_modules/react-dom/cjs/react-dom-client.development.js:12117:18)
      at runWithFiberInDEV (node_modules/react-dom/cjs/react-dom-client.development.js:874:13)
      at performUnitOfWork (node_modules/react-dom/cjs/react-dom-client.development.js:17641:22)
      at workLoopSync (node_modules/react-dom/cjs/react-dom-client.development.js:17469:41)
      at renderRootSync (node_modules/react-dom/cjs/react-dom-client.development.js:17450:11)
      at performWorkOnRoot (node_modules/react-dom/cjs/react-dom-client.development.js:16504:11)
      at performWorkOnRootViaSchedulerTask (node_modules/react-dom/cjs/react-dom-client.development.js:18957:7)
      at flushActQueue (node_modules/react/cjs/react.development.js:590:34)
      at node_modules/react/cjs/react.development.js:847:21

  console.warn
    The width(-1) and height(-1) of chart should be greater than 0,
           please check the style of container, or the props width(100%) and height(100%),
           or add a minWidth(0) or minHeight(undefined) or use aspect(undefined) to control the
           height and width.

      at warn (node_modules/recharts/lib/util/LogUtils.js:22:17)
      at node_modules/recharts/lib/component/ResponsiveContainer.js:144:22
      at Object.react_stack_bottom_frame (node_modules/react-dom/cjs/react-dom-client.development.js:25904:20)
      at renderWithHooks (node_modules/react-dom/cjs/react-dom-client.development.js:7662:22)
      at updateForwardRef (node_modules/react-dom/cjs/react-dom-client.development.js:9724:19)
      at beginWork (node_modules/react-dom/cjs/react-dom-client.development.js:12117:18)
      at runWithFiberInDEV (node_modules/react-dom/cjs/react-dom-client.development.js:874:13)
      at performUnitOfWork (node_modules/react-dom/cjs/react-dom-client.development.js:17641:22)
      at workLoopSync (node_modules/react-dom/cjs/react-dom-client.development.js:17469:41)
      at renderRootSync (node_modules/react-dom/cjs/react-dom-client.development.js:17450:11)
      at performWorkOnRoot (node_modules/react-dom/cjs/react-dom-client.development.js:16504:11)
      at performWorkOnRootViaSchedulerTask (node_modules/react-dom/cjs/react-dom-client.development.js:18957:7)
      at flushActQueue (node_modules/react/cjs/react.development.js:590:34)
      at node_modules/react/cjs/react.development.js:847:21

  console.warn
    The width(-1) and height(-1) of chart should be greater than 0,
           please check the style of container, or the props width(100%) and height(100%),
           or add a minWidth(0) or minHeight(undefined) or use aspect(undefined) to control the
           height and width.

      at warn (node_modules/recharts/lib/util/LogUtils.js:22:17)
      at node_modules/recharts/lib/component/ResponsiveContainer.js:144:22
      at Object.react_stack_bottom_frame (node_modules/react-dom/cjs/react-dom-client.development.js:25904:20)
      at renderWithHooks (node_modules/react-dom/cjs/react-dom-client.development.js:7662:22)
      at updateForwardRef (node_modules/react-dom/cjs/react-dom-client.development.js:9724:19)
      at beginWork (node_modules/react-dom/cjs/react-dom-client.development.js:12117:18)
      at runWithFiberInDEV (node_modules/react-dom/cjs/react-dom-client.development.js:874:13)
      at performUnitOfWork (node_modules/react-dom/cjs/react-dom-client.development.js:17641:22)
      at workLoopSync (node_modules/react-dom/cjs/react-dom-client.development.js:17469:41)
      at renderRootSync (node_modules/react-dom/cjs/react-dom-client.development.js:17450:11)
      at performWorkOnRoot (node_modules/react-dom/cjs/react-dom-client.development.js:16504:11)
      at performWorkOnRootViaSchedulerTask (node_modules/react-dom/cjs/react-dom-client.development.js:18957:7)
      at flushActQueue (node_modules/react/cjs/react.development.js:590:34)
      at node_modules/react/cjs/react.development.js:847:21

  console.warn
    The width(-1) and height(-1) of chart should be greater than 0,
           please check the style of container, or the props width(100%) and height(100%),
           or add a minWidth(0) or minHeight(undefined) or use aspect(undefined) to control the
           height and width.

      at warn (node_modules/recharts/lib/util/LogUtils.js:22:17)
      at node_modules/recharts/lib/component/ResponsiveContainer.js:144:22
      at Object.react_stack_bottom_frame (node_modules/react-dom/cjs/react-dom-client.development.js:25904:20)
      at renderWithHooks (node_modules/react-dom/cjs/react-dom-client.development.js:7662:22)
      at updateForwardRef (node_modules/react-dom/cjs/react-dom-client.development.js:9724:19)
      at beginWork (node_modules/react-dom/cjs/react-dom-client.development.js:12117:18)
      at runWithFiberInDEV (node_modules/react-dom/cjs/react-dom-client.development.js:874:13)
      at performUnitOfWork (node_modules/react-dom/cjs/react-dom-client.development.js:17641:22)
      at workLoopSync (node_modules/react-dom/cjs/react-dom-client.development.js:17469:41)
      at renderRootSync (node_modules/react-dom/cjs/react-dom-client.development.js:17450:11)
      at performWorkOnRoot (node_modules/react-dom/cjs/react-dom-client.development.js:16504:11)
      at performWorkOnRootViaSchedulerTask (node_modules/react-dom/cjs/react-dom-client.development.js:18957:7)
      at flushActQueue (node_modules/react/cjs/react.development.js:590:34)
      at node_modules/react/cjs/react.development.js:847:21

  console.warn
    The width(-1) and height(-1) of chart should be greater than 0,
           please check the style of container, or the props width(100%) and height(100%),
           or add a minWidth(0) or minHeight(undefined) or use aspect(undefined) to control the
           height and width.

      at warn (node_modules/recharts/lib/util/LogUtils.js:22:17)
      at node_modules/recharts/lib/component/ResponsiveContainer.js:144:22
      at Object.react_stack_bottom_frame (node_modules/react-dom/cjs/react-dom-client.development.js:25904:20)
      at renderWithHooks (node_modules/react-dom/cjs/react-dom-client.development.js:7662:22)
      at updateForwardRef (node_modules/react-dom/cjs/react-dom-client.development.js:9724:19)
      at beginWork (node_modules/react-dom/cjs/react-dom-client.development.js:12117:18)
      at runWithFiberInDEV (node_modules/react-dom/cjs/react-dom-client.development.js:874:13)
      at performUnitOfWork (node_modules/react-dom/cjs/react-dom-client.development.js:17641:22)
      at workLoopSync (node_modules/react-dom/cjs/react-dom-client.development.js:17469:41)
      at renderRootSync (node_modules/react-dom/cjs/react-dom-client.development.js:17450:11)
      at performWorkOnRoot (node_modules/react-dom/cjs/react-dom-client.development.js:16504:11)
      at performWorkOnRootViaSchedulerTask (node_modules/react-dom/cjs/react-dom-client.development.js:18957:7)
      at flushActQueue (node_modules/react/cjs/react.development.js:590:34)
      at node_modules/react/cjs/react.development.js:847:21

  console.warn
    The width(-1) and height(-1) of chart should be greater than 0,
           please check the style of container, or the props width(100%) and height(100%),
           or add a minWidth(0) or minHeight(undefined) or use aspect(undefined) to control the
           height and width.

      at warn (node_modules/recharts/lib/util/LogUtils.js:22:17)
      at node_modules/recharts/lib/component/ResponsiveContainer.js:144:22
      at Object.react_stack_bottom_frame (node_modules/react-dom/cjs/react-dom-client.development.js:25904:20)
      at renderWithHooks (node_modules/react-dom/cjs/react-dom-client.development.js:7662:22)
      at updateForwardRef (node_modules/react-dom/cjs/react-dom-client.development.js:9724:19)
      at beginWork (node_modules/react-dom/cjs/react-dom-client.development.js:12117:18)
      at runWithFiberInDEV (node_modules/react-dom/cjs/react-dom-client.development.js:874:13)
      at performUnitOfWork (node_modules/react-dom/cjs/react-dom-client.development.js:17641:22)
      at workLoopSync (node_modules/react-dom/cjs/react-dom-client.development.js:17469:41)
      at renderRootSync (node_modules/react-dom/cjs/react-dom-client.development.js:17450:11)
      at performWorkOnRoot (node_modules/react-dom/cjs/react-dom-client.development.js:16504:11)
      at performWorkOnRootViaSchedulerTask (node_modules/react-dom/cjs/react-dom-client.development.js:18957:7)
      at flushActQueue (node_modules/react/cjs/react.development.js:590:34)
      at node_modules/react/cjs/react.development.js:847:21

  console.warn
    The width(-1) and height(-1) of chart should be greater than 0,
           please check the style of container, or the props width(100%) and height(100%),
           or add a minWidth(0) or minHeight(undefined) or use aspect(undefined) to control the
           height and width.

      at warn (node_modules/recharts/lib/util/LogUtils.js:22:17)
      at node_modules/recharts/lib/component/ResponsiveContainer.js:144:22
      at Object.react_stack_bottom_frame (node_modules/react-dom/cjs/react-dom-client.development.js:25904:20)
      at renderWithHooks (node_modules/react-dom/cjs/react-dom-client.development.js:7662:22)
      at updateForwardRef (node_modules/react-dom/cjs/react-dom-client.development.js:9724:19)
      at beginWork (node_modules/react-dom/cjs/react-dom-client.development.js:12117:18)
      at runWithFiberInDEV (node_modules/react-dom/cjs/react-dom-client.development.js:874:13)
      at performUnitOfWork (node_modules/react-dom/cjs/react-dom-client.development.js:17641:22)
      at workLoopSync (node_modules/react-dom/cjs/react-dom-client.development.js:17469:41)
      at renderRootSync (node_modules/react-dom/cjs/react-dom-client.development.js:17450:11)
      at performWorkOnRoot (node_modules/react-dom/cjs/react-dom-client.development.js:16504:11)
      at performWorkOnRootViaSchedulerTask (node_modules/react-dom/cjs/react-dom-client.development.js:18957:7)
      at flushActQueue (node_modules/react/cjs/react.development.js:590:34)
      at node_modules/react/cjs/react.development.js:847:21

  console.warn
    The width(-1) and height(-1) of chart should be greater than 0,
           please check the style of container, or the props width(100%) and height(100%),
           or add a minWidth(0) or minHeight(undefined) or use aspect(undefined) to control the
           height and width.

      at warn (node_modules/recharts/lib/util/LogUtils.js:22:17)
      at node_modules/recharts/lib/component/ResponsiveContainer.js:144:22
      at Object.react_stack_bottom_frame (node_modules/react-dom/cjs/react-dom-client.development.js:25904:20)
      at renderWithHooks (node_modules/react-dom/cjs/react-dom-client.development.js:7662:22)
      at updateForwardRef (node_modules/react-dom/cjs/react-dom-client.development.js:9724:19)
      at beginWork (node_modules/react-dom/cjs/react-dom-client.development.js:12117:18)
      at runWithFiberInDEV (node_modules/react-dom/cjs/react-dom-client.development.js:874:13)
      at performUnitOfWork (node_modules/react-dom/cjs/react-dom-client.development.js:17641:22)
      at workLoopSync (node_modules/react-dom/cjs/react-dom-client.development.js:17469:41)
      at renderRootSync (node_modules/react-dom/cjs/react-dom-client.development.js:17450:11)
      at performWorkOnRoot (node_modules/react-dom/cjs/react-dom-client.development.js:16504:11)
      at performWorkOnRootViaSchedulerTask (node_modules/react-dom/cjs/react-dom-client.development.js:18957:7)
      at flushActQueue (node_modules/react/cjs/react.development.js:590:34)
      at node_modules/react/cjs/react.development.js:847:21

  console.warn
    The width(-1) and height(-1) of chart should be greater than 0,
           please check the style of container, or the props width(100%) and height(100%),
           or add a minWidth(0) or minHeight(undefined) or use aspect(undefined) to control the
           height and width.

      at warn (node_modules/recharts/lib/util/LogUtils.js:22:17)
      at node_modules/recharts/lib/component/ResponsiveContainer.js:144:22
      at Object.react_stack_bottom_frame (node_modules/react-dom/cjs/react-dom-client.development.js:25904:20)
      at renderWithHooks (node_modules/react-dom/cjs/react-dom-client.development.js:7662:22)
      at updateForwardRef (node_modules/react-dom/cjs/react-dom-client.development.js:9724:19)
      at beginWork (node_modules/react-dom/cjs/react-dom-client.development.js:12117:18)
      at runWithFiberInDEV (node_modules/react-dom/cjs/react-dom-client.development.js:874:13)
      at performUnitOfWork (node_modules/react-dom/cjs/react-dom-client.development.js:17641:22)
      at workLoopSync (node_modules/react-dom/cjs/react-dom-client.development.js:17469:41)
      at renderRootSync (node_modules/react-dom/cjs/react-dom-client.development.js:17450:11)
      at performWorkOnRoot (node_modules/react-dom/cjs/react-dom-client.development.js:16504:11)
      at performWorkOnRootViaSchedulerTask (node_modules/react-dom/cjs/react-dom-client.development.js:18957:7)
      at flushActQueue (node_modules/react/cjs/react.development.js:590:34)
      at node_modules/react/cjs/react.development.js:847:21

  console.error
    Error: Crash
        at Object.<anonymous> (C:\Users\hp\Desktop\Salle-De-Sport\src\__tests__\pages\paiement.test.jsx:406:44)
        at Promise.finally.completed (C:\Users\hp\Desktop\Salle-De-Sport\node_modules\jest-circus\build\jestAdapterInit.js:1557:28)
        at new Promise (<anonymous>)
        at callAsyncCircusFn (C:\Users\hp\Desktop\Salle-De-Sport\node_modules\jest-circus\build\jestAdapterInit.js:1497:10)
        at _callCircusTest (C:\Users\hp\Desktop\Salle-De-Sport\node_modules\jest-circus\build\jestAdapterInit.js:1007:40)
        at _runTest (C:\Users\hp\Desktop\Salle-De-Sport\node_modules\jest-circus\build\jestAdapterInit.js:947:3)
        at C:\Users\hp\Desktop\Salle-De-Sport\node_modules\jest-circus\build\jestAdapterInit.js:849:7
        at _runTestsForDescribeBlock (C:\Users\hp\Desktop\Salle-De-Sport\node_modules\jest-circus\build\jestAdapterInit.js:862:11)
        at _runTestsForDescribeBlock (C:\Users\hp\Desktop\Salle-De-Sport\node_modules\jest-circus\build\jestAdapterInit.js:857:11)
        at _runTestsForDescribeBlock (C:\Users\hp\Desktop\Salle-De-Sport\node_modules\jest-circus\build\jestAdapterInit.js:857:11)
        at run (C:\Users\hp\Desktop\Salle-De-Sport\node_modules\jest-circus\build\jestAdapterInit.js:761:3)
        at runAndTransformResultsToJestFormat (C:\Users\hp\Desktop\Salle-De-Sport\node_modules\jest-circus\build\jestAdapterInit.js:1918:21)
        at jestAdapter (C:\Users\hp\Desktop\Salle-De-Sport\node_modules\jest-circus\build\runner.js:101:19)
        at runTestInternal (C:\Users\hp\Desktop\Salle-De-Sport\node_modules\jest-runner\build\testWorker.js:275:16)
        at runTest (C:\Users\hp\Desktop\Salle-De-Sport\node_modules\jest-runner\build\testWorker.js:343:7)
        at Object.worker (C:\Users\hp\Desktop\Salle-De-Sport\node_modules\jest-runner\build\testWorker.js:497:12)

    [0m [90m 407 |[39m       }
     [90m 408 |[39m     } [36mcatch[39m (err) {
    [31m[1m>[22m[39m[90m 409 |[39m       console[33m.[39merror(err)[33m;[39m
     [90m     |[39m               [31m[1m^[22m[39m
     [90m 410 |[39m       alert([32m"Erreur de communication."[39m)[33m;[39m
     [90m 411 |[39m     }
     [90m 412 |[39m   }[33m;[39m[0m

      at error (src/renderer/pages/paiment.jsx:409:15)

  console.warn
    The width(-1) and height(-1) of chart should be greater than 0,
           please check the style of container, or the props width(100%) and height(100%),
           or add a minWidth(0) or minHeight(undefined) or use aspect(undefined) to control the
           height and width.

      at warn (node_modules/recharts/lib/util/LogUtils.js:22:17)
      at node_modules/recharts/lib/component/ResponsiveContainer.js:144:22
      at Object.react_stack_bottom_frame (node_modules/react-dom/cjs/react-dom-client.development.js:25904:20)
      at renderWithHooks (node_modules/react-dom/cjs/react-dom-client.development.js:7662:22)
      at updateForwardRef (node_modules/react-dom/cjs/react-dom-client.development.js:9724:19)
      at beginWork (node_modules/react-dom/cjs/react-dom-client.development.js:12117:18)
      at runWithFiberInDEV (node_modules/react-dom/cjs/react-dom-client.development.js:874:13)
      at performUnitOfWork (node_modules/react-dom/cjs/react-dom-client.development.js:17641:22)
      at workLoopSync (node_modules/react-dom/cjs/react-dom-client.development.js:17469:41)
      at renderRootSync (node_modules/react-dom/cjs/react-dom-client.development.js:17450:11)
      at performWorkOnRoot (node_modules/react-dom/cjs/react-dom-client.development.js:16504:11)
      at performWorkOnRootViaSchedulerTask (node_modules/react-dom/cjs/react-dom-client.development.js:18957:7)
      at flushActQueue (node_modules/react/cjs/react.development.js:590:34)
      at node_modules/react/cjs/react.development.js:847:21

  console.warn
    The width(-1) and height(-1) of chart should be greater than 0,
           please check the style of container, or the props width(100%) and height(100%),
           or add a minWidth(0) or minHeight(undefined) or use aspect(undefined) to control the
           height and width.

      at warn (node_modules/recharts/lib/util/LogUtils.js:22:17)
      at node_modules/recharts/lib/component/ResponsiveContainer.js:144:22
      at Object.react_stack_bottom_frame (node_modules/react-dom/cjs/react-dom-client.development.js:25904:20)
      at renderWithHooks (node_modules/react-dom/cjs/react-dom-client.development.js:7662:22)
      at updateForwardRef (node_modules/react-dom/cjs/react-dom-client.development.js:9724:19)
      at beginWork (node_modules/react-dom/cjs/react-dom-client.development.js:12117:18)
      at runWithFiberInDEV (node_modules/react-dom/cjs/react-dom-client.development.js:874:13)
      at performUnitOfWork (node_modules/react-dom/cjs/react-dom-client.development.js:17641:22)
      at workLoopSync (node_modules/react-dom/cjs/react-dom-client.development.js:17469:41)
      at renderRootSync (node_modules/react-dom/cjs/react-dom-client.development.js:17450:11)
      at performWorkOnRoot (node_modules/react-dom/cjs/react-dom-client.development.js:16504:11)
      at performWorkOnRootViaSchedulerTask (node_modules/react-dom/cjs/react-dom-client.development.js:18957:7)
      at flushActQueue (node_modules/react/cjs/react.development.js:590:34)
      at node_modules/react/cjs/react.development.js:847:21

  console.warn
    The width(-1) and height(-1) of chart should be greater than 0,
           please check the style of container, or the props width(100%) and height(100%),
           or add a minWidth(0) or minHeight(undefined) or use aspect(undefined) to control the
           height and width.

      at warn (node_modules/recharts/lib/util/LogUtils.js:22:17)
      at node_modules/recharts/lib/component/ResponsiveContainer.js:144:22
      at Object.react_stack_bottom_frame (node_modules/react-dom/cjs/react-dom-client.development.js:25904:20)
      at renderWithHooks (node_modules/react-dom/cjs/react-dom-client.development.js:7662:22)
      at updateForwardRef (node_modules/react-dom/cjs/react-dom-client.development.js:9724:19)
      at beginWork (node_modules/react-dom/cjs/react-dom-client.development.js:12117:18)
      at runWithFiberInDEV (node_modules/react-dom/cjs/react-dom-client.development.js:874:13)
      at performUnitOfWork (node_modules/react-dom/cjs/react-dom-client.development.js:17641:22)
      at workLoopSync (node_modules/react-dom/cjs/react-dom-client.development.js:17469:41)
      at renderRootSync (node_modules/react-dom/cjs/react-dom-client.development.js:17450:11)
      at performWorkOnRoot (node_modules/react-dom/cjs/react-dom-client.development.js:16504:11)
      at performWorkOnRootViaSchedulerTask (node_modules/react-dom/cjs/react-dom-client.development.js:18957:7)
      at flushActQueue (node_modules/react/cjs/react.development.js:590:34)
      at node_modules/react/cjs/react.development.js:847:21

  console.warn
    The width(-1) and height(-1) of chart should be greater than 0,
           please check the style of container, or the props width(100%) and height(100%),
           or add a minWidth(0) or minHeight(undefined) or use aspect(undefined) to control the
           height and width.

      at warn (node_modules/recharts/lib/util/LogUtils.js:22:17)
      at node_modules/recharts/lib/component/ResponsiveContainer.js:144:22
      at Object.react_stack_bottom_frame (node_modules/react-dom/cjs/react-dom-client.development.js:25904:20)
      at renderWithHooks (node_modules/react-dom/cjs/react-dom-client.development.js:7662:22)
      at updateForwardRef (node_modules/react-dom/cjs/react-dom-client.development.js:9724:19)
      at beginWork (node_modules/react-dom/cjs/react-dom-client.development.js:12117:18)
      at runWithFiberInDEV (node_modules/react-dom/cjs/react-dom-client.development.js:874:13)
      at performUnitOfWork (node_modules/react-dom/cjs/react-dom-client.development.js:17641:22)
      at workLoopSync (node_modules/react-dom/cjs/react-dom-client.development.js:17469:41)
      at renderRootSync (node_modules/react-dom/cjs/react-dom-client.development.js:17450:11)
      at performWorkOnRoot (node_modules/react-dom/cjs/react-dom-client.development.js:16504:11)
      at performWorkOnRootViaSchedulerTask (node_modules/react-dom/cjs/react-dom-client.development.js:18957:7)
      at flushActQueue (node_modules/react/cjs/react.development.js:590:34)
      at node_modules/react/cjs/react.development.js:847:21

  console.warn
    The width(-1) and height(-1) of chart should be greater than 0,
           please check the style of container, or the props width(100%) and height(100%),
           or add a minWidth(0) or minHeight(undefined) or use aspect(undefined) to control the
           height and width.

      at warn (node_modules/recharts/lib/util/LogUtils.js:22:17)
      at node_modules/recharts/lib/component/ResponsiveContainer.js:144:22
      at Object.react_stack_bottom_frame (node_modules/react-dom/cjs/react-dom-client.development.js:25904:20)
      at renderWithHooks (node_modules/react-dom/cjs/react-dom-client.development.js:7662:22)
      at updateForwardRef (node_modules/react-dom/cjs/react-dom-client.development.js:9724:19)
      at beginWork (node_modules/react-dom/cjs/react-dom-client.development.js:12117:18)
      at runWithFiberInDEV (node_modules/react-dom/cjs/react-dom-client.development.js:874:13)
      at performUnitOfWork (node_modules/react-dom/cjs/react-dom-client.development.js:17641:22)
      at workLoopSync (node_modules/react-dom/cjs/react-dom-client.development.js:17469:41)
      at renderRootSync (node_modules/react-dom/cjs/react-dom-client.development.js:17450:11)
      at performWorkOnRoot (node_modules/react-dom/cjs/react-dom-client.development.js:16504:11)
      at performWorkOnRootViaSchedulerTask (node_modules/react-dom/cjs/react-dom-client.development.js:18957:7)
      at flushActQueue (node_modules/react/cjs/react.development.js:590:34)
      at node_modules/react/cjs/react.development.js:847:21

  console.warn
    The width(-1) and height(-1) of chart should be greater than 0,
           please check the style of container, or the props width(100%) and height(100%),
           or add a minWidth(0) or minHeight(undefined) or use aspect(undefined) to control the
           height and width.

      at warn (node_modules/recharts/lib/util/LogUtils.js:22:17)
      at node_modules/recharts/lib/component/ResponsiveContainer.js:144:22
      at Object.react_stack_bottom_frame (node_modules/react-dom/cjs/react-dom-client.development.js:25904:20)
      at renderWithHooks (node_modules/react-dom/cjs/react-dom-client.development.js:7662:22)
      at updateForwardRef (node_modules/react-dom/cjs/react-dom-client.development.js:9724:19)
      at beginWork (node_modules/react-dom/cjs/react-dom-client.development.js:12117:18)
      at runWithFiberInDEV (node_modules/react-dom/cjs/react-dom-client.development.js:874:13)
      at performUnitOfWork (node_modules/react-dom/cjs/react-dom-client.development.js:17641:22)
      at workLoopSync (node_modules/react-dom/cjs/react-dom-client.development.js:17469:41)
      at renderRootSync (node_modules/react-dom/cjs/react-dom-client.development.js:17450:11)
      at performWorkOnRoot (node_modules/react-dom/cjs/react-dom-client.development.js:16504:11)
      at performWorkOnRootViaSchedulerTask (node_modules/react-dom/cjs/react-dom-client.development.js:18957:7)
      at flushActQueue (node_modules/react/cjs/react.development.js:590:34)
      at node_modules/react/cjs/react.development.js:847:21

  console.warn
    The width(-1) and height(-1) of chart should be greater than 0,
           please check the style of container, or the props width(100%) and height(100%),
           or add a minWidth(0) or minHeight(undefined) or use aspect(undefined) to control the
           height and width.

      at warn (node_modules/recharts/lib/util/LogUtils.js:22:17)
      at node_modules/recharts/lib/component/ResponsiveContainer.js:144:22
      at Object.react_stack_bottom_frame (node_modules/react-dom/cjs/react-dom-client.development.js:25904:20)
      at renderWithHooks (node_modules/react-dom/cjs/react-dom-client.development.js:7662:22)
      at updateForwardRef (node_modules/react-dom/cjs/react-dom-client.development.js:9724:19)
      at beginWork (node_modules/react-dom/cjs/react-dom-client.development.js:12117:18)
      at runWithFiberInDEV (node_modules/react-dom/cjs/react-dom-client.development.js:874:13)
      at performUnitOfWork (node_modules/react-dom/cjs/react-dom-client.development.js:17641:22)
      at workLoopSync (node_modules/react-dom/cjs/react-dom-client.development.js:17469:41)
      at renderRootSync (node_modules/react-dom/cjs/react-dom-client.development.js:17450:11)
      at performWorkOnRoot (node_modules/react-dom/cjs/react-dom-client.development.js:16504:11)
      at performWorkOnRootViaSchedulerTask (node_modules/react-dom/cjs/react-dom-client.development.js:18957:7)
      at flushActQueue (node_modules/react/cjs/react.development.js:590:34)
      at node_modules/react/cjs/react.development.js:847:21

  console.warn
    The width(-1) and height(-1) of chart should be greater than 0,
           please check the style of container, or the props width(100%) and height(100%),
           or add a minWidth(0) or minHeight(undefined) or use aspect(undefined) to control the
           height and width.

      at warn (node_modules/recharts/lib/util/LogUtils.js:22:17)
      at node_modules/recharts/lib/component/ResponsiveContainer.js:144:22
      at Object.react_stack_bottom_frame (node_modules/react-dom/cjs/react-dom-client.development.js:25904:20)
      at renderWithHooks (node_modules/react-dom/cjs/react-dom-client.development.js:7662:22)
      at updateForwardRef (node_modules/react-dom/cjs/react-dom-client.development.js:9724:19)
      at beginWork (node_modules/react-dom/cjs/react-dom-client.development.js:12117:18)
      at runWithFiberInDEV (node_modules/react-dom/cjs/react-dom-client.development.js:874:13)
      at performUnitOfWork (node_modules/react-dom/cjs/react-dom-client.development.js:17641:22)
      at workLoopSync (node_modules/react-dom/cjs/react-dom-client.development.js:17469:41)
      at renderRootSync (node_modules/react-dom/cjs/react-dom-client.development.js:17450:11)
      at performWorkOnRoot (node_modules/react-dom/cjs/react-dom-client.development.js:16504:11)
      at performWorkOnRootViaSchedulerTask (node_modules/react-dom/cjs/react-dom-client.development.js:18957:7)
      at flushActQueue (node_modules/react/cjs/react.development.js:590:34)
      at node_modules/react/cjs/react.development.js:847:21

  console.warn
    The width(-1) and height(-1) of chart should be greater than 0,
           please check the style of container, or the props width(100%) and height(100%),
           or add a minWidth(0) or minHeight(undefined) or use aspect(undefined) to control the
           height and width.

      at warn (node_modules/recharts/lib/util/LogUtils.js:22:17)
      at node_modules/recharts/lib/component/ResponsiveContainer.js:144:22
      at Object.react_stack_bottom_frame (node_modules/react-dom/cjs/react-dom-client.development.js:25904:20)
      at renderWithHooks (node_modules/react-dom/cjs/react-dom-client.development.js:7662:22)
      at updateForwardRef (node_modules/react-dom/cjs/react-dom-client.development.js:9724:19)
      at beginWork (node_modules/react-dom/cjs/react-dom-client.development.js:12117:18)
      at runWithFiberInDEV (node_modules/react-dom/cjs/react-dom-client.development.js:874:13)
      at performUnitOfWork (node_modules/react-dom/cjs/react-dom-client.development.js:17641:22)
      at workLoopSync (node_modules/react-dom/cjs/react-dom-client.development.js:17469:41)
      at renderRootSync (node_modules/react-dom/cjs/react-dom-client.development.js:17450:11)
      at performWorkOnRoot (node_modules/react-dom/cjs/react-dom-client.development.js:16504:11)
      at performWorkOnRootViaSchedulerTask (node_modules/react-dom/cjs/react-dom-client.development.js:18957:7)
      at flushActQueue (node_modules/react/cjs/react.development.js:590:34)
      at node_modules/react/cjs/react.development.js:847:21

  console.warn
    The width(-1) and height(-1) of chart should be greater than 0,
           please check the style of container, or the props width(100%) and height(100%),
           or add a minWidth(0) or minHeight(undefined) or use aspect(undefined) to control the
           height and width.

      at warn (node_modules/recharts/lib/util/LogUtils.js:22:17)
      at node_modules/recharts/lib/component/ResponsiveContainer.js:144:22
      at Object.react_stack_bottom_frame (node_modules/react-dom/cjs/react-dom-client.development.js:25904:20)
      at renderWithHooks (node_modules/react-dom/cjs/react-dom-client.development.js:7662:22)
      at updateForwardRef (node_modules/react-dom/cjs/react-dom-client.development.js:9724:19)
      at beginWork (node_modules/react-dom/cjs/react-dom-client.development.js:12117:18)
      at runWithFiberInDEV (node_modules/react-dom/cjs/react-dom-client.development.js:874:13)
      at performUnitOfWork (node_modules/react-dom/cjs/react-dom-client.development.js:17641:22)
      at workLoopSync (node_modules/react-dom/cjs/react-dom-client.development.js:17469:41)
      at renderRootSync (node_modules/react-dom/cjs/react-dom-client.development.js:17450:11)
      at performWorkOnRoot (node_modules/react-dom/cjs/react-dom-client.development.js:16504:11)
      at performWorkOnRootViaSchedulerTask (node_modules/react-dom/cjs/react-dom-client.development.js:18957:7)
      at flushActQueue (node_modules/react/cjs/react.development.js:590:34)
      at node_modules/react/cjs/react.development.js:847:21

  console.warn
    The width(-1) and height(-1) of chart should be greater than 0,
           please check the style of container, or the props width(100%) and height(100%),
           or add a minWidth(0) or minHeight(undefined) or use aspect(undefined) to control the
           height and width.

      at warn (node_modules/recharts/lib/util/LogUtils.js:22:17)
      at node_modules/recharts/lib/component/ResponsiveContainer.js:144:22
      at Object.react_stack_bottom_frame (node_modules/react-dom/cjs/react-dom-client.development.js:25904:20)
      at renderWithHooks (node_modules/react-dom/cjs/react-dom-client.development.js:7662:22)
      at updateForwardRef (node_modules/react-dom/cjs/react-dom-client.development.js:9724:19)
      at beginWork (node_modules/react-dom/cjs/react-dom-client.development.js:12117:18)
      at runWithFiberInDEV (node_modules/react-dom/cjs/react-dom-client.development.js:874:13)
      at performUnitOfWork (node_modules/react-dom/cjs/react-dom-client.development.js:17641:22)
      at workLoopSync (node_modules/react-dom/cjs/react-dom-client.development.js:17469:41)
      at renderRootSync (node_modules/react-dom/cjs/react-dom-client.development.js:17450:11)
      at performWorkOnRoot (node_modules/react-dom/cjs/react-dom-client.development.js:16504:11)
      at performWorkOnRootViaSchedulerTask (node_modules/react-dom/cjs/react-dom-client.development.js:18957:7)
      at flushActQueue (node_modules/react/cjs/react.development.js:590:34)
      at node_modules/react/cjs/react.development.js:847:21

  console.warn
    The width(-1) and height(-1) of chart should be greater than 0,
           please check the style of container, or the props width(100%) and height(100%),
           or add a minWidth(0) or minHeight(undefined) or use aspect(undefined) to control the
           height and width.

      at warn (node_modules/recharts/lib/util/LogUtils.js:22:17)
      at node_modules/recharts/lib/component/ResponsiveContainer.js:144:22
      at Object.react_stack_bottom_frame (node_modules/react-dom/cjs/react-dom-client.development.js:25904:20)
      at renderWithHooks (node_modules/react-dom/cjs/react-dom-client.development.js:7662:22)
      at updateForwardRef (node_modules/react-dom/cjs/react-dom-client.development.js:9724:19)
      at beginWork (node_modules/react-dom/cjs/react-dom-client.development.js:12117:18)
      at runWithFiberInDEV (node_modules/react-dom/cjs/react-dom-client.development.js:874:13)
      at performUnitOfWork (node_modules/react-dom/cjs/react-dom-client.development.js:17641:22)
      at workLoopSync (node_modules/react-dom/cjs/react-dom-client.development.js:17469:41)
      at renderRootSync (node_modules/react-dom/cjs/react-dom-client.development.js:17450:11)
      at performWorkOnRoot (node_modules/react-dom/cjs/react-dom-client.development.js:16504:11)
      at performWorkOnRootViaSchedulerTask (node_modules/react-dom/cjs/react-dom-client.development.js:18957:7)
      at flushActQueue (node_modules/react/cjs/react.development.js:590:34)
      at node_modules/react/cjs/react.development.js:847:21

  console.warn
    The width(-1) and height(-1) of chart should be greater than 0,
           please check the style of container, or the props width(100%) and height(100%),
           or add a minWidth(0) or minHeight(undefined) or use aspect(undefined) to control the
           height and width.

    [0m [90m 961 |[39m     expect(getPaiements)[33m.[39mtoHaveBeenCalledTimes([35m1[39m)[33m;[39m
     [90m 962 |[39m
    [31m[1m>[22m[39m[90m 963 |[39m     fireEvent[33m.[39mclick(screen[33m.[39mgetByRole([32m"button"[39m[33m,[39m { name[33m:[39m [35m/rafraîchir/i[39m }))[33m;[39m
     [90m     |[39m               [31m[1m^[22m[39m
     [90m 964 |[39m     [36mawait[39m waitFor(() [33m=>[39m expect(getPaiements)[33m.[39mtoHaveBeenCalledTimes([35m2[39m))[33m;[39m
     [90m 965 |[39m   })[33m;[39m
     [90m 966 |[39m[0m

      at warn (node_modules/recharts/lib/util/LogUtils.js:22:17)
      at node_modules/recharts/lib/component/ResponsiveContainer.js:144:22
      at Object.react_stack_bottom_frame (node_modules/react-dom/cjs/react-dom-client.development.js:25904:20)
      at renderWithHooks (node_modules/react-dom/cjs/react-dom-client.development.js:7662:22)
      at updateForwardRef (node_modules/react-dom/cjs/react-dom-client.development.js:9724:19)
      at beginWork (node_modules/react-dom/cjs/react-dom-client.development.js:12117:18)
      at runWithFiberInDEV (node_modules/react-dom/cjs/react-dom-client.development.js:874:13)
      at performUnitOfWork (node_modules/react-dom/cjs/react-dom-client.development.js:17641:22)
      at workLoopSync (node_modules/react-dom/cjs/react-dom-client.development.js:17469:41)
      at renderRootSync (node_modules/react-dom/cjs/react-dom-client.development.js:17450:11)
      at performWorkOnRoot (node_modules/react-dom/cjs/react-dom-client.development.js:16504:11)
      at performSyncWorkOnRoot (node_modules/react-dom/cjs/react-dom-client.development.js:18972:7)
      at flushSyncWorkAcrossRoots_impl (node_modules/react-dom/cjs/react-dom-client.development.js:18814:21)
      at processRootScheduleInMicrotask (node_modules/react-dom/cjs/react-dom-client.development.js:18853:9)
      at node_modules/react-dom/cjs/react-dom-client.development.js:18982:11
      at flushActQueue (node_modules/react/cjs/react.development.js:590:34)
      at process.env.NODE_ENV.exports.act (node_modules/react/cjs/react.development.js:884:10)
      at node_modules/@testing-library/react/dist/act-compat.js:46:25
      at Object.eventWrapper (node_modules/@testing-library/react/dist/pure.js:106:28)
      at fireEvent (node_modules/@testing-library/dom/dist/events.js:12:35)
      at Function.fireEvent.<computed> [as click] (node_modules/@testing-library/dom/dist/events.js:110:36)
      at Function.fireEvent.<computed> [as click] (node_modules/@testing-library/react/dist/fire-event.js:15:52)
      at Object.click (src/__tests__/pages/Statistiquesrevenue.test.jsx:963:15)

  console.warn
    The width(-1) and height(-1) of chart should be greater than 0,
           please check the style of container, or the props width(100%) and height(100%),
           or add a minWidth(0) or minHeight(undefined) or use aspect(undefined) to control the
           height and width.

      at warn (node_modules/recharts/lib/util/LogUtils.js:22:17)
      at node_modules/recharts/lib/component/ResponsiveContainer.js:144:22
      at Object.react_stack_bottom_frame (node_modules/react-dom/cjs/react-dom-client.development.js:25904:20)
      at renderWithHooks (node_modules/react-dom/cjs/react-dom-client.development.js:7662:22)
      at updateForwardRef (node_modules/react-dom/cjs/react-dom-client.development.js:9724:19)
      at beginWork (node_modules/react-dom/cjs/react-dom-client.development.js:12117:18)
      at runWithFiberInDEV (node_modules/react-dom/cjs/react-dom-client.development.js:874:13)
      at performUnitOfWork (node_modules/react-dom/cjs/react-dom-client.development.js:17641:22)
      at workLoopSync (node_modules/react-dom/cjs/react-dom-client.development.js:17469:41)
      at renderRootSync (node_modules/react-dom/cjs/react-dom-client.development.js:17450:11)
      at performWorkOnRoot (node_modules/react-dom/cjs/react-dom-client.development.js:16504:11)
      at performWorkOnRootViaSchedulerTask (node_modules/react-dom/cjs/react-dom-client.development.js:18957:7)
      at flushActQueue (node_modules/react/cjs/react.development.js:590:34)
      at node_modules/react/cjs/react.development.js:847:21

  console.warn
    The width(-1) and height(-1) of chart should be greater than 0,
           please check the style of container, or the props width(100%) and height(100%),
           or add a minWidth(0) or minHeight(undefined) or use aspect(undefined) to control the
           height and width.

      at warn (node_modules/recharts/lib/util/LogUtils.js:22:17)
      at node_modules/recharts/lib/component/ResponsiveContainer.js:144:22
      at Object.react_stack_bottom_frame (node_modules/react-dom/cjs/react-dom-client.development.js:25904:20)
      at renderWithHooks (node_modules/react-dom/cjs/react-dom-client.development.js:7662:22)
      at updateForwardRef (node_modules/react-dom/cjs/react-dom-client.development.js:9724:19)
      at beginWork (node_modules/react-dom/cjs/react-dom-client.development.js:12117:18)
      at runWithFiberInDEV (node_modules/react-dom/cjs/react-dom-client.development.js:874:13)
      at performUnitOfWork (node_modules/react-dom/cjs/react-dom-client.development.js:17641:22)
      at workLoopSync (node_modules/react-dom/cjs/react-dom-client.development.js:17469:41)
      at renderRootSync (node_modules/react-dom/cjs/react-dom-client.development.js:17450:11)
      at performWorkOnRoot (node_modules/react-dom/cjs/react-dom-client.development.js:16504:11)
      at performWorkOnRootViaSchedulerTask (node_modules/react-dom/cjs/react-dom-client.development.js:18957:7)
      at flushActQueue (node_modules/react/cjs/react.development.js:590:34)
      at node_modules/react/cjs/react.development.js:847:21

  console.warn
    The width(-1) and height(-1) of chart should be greater than 0,
           please check the style of container, or the props width(100%) and height(100%),
           or add a minWidth(0) or minHeight(undefined) or use aspect(undefined) to control the
           height and width.

      at warn (node_modules/recharts/lib/util/LogUtils.js:22:17)
      at node_modules/recharts/lib/component/ResponsiveContainer.js:144:22
      at Object.react_stack_bottom_frame (node_modules/react-dom/cjs/react-dom-client.development.js:25904:20)
      at renderWithHooks (node_modules/react-dom/cjs/react-dom-client.development.js:7662:22)
      at updateForwardRef (node_modules/react-dom/cjs/react-dom-client.development.js:9724:19)
      at beginWork (node_modules/react-dom/cjs/react-dom-client.development.js:12117:18)
      at runWithFiberInDEV (node_modules/react-dom/cjs/react-dom-client.development.js:874:13)
      at performUnitOfWork (node_modules/react-dom/cjs/react-dom-client.development.js:17641:22)
      at workLoopSync (node_modules/react-dom/cjs/react-dom-client.development.js:17469:41)
      at renderRootSync (node_modules/react-dom/cjs/react-dom-client.development.js:17450:11)
      at performWorkOnRoot (node_modules/react-dom/cjs/react-dom-client.development.js:16504:11)
      at performWorkOnRootViaSchedulerTask (node_modules/react-dom/cjs/react-dom-client.development.js:18957:7)
      at flushActQueue (node_modules/react/cjs/react.development.js:590:34)
      at node_modules/react/cjs/react.development.js:847:21

  console.warn
    The width(-1) and height(-1) of chart should be greater than 0,
           please check the style of container, or the props width(100%) and height(100%),
           or add a minWidth(0) or minHeight(undefined) or use aspect(undefined) to control the
           height and width.

      at warn (node_modules/recharts/lib/util/LogUtils.js:22:17)
      at node_modules/recharts/lib/component/ResponsiveContainer.js:144:22
      at Object.react_stack_bottom_frame (node_modules/react-dom/cjs/react-dom-client.development.js:25904:20)
      at renderWithHooks (node_modules/react-dom/cjs/react-dom-client.development.js:7662:22)
      at updateForwardRef (node_modules/react-dom/cjs/react-dom-client.development.js:9724:19)
      at beginWork (node_modules/react-dom/cjs/react-dom-client.development.js:12117:18)
      at runWithFiberInDEV (node_modules/react-dom/cjs/react-dom-client.development.js:874:13)
      at performUnitOfWork (node_modules/react-dom/cjs/react-dom-client.development.js:17641:22)
      at workLoopSync (node_modules/react-dom/cjs/react-dom-client.development.js:17469:41)
      at renderRootSync (node_modules/react-dom/cjs/react-dom-client.development.js:17450:11)
      at performWorkOnRoot (node_modules/react-dom/cjs/react-dom-client.development.js:16504:11)
      at performWorkOnRootViaSchedulerTask (node_modules/react-dom/cjs/react-dom-client.development.js:18957:7)
      at flushActQueue (node_modules/react/cjs/react.development.js:590:34)
      at node_modules/react/cjs/react.development.js:847:21

  console.warn
    The width(-1) and height(-1) of chart should be greater than 0,
           please check the style of container, or the props width(100%) and height(100%),
           or add a minWidth(0) or minHeight(undefined) or use aspect(undefined) to control the
           height and width.

      at warn (node_modules/recharts/lib/util/LogUtils.js:22:17)
      at node_modules/recharts/lib/component/ResponsiveContainer.js:144:22
      at Object.react_stack_bottom_frame (node_modules/react-dom/cjs/react-dom-client.development.js:25904:20)
      at renderWithHooks (node_modules/react-dom/cjs/react-dom-client.development.js:7662:22)
      at updateForwardRef (node_modules/react-dom/cjs/react-dom-client.development.js:9724:19)
      at beginWork (node_modules/react-dom/cjs/react-dom-client.development.js:12117:18)
      at runWithFiberInDEV (node_modules/react-dom/cjs/react-dom-client.development.js:874:13)
      at performUnitOfWork (node_modules/react-dom/cjs/react-dom-client.development.js:17641:22)
      at workLoopSync (node_modules/react-dom/cjs/react-dom-client.development.js:17469:41)
      at renderRootSync (node_modules/react-dom/cjs/react-dom-client.development.js:17450:11)
      at performWorkOnRoot (node_modules/react-dom/cjs/react-dom-client.development.js:16504:11)
      at performWorkOnRootViaSchedulerTask (node_modules/react-dom/cjs/react-dom-client.development.js:18957:7)
      at flushActQueue (node_modules/react/cjs/react.development.js:590:34)
      at node_modules/react/cjs/react.development.js:847:21

  console.warn
    The width(-1) and height(-1) of chart should be greater than 0,
           please check the style of container, or the props width(100%) and height(100%),
           or add a minWidth(0) or minHeight(undefined) or use aspect(undefined) to control the
           height and width.

      at warn (node_modules/recharts/lib/util/LogUtils.js:22:17)
      at node_modules/recharts/lib/component/ResponsiveContainer.js:144:22
      at Object.react_stack_bottom_frame (node_modules/react-dom/cjs/react-dom-client.development.js:25904:20)
      at renderWithHooks (node_modules/react-dom/cjs/react-dom-client.development.js:7662:22)
      at updateForwardRef (node_modules/react-dom/cjs/react-dom-client.development.js:9724:19)
      at beginWork (node_modules/react-dom/cjs/react-dom-client.development.js:12117:18)
      at runWithFiberInDEV (node_modules/react-dom/cjs/react-dom-client.development.js:874:13)
      at performUnitOfWork (node_modules/react-dom/cjs/react-dom-client.development.js:17641:22)
      at workLoopSync (node_modules/react-dom/cjs/react-dom-client.development.js:17469:41)
      at renderRootSync (node_modules/react-dom/cjs/react-dom-client.development.js:17450:11)
      at performWorkOnRoot (node_modules/react-dom/cjs/react-dom-client.development.js:16504:11)
      at performWorkOnRootViaSchedulerTask (node_modules/react-dom/cjs/react-dom-client.development.js:18957:7)
      at flushActQueue (node_modules/react/cjs/react.development.js:590:34)
      at node_modules/react/cjs/react.development.js:847:21

  console.warn
    The width(-1) and height(-1) of chart should be greater than 0,
           please check the style of container, or the props width(100%) and height(100%),
           or add a minWidth(0) or minHeight(undefined) or use aspect(undefined) to control the
           height and width.

      at warn (node_modules/recharts/lib/util/LogUtils.js:22:17)
      at node_modules/recharts/lib/component/ResponsiveContainer.js:144:22
      at Object.react_stack_bottom_frame (node_modules/react-dom/cjs/react-dom-client.development.js:25904:20)
      at renderWithHooks (node_modules/react-dom/cjs/react-dom-client.development.js:7662:22)
      at updateForwardRef (node_modules/react-dom/cjs/react-dom-client.development.js:9724:19)
      at beginWork (node_modules/react-dom/cjs/react-dom-client.development.js:12117:18)
      at runWithFiberInDEV (node_modules/react-dom/cjs/react-dom-client.development.js:874:13)
      at performUnitOfWork (node_modules/react-dom/cjs/react-dom-client.development.js:17641:22)
      at workLoopSync (node_modules/react-dom/cjs/react-dom-client.development.js:17469:41)
      at renderRootSync (node_modules/react-dom/cjs/react-dom-client.development.js:17450:11)
      at performWorkOnRoot (node_modules/react-dom/cjs/react-dom-client.development.js:16504:11)
      at performWorkOnRootViaSchedulerTask (node_modules/react-dom/cjs/react-dom-client.development.js:18957:7)
      at flushActQueue (node_modules/react/cjs/react.development.js:590:34)
      at node_modules/react/cjs/react.development.js:847:21

  console.warn
    The width(-1) and height(-1) of chart should be greater than 0,
           please check the style of container, or the props width(100%) and height(100%),
           or add a minWidth(0) or minHeight(undefined) or use aspect(undefined) to control the
           height and width.

      at warn (node_modules/recharts/lib/util/LogUtils.js:22:17)
      at node_modules/recharts/lib/component/ResponsiveContainer.js:144:22
      at Object.react_stack_bottom_frame (node_modules/react-dom/cjs/react-dom-client.development.js:25904:20)
      at renderWithHooks (node_modules/react-dom/cjs/react-dom-client.development.js:7662:22)
      at updateForwardRef (node_modules/react-dom/cjs/react-dom-client.development.js:9724:19)
      at beginWork (node_modules/react-dom/cjs/react-dom-client.development.js:12117:18)
      at runWithFiberInDEV (node_modules/react-dom/cjs/react-dom-client.development.js:874:13)
      at performUnitOfWork (node_modules/react-dom/cjs/react-dom-client.development.js:17641:22)
      at workLoopSync (node_modules/react-dom/cjs/react-dom-client.development.js:17469:41)
      at renderRootSync (node_modules/react-dom/cjs/react-dom-client.development.js:17450:11)
      at performWorkOnRoot (node_modules/react-dom/cjs/react-dom-client.development.js:16504:11)
      at performWorkOnRootViaSchedulerTask (node_modules/react-dom/cjs/react-dom-client.development.js:18957:7)
      at flushActQueue (node_modules/react/cjs/react.development.js:590:34)
      at node_modules/react/cjs/react.development.js:847:21

  console.warn
    The width(-1) and height(-1) of chart should be greater than 0,
           please check the style of container, or the props width(100%) and height(100%),
           or add a minWidth(0) or minHeight(undefined) or use aspect(undefined) to control the
           height and width.

      at warn (node_modules/recharts/lib/util/LogUtils.js:22:17)
      at node_modules/recharts/lib/component/ResponsiveContainer.js:144:22
      at Object.react_stack_bottom_frame (node_modules/react-dom/cjs/react-dom-client.development.js:25904:20)
      at renderWithHooks (node_modules/react-dom/cjs/react-dom-client.development.js:7662:22)
      at updateForwardRef (node_modules/react-dom/cjs/react-dom-client.development.js:9724:19)
      at beginWork (node_modules/react-dom/cjs/react-dom-client.development.js:12117:18)
      at runWithFiberInDEV (node_modules/react-dom/cjs/react-dom-client.development.js:874:13)
      at performUnitOfWork (node_modules/react-dom/cjs/react-dom-client.development.js:17641:22)
      at workLoopSync (node_modules/react-dom/cjs/react-dom-client.development.js:17469:41)
      at renderRootSync (node_modules/react-dom/cjs/react-dom-client.development.js:17450:11)
      at performWorkOnRoot (node_modules/react-dom/cjs/react-dom-client.development.js:16504:11)
      at performWorkOnRootViaSchedulerTask (node_modules/react-dom/cjs/react-dom-client.development.js:18957:7)
      at flushActQueue (node_modules/react/cjs/react.development.js:590:34)
      at node_modules/react/cjs/react.development.js:847:21

  console.error
    Erreur facture PDF: TypeError: doc.line is not a function
        at line (C:\Users\hp\Desktop\Salle-De-Sport\src\renderer\pages\paiment.jsx:212:9)

    [0m [90m 324 |[39m     doc[33m.[39msave([32m`facture_${paiement.id}_${(paiement.nom || 'client').replace(/[^a-zA-Z0-9]/g, '_')}.pdf`[39m)[33m;[39m
     [90m 325 |[39m   } [36mcatch[39m (error) {
    [31m[1m>[22m[39m[90m 326 |[39m     console[33m.[39merror([32m'Erreur facture PDF:'[39m[33m,[39m error)[33m;[39m
     [90m     |[39m             [31m[1m^[22m[39m
     [90m 327 |[39m     alert([32m'Erreur génération facture'[39m)[33m;[39m
     [90m 328 |[39m   }
     [90m 329 |[39m }[33m;[39m[0m

      at error (src/renderer/pages/paiment.jsx:326:13)

  console.warn
    The width(-1) and height(-1) of chart should be greater than 0,
           please check the style of container, or the props width(100%) and height(100%),
           or add a minWidth(0) or minHeight(undefined) or use aspect(undefined) to control the
           height and width.

      at warn (node_modules/recharts/lib/util/LogUtils.js:22:17)
      at node_modules/recharts/lib/component/ResponsiveContainer.js:144:22
      at Object.react_stack_bottom_frame (node_modules/react-dom/cjs/react-dom-client.development.js:25904:20)
      at renderWithHooks (node_modules/react-dom/cjs/react-dom-client.development.js:7662:22)
      at updateForwardRef (node_modules/react-dom/cjs/react-dom-client.development.js:9724:19)
      at beginWork (node_modules/react-dom/cjs/react-dom-client.development.js:12117:18)
      at runWithFiberInDEV (node_modules/react-dom/cjs/react-dom-client.development.js:874:13)
      at performUnitOfWork (node_modules/react-dom/cjs/react-dom-client.development.js:17641:22)
      at workLoopSync (node_modules/react-dom/cjs/react-dom-client.development.js:17469:41)
      at renderRootSync (node_modules/react-dom/cjs/react-dom-client.development.js:17450:11)
      at performWorkOnRoot (node_modules/react-dom/cjs/react-dom-client.development.js:16504:11)
      at performWorkOnRootViaSchedulerTask (node_modules/react-dom/cjs/react-dom-client.development.js:18957:7)
      at flushActQueue (node_modules/react/cjs/react.development.js:590:34)
      at node_modules/react/cjs/react.development.js:847:21

  console.warn
    The width(-1) and height(-1) of chart should be greater than 0,
           please check the style of container, or the props width(100%) and height(100%),
           or add a minWidth(0) or minHeight(undefined) or use aspect(undefined) to control the
           height and width.

      at warn (node_modules/recharts/lib/util/LogUtils.js:22:17)
      at node_modules/recharts/lib/component/ResponsiveContainer.js:144:22
      at Object.react_stack_bottom_frame (node_modules/react-dom/cjs/react-dom-client.development.js:25904:20)
      at renderWithHooks (node_modules/react-dom/cjs/react-dom-client.development.js:7662:22)
      at updateForwardRef (node_modules/react-dom/cjs/react-dom-client.development.js:9724:19)
      at beginWork (node_modules/react-dom/cjs/react-dom-client.development.js:12117:18)
      at runWithFiberInDEV (node_modules/react-dom/cjs/react-dom-client.development.js:874:13)
      at performUnitOfWork (node_modules/react-dom/cjs/react-dom-client.development.js:17641:22)
      at workLoopSync (node_modules/react-dom/cjs/react-dom-client.development.js:17469:41)
      at renderRootSync (node_modules/react-dom/cjs/react-dom-client.development.js:17450:11)
      at performWorkOnRoot (node_modules/react-dom/cjs/react-dom-client.development.js:16504:11)
      at performWorkOnRootViaSchedulerTask (node_modules/react-dom/cjs/react-dom-client.development.js:18957:7)
      at flushActQueue (node_modules/react/cjs/react.development.js:590:34)
      at node_modules/react/cjs/react.development.js:847:21

  console.error
    An update to Utilisateur inside a test was not wrapped in act(...).
    
    When testing, code that causes React state updates should be wrapped into act(...):
    
    act(() => {
      /* fire events that update state */
    });
    /* assert on the output */
    
    This ensures that you're testing the behavior the user would see in the browser. Learn more at https://react.dev/link/wrap-tests-with-act

    [0m [90m 196 |[39m         window[33m.[39melectron[33m.[39minvoke([32m"getRoles"[39m)[33m,[39m
     [90m 197 |[39m       ])[33m;[39m
    [31m[1m>[22m[39m[90m 198 |[39m       setUsers(u)[33m;[39m
     [90m     |[39m       [31m[1m^[22m[39m
     [90m 199 |[39m       setRoles(r)[33m;[39m
     [90m 200 |[39m     } [36mcatch[39m (err) {
     [90m 201 |[39m       setError([32m"Impossible de charger les utilisateurs."[39m)[33m;[39m[0m

      at node_modules/react-dom/cjs/react-dom-client.development.js:18758:19
      at runWithFiberInDEV (node_modules/react-dom/cjs/react-dom-client.development.js:874:13)
      at warnIfUpdatesNotWrappedWithActDEV (node_modules/react-dom/cjs/react-dom-client.development.js:18757:9)
      at scheduleUpdateOnFiber (node_modules/react-dom/cjs/react-dom-client.development.js:16409:11)
      at dispatchSetStateInternal (node_modules/react-dom/cjs/react-dom-client.development.js:9170:13)
      at dispatchSetState (node_modules/react-dom/cjs/react-dom-client.development.js:9127:7)
      at setUsers (src/renderer/pages/Utilisateurs.jsx:198:7)

  console.error
    An update to Utilisateur inside a test was not wrapped in act(...).
    
    When testing, code that causes React state updates should be wrapped into act(...):
    
    act(() => {
      /* fire events that update state */
    });
    /* assert on the output */
    
    This ensures that you're testing the behavior the user would see in the browser. Learn more at https://react.dev/link/wrap-tests-with-act

    [0m [90m 197 |[39m       ])[33m;[39m
     [90m 198 |[39m       setUsers(u)[33m;[39m
    [31m[1m>[22m[39m[90m 199 |[39m       setRoles(r)[33m;[39m
     [90m     |[39m       [31m[1m^[22m[39m
     [90m 200 |[39m     } [36mcatch[39m (err) {
     [90m 201 |[39m       setError([32m"Impossible de charger les utilisateurs."[39m)[33m;[39m
     [90m 202 |[39m     } [36mfinally[39m {[0m

      at node_modules/react-dom/cjs/react-dom-client.development.js:18758:19
      at runWithFiberInDEV (node_modules/react-dom/cjs/react-dom-client.development.js:874:13)
      at warnIfUpdatesNotWrappedWithActDEV (node_modules/react-dom/cjs/react-dom-client.development.js:18757:9)
      at scheduleUpdateOnFiber (node_modules/react-dom/cjs/react-dom-client.development.js:16409:11)
      at dispatchSetStateInternal (node_modules/react-dom/cjs/react-dom-client.development.js:9170:13)
      at dispatchSetState (node_modules/react-dom/cjs/react-dom-client.development.js:9127:7)
      at setRoles (src/renderer/pages/Utilisateurs.jsx:199:7)

  console.warn
    The width(-1) and height(-1) of chart should be greater than 0,
           please check the style of container, or the props width(100%) and height(100%),
           or add a minWidth(0) or minHeight(undefined) or use aspect(undefined) to control the
           height and width.

      at warn (node_modules/recharts/lib/util/LogUtils.js:22:17)
      at node_modules/recharts/lib/component/ResponsiveContainer.js:144:22
      at Object.react_stack_bottom_frame (node_modules/react-dom/cjs/react-dom-client.development.js:25904:20)
      at renderWithHooks (node_modules/react-dom/cjs/react-dom-client.development.js:7662:22)
      at updateForwardRef (node_modules/react-dom/cjs/react-dom-client.development.js:9724:19)
      at beginWork (node_modules/react-dom/cjs/react-dom-client.development.js:12117:18)
      at runWithFiberInDEV (node_modules/react-dom/cjs/react-dom-client.development.js:874:13)
      at performUnitOfWork (node_modules/react-dom/cjs/react-dom-client.development.js:17641:22)
      at workLoopSync (node_modules/react-dom/cjs/react-dom-client.development.js:17469:41)
      at renderRootSync (node_modules/react-dom/cjs/react-dom-client.development.js:17450:11)
      at performWorkOnRoot (node_modules/react-dom/cjs/react-dom-client.development.js:16504:11)
      at performWorkOnRootViaSchedulerTask (node_modules/react-dom/cjs/react-dom-client.development.js:18957:7)
      at flushActQueue (node_modules/react/cjs/react.development.js:590:34)
      at node_modules/react/cjs/react.development.js:847:21

  console.error
    An update to Utilisateur inside a test was not wrapped in act(...).
    
    When testing, code that causes React state updates should be wrapped into act(...):
    
    act(() => {
      /* fire events that update state */
    });
    /* assert on the output */
    
    This ensures that you're testing the behavior the user would see in the browser. Learn more at https://react.dev/link/wrap-tests-with-act

    [0m [90m 201 |[39m       setError([32m"Impossible de charger les utilisateurs."[39m)[33m;[39m
     [90m 202 |[39m     } [36mfinally[39m {
    [31m[1m>[22m[39m[90m 203 |[39m       setLoading([36mfalse[39m)[33m;[39m
     [90m     |[39m       [31m[1m^[22m[39m
     [90m 204 |[39m     }
     [90m 205 |[39m   }[33m;[39m
     [90m 206 |[39m[0m

      at node_modules/react-dom/cjs/react-dom-client.development.js:18758:19
      at runWithFiberInDEV (node_modules/react-dom/cjs/react-dom-client.development.js:874:13)
      at warnIfUpdatesNotWrappedWithActDEV (node_modules/react-dom/cjs/react-dom-client.development.js:18757:9)
      at scheduleUpdateOnFiber (node_modules/react-dom/cjs/react-dom-client.development.js:16409:11)
      at dispatchSetStateInternal (node_modules/react-dom/cjs/react-dom-client.development.js:9170:13)
      at dispatchSetState (node_modules/react-dom/cjs/react-dom-client.development.js:9127:7)
      at setLoading (src/renderer/pages/Utilisateurs.jsx:203:7)

  console.warn
    The width(-1) and height(-1) of chart should be greater than 0,
           please check the style of container, or the props width(100%) and height(100%),
           or add a minWidth(0) or minHeight(undefined) or use aspect(undefined) to control the
           height and width.

      at warn (node_modules/recharts/lib/util/LogUtils.js:22:17)
      at node_modules/recharts/lib/component/ResponsiveContainer.js:144:22
      at Object.react_stack_bottom_frame (node_modules/react-dom/cjs/react-dom-client.development.js:25904:20)
      at renderWithHooks (node_modules/react-dom/cjs/react-dom-client.development.js:7662:22)
      at updateForwardRef (node_modules/react-dom/cjs/react-dom-client.development.js:9724:19)
      at beginWork (node_modules/react-dom/cjs/react-dom-client.development.js:12117:18)
      at runWithFiberInDEV (node_modules/react-dom/cjs/react-dom-client.development.js:874:13)
      at performUnitOfWork (node_modules/react-dom/cjs/react-dom-client.development.js:17641:22)
      at workLoopSync (node_modules/react-dom/cjs/react-dom-client.development.js:17469:41)
      at renderRootSync (node_modules/react-dom/cjs/react-dom-client.development.js:17450:11)
      at performWorkOnRoot (node_modules/react-dom/cjs/react-dom-client.development.js:16504:11)
      at performWorkOnRootViaSchedulerTask (node_modules/react-dom/cjs/react-dom-client.development.js:18957:7)
      at flushActQueue (node_modules/react/cjs/react.development.js:590:34)
      at node_modules/react/cjs/react.development.js:847:21

  console.warn
    The width(-1) and height(-1) of chart should be greater than 0,
           please check the style of container, or the props width(100%) and height(100%),
           or add a minWidth(0) or minHeight(undefined) or use aspect(undefined) to control the
           height and width.

      at warn (node_modules/recharts/lib/util/LogUtils.js:22:17)
      at node_modules/recharts/lib/component/ResponsiveContainer.js:144:22
      at Object.react_stack_bottom_frame (node_modules/react-dom/cjs/react-dom-client.development.js:25904:20)
      at renderWithHooks (node_modules/react-dom/cjs/react-dom-client.development.js:7662:22)
      at updateForwardRef (node_modules/react-dom/cjs/react-dom-client.development.js:9724:19)
      at beginWork (node_modules/react-dom/cjs/react-dom-client.development.js:12117:18)
      at runWithFiberInDEV (node_modules/react-dom/cjs/react-dom-client.development.js:874:13)
      at performUnitOfWork (node_modules/react-dom/cjs/react-dom-client.development.js:17641:22)
      at workLoopSync (node_modules/react-dom/cjs/react-dom-client.development.js:17469:41)
      at renderRootSync (node_modules/react-dom/cjs/react-dom-client.development.js:17450:11)
      at performWorkOnRoot (node_modules/react-dom/cjs/react-dom-client.development.js:16504:11)
      at performWorkOnRootViaSchedulerTask (node_modules/react-dom/cjs/react-dom-client.development.js:18957:7)
      at flushActQueue (node_modules/react/cjs/react.development.js:590:34)
      at node_modules/react/cjs/react.development.js:847:21

  console.warn
    The width(-1) and height(-1) of chart should be greater than 0,
           please check the style of container, or the props width(100%) and height(100%),
           or add a minWidth(0) or minHeight(undefined) or use aspect(undefined) to control the
           height and width.

      at warn (node_modules/recharts/lib/util/LogUtils.js:22:17)
      at node_modules/recharts/lib/component/ResponsiveContainer.js:144:22
      at Object.react_stack_bottom_frame (node_modules/react-dom/cjs/react-dom-client.development.js:25904:20)
      at renderWithHooks (node_modules/react-dom/cjs/react-dom-client.development.js:7662:22)
      at updateForwardRef (node_modules/react-dom/cjs/react-dom-client.development.js:9724:19)
      at beginWork (node_modules/react-dom/cjs/react-dom-client.development.js:12117:18)
      at runWithFiberInDEV (node_modules/react-dom/cjs/react-dom-client.development.js:874:13)
      at performUnitOfWork (node_modules/react-dom/cjs/react-dom-client.development.js:17641:22)
      at workLoopSync (node_modules/react-dom/cjs/react-dom-client.development.js:17469:41)
      at renderRootSync (node_modules/react-dom/cjs/react-dom-client.development.js:17450:11)
      at performWorkOnRoot (node_modules/react-dom/cjs/react-dom-client.development.js:16504:11)
      at performWorkOnRootViaSchedulerTask (node_modules/react-dom/cjs/react-dom-client.development.js:18957:7)
      at flushActQueue (node_modules/react/cjs/react.development.js:590:34)
      at node_modules/react/cjs/react.development.js:847:21

  console.warn
    The width(-1) and height(-1) of chart should be greater than 0,
           please check the style of container, or the props width(100%) and height(100%),
           or add a minWidth(0) or minHeight(undefined) or use aspect(undefined) to control the
           height and width.

      at warn (node_modules/recharts/lib/util/LogUtils.js:22:17)
      at node_modules/recharts/lib/component/ResponsiveContainer.js:144:22
      at Object.react_stack_bottom_frame (node_modules/react-dom/cjs/react-dom-client.development.js:25904:20)
      at renderWithHooks (node_modules/react-dom/cjs/react-dom-client.development.js:7662:22)
      at updateForwardRef (node_modules/react-dom/cjs/react-dom-client.development.js:9724:19)
      at beginWork (node_modules/react-dom/cjs/react-dom-client.development.js:12117:18)
      at runWithFiberInDEV (node_modules/react-dom/cjs/react-dom-client.development.js:874:13)
      at performUnitOfWork (node_modules/react-dom/cjs/react-dom-client.development.js:17641:22)
      at workLoopSync (node_modules/react-dom/cjs/react-dom-client.development.js:17469:41)
      at renderRootSync (node_modules/react-dom/cjs/react-dom-client.development.js:17450:11)
      at performWorkOnRoot (node_modules/react-dom/cjs/react-dom-client.development.js:16504:11)
      at performWorkOnRootViaSchedulerTask (node_modules/react-dom/cjs/react-dom-client.development.js:18957:7)
      at flushActQueue (node_modules/react/cjs/react.development.js:590:34)
      at node_modules/react/cjs/react.development.js:847:21

  console.warn
    The width(-1) and height(-1) of chart should be greater than 0,
           please check the style of container, or the props width(100%) and height(100%),
           or add a minWidth(0) or minHeight(undefined) or use aspect(undefined) to control the
           height and width.

      at warn (node_modules/recharts/lib/util/LogUtils.js:22:17)
      at node_modules/recharts/lib/component/ResponsiveContainer.js:144:22
      at Object.react_stack_bottom_frame (node_modules/react-dom/cjs/react-dom-client.development.js:25904:20)
      at renderWithHooks (node_modules/react-dom/cjs/react-dom-client.development.js:7662:22)
      at updateForwardRef (node_modules/react-dom/cjs/react-dom-client.development.js:9724:19)
      at beginWork (node_modules/react-dom/cjs/react-dom-client.development.js:12117:18)
      at runWithFiberInDEV (node_modules/react-dom/cjs/react-dom-client.development.js:874:13)
      at performUnitOfWork (node_modules/react-dom/cjs/react-dom-client.development.js:17641:22)
      at workLoopSync (node_modules/react-dom/cjs/react-dom-client.development.js:17469:41)
      at renderRootSync (node_modules/react-dom/cjs/react-dom-client.development.js:17450:11)
      at performWorkOnRoot (node_modules/react-dom/cjs/react-dom-client.development.js:16504:11)
      at performWorkOnRootViaSchedulerTask (node_modules/react-dom/cjs/react-dom-client.development.js:18957:7)
      at flushActQueue (node_modules/react/cjs/react.development.js:590:34)
      at node_modules/react/cjs/react.development.js:847:21

  console.warn
    The width(-1) and height(-1) of chart should be greater than 0,
           please check the style of container, or the props width(100%) and height(100%),
           or add a minWidth(0) or minHeight(undefined) or use aspect(undefined) to control the
           height and width.

      at warn (node_modules/recharts/lib/util/LogUtils.js:22:17)
      at node_modules/recharts/lib/component/ResponsiveContainer.js:144:22
      at Object.react_stack_bottom_frame (node_modules/react-dom/cjs/react-dom-client.development.js:25904:20)
      at renderWithHooks (node_modules/react-dom/cjs/react-dom-client.development.js:7662:22)
      at updateForwardRef (node_modules/react-dom/cjs/react-dom-client.development.js:9724:19)
      at beginWork (node_modules/react-dom/cjs/react-dom-client.development.js:12117:18)
      at runWithFiberInDEV (node_modules/react-dom/cjs/react-dom-client.development.js:874:13)
      at performUnitOfWork (node_modules/react-dom/cjs/react-dom-client.development.js:17641:22)
      at workLoopSync (node_modules/react-dom/cjs/react-dom-client.development.js:17469:41)
      at renderRootSync (node_modules/react-dom/cjs/react-dom-client.development.js:17450:11)
      at performWorkOnRoot (node_modules/react-dom/cjs/react-dom-client.development.js:16504:11)
      at performWorkOnRootViaSchedulerTask (node_modules/react-dom/cjs/react-dom-client.development.js:18957:7)
      at flushActQueue (node_modules/react/cjs/react.development.js:590:34)
      at node_modules/react/cjs/react.development.js:847:21

  console.warn
    The width(-1) and height(-1) of chart should be greater than 0,
           please check the style of container, or the props width(100%) and height(100%),
           or add a minWidth(0) or minHeight(undefined) or use aspect(undefined) to control the
           height and width.

      at warn (node_modules/recharts/lib/util/LogUtils.js:22:17)
      at node_modules/recharts/lib/component/ResponsiveContainer.js:144:22
      at Object.react_stack_bottom_frame (node_modules/react-dom/cjs/react-dom-client.development.js:25904:20)
      at renderWithHooks (node_modules/react-dom/cjs/react-dom-client.development.js:7662:22)
      at updateForwardRef (node_modules/react-dom/cjs/react-dom-client.development.js:9724:19)
      at beginWork (node_modules/react-dom/cjs/react-dom-client.development.js:12117:18)
      at runWithFiberInDEV (node_modules/react-dom/cjs/react-dom-client.development.js:874:13)
      at performUnitOfWork (node_modules/react-dom/cjs/react-dom-client.development.js:17641:22)
      at workLoopSync (node_modules/react-dom/cjs/react-dom-client.development.js:17469:41)
      at renderRootSync (node_modules/react-dom/cjs/react-dom-client.development.js:17450:11)
      at performWorkOnRoot (node_modules/react-dom/cjs/react-dom-client.development.js:16504:11)
      at performWorkOnRootViaSchedulerTask (node_modules/react-dom/cjs/react-dom-client.development.js:18957:7)
      at flushActQueue (node_modules/react/cjs/react.development.js:590:34)
      at node_modules/react/cjs/react.development.js:847:21

  console.error
    An update to TransactionModal inside a test was not wrapped in act(...).
    
    When testing, code that causes React state updates should be wrapped into act(...):
    
    act(() => {
      /* fire events that update state */
    });
    /* assert on the output */
    
    This ensures that you're testing the behavior the user would see in the browser. Learn more at https://react.dev/link/wrap-tests-with-act

    [0m [90m 45 |[39m     setLoadingAdh([36mtrue[39m)[33m;[39m
     [90m 46 |[39m     window[33m.[39mapi[33m?[39m[33m.[39mgetAdherents[33m?[39m[33m.[39m()
    [31m[1m>[22m[39m[90m 47 |[39m       [33m.[39mthen(data  [33m=>[39m setAdherents(data [33m||[39m []))
     [90m    |[39m                      [31m[1m^[22m[39m
     [90m 48 |[39m       [33m.[39m[36mcatch[39m(err  [33m=>[39m console[33m.[39merror([32m'Erreur chargement adhérents:'[39m[33m,[39m err))
     [90m 49 |[39m       [33m.[39m[36mfinally[39m(() [33m=>[39m setLoadingAdh([36mfalse[39m))[33m;[39m
     [90m 50 |[39m   }[33m,[39m [isVente])[33m;[39m[0m

      at node_modules/react-dom/cjs/react-dom-client.development.js:18758:19
      at runWithFiberInDEV (node_modules/react-dom/cjs/react-dom-client.development.js:874:13)
      at warnIfUpdatesNotWrappedWithActDEV (node_modules/react-dom/cjs/react-dom-client.development.js:18757:9)
      at scheduleUpdateOnFiber (node_modules/react-dom/cjs/react-dom-client.development.js:16409:11)
      at dispatchSetStateInternal (node_modules/react-dom/cjs/react-dom-client.development.js:9170:13)
      at dispatchSetState (node_modules/react-dom/cjs/react-dom-client.development.js:9127:7)
      at setAdherents (src/__tests__/components/TransactionModal.test.jsx:47:22)

  console.error
    An update to TransactionModal inside a test was not wrapped in act(...).
    
    When testing, code that causes React state updates should be wrapped into act(...):
    
    act(() => {
      /* fire events that update state */
    });
    /* assert on the output */
    
    This ensures that you're testing the behavior the user would see in the browser. Learn more at https://react.dev/link/wrap-tests-with-act

    [0m [90m 47 |[39m       [33m.[39mthen(data  [33m=>[39m setAdherents(data [33m||[39m []))
     [90m 48 |[39m       [33m.[39m[36mcatch[39m(err  [33m=>[39m console[33m.[39merror([32m'Erreur chargement adhérents:'[39m[33m,[39m err))
    [31m[1m>[22m[39m[90m 49 |[39m       [33m.[39m[36mfinally[39m(() [33m=>[39m setLoadingAdh([36mfalse[39m))[33m;[39m
     [90m    |[39m                      [31m[1m^[22m[39m
     [90m 50 |[39m   }[33m,[39m [isVente])[33m;[39m
     [90m 51 |[39m
     [90m 52 |[39m   [36mconst[39m qte             [33m=[39m [33mNumber[39m(quantite) [33m||[39m [35m0[39m[33m;[39m[0m

      at node_modules/react-dom/cjs/react-dom-client.development.js:18758:19
      at runWithFiberInDEV (node_modules/react-dom/cjs/react-dom-client.development.js:874:13)
      at warnIfUpdatesNotWrappedWithActDEV (node_modules/react-dom/cjs/react-dom-client.development.js:18757:9)
      at scheduleUpdateOnFiber (node_modules/react-dom/cjs/react-dom-client.development.js:16409:11)
      at dispatchSetStateInternal (node_modules/react-dom/cjs/react-dom-client.development.js:9170:13)
      at dispatchSetState (node_modules/react-dom/cjs/react-dom-client.development.js:9127:7)
      at setLoadingAdh (src/__tests__/components/TransactionModal.test.jsx:49:22)

  console.error
    An update to TransactionModal inside a test was not wrapped in act(...).
    
    When testing, code that causes React state updates should be wrapped into act(...):
    
    act(() => {
      /* fire events that update state */
    });
    /* assert on the output */
    
    This ensures that you're testing the behavior the user would see in the browser. Learn more at https://react.dev/link/wrap-tests-with-act

    [0m [90m 45 |[39m     setLoadingAdh([36mtrue[39m)[33m;[39m
     [90m 46 |[39m     window[33m.[39mapi[33m?[39m[33m.[39mgetAdherents[33m?[39m[33m.[39m()
    [31m[1m>[22m[39m[90m 47 |[39m       [33m.[39mthen(data  [33m=>[39m setAdherents(data [33m||[39m []))
     [90m    |[39m                      [31m[1m^[22m[39m
     [90m 48 |[39m       [33m.[39m[36mcatch[39m(err  [33m=>[39m console[33m.[39merror([32m'Erreur chargement adhérents:'[39m[33m,[39m err))
     [90m 49 |[39m       [33m.[39m[36mfinally[39m(() [33m=>[39m setLoadingAdh([36mfalse[39m))[33m;[39m
     [90m 50 |[39m   }[33m,[39m [isVente])[33m;[39m[0m

      at node_modules/react-dom/cjs/react-dom-client.development.js:18758:19
      at runWithFiberInDEV (node_modules/react-dom/cjs/react-dom-client.development.js:874:13)
      at warnIfUpdatesNotWrappedWithActDEV (node_modules/react-dom/cjs/react-dom-client.development.js:18757:9)
      at scheduleUpdateOnFiber (node_modules/react-dom/cjs/react-dom-client.development.js:16409:11)
      at dispatchSetStateInternal (node_modules/react-dom/cjs/react-dom-client.development.js:9170:13)
      at dispatchSetState (node_modules/react-dom/cjs/react-dom-client.development.js:9127:7)
      at setAdherents (src/__tests__/components/TransactionModal.test.jsx:47:22)

  console.error
    An update to TransactionModal inside a test was not wrapped in act(...).
    
    When testing, code that causes React state updates should be wrapped into act(...):
    
    act(() => {
      /* fire events that update state */
    });
    /* assert on the output */
    
    This ensures that you're testing the behavior the user would see in the browser. Learn more at https://react.dev/link/wrap-tests-with-act

    [0m [90m 47 |[39m       [33m.[39mthen(data  [33m=>[39m setAdherents(data [33m||[39m []))
     [90m 48 |[39m       [33m.[39m[36mcatch[39m(err  [33m=>[39m console[33m.[39merror([32m'Erreur chargement adhérents:'[39m[33m,[39m err))
    [31m[1m>[22m[39m[90m 49 |[39m       [33m.[39m[36mfinally[39m(() [33m=>[39m setLoadingAdh([36mfalse[39m))[33m;[39m
     [90m    |[39m                      [31m[1m^[22m[39m
     [90m 50 |[39m   }[33m,[39m [isVente])[33m;[39m
     [90m 51 |[39m
     [90m 52 |[39m   [36mconst[39m qte             [33m=[39m [33mNumber[39m(quantite) [33m||[39m [35m0[39m[33m;[39m[0m

      at node_modules/react-dom/cjs/react-dom-client.development.js:18758:19
      at runWithFiberInDEV (node_modules/react-dom/cjs/react-dom-client.development.js:874:13)
      at warnIfUpdatesNotWrappedWithActDEV (node_modules/react-dom/cjs/react-dom-client.development.js:18757:9)
      at scheduleUpdateOnFiber (node_modules/react-dom/cjs/react-dom-client.development.js:16409:11)
      at dispatchSetStateInternal (node_modules/react-dom/cjs/react-dom-client.development.js:9170:13)
      at dispatchSetState (node_modules/react-dom/cjs/react-dom-client.development.js:9127:7)
      at setLoadingAdh (src/__tests__/components/TransactionModal.test.jsx:49:22)

  console.warn
    The width(-1) and height(-1) of chart should be greater than 0,
           please check the style of container, or the props width(100%) and height(100%),
           or add a minWidth(0) or minHeight(undefined) or use aspect(undefined) to control the
           height and width.

      at warn (node_modules/recharts/lib/util/LogUtils.js:22:17)
      at node_modules/recharts/lib/component/ResponsiveContainer.js:144:22
      at Object.react_stack_bottom_frame (node_modules/react-dom/cjs/react-dom-client.development.js:25904:20)
      at renderWithHooks (node_modules/react-dom/cjs/react-dom-client.development.js:7662:22)
      at updateForwardRef (node_modules/react-dom/cjs/react-dom-client.development.js:9724:19)
      at beginWork (node_modules/react-dom/cjs/react-dom-client.development.js:12117:18)
      at runWithFiberInDEV (node_modules/react-dom/cjs/react-dom-client.development.js:874:13)
      at performUnitOfWork (node_modules/react-dom/cjs/react-dom-client.development.js:17641:22)
      at workLoopSync (node_modules/react-dom/cjs/react-dom-client.development.js:17469:41)
      at renderRootSync (node_modules/react-dom/cjs/react-dom-client.development.js:17450:11)
      at performWorkOnRoot (node_modules/react-dom/cjs/react-dom-client.development.js:16504:11)
      at performWorkOnRootViaSchedulerTask (node_modules/react-dom/cjs/react-dom-client.development.js:18957:7)
      at flushActQueue (node_modules/react/cjs/react.development.js:590:34)
      at node_modules/react/cjs/react.development.js:847:21

  console.error
    An update to TransactionModal inside a test was not wrapped in act(...).
    
    When testing, code that causes React state updates should be wrapped into act(...):
    
    act(() => {
      /* fire events that update state */
    });
    /* assert on the output */
    
    This ensures that you're testing the behavior the user would see in the browser. Learn more at https://react.dev/link/wrap-tests-with-act

    [0m [90m 45 |[39m     setLoadingAdh([36mtrue[39m)[33m;[39m
     [90m 46 |[39m     window[33m.[39mapi[33m?[39m[33m.[39mgetAdherents[33m?[39m[33m.[39m()
    [31m[1m>[22m[39m[90m 47 |[39m       [33m.[39mthen(data  [33m=>[39m setAdherents(data [33m||[39m []))
     [90m    |[39m                      [31m[1m^[22m[39m
     [90m 48 |[39m       [33m.[39m[36mcatch[39m(err  [33m=>[39m console[33m.[39merror([32m'Erreur chargement adhérents:'[39m[33m,[39m err))
     [90m 49 |[39m       [33m.[39m[36mfinally[39m(() [33m=>[39m setLoadingAdh([36mfalse[39m))[33m;[39m
     [90m 50 |[39m   }[33m,[39m [isVente])[33m;[39m[0m

      at node_modules/react-dom/cjs/react-dom-client.development.js:18758:19
      at runWithFiberInDEV (node_modules/react-dom/cjs/react-dom-client.development.js:874:13)
      at warnIfUpdatesNotWrappedWithActDEV (node_modules/react-dom/cjs/react-dom-client.development.js:18757:9)
      at scheduleUpdateOnFiber (node_modules/react-dom/cjs/react-dom-client.development.js:16409:11)
      at dispatchSetStateInternal (node_modules/react-dom/cjs/react-dom-client.development.js:9170:13)
      at dispatchSetState (node_modules/react-dom/cjs/react-dom-client.development.js:9127:7)
      at setAdherents (src/__tests__/components/TransactionModal.test.jsx:47:22)

  console.error
    An update to TransactionModal inside a test was not wrapped in act(...).
    
    When testing, code that causes React state updates should be wrapped into act(...):
    
    act(() => {
      /* fire events that update state */
    });
    /* assert on the output */
    
    This ensures that you're testing the behavior the user would see in the browser. Learn more at https://react.dev/link/wrap-tests-with-act

    [0m [90m 47 |[39m       [33m.[39mthen(data  [33m=>[39m setAdherents(data [33m||[39m []))
     [90m 48 |[39m       [33m.[39m[36mcatch[39m(err  [33m=>[39m console[33m.[39merror([32m'Erreur chargement adhérents:'[39m[33m,[39m err))
    [31m[1m>[22m[39m[90m 49 |[39m       [33m.[39m[36mfinally[39m(() [33m=>[39m setLoadingAdh([36mfalse[39m))[33m;[39m
     [90m    |[39m                      [31m[1m^[22m[39m
     [90m 50 |[39m   }[33m,[39m [isVente])[33m;[39m
     [90m 51 |[39m
     [90m 52 |[39m   [36mconst[39m qte             [33m=[39m [33mNumber[39m(quantite) [33m||[39m [35m0[39m[33m;[39m[0m

      at node_modules/react-dom/cjs/react-dom-client.development.js:18758:19
      at runWithFiberInDEV (node_modules/react-dom/cjs/react-dom-client.development.js:874:13)
      at warnIfUpdatesNotWrappedWithActDEV (node_modules/react-dom/cjs/react-dom-client.development.js:18757:9)
      at scheduleUpdateOnFiber (node_modules/react-dom/cjs/react-dom-client.development.js:16409:11)
      at dispatchSetStateInternal (node_modules/react-dom/cjs/react-dom-client.development.js:9170:13)
      at dispatchSetState (node_modules/react-dom/cjs/react-dom-client.development.js:9127:7)
      at setLoadingAdh (src/__tests__/components/TransactionModal.test.jsx:49:22)

  console.error
    An update to Sidebar inside a test was not wrapped in act(...).
    
    When testing, code that causes React state updates should be wrapped into act(...):
    
    act(() => {
      /* fire events that update state */
    });
    /* assert on the output */
    
    This ensures that you're testing the behavior the user would see in the browser. Learn more at https://react.dev/link/wrap-tests-with-act

    [0m [90m 53 |[39m     [36mif[39m ([33m![39mrole_id) [36mreturn[39m[33m;[39m
     [90m 54 |[39m     window[33m.[39melectron[33m.[39minvoke([32m'getPermissions'[39m[33m,[39m role_id)
    [31m[1m>[22m[39m[90m 55 |[39m       [33m.[39mthen(perms [33m=>[39m setRolePerms(perms))
     [90m    |[39m                      [31m[1m^[22m[39m
     [90m 56 |[39m       [33m.[39m[36mcatch[39m(err [33m=>[39m console[33m.[39merror([32m'Erreur permissions sidebar'[39m[33m,[39m err))[33m;[39m
     [90m 57 |[39m   }[33m,[39m [])[33m;[39m
     [90m 58 |[39m[0m

      at node_modules/react-dom/cjs/react-dom-client.development.js:18758:19
      at runWithFiberInDEV (node_modules/react-dom/cjs/react-dom-client.development.js:874:13)
      at warnIfUpdatesNotWrappedWithActDEV (node_modules/react-dom/cjs/react-dom-client.development.js:18757:9)
      at scheduleUpdateOnFiber (node_modules/react-dom/cjs/react-dom-client.development.js:16409:11)
      at dispatchSetStateInternal (node_modules/react-dom/cjs/react-dom-client.development.js:9170:13)
      at dispatchSetState (node_modules/react-dom/cjs/react-dom-client.development.js:9127:7)
      at setRolePerms (src/renderer/components/Sidebar.jsx:55:22)

  console.error
    An update to TransactionModal inside a test was not wrapped in act(...).
    
    When testing, code that causes React state updates should be wrapped into act(...):
    
    act(() => {
      /* fire events that update state */
    });
    /* assert on the output */
    
    This ensures that you're testing the behavior the user would see in the browser. Learn more at https://react.dev/link/wrap-tests-with-act

    [0m [90m 45 |[39m     setLoadingAdh([36mtrue[39m)[33m;[39m
     [90m 46 |[39m     window[33m.[39mapi[33m?[39m[33m.[39mgetAdherents[33m?[39m[33m.[39m()
    [31m[1m>[22m[39m[90m 47 |[39m       [33m.[39mthen(data  [33m=>[39m setAdherents(data [33m||[39m []))
     [90m    |[39m                      [31m[1m^[22m[39m
     [90m 48 |[39m       [33m.[39m[36mcatch[39m(err  [33m=>[39m console[33m.[39merror([32m'Erreur chargement adhérents:'[39m[33m,[39m err))
     [90m 49 |[39m       [33m.[39m[36mfinally[39m(() [33m=>[39m setLoadingAdh([36mfalse[39m))[33m;[39m
     [90m 50 |[39m   }[33m,[39m [isVente])[33m;[39m[0m

      at node_modules/react-dom/cjs/react-dom-client.development.js:18758:19
      at runWithFiberInDEV (node_modules/react-dom/cjs/react-dom-client.development.js:874:13)
      at warnIfUpdatesNotWrappedWithActDEV (node_modules/react-dom/cjs/react-dom-client.development.js:18757:9)
      at scheduleUpdateOnFiber (node_modules/react-dom/cjs/react-dom-client.development.js:16409:11)
      at dispatchSetStateInternal (node_modules/react-dom/cjs/react-dom-client.development.js:9170:13)
      at dispatchSetState (node_modules/react-dom/cjs/react-dom-client.development.js:9127:7)
      at setAdherents (src/__tests__/components/TransactionModal.test.jsx:47:22)

  console.warn
    The width(-1) and height(-1) of chart should be greater than 0,
           please check the style of container, or the props width(100%) and height(100%),
           or add a minWidth(0) or minHeight(undefined) or use aspect(undefined) to control the
           height and width.

      at warn (node_modules/recharts/lib/util/LogUtils.js:22:17)
      at node_modules/recharts/lib/component/ResponsiveContainer.js:144:22
      at Object.react_stack_bottom_frame (node_modules/react-dom/cjs/react-dom-client.development.js:25904:20)
      at renderWithHooks (node_modules/react-dom/cjs/react-dom-client.development.js:7662:22)
      at updateForwardRef (node_modules/react-dom/cjs/react-dom-client.development.js:9724:19)
      at beginWork (node_modules/react-dom/cjs/react-dom-client.development.js:12117:18)
      at runWithFiberInDEV (node_modules/react-dom/cjs/react-dom-client.development.js:874:13)
      at performUnitOfWork (node_modules/react-dom/cjs/react-dom-client.development.js:17641:22)
      at workLoopSync (node_modules/react-dom/cjs/react-dom-client.development.js:17469:41)
      at renderRootSync (node_modules/react-dom/cjs/react-dom-client.development.js:17450:11)
      at performWorkOnRoot (node_modules/react-dom/cjs/react-dom-client.development.js:16504:11)
      at performWorkOnRootViaSchedulerTask (node_modules/react-dom/cjs/react-dom-client.development.js:18957:7)
      at flushActQueue (node_modules/react/cjs/react.development.js:590:34)
      at node_modules/react/cjs/react.development.js:847:21

  console.error
    An update to TransactionModal inside a test was not wrapped in act(...).
    
    When testing, code that causes React state updates should be wrapped into act(...):
    
    act(() => {
      /* fire events that update state */
    });
    /* assert on the output */
    
    This ensures that you're testing the behavior the user would see in the browser. Learn more at https://react.dev/link/wrap-tests-with-act

    [0m [90m 47 |[39m       [33m.[39mthen(data  [33m=>[39m setAdherents(data [33m||[39m []))
     [90m 48 |[39m       [33m.[39m[36mcatch[39m(err  [33m=>[39m console[33m.[39merror([32m'Erreur chargement adhérents:'[39m[33m,[39m err))
    [31m[1m>[22m[39m[90m 49 |[39m       [33m.[39m[36mfinally[39m(() [33m=>[39m setLoadingAdh([36mfalse[39m))[33m;[39m
     [90m    |[39m                      [31m[1m^[22m[39m
     [90m 50 |[39m   }[33m,[39m [isVente])[33m;[39m
     [90m 51 |[39m
     [90m 52 |[39m   [36mconst[39m qte             [33m=[39m [33mNumber[39m(quantite) [33m||[39m [35m0[39m[33m;[39m[0m

      at node_modules/react-dom/cjs/react-dom-client.development.js:18758:19
      at runWithFiberInDEV (node_modules/react-dom/cjs/react-dom-client.development.js:874:13)
      at warnIfUpdatesNotWrappedWithActDEV (node_modules/react-dom/cjs/react-dom-client.development.js:18757:9)
      at scheduleUpdateOnFiber (node_modules/react-dom/cjs/react-dom-client.development.js:16409:11)
      at dispatchSetStateInternal (node_modules/react-dom/cjs/react-dom-client.development.js:9170:13)
      at dispatchSetState (node_modules/react-dom/cjs/react-dom-client.development.js:9127:7)
      at setLoadingAdh (src/__tests__/components/TransactionModal.test.jsx:49:22)

  console.error
    An update to Sidebar inside a test was not wrapped in act(...).
    
    When testing, code that causes React state updates should be wrapped into act(...):
    
    act(() => {
      /* fire events that update state */
    });
    /* assert on the output */
    
    This ensures that you're testing the behavior the user would see in the browser. Learn more at https://react.dev/link/wrap-tests-with-act

    [0m [90m 53 |[39m     [36mif[39m ([33m![39mrole_id) [36mreturn[39m[33m;[39m
     [90m 54 |[39m     window[33m.[39melectron[33m.[39minvoke([32m'getPermissions'[39m[33m,[39m role_id)
    [31m[1m>[22m[39m[90m 55 |[39m       [33m.[39mthen(perms [33m=>[39m setRolePerms(perms))
     [90m    |[39m                      [31m[1m^[22m[39m
     [90m 56 |[39m       [33m.[39m[36mcatch[39m(err [33m=>[39m console[33m.[39merror([32m'Erreur permissions sidebar'[39m[33m,[39m err))[33m;[39m
     [90m 57 |[39m   }[33m,[39m [])[33m;[39m
     [90m 58 |[39m[0m

      at node_modules/react-dom/cjs/react-dom-client.development.js:18758:19
      at runWithFiberInDEV (node_modules/react-dom/cjs/react-dom-client.development.js:874:13)
      at warnIfUpdatesNotWrappedWithActDEV (node_modules/react-dom/cjs/react-dom-client.development.js:18757:9)
      at scheduleUpdateOnFiber (node_modules/react-dom/cjs/react-dom-client.development.js:16409:11)
      at dispatchSetStateInternal (node_modules/react-dom/cjs/react-dom-client.development.js:9170:13)
      at dispatchSetState (node_modules/react-dom/cjs/react-dom-client.development.js:9127:7)
      at setRolePerms (src/renderer/components/Sidebar.jsx:55:22)

  console.error
    An update to TransactionModal inside a test was not wrapped in act(...).
    
    When testing, code that causes React state updates should be wrapped into act(...):
    
    act(() => {
      /* fire events that update state */
    });
    /* assert on the output */
    
    This ensures that you're testing the behavior the user would see in the browser. Learn more at https://react.dev/link/wrap-tests-with-act

    [0m [90m 45 |[39m     setLoadingAdh([36mtrue[39m)[33m;[39m
     [90m 46 |[39m     window[33m.[39mapi[33m?[39m[33m.[39mgetAdherents[33m?[39m[33m.[39m()
    [31m[1m>[22m[39m[90m 47 |[39m       [33m.[39mthen(data  [33m=>[39m setAdherents(data [33m||[39m []))
     [90m    |[39m                      [31m[1m^[22m[39m
     [90m 48 |[39m       [33m.[39m[36mcatch[39m(err  [33m=>[39m console[33m.[39merror([32m'Erreur chargement adhérents:'[39m[33m,[39m err))
     [90m 49 |[39m       [33m.[39m[36mfinally[39m(() [33m=>[39m setLoadingAdh([36mfalse[39m))[33m;[39m
     [90m 50 |[39m   }[33m,[39m [isVente])[33m;[39m[0m

      at node_modules/react-dom/cjs/react-dom-client.development.js:18758:19
      at runWithFiberInDEV (node_modules/react-dom/cjs/react-dom-client.development.js:874:13)
      at warnIfUpdatesNotWrappedWithActDEV (node_modules/react-dom/cjs/react-dom-client.development.js:18757:9)
      at scheduleUpdateOnFiber (node_modules/react-dom/cjs/react-dom-client.development.js:16409:11)
      at dispatchSetStateInternal (node_modules/react-dom/cjs/react-dom-client.development.js:9170:13)
      at dispatchSetState (node_modules/react-dom/cjs/react-dom-client.development.js:9127:7)
      at setAdherents (src/__tests__/components/TransactionModal.test.jsx:47:22)

  console.warn
    The width(-1) and height(-1) of chart should be greater than 0,
           please check the style of container, or the props width(100%) and height(100%),
           or add a minWidth(0) or minHeight(undefined) or use aspect(undefined) to control the
           height and width.

      at warn (node_modules/recharts/lib/util/LogUtils.js:22:17)
      at node_modules/recharts/lib/component/ResponsiveContainer.js:144:22
      at Object.react_stack_bottom_frame (node_modules/react-dom/cjs/react-dom-client.development.js:25904:20)
      at renderWithHooks (node_modules/react-dom/cjs/react-dom-client.development.js:7662:22)
      at updateForwardRef (node_modules/react-dom/cjs/react-dom-client.development.js:9724:19)
      at beginWork (node_modules/react-dom/cjs/react-dom-client.development.js:12117:18)
      at runWithFiberInDEV (node_modules/react-dom/cjs/react-dom-client.development.js:874:13)
      at performUnitOfWork (node_modules/react-dom/cjs/react-dom-client.development.js:17641:22)
      at workLoopSync (node_modules/react-dom/cjs/react-dom-client.development.js:17469:41)
      at renderRootSync (node_modules/react-dom/cjs/react-dom-client.development.js:17450:11)
      at performWorkOnRoot (node_modules/react-dom/cjs/react-dom-client.development.js:16504:11)
      at performWorkOnRootViaSchedulerTask (node_modules/react-dom/cjs/react-dom-client.development.js:18957:7)
      at flushActQueue (node_modules/react/cjs/react.development.js:590:34)
      at node_modules/react/cjs/react.development.js:847:21

  console.error
    An update to TransactionModal inside a test was not wrapped in act(...).
    
    When testing, code that causes React state updates should be wrapped into act(...):
    
    act(() => {
      /* fire events that update state */
    });
    /* assert on the output */
    
    This ensures that you're testing the behavior the user would see in the browser. Learn more at https://react.dev/link/wrap-tests-with-act

    [0m [90m 47 |[39m       [33m.[39mthen(data  [33m=>[39m setAdherents(data [33m||[39m []))
     [90m 48 |[39m       [33m.[39m[36mcatch[39m(err  [33m=>[39m console[33m.[39merror([32m'Erreur chargement adhérents:'[39m[33m,[39m err))
    [31m[1m>[22m[39m[90m 49 |[39m       [33m.[39m[36mfinally[39m(() [33m=>[39m setLoadingAdh([36mfalse[39m))[33m;[39m
     [90m    |[39m                      [31m[1m^[22m[39m
     [90m 50 |[39m   }[33m,[39m [isVente])[33m;[39m
     [90m 51 |[39m
     [90m 52 |[39m   [36mconst[39m qte             [33m=[39m [33mNumber[39m(quantite) [33m||[39m [35m0[39m[33m;[39m[0m

      at node_modules/react-dom/cjs/react-dom-client.development.js:18758:19
      at runWithFiberInDEV (node_modules/react-dom/cjs/react-dom-client.development.js:874:13)
      at warnIfUpdatesNotWrappedWithActDEV (node_modules/react-dom/cjs/react-dom-client.development.js:18757:9)
      at scheduleUpdateOnFiber (node_modules/react-dom/cjs/react-dom-client.development.js:16409:11)
      at dispatchSetStateInternal (node_modules/react-dom/cjs/react-dom-client.development.js:9170:13)
      at dispatchSetState (node_modules/react-dom/cjs/react-dom-client.development.js:9127:7)
      at setLoadingAdh (src/__tests__/components/TransactionModal.test.jsx:49:22)

  console.error
    An update to Sidebar inside a test was not wrapped in act(...).
    
    When testing, code that causes React state updates should be wrapped into act(...):
    
    act(() => {
      /* fire events that update state */
    });
    /* assert on the output */
    
    This ensures that you're testing the behavior the user would see in the browser. Learn more at https://react.dev/link/wrap-tests-with-act

    [0m [90m 53 |[39m     [36mif[39m ([33m![39mrole_id) [36mreturn[39m[33m;[39m
     [90m 54 |[39m     window[33m.[39melectron[33m.[39minvoke([32m'getPermissions'[39m[33m,[39m role_id)
    [31m[1m>[22m[39m[90m 55 |[39m       [33m.[39mthen(perms [33m=>[39m setRolePerms(perms))
     [90m    |[39m                      [31m[1m^[22m[39m
     [90m 56 |[39m       [33m.[39m[36mcatch[39m(err [33m=>[39m console[33m.[39merror([32m'Erreur permissions sidebar'[39m[33m,[39m err))[33m;[39m
     [90m 57 |[39m   }[33m,[39m [])[33m;[39m
     [90m 58 |[39m[0m

      at node_modules/react-dom/cjs/react-dom-client.development.js:18758:19
      at runWithFiberInDEV (node_modules/react-dom/cjs/react-dom-client.development.js:874:13)
      at warnIfUpdatesNotWrappedWithActDEV (node_modules/react-dom/cjs/react-dom-client.development.js:18757:9)
      at scheduleUpdateOnFiber (node_modules/react-dom/cjs/react-dom-client.development.js:16409:11)
      at dispatchSetStateInternal (node_modules/react-dom/cjs/react-dom-client.development.js:9170:13)
      at dispatchSetState (node_modules/react-dom/cjs/react-dom-client.development.js:9127:7)
      at setRolePerms (src/renderer/components/Sidebar.jsx:55:22)

  console.error
    An update to TransactionModal inside a test was not wrapped in act(...).
    
    When testing, code that causes React state updates should be wrapped into act(...):
    
    act(() => {
      /* fire events that update state */
    });
    /* assert on the output */
    
    This ensures that you're testing the behavior the user would see in the browser. Learn more at https://react.dev/link/wrap-tests-with-act

    [0m [90m 45 |[39m     setLoadingAdh([36mtrue[39m)[33m;[39m
     [90m 46 |[39m     window[33m.[39mapi[33m?[39m[33m.[39mgetAdherents[33m?[39m[33m.[39m()
    [31m[1m>[22m[39m[90m 47 |[39m       [33m.[39mthen(data  [33m=>[39m setAdherents(data [33m||[39m []))
     [90m    |[39m                      [31m[1m^[22m[39m
     [90m 48 |[39m       [33m.[39m[36mcatch[39m(err  [33m=>[39m console[33m.[39merror([32m'Erreur chargement adhérents:'[39m[33m,[39m err))
     [90m 49 |[39m       [33m.[39m[36mfinally[39m(() [33m=>[39m setLoadingAdh([36mfalse[39m))[33m;[39m
     [90m 50 |[39m   }[33m,[39m [isVente])[33m;[39m[0m

      at node_modules/react-dom/cjs/react-dom-client.development.js:18758:19
      at runWithFiberInDEV (node_modules/react-dom/cjs/react-dom-client.development.js:874:13)
      at warnIfUpdatesNotWrappedWithActDEV (node_modules/react-dom/cjs/react-dom-client.development.js:18757:9)
      at scheduleUpdateOnFiber (node_modules/react-dom/cjs/react-dom-client.development.js:16409:11)
      at dispatchSetStateInternal (node_modules/react-dom/cjs/react-dom-client.development.js:9170:13)
      at dispatchSetState (node_modules/react-dom/cjs/react-dom-client.development.js:9127:7)
      at setAdherents (src/__tests__/components/TransactionModal.test.jsx:47:22)

  console.error
    An update to TransactionModal inside a test was not wrapped in act(...).
    
    When testing, code that causes React state updates should be wrapped into act(...):
    
    act(() => {
      /* fire events that update state */
    });
    /* assert on the output */
    
    This ensures that you're testing the behavior the user would see in the browser. Learn more at https://react.dev/link/wrap-tests-with-act

    [0m [90m 47 |[39m       [33m.[39mthen(data  [33m=>[39m setAdherents(data [33m||[39m []))
     [90m 48 |[39m       [33m.[39m[36mcatch[39m(err  [33m=>[39m console[33m.[39merror([32m'Erreur chargement adhérents:'[39m[33m,[39m err))
    [31m[1m>[22m[39m[90m 49 |[39m       [33m.[39m[36mfinally[39m(() [33m=>[39m setLoadingAdh([36mfalse[39m))[33m;[39m
     [90m    |[39m                      [31m[1m^[22m[39m
     [90m 50 |[39m   }[33m,[39m [isVente])[33m;[39m
     [90m 51 |[39m
     [90m 52 |[39m   [36mconst[39m qte             [33m=[39m [33mNumber[39m(quantite) [33m||[39m [35m0[39m[33m;[39m[0m

      at node_modules/react-dom/cjs/react-dom-client.development.js:18758:19
      at runWithFiberInDEV (node_modules/react-dom/cjs/react-dom-client.development.js:874:13)
      at warnIfUpdatesNotWrappedWithActDEV (node_modules/react-dom/cjs/react-dom-client.development.js:18757:9)
      at scheduleUpdateOnFiber (node_modules/react-dom/cjs/react-dom-client.development.js:16409:11)
      at dispatchSetStateInternal (node_modules/react-dom/cjs/react-dom-client.development.js:9170:13)
      at dispatchSetState (node_modules/react-dom/cjs/react-dom-client.development.js:9127:7)
      at setLoadingAdh (src/__tests__/components/TransactionModal.test.jsx:49:22)

  console.error
    An update to Sidebar inside a test was not wrapped in act(...).
    
    When testing, code that causes React state updates should be wrapped into act(...):
    
    act(() => {
      /* fire events that update state */
    });
    /* assert on the output */
    
    This ensures that you're testing the behavior the user would see in the browser. Learn more at https://react.dev/link/wrap-tests-with-act

    [0m [90m 53 |[39m     [36mif[39m ([33m![39mrole_id) [36mreturn[39m[33m;[39m
     [90m 54 |[39m     window[33m.[39melectron[33m.[39minvoke([32m'getPermissions'[39m[33m,[39m role_id)
    [31m[1m>[22m[39m[90m 55 |[39m       [33m.[39mthen(perms [33m=>[39m setRolePerms(perms))
     [90m    |[39m                      [31m[1m^[22m[39m
     [90m 56 |[39m       [33m.[39m[36mcatch[39m(err [33m=>[39m console[33m.[39merror([32m'Erreur permissions sidebar'[39m[33m,[39m err))[33m;[39m
     [90m 57 |[39m   }[33m,[39m [])[33m;[39m
     [90m 58 |[39m[0m

      at node_modules/react-dom/cjs/react-dom-client.development.js:18758:19
      at runWithFiberInDEV (node_modules/react-dom/cjs/react-dom-client.development.js:874:13)
      at warnIfUpdatesNotWrappedWithActDEV (node_modules/react-dom/cjs/react-dom-client.development.js:18757:9)
      at scheduleUpdateOnFiber (node_modules/react-dom/cjs/react-dom-client.development.js:16409:11)
      at dispatchSetStateInternal (node_modules/react-dom/cjs/react-dom-client.development.js:9170:13)
      at dispatchSetState (node_modules/react-dom/cjs/react-dom-client.development.js:9127:7)
      at setRolePerms (src/renderer/components/Sidebar.jsx:55:22)

  console.error
    An update to TransactionModal inside a test was not wrapped in act(...).
    
    When testing, code that causes React state updates should be wrapped into act(...):
    
    act(() => {
      /* fire events that update state */
    });
    /* assert on the output */
    
    This ensures that you're testing the behavior the user would see in the browser. Learn more at https://react.dev/link/wrap-tests-with-act

    [0m [90m 45 |[39m     setLoadingAdh([36mtrue[39m)[33m;[39m
     [90m 46 |[39m     window[33m.[39mapi[33m?[39m[33m.[39mgetAdherents[33m?[39m[33m.[39m()
    [31m[1m>[22m[39m[90m 47 |[39m       [33m.[39mthen(data  [33m=>[39m setAdherents(data [33m||[39m []))
     [90m    |[39m                      [31m[1m^[22m[39m
     [90m 48 |[39m       [33m.[39m[36mcatch[39m(err  [33m=>[39m console[33m.[39merror([32m'Erreur chargement adhérents:'[39m[33m,[39m err))
     [90m 49 |[39m       [33m.[39m[36mfinally[39m(() [33m=>[39m setLoadingAdh([36mfalse[39m))[33m;[39m
     [90m 50 |[39m   }[33m,[39m [isVente])[33m;[39m[0m

      at node_modules/react-dom/cjs/react-dom-client.development.js:18758:19
      at runWithFiberInDEV (node_modules/react-dom/cjs/react-dom-client.development.js:874:13)
      at warnIfUpdatesNotWrappedWithActDEV (node_modules/react-dom/cjs/react-dom-client.development.js:18757:9)
      at scheduleUpdateOnFiber (node_modules/react-dom/cjs/react-dom-client.development.js:16409:11)
      at dispatchSetStateInternal (node_modules/react-dom/cjs/react-dom-client.development.js:9170:13)
      at dispatchSetState (node_modules/react-dom/cjs/react-dom-client.development.js:9127:7)
      at setAdherents (src/__tests__/components/TransactionModal.test.jsx:47:22)

  console.error
    An update to TransactionModal inside a test was not wrapped in act(...).
    
    When testing, code that causes React state updates should be wrapped into act(...):
    
    act(() => {
      /* fire events that update state */
    });
    /* assert on the output */
    
    This ensures that you're testing the behavior the user would see in the browser. Learn more at https://react.dev/link/wrap-tests-with-act

    [0m [90m 47 |[39m       [33m.[39mthen(data  [33m=>[39m setAdherents(data [33m||[39m []))
     [90m 48 |[39m       [33m.[39m[36mcatch[39m(err  [33m=>[39m console[33m.[39merror([32m'Erreur chargement adhérents:'[39m[33m,[39m err))
    [31m[1m>[22m[39m[90m 49 |[39m       [33m.[39m[36mfinally[39m(() [33m=>[39m setLoadingAdh([36mfalse[39m))[33m;[39m
     [90m    |[39m                      [31m[1m^[22m[39m
     [90m 50 |[39m   }[33m,[39m [isVente])[33m;[39m
     [90m 51 |[39m
     [90m 52 |[39m   [36mconst[39m qte             [33m=[39m [33mNumber[39m(quantite) [33m||[39m [35m0[39m[33m;[39m[0m

      at node_modules/react-dom/cjs/react-dom-client.development.js:18758:19
      at runWithFiberInDEV (node_modules/react-dom/cjs/react-dom-client.development.js:874:13)
      at warnIfUpdatesNotWrappedWithActDEV (node_modules/react-dom/cjs/react-dom-client.development.js:18757:9)
      at scheduleUpdateOnFiber (node_modules/react-dom/cjs/react-dom-client.development.js:16409:11)
      at dispatchSetStateInternal (node_modules/react-dom/cjs/react-dom-client.development.js:9170:13)
      at dispatchSetState (node_modules/react-dom/cjs/react-dom-client.development.js:9127:7)
      at setLoadingAdh (src/__tests__/components/TransactionModal.test.jsx:49:22)

  console.error
    An update to Sidebar inside a test was not wrapped in act(...).
    
    When testing, code that causes React state updates should be wrapped into act(...):
    
    act(() => {
      /* fire events that update state */
    });
    /* assert on the output */
    
    This ensures that you're testing the behavior the user would see in the browser. Learn more at https://react.dev/link/wrap-tests-with-act

    [0m [90m 53 |[39m     [36mif[39m ([33m![39mrole_id) [36mreturn[39m[33m;[39m
     [90m 54 |[39m     window[33m.[39melectron[33m.[39minvoke([32m'getPermissions'[39m[33m,[39m role_id)
    [31m[1m>[22m[39m[90m 55 |[39m       [33m.[39mthen(perms [33m=>[39m setRolePerms(perms))
     [90m    |[39m                      [31m[1m^[22m[39m
     [90m 56 |[39m       [33m.[39m[36mcatch[39m(err [33m=>[39m console[33m.[39merror([32m'Erreur permissions sidebar'[39m[33m,[39m err))[33m;[39m
     [90m 57 |[39m   }[33m,[39m [])[33m;[39m
     [90m 58 |[39m[0m

      at node_modules/react-dom/cjs/react-dom-client.development.js:18758:19
      at runWithFiberInDEV (node_modules/react-dom/cjs/react-dom-client.development.js:874:13)
      at warnIfUpdatesNotWrappedWithActDEV (node_modules/react-dom/cjs/react-dom-client.development.js:18757:9)
      at scheduleUpdateOnFiber (node_modules/react-dom/cjs/react-dom-client.development.js:16409:11)
      at dispatchSetStateInternal (node_modules/react-dom/cjs/react-dom-client.development.js:9170:13)
      at dispatchSetState (node_modules/react-dom/cjs/react-dom-client.development.js:9127:7)
      at setRolePerms (src/renderer/components/Sidebar.jsx:55:22)

  console.warn
    The width(-1) and height(-1) of chart should be greater than 0,
           please check the style of container, or the props width(100%) and height(100%),
           or add a minWidth(0) or minHeight(undefined) or use aspect(undefined) to control the
           height and width.

      at warn (node_modules/recharts/lib/util/LogUtils.js:22:17)
      at node_modules/recharts/lib/component/ResponsiveContainer.js:144:22
      at Object.react_stack_bottom_frame (node_modules/react-dom/cjs/react-dom-client.development.js:25904:20)
      at renderWithHooks (node_modules/react-dom/cjs/react-dom-client.development.js:7662:22)
      at updateForwardRef (node_modules/react-dom/cjs/react-dom-client.development.js:9724:19)
      at beginWork (node_modules/react-dom/cjs/react-dom-client.development.js:12117:18)
      at runWithFiberInDEV (node_modules/react-dom/cjs/react-dom-client.development.js:874:13)
      at performUnitOfWork (node_modules/react-dom/cjs/react-dom-client.development.js:17641:22)
      at workLoopSync (node_modules/react-dom/cjs/react-dom-client.development.js:17469:41)
      at renderRootSync (node_modules/react-dom/cjs/react-dom-client.development.js:17450:11)
      at performWorkOnRoot (node_modules/react-dom/cjs/react-dom-client.development.js:16504:11)
      at performWorkOnRootViaSchedulerTask (node_modules/react-dom/cjs/react-dom-client.development.js:18957:7)
      at flushActQueue (node_modules/react/cjs/react.development.js:590:34)
      at node_modules/react/cjs/react.development.js:847:21

  console.error
    An update to TransactionModal inside a test was not wrapped in act(...).
    
    When testing, code that causes React state updates should be wrapped into act(...):
    
    act(() => {
      /* fire events that update state */
    });
    /* assert on the output */
    
    This ensures that you're testing the behavior the user would see in the browser. Learn more at https://react.dev/link/wrap-tests-with-act

    [0m [90m 45 |[39m     setLoadingAdh([36mtrue[39m)[33m;[39m
     [90m 46 |[39m     window[33m.[39mapi[33m?[39m[33m.[39mgetAdherents[33m?[39m[33m.[39m()
    [31m[1m>[22m[39m[90m 47 |[39m       [33m.[39mthen(data  [33m=>[39m setAdherents(data [33m||[39m []))
     [90m    |[39m                      [31m[1m^[22m[39m
     [90m 48 |[39m       [33m.[39m[36mcatch[39m(err  [33m=>[39m console[33m.[39merror([32m'Erreur chargement adhérents:'[39m[33m,[39m err))
     [90m 49 |[39m       [33m.[39m[36mfinally[39m(() [33m=>[39m setLoadingAdh([36mfalse[39m))[33m;[39m
     [90m 50 |[39m   }[33m,[39m [isVente])[33m;[39m[0m

      at node_modules/react-dom/cjs/react-dom-client.development.js:18758:19
      at runWithFiberInDEV (node_modules/react-dom/cjs/react-dom-client.development.js:874:13)
      at warnIfUpdatesNotWrappedWithActDEV (node_modules/react-dom/cjs/react-dom-client.development.js:18757:9)
      at scheduleUpdateOnFiber (node_modules/react-dom/cjs/react-dom-client.development.js:16409:11)
      at dispatchSetStateInternal (node_modules/react-dom/cjs/react-dom-client.development.js:9170:13)
      at dispatchSetState (node_modules/react-dom/cjs/react-dom-client.development.js:9127:7)
      at setAdherents (src/__tests__/components/TransactionModal.test.jsx:47:22)

  console.error
    An update to Sidebar inside a test was not wrapped in act(...).
    
    When testing, code that causes React state updates should be wrapped into act(...):
    
    act(() => {
      /* fire events that update state */
    });
    /* assert on the output */
    
    This ensures that you're testing the behavior the user would see in the browser. Learn more at https://react.dev/link/wrap-tests-with-act

    [0m [90m 53 |[39m     [36mif[39m ([33m![39mrole_id) [36mreturn[39m[33m;[39m
     [90m 54 |[39m     window[33m.[39melectron[33m.[39minvoke([32m'getPermissions'[39m[33m,[39m role_id)
    [31m[1m>[22m[39m[90m 55 |[39m       [33m.[39mthen(perms [33m=>[39m setRolePerms(perms))
     [90m    |[39m                      [31m[1m^[22m[39m
     [90m 56 |[39m       [33m.[39m[36mcatch[39m(err [33m=>[39m console[33m.[39merror([32m'Erreur permissions sidebar'[39m[33m,[39m err))[33m;[39m
     [90m 57 |[39m   }[33m,[39m [])[33m;[39m
     [90m 58 |[39m[0m

      at node_modules/react-dom/cjs/react-dom-client.development.js:18758:19
      at runWithFiberInDEV (node_modules/react-dom/cjs/react-dom-client.development.js:874:13)
      at warnIfUpdatesNotWrappedWithActDEV (node_modules/react-dom/cjs/react-dom-client.development.js:18757:9)
      at scheduleUpdateOnFiber (node_modules/react-dom/cjs/react-dom-client.development.js:16409:11)
      at dispatchSetStateInternal (node_modules/react-dom/cjs/react-dom-client.development.js:9170:13)
      at dispatchSetState (node_modules/react-dom/cjs/react-dom-client.development.js:9127:7)
      at setRolePerms (src/renderer/components/Sidebar.jsx:55:22)

  console.error
    An update to TransactionModal inside a test was not wrapped in act(...).
    
    When testing, code that causes React state updates should be wrapped into act(...):
    
    act(() => {
      /* fire events that update state */
    });
    /* assert on the output */
    
    This ensures that you're testing the behavior the user would see in the browser. Learn more at https://react.dev/link/wrap-tests-with-act

    [0m [90m 47 |[39m       [33m.[39mthen(data  [33m=>[39m setAdherents(data [33m||[39m []))
     [90m 48 |[39m       [33m.[39m[36mcatch[39m(err  [33m=>[39m console[33m.[39merror([32m'Erreur chargement adhérents:'[39m[33m,[39m err))
    [31m[1m>[22m[39m[90m 49 |[39m       [33m.[39m[36mfinally[39m(() [33m=>[39m setLoadingAdh([36mfalse[39m))[33m;[39m
     [90m    |[39m                      [31m[1m^[22m[39m
     [90m 50 |[39m   }[33m,[39m [isVente])[33m;[39m
     [90m 51 |[39m
     [90m 52 |[39m   [36mconst[39m qte             [33m=[39m [33mNumber[39m(quantite) [33m||[39m [35m0[39m[33m;[39m[0m

      at node_modules/react-dom/cjs/react-dom-client.development.js:18758:19
      at runWithFiberInDEV (node_modules/react-dom/cjs/react-dom-client.development.js:874:13)
      at warnIfUpdatesNotWrappedWithActDEV (node_modules/react-dom/cjs/react-dom-client.development.js:18757:9)
      at scheduleUpdateOnFiber (node_modules/react-dom/cjs/react-dom-client.development.js:16409:11)
      at dispatchSetStateInternal (node_modules/react-dom/cjs/react-dom-client.development.js:9170:13)
      at dispatchSetState (node_modules/react-dom/cjs/react-dom-client.development.js:9127:7)
      at setLoadingAdh (src/__tests__/components/TransactionModal.test.jsx:49:22)

  console.error
    An update to TransactionModal inside a test was not wrapped in act(...).
    
    When testing, code that causes React state updates should be wrapped into act(...):
    
    act(() => {
      /* fire events that update state */
    });
    /* assert on the output */
    
    This ensures that you're testing the behavior the user would see in the browser. Learn more at https://react.dev/link/wrap-tests-with-act

    [0m [90m 45 |[39m     setLoadingAdh([36mtrue[39m)[33m;[39m
     [90m 46 |[39m     window[33m.[39mapi[33m?[39m[33m.[39mgetAdherents[33m?[39m[33m.[39m()
    [31m[1m>[22m[39m[90m 47 |[39m       [33m.[39mthen(data  [33m=>[39m setAdherents(data [33m||[39m []))
     [90m    |[39m                      [31m[1m^[22m[39m
     [90m 48 |[39m       [33m.[39m[36mcatch[39m(err  [33m=>[39m console[33m.[39merror([32m'Erreur chargement adhérents:'[39m[33m,[39m err))
     [90m 49 |[39m       [33m.[39m[36mfinally[39m(() [33m=>[39m setLoadingAdh([36mfalse[39m))[33m;[39m
     [90m 50 |[39m   }[33m,[39m [isVente])[33m;[39m[0m

      at node_modules/react-dom/cjs/react-dom-client.development.js:18758:19
      at runWithFiberInDEV (node_modules/react-dom/cjs/react-dom-client.development.js:874:13)
      at warnIfUpdatesNotWrappedWithActDEV (node_modules/react-dom/cjs/react-dom-client.development.js:18757:9)
      at scheduleUpdateOnFiber (node_modules/react-dom/cjs/react-dom-client.development.js:16409:11)
      at dispatchSetStateInternal (node_modules/react-dom/cjs/react-dom-client.development.js:9170:13)
      at dispatchSetState (node_modules/react-dom/cjs/react-dom-client.development.js:9127:7)
      at setAdherents (src/__tests__/components/TransactionModal.test.jsx:47:22)

  console.error
    An update to TransactionModal inside a test was not wrapped in act(...).
    
    When testing, code that causes React state updates should be wrapped into act(...):
    
    act(() => {
      /* fire events that update state */
    });
    /* assert on the output */
    
    This ensures that you're testing the behavior the user would see in the browser. Learn more at https://react.dev/link/wrap-tests-with-act

    [0m [90m 47 |[39m       [33m.[39mthen(data  [33m=>[39m setAdherents(data [33m||[39m []))
     [90m 48 |[39m       [33m.[39m[36mcatch[39m(err  [33m=>[39m console[33m.[39merror([32m'Erreur chargement adhérents:'[39m[33m,[39m err))
    [31m[1m>[22m[39m[90m 49 |[39m       [33m.[39m[36mfinally[39m(() [33m=>[39m setLoadingAdh([36mfalse[39m))[33m;[39m
     [90m    |[39m                      [31m[1m^[22m[39m
     [90m 50 |[39m   }[33m,[39m [isVente])[33m;[39m
     [90m 51 |[39m
     [90m 52 |[39m   [36mconst[39m qte             [33m=[39m [33mNumber[39m(quantite) [33m||[39m [35m0[39m[33m;[39m[0m

      at node_modules/react-dom/cjs/react-dom-client.development.js:18758:19
      at runWithFiberInDEV (node_modules/react-dom/cjs/react-dom-client.development.js:874:13)
      at warnIfUpdatesNotWrappedWithActDEV (node_modules/react-dom/cjs/react-dom-client.development.js:18757:9)
      at scheduleUpdateOnFiber (node_modules/react-dom/cjs/react-dom-client.development.js:16409:11)
      at dispatchSetStateInternal (node_modules/react-dom/cjs/react-dom-client.development.js:9170:13)
      at dispatchSetState (node_modules/react-dom/cjs/react-dom-client.development.js:9127:7)
      at setLoadingAdh (src/__tests__/components/TransactionModal.test.jsx:49:22)

  console.warn
    The width(-1) and height(-1) of chart should be greater than 0,
           please check the style of container, or the props width(100%) and height(100%),
           or add a minWidth(0) or minHeight(undefined) or use aspect(undefined) to control the
           height and width.

      at warn (node_modules/recharts/lib/util/LogUtils.js:22:17)
      at node_modules/recharts/lib/component/ResponsiveContainer.js:144:22
      at Object.react_stack_bottom_frame (node_modules/react-dom/cjs/react-dom-client.development.js:25904:20)
      at renderWithHooks (node_modules/react-dom/cjs/react-dom-client.development.js:7662:22)
      at updateForwardRef (node_modules/react-dom/cjs/react-dom-client.development.js:9724:19)
      at beginWork (node_modules/react-dom/cjs/react-dom-client.development.js:12117:18)
      at runWithFiberInDEV (node_modules/react-dom/cjs/react-dom-client.development.js:874:13)
      at performUnitOfWork (node_modules/react-dom/cjs/react-dom-client.development.js:17641:22)
      at workLoopSync (node_modules/react-dom/cjs/react-dom-client.development.js:17469:41)
      at renderRootSync (node_modules/react-dom/cjs/react-dom-client.development.js:17450:11)
      at performWorkOnRoot (node_modules/react-dom/cjs/react-dom-client.development.js:16504:11)
      at performWorkOnRootViaSchedulerTask (node_modules/react-dom/cjs/react-dom-client.development.js:18957:7)
      at flushActQueue (node_modules/react/cjs/react.development.js:590:34)
      at node_modules/react/cjs/react.development.js:847:21

  console.error
    An update to Sidebar inside a test was not wrapped in act(...).
    
    When testing, code that causes React state updates should be wrapped into act(...):
    
    act(() => {
      /* fire events that update state */
    });
    /* assert on the output */
    
    This ensures that you're testing the behavior the user would see in the browser. Learn more at https://react.dev/link/wrap-tests-with-act

    [0m [90m 53 |[39m     [36mif[39m ([33m![39mrole_id) [36mreturn[39m[33m;[39m
     [90m 54 |[39m     window[33m.[39melectron[33m.[39minvoke([32m'getPermissions'[39m[33m,[39m role_id)
    [31m[1m>[22m[39m[90m 55 |[39m       [33m.[39mthen(perms [33m=>[39m setRolePerms(perms))
     [90m    |[39m                      [31m[1m^[22m[39m
     [90m 56 |[39m       [33m.[39m[36mcatch[39m(err [33m=>[39m console[33m.[39merror([32m'Erreur permissions sidebar'[39m[33m,[39m err))[33m;[39m
     [90m 57 |[39m   }[33m,[39m [])[33m;[39m
     [90m 58 |[39m[0m

      at node_modules/react-dom/cjs/react-dom-client.development.js:18758:19
      at runWithFiberInDEV (node_modules/react-dom/cjs/react-dom-client.development.js:874:13)
      at warnIfUpdatesNotWrappedWithActDEV (node_modules/react-dom/cjs/react-dom-client.development.js:18757:9)
      at scheduleUpdateOnFiber (node_modules/react-dom/cjs/react-dom-client.development.js:16409:11)
      at dispatchSetStateInternal (node_modules/react-dom/cjs/react-dom-client.development.js:9170:13)
      at dispatchSetState (node_modules/react-dom/cjs/react-dom-client.development.js:9127:7)
      at setRolePerms (src/renderer/components/Sidebar.jsx:55:22)

  console.error
    An update to Sidebar inside a test was not wrapped in act(...).
    
    When testing, code that causes React state updates should be wrapped into act(...):
    
    act(() => {
      /* fire events that update state */
    });
    /* assert on the output */
    
    This ensures that you're testing the behavior the user would see in the browser. Learn more at https://react.dev/link/wrap-tests-with-act

    [0m [90m 53 |[39m     [36mif[39m ([33m![39mrole_id) [36mreturn[39m[33m;[39m
     [90m 54 |[39m     window[33m.[39melectron[33m.[39minvoke([32m'getPermissions'[39m[33m,[39m role_id)
    [31m[1m>[22m[39m[90m 55 |[39m       [33m.[39mthen(perms [33m=>[39m setRolePerms(perms))
     [90m    |[39m                      [31m[1m^[22m[39m
     [90m 56 |[39m       [33m.[39m[36mcatch[39m(err [33m=>[39m console[33m.[39merror([32m'Erreur permissions sidebar'[39m[33m,[39m err))[33m;[39m
     [90m 57 |[39m   }[33m,[39m [])[33m;[39m
     [90m 58 |[39m[0m

      at node_modules/react-dom/cjs/react-dom-client.development.js:18758:19
      at runWithFiberInDEV (node_modules/react-dom/cjs/react-dom-client.development.js:874:13)
      at warnIfUpdatesNotWrappedWithActDEV (node_modules/react-dom/cjs/react-dom-client.development.js:18757:9)
      at scheduleUpdateOnFiber (node_modules/react-dom/cjs/react-dom-client.development.js:16409:11)
      at dispatchSetStateInternal (node_modules/react-dom/cjs/react-dom-client.development.js:9170:13)
      at dispatchSetState (node_modules/react-dom/cjs/react-dom-client.development.js:9127:7)
      at setRolePerms (src/renderer/components/Sidebar.jsx:55:22)

  console.warn
    The width(-1) and height(-1) of chart should be greater than 0,
           please check the style of container, or the props width(100%) and height(100%),
           or add a minWidth(0) or minHeight(undefined) or use aspect(undefined) to control the
           height and width.

      at warn (node_modules/recharts/lib/util/LogUtils.js:22:17)
      at node_modules/recharts/lib/component/ResponsiveContainer.js:144:22
      at Object.react_stack_bottom_frame (node_modules/react-dom/cjs/react-dom-client.development.js:25904:20)
      at renderWithHooks (node_modules/react-dom/cjs/react-dom-client.development.js:7662:22)
      at updateForwardRef (node_modules/react-dom/cjs/react-dom-client.development.js:9724:19)
      at beginWork (node_modules/react-dom/cjs/react-dom-client.development.js:12117:18)
      at runWithFiberInDEV (node_modules/react-dom/cjs/react-dom-client.development.js:874:13)
      at performUnitOfWork (node_modules/react-dom/cjs/react-dom-client.development.js:17641:22)
      at workLoopSync (node_modules/react-dom/cjs/react-dom-client.development.js:17469:41)
      at renderRootSync (node_modules/react-dom/cjs/react-dom-client.development.js:17450:11)
      at performWorkOnRoot (node_modules/react-dom/cjs/react-dom-client.development.js:16504:11)
      at performWorkOnRootViaSchedulerTask (node_modules/react-dom/cjs/react-dom-client.development.js:18957:7)
      at flushActQueue (node_modules/react/cjs/react.development.js:590:34)
      at node_modules/react/cjs/react.development.js:847:21

  console.error
    An update to Sidebar inside a test was not wrapped in act(...).
    
    When testing, code that causes React state updates should be wrapped into act(...):
    
    act(() => {
      /* fire events that update state */
    });
    /* assert on the output */
    
    This ensures that you're testing the behavior the user would see in the browser. Learn more at https://react.dev/link/wrap-tests-with-act

    [0m [90m 53 |[39m     [36mif[39m ([33m![39mrole_id) [36mreturn[39m[33m;[39m
     [90m 54 |[39m     window[33m.[39melectron[33m.[39minvoke([32m'getPermissions'[39m[33m,[39m role_id)
    [31m[1m>[22m[39m[90m 55 |[39m       [33m.[39mthen(perms [33m=>[39m setRolePerms(perms))
     [90m    |[39m                      [31m[1m^[22m[39m
     [90m 56 |[39m       [33m.[39m[36mcatch[39m(err [33m=>[39m console[33m.[39merror([32m'Erreur permissions sidebar'[39m[33m,[39m err))[33m;[39m
     [90m 57 |[39m   }[33m,[39m [])[33m;[39m
     [90m 58 |[39m[0m

      at node_modules/react-dom/cjs/react-dom-client.development.js:18758:19
      at runWithFiberInDEV (node_modules/react-dom/cjs/react-dom-client.development.js:874:13)
      at warnIfUpdatesNotWrappedWithActDEV (node_modules/react-dom/cjs/react-dom-client.development.js:18757:9)
      at scheduleUpdateOnFiber (node_modules/react-dom/cjs/react-dom-client.development.js:16409:11)
      at dispatchSetStateInternal (node_modules/react-dom/cjs/react-dom-client.development.js:9170:13)
      at dispatchSetState (node_modules/react-dom/cjs/react-dom-client.development.js:9127:7)
      at setRolePerms (src/renderer/components/Sidebar.jsx:55:22)

  console.warn
    The width(-1) and height(-1) of chart should be greater than 0,
           please check the style of container, or the props width(100%) and height(100%),
           or add a minWidth(0) or minHeight(undefined) or use aspect(undefined) to control the
           height and width.

    [0m [90m 1315 |[39m       expect(screen[33m.[39mqueryByText([32m"Chargement des statistiques..."[39m))[33m.[39mnot[33m.[39mtoBeInTheDocument()[33m,[39m
     [90m 1316 |[39m     )[33m;[39m
    [31m[1m>[22m[39m[90m 1317 |[39m     fireEvent[33m.[39mclick(screen[33m.[39mgetByRole([32m"button"[39m[33m,[39m { name[33m:[39m [35m/rafraîchir/i[39m }))[33m;[39m
     [90m      |[39m               [31m[1m^[22m[39m
     [90m 1318 |[39m     [36mawait[39m waitFor(() [33m=>[39m expect(getPaiements)[33m.[39mtoHaveBeenCalledTimes([35m2[39m))[33m;[39m
     [90m 1319 |[39m     expect(getProduits)[33m.[39mtoHaveBeenCalledTimes([35m2[39m)[33m;[39m
     [90m 1320 |[39m   })[33m;[39m[0m

      at warn (node_modules/recharts/lib/util/LogUtils.js:22:17)
      at node_modules/recharts/lib/component/ResponsiveContainer.js:144:22
      at Object.react_stack_bottom_frame (node_modules/react-dom/cjs/react-dom-client.development.js:25904:20)
      at renderWithHooks (node_modules/react-dom/cjs/react-dom-client.development.js:7662:22)
      at updateForwardRef (node_modules/react-dom/cjs/react-dom-client.development.js:9724:19)
      at beginWork (node_modules/react-dom/cjs/react-dom-client.development.js:12117:18)
      at runWithFiberInDEV (node_modules/react-dom/cjs/react-dom-client.development.js:874:13)
      at performUnitOfWork (node_modules/react-dom/cjs/react-dom-client.development.js:17641:22)
      at workLoopSync (node_modules/react-dom/cjs/react-dom-client.development.js:17469:41)
      at renderRootSync (node_modules/react-dom/cjs/react-dom-client.development.js:17450:11)
      at performWorkOnRoot (node_modules/react-dom/cjs/react-dom-client.development.js:16504:11)
      at performSyncWorkOnRoot (node_modules/react-dom/cjs/react-dom-client.development.js:18972:7)
      at flushSyncWorkAcrossRoots_impl (node_modules/react-dom/cjs/react-dom-client.development.js:18814:21)
      at processRootScheduleInMicrotask (node_modules/react-dom/cjs/react-dom-client.development.js:18853:9)
      at node_modules/react-dom/cjs/react-dom-client.development.js:18982:11
      at flushActQueue (node_modules/react/cjs/react.development.js:590:34)
      at process.env.NODE_ENV.exports.act (node_modules/react/cjs/react.development.js:884:10)
      at node_modules/@testing-library/react/dist/act-compat.js:46:25
      at Object.eventWrapper (node_modules/@testing-library/react/dist/pure.js:106:28)
      at fireEvent (node_modules/@testing-library/dom/dist/events.js:12:35)
      at Function.fireEvent.<computed> [as click] (node_modules/@testing-library/dom/dist/events.js:110:36)
      at Function.fireEvent.<computed> [as click] (node_modules/@testing-library/react/dist/fire-event.js:15:52)
      at Object.click (src/__tests__/pages/Statistiquesrevenue.test.jsx:1317:15)

  console.error
    An update to TransactionModal inside a test was not wrapped in act(...).
    
    When testing, code that causes React state updates should be wrapped into act(...):
    
    act(() => {
      /* fire events that update state */
    });
    /* assert on the output */
    
    This ensures that you're testing the behavior the user would see in the browser. Learn more at https://react.dev/link/wrap-tests-with-act

    [0m [90m 45 |[39m     setLoadingAdh([36mtrue[39m)[33m;[39m
     [90m 46 |[39m     window[33m.[39mapi[33m?[39m[33m.[39mgetAdherents[33m?[39m[33m.[39m()
    [31m[1m>[22m[39m[90m 47 |[39m       [33m.[39mthen(data  [33m=>[39m setAdherents(data [33m||[39m []))
     [90m    |[39m                      [31m[1m^[22m[39m
     [90m 48 |[39m       [33m.[39m[36mcatch[39m(err  [33m=>[39m console[33m.[39merror([32m'Erreur chargement adhérents:'[39m[33m,[39m err))
     [90m 49 |[39m       [33m.[39m[36mfinally[39m(() [33m=>[39m setLoadingAdh([36mfalse[39m))[33m;[39m
     [90m 50 |[39m   }[33m,[39m [isVente])[33m;[39m[0m

      at node_modules/react-dom/cjs/react-dom-client.development.js:18758:19
      at runWithFiberInDEV (node_modules/react-dom/cjs/react-dom-client.development.js:874:13)
      at warnIfUpdatesNotWrappedWithActDEV (node_modules/react-dom/cjs/react-dom-client.development.js:18757:9)
      at scheduleUpdateOnFiber (node_modules/react-dom/cjs/react-dom-client.development.js:16409:11)
      at dispatchSetStateInternal (node_modules/react-dom/cjs/react-dom-client.development.js:9170:13)
      at dispatchSetState (node_modules/react-dom/cjs/react-dom-client.development.js:9127:7)
      at setAdherents (src/__tests__/components/TransactionModal.test.jsx:47:22)

  console.error
    An update to TransactionModal inside a test was not wrapped in act(...).
    
    When testing, code that causes React state updates should be wrapped into act(...):
    
    act(() => {
      /* fire events that update state */
    });
    /* assert on the output */
    
    This ensures that you're testing the behavior the user would see in the browser. Learn more at https://react.dev/link/wrap-tests-with-act

    [0m [90m 47 |[39m       [33m.[39mthen(data  [33m=>[39m setAdherents(data [33m||[39m []))
     [90m 48 |[39m       [33m.[39m[36mcatch[39m(err  [33m=>[39m console[33m.[39merror([32m'Erreur chargement adhérents:'[39m[33m,[39m err))
    [31m[1m>[22m[39m[90m 49 |[39m       [33m.[39m[36mfinally[39m(() [33m=>[39m setLoadingAdh([36mfalse[39m))[33m;[39m
     [90m    |[39m                      [31m[1m^[22m[39m
     [90m 50 |[39m   }[33m,[39m [isVente])[33m;[39m
     [90m 51 |[39m
     [90m 52 |[39m   [36mconst[39m qte             [33m=[39m [33mNumber[39m(quantite) [33m||[39m [35m0[39m[33m;[39m[0m

      at node_modules/react-dom/cjs/react-dom-client.development.js:18758:19
      at runWithFiberInDEV (node_modules/react-dom/cjs/react-dom-client.development.js:874:13)
      at warnIfUpdatesNotWrappedWithActDEV (node_modules/react-dom/cjs/react-dom-client.development.js:18757:9)
      at scheduleUpdateOnFiber (node_modules/react-dom/cjs/react-dom-client.development.js:16409:11)
      at dispatchSetStateInternal (node_modules/react-dom/cjs/react-dom-client.development.js:9170:13)
      at dispatchSetState (node_modules/react-dom/cjs/react-dom-client.development.js:9127:7)
      at setLoadingAdh (src/__tests__/components/TransactionModal.test.jsx:49:22)

  console.error
    An update to TransactionModal inside a test was not wrapped in act(...).
    
    When testing, code that causes React state updates should be wrapped into act(...):
    
    act(() => {
      /* fire events that update state */
    });
    /* assert on the output */
    
    This ensures that you're testing the behavior the user would see in the browser. Learn more at https://react.dev/link/wrap-tests-with-act

    [0m [90m 45 |[39m     setLoadingAdh([36mtrue[39m)[33m;[39m
     [90m 46 |[39m     window[33m.[39mapi[33m?[39m[33m.[39mgetAdherents[33m?[39m[33m.[39m()
    [31m[1m>[22m[39m[90m 47 |[39m       [33m.[39mthen(data  [33m=>[39m setAdherents(data [33m||[39m []))
     [90m    |[39m                      [31m[1m^[22m[39m
     [90m 48 |[39m       [33m.[39m[36mcatch[39m(err  [33m=>[39m console[33m.[39merror([32m'Erreur chargement adhérents:'[39m[33m,[39m err))
     [90m 49 |[39m       [33m.[39m[36mfinally[39m(() [33m=>[39m setLoadingAdh([36mfalse[39m))[33m;[39m
     [90m 50 |[39m   }[33m,[39m [isVente])[33m;[39m[0m

      at node_modules/react-dom/cjs/react-dom-client.development.js:18758:19
      at runWithFiberInDEV (node_modules/react-dom/cjs/react-dom-client.development.js:874:13)
      at warnIfUpdatesNotWrappedWithActDEV (node_modules/react-dom/cjs/react-dom-client.development.js:18757:9)
      at scheduleUpdateOnFiber (node_modules/react-dom/cjs/react-dom-client.development.js:16409:11)
      at dispatchSetStateInternal (node_modules/react-dom/cjs/react-dom-client.development.js:9170:13)
      at dispatchSetState (node_modules/react-dom/cjs/react-dom-client.development.js:9127:7)
      at setAdherents (src/__tests__/components/TransactionModal.test.jsx:47:22)

  console.error
    An update to TransactionModal inside a test was not wrapped in act(...).
    
    When testing, code that causes React state updates should be wrapped into act(...):
    
    act(() => {
      /* fire events that update state */
    });
    /* assert on the output */
    
    This ensures that you're testing the behavior the user would see in the browser. Learn more at https://react.dev/link/wrap-tests-with-act

    [0m [90m 47 |[39m       [33m.[39mthen(data  [33m=>[39m setAdherents(data [33m||[39m []))
     [90m 48 |[39m       [33m.[39m[36mcatch[39m(err  [33m=>[39m console[33m.[39merror([32m'Erreur chargement adhérents:'[39m[33m,[39m err))
    [31m[1m>[22m[39m[90m 49 |[39m       [33m.[39m[36mfinally[39m(() [33m=>[39m setLoadingAdh([36mfalse[39m))[33m;[39m
     [90m    |[39m                      [31m[1m^[22m[39m
     [90m 50 |[39m   }[33m,[39m [isVente])[33m;[39m
     [90m 51 |[39m
     [90m 52 |[39m   [36mconst[39m qte             [33m=[39m [33mNumber[39m(quantite) [33m||[39m [35m0[39m[33m;[39m[0m

      at node_modules/react-dom/cjs/react-dom-client.development.js:18758:19
      at runWithFiberInDEV (node_modules/react-dom/cjs/react-dom-client.development.js:874:13)
      at warnIfUpdatesNotWrappedWithActDEV (node_modules/react-dom/cjs/react-dom-client.development.js:18757:9)
      at scheduleUpdateOnFiber (node_modules/react-dom/cjs/react-dom-client.development.js:16409:11)
      at dispatchSetStateInternal (node_modules/react-dom/cjs/react-dom-client.development.js:9170:13)
      at dispatchSetState (node_modules/react-dom/cjs/react-dom-client.development.js:9127:7)
      at setLoadingAdh (src/__tests__/components/TransactionModal.test.jsx:49:22)

  console.warn
    The width(-1) and height(-1) of chart should be greater than 0,
           please check the style of container, or the props width(100%) and height(100%),
           or add a minWidth(0) or minHeight(undefined) or use aspect(undefined) to control the
           height and width.

      at warn (node_modules/recharts/lib/util/LogUtils.js:22:17)
      at node_modules/recharts/lib/component/ResponsiveContainer.js:144:22
      at Object.react_stack_bottom_frame (node_modules/react-dom/cjs/react-dom-client.development.js:25904:20)
      at renderWithHooks (node_modules/react-dom/cjs/react-dom-client.development.js:7662:22)
      at updateForwardRef (node_modules/react-dom/cjs/react-dom-client.development.js:9724:19)
      at beginWork (node_modules/react-dom/cjs/react-dom-client.development.js:12117:18)
      at runWithFiberInDEV (node_modules/react-dom/cjs/react-dom-client.development.js:874:13)
      at performUnitOfWork (node_modules/react-dom/cjs/react-dom-client.development.js:17641:22)
      at workLoopSync (node_modules/react-dom/cjs/react-dom-client.development.js:17469:41)
      at renderRootSync (node_modules/react-dom/cjs/react-dom-client.development.js:17450:11)
      at performWorkOnRoot (node_modules/react-dom/cjs/react-dom-client.development.js:16504:11)
      at performWorkOnRootViaSchedulerTask (node_modules/react-dom/cjs/react-dom-client.development.js:18957:7)
      at flushActQueue (node_modules/react/cjs/react.development.js:590:34)
      at node_modules/react/cjs/react.development.js:847:21

  console.error
    Error: MySQL down
        at Object.<anonymous> (C:\Users\hp\Desktop\Salle-De-Sport\src\__tests__\pages\Adherent.test.jsx:165:73)
        at Promise.finally.completed (C:\Users\hp\Desktop\Salle-De-Sport\node_modules\jest-circus\build\jestAdapterInit.js:1557:28)
        at new Promise (<anonymous>)
        at callAsyncCircusFn (C:\Users\hp\Desktop\Salle-De-Sport\node_modules\jest-circus\build\jestAdapterInit.js:1497:10)
        at _callCircusTest (C:\Users\hp\Desktop\Salle-De-Sport\node_modules\jest-circus\build\jestAdapterInit.js:1007:40)
        at _runTest (C:\Users\hp\Desktop\Salle-De-Sport\node_modules\jest-circus\build\jestAdapterInit.js:947:3)
        at C:\Users\hp\Desktop\Salle-De-Sport\node_modules\jest-circus\build\jestAdapterInit.js:849:7
        at _runTestsForDescribeBlock (C:\Users\hp\Desktop\Salle-De-Sport\node_modules\jest-circus\build\jestAdapterInit.js:862:11)
        at _runTestsForDescribeBlock (C:\Users\hp\Desktop\Salle-De-Sport\node_modules\jest-circus\build\jestAdapterInit.js:857:11)
        at run (C:\Users\hp\Desktop\Salle-De-Sport\node_modules\jest-circus\build\jestAdapterInit.js:761:3)
        at runAndTransformResultsToJestFormat (C:\Users\hp\Desktop\Salle-De-Sport\node_modules\jest-circus\build\jestAdapterInit.js:1918:21)
        at jestAdapter (C:\Users\hp\Desktop\Salle-De-Sport\node_modules\jest-circus\build\runner.js:101:19)
        at runTestInternal (C:\Users\hp\Desktop\Salle-De-Sport\node_modules\jest-runner\build\testWorker.js:275:16)
        at runTest (C:\Users\hp\Desktop\Salle-De-Sport\node_modules\jest-runner\build\testWorker.js:343:7)
        at Object.worker (C:\Users\hp\Desktop\Salle-De-Sport\node_modules\jest-runner\build\testWorker.js:497:12)

    [0m [90m 757 |[39m     } [36mcatch[39m (err) {
     [90m 758 |[39m       showToast([32m'Erreur lors du chargement des données'[39m[33m,[39m [36mtrue[39m)[33m;[39m
    [31m[1m>[22m[39m[90m 759 |[39m       console[33m.[39merror(err)[33m;[39m
     [90m     |[39m               [31m[1m^[22m[39m
     [90m 760 |[39m     } [36mfinally[39m {
     [90m 761 |[39m       setLoading([36mfalse[39m)[33m;[39m
     [90m 762 |[39m     }[0m

      at error (src/renderer/pages/Adherent.jsx:759:15)

  console.error
    An update to Adherent inside a test was not wrapped in act(...).
    
    When testing, code that causes React state updates should be wrapped into act(...):
    
    act(() => {
      /* fire events that update state */
    });
    /* assert on the output */
    
    This ensures that you're testing the behavior the user would see in the browser. Learn more at https://react.dev/link/wrap-tests-with-act

    [0m [90m 753 |[39m         window[33m.[39mapi[33m.[39mgetTypesAbonnement()[33m,[39m
     [90m 754 |[39m       ])[33m;[39m
    [31m[1m>[22m[39m[90m 755 |[39m       setAdherents(data)[33m;[39m
     [90m     |[39m       [31m[1m^[22m[39m
     [90m 756 |[39m       setTypesAbo(types)[33m;[39m
     [90m 757 |[39m     } [36mcatch[39m (err) {
     [90m 758 |[39m       showToast([32m'Erreur lors du chargement des données'[39m[33m,[39m [36mtrue[39m)[33m;[39m[0m

      at node_modules/react-dom/cjs/react-dom-client.development.js:18758:19
      at runWithFiberInDEV (node_modules/react-dom/cjs/react-dom-client.development.js:874:13)
      at warnIfUpdatesNotWrappedWithActDEV (node_modules/react-dom/cjs/react-dom-client.development.js:18757:9)
      at scheduleUpdateOnFiber (node_modules/react-dom/cjs/react-dom-client.development.js:16409:11)
      at dispatchSetStateInternal (node_modules/react-dom/cjs/react-dom-client.development.js:9170:13)
      at dispatchSetState (node_modules/react-dom/cjs/react-dom-client.development.js:9127:7)
      at setAdherents (src/renderer/pages/Adherent.jsx:755:7)

  console.error
    An update to Adherent inside a test was not wrapped in act(...).
    
    When testing, code that causes React state updates should be wrapped into act(...):
    
    act(() => {
      /* fire events that update state */
    });
    /* assert on the output */
    
    This ensures that you're testing the behavior the user would see in the browser. Learn more at https://react.dev/link/wrap-tests-with-act

    [0m [90m 754 |[39m       ])[33m;[39m
     [90m 755 |[39m       setAdherents(data)[33m;[39m
    [31m[1m>[22m[39m[90m 756 |[39m       setTypesAbo(types)[33m;[39m
     [90m     |[39m       [31m[1m^[22m[39m
     [90m 757 |[39m     } [36mcatch[39m (err) {
     [90m 758 |[39m       showToast([32m'Erreur lors du chargement des données'[39m[33m,[39m [36mtrue[39m)[33m;[39m
     [90m 759 |[39m       console[33m.[39merror(err)[33m;[39m[0m

      at node_modules/react-dom/cjs/react-dom-client.development.js:18758:19
      at runWithFiberInDEV (node_modules/react-dom/cjs/react-dom-client.development.js:874:13)
      at warnIfUpdatesNotWrappedWithActDEV (node_modules/react-dom/cjs/react-dom-client.development.js:18757:9)
      at scheduleUpdateOnFiber (node_modules/react-dom/cjs/react-dom-client.development.js:16409:11)
      at dispatchSetStateInternal (node_modules/react-dom/cjs/react-dom-client.development.js:9170:13)
      at dispatchSetState (node_modules/react-dom/cjs/react-dom-client.development.js:9127:7)
      at setTypesAbo (src/renderer/pages/Adherent.jsx:756:7)

  console.error
    An update to Adherent inside a test was not wrapped in act(...).
    
    When testing, code that causes React state updates should be wrapped into act(...):
    
    act(() => {
      /* fire events that update state */
    });
    /* assert on the output */
    
    This ensures that you're testing the behavior the user would see in the browser. Learn more at https://react.dev/link/wrap-tests-with-act

    [0m [90m 759 |[39m       console[33m.[39merror(err)[33m;[39m
     [90m 760 |[39m     } [36mfinally[39m {
    [31m[1m>[22m[39m[90m 761 |[39m       setLoading([36mfalse[39m)[33m;[39m
     [90m     |[39m       [31m[1m^[22m[39m
     [90m 762 |[39m     }
     [90m 763 |[39m   }[33m,[39m [])[33m;[39m
     [90m 764 |[39m[0m

      at node_modules/react-dom/cjs/react-dom-client.development.js:18758:19
      at runWithFiberInDEV (node_modules/react-dom/cjs/react-dom-client.development.js:874:13)
      at warnIfUpdatesNotWrappedWithActDEV (node_modules/react-dom/cjs/react-dom-client.development.js:18757:9)
      at scheduleUpdateOnFiber (node_modules/react-dom/cjs/react-dom-client.development.js:16409:11)
      at dispatchSetStateInternal (node_modules/react-dom/cjs/react-dom-client.development.js:9170:13)
      at dispatchSetState (node_modules/react-dom/cjs/react-dom-client.development.js:9127:7)
      at setLoading (src/renderer/pages/Adherent.jsx:761:7)

  console.error
    Expected `onClick` listener to be a function, instead got a value of `string` type.

    [0m [90m 549 |[39m     [90m// Ne doit pas crasher au rendu (le crash éventuel n'arrive qu'au clic)[39m
     [90m 550 |[39m     expect(() [33m=>[39m
    [31m[1m>[22m[39m[90m 551 |[39m       render([33m<[39m[33mAddButton[39m onClick[33m=[39m[32m"pas_une_fonction"[39m[33m>[39m[33mTest[39m[33m<[39m[33m/[39m[33mAddButton[39m[33m>[39m)
     [90m     |[39m             [31m[1m^[22m[39m
     [90m 552 |[39m     )[33m.[39mnot[33m.[39mtoThrow()[33m;[39m
     [90m 553 |[39m   })[33m;[39m
     [90m 554 |[39m[0m

      at warnForInvalidEventListener (node_modules/react-dom/cjs/react-dom-client.development.js:19907:19)
      at setProp (node_modules/react-dom/cjs/react-dom-client.development.js:20141:15)
      at setInitialProperties (node_modules/react-dom/cjs/react-dom-client.development.js:20753:13)
      at completeWork (node_modules/react-dom/cjs/react-dom-client.development.js:12662:18)
      at runWithFiberInDEV (node_modules/react-dom/cjs/react-dom-client.development.js:874:13)
      at completeUnitOfWork (node_modules/react-dom/cjs/react-dom-client.development.js:17777:19)
      at performUnitOfWork (node_modules/react-dom/cjs/react-dom-client.development.js:17658:11)
      at workLoopSync (node_modules/react-dom/cjs/react-dom-client.development.js:17469:41)
      at renderRootSync (node_modules/react-dom/cjs/react-dom-client.development.js:17450:11)
      at performWorkOnRoot (node_modules/react-dom/cjs/react-dom-client.development.js:16504:11)
      at performWorkOnRootViaSchedulerTask (node_modules/react-dom/cjs/react-dom-client.development.js:18957:7)
      at flushActQueue (node_modules/react/cjs/react.development.js:590:34)
      at process.env.NODE_ENV.exports.act (node_modules/react/cjs/react.development.js:884:10)
      at node_modules/@testing-library/react/dist/act-compat.js:46:25
      at renderRoot (node_modules/@testing-library/react/dist/pure.js:189:26)
      at render (node_modules/@testing-library/react/dist/pure.js:291:10)
      at src/__tests__/components/AddButton.test.jsx:551:13
      at Object.<anonymous> (node_modules/expect/build/index.js:1824:9)
      at Object.throwingMatcher [as toThrow] (node_modules/expect/build/index.js:2235:93)
      at Object.toThrow (src/__tests__/components/AddButton.test.jsx:552:11)

  console.log
    Paiement ajouté : { success: true }

      at log (src/renderer/components/QuickActions.jsx:174:23)

  console.log
    Paiement ajouté : { success: true }

      at log (src/renderer/components/QuickActions.jsx:174:23)

  console.error
    Error: Erreur réseau
        at Object.<anonymous> (C:\Users\hp\Desktop\Salle-De-Sport\src\__tests__\components\QuickActions.test.jsx:329:58)
        at Promise.finally.completed (C:\Users\hp\Desktop\Salle-De-Sport\node_modules\jest-circus\build\jestAdapterInit.js:1557:28)
        at new Promise (<anonymous>)
        at callAsyncCircusFn (C:\Users\hp\Desktop\Salle-De-Sport\node_modules\jest-circus\build\jestAdapterInit.js:1497:10)
        at _callCircusTest (C:\Users\hp\Desktop\Salle-De-Sport\node_modules\jest-circus\build\jestAdapterInit.js:1007:40)
        at _runTest (C:\Users\hp\Desktop\Salle-De-Sport\node_modules\jest-circus\build\jestAdapterInit.js:947:3)
        at C:\Users\hp\Desktop\Salle-De-Sport\node_modules\jest-circus\build\jestAdapterInit.js:849:7
        at _runTestsForDescribeBlock (C:\Users\hp\Desktop\Salle-De-Sport\node_modules\jest-circus\build\jestAdapterInit.js:862:11)
        at _runTestsForDescribeBlock (C:\Users\hp\Desktop\Salle-De-Sport\node_modules\jest-circus\build\jestAdapterInit.js:857:11)
        at run (C:\Users\hp\Desktop\Salle-De-Sport\node_modules\jest-circus\build\jestAdapterInit.js:761:3)
        at runAndTransformResultsToJestFormat (C:\Users\hp\Desktop\Salle-De-Sport\node_modules\jest-circus\build\jestAdapterInit.js:1918:21)
        at jestAdapter (C:\Users\hp\Desktop\Salle-De-Sport\node_modules\jest-circus\build\runner.js:101:19)
        at runTestInternal (C:\Users\hp\Desktop\Salle-De-Sport\node_modules\jest-runner\build\testWorker.js:275:16)
        at runTest (C:\Users\hp\Desktop\Salle-De-Sport\node_modules\jest-runner\build\testWorker.js:343:7)
        at Object.worker (C:\Users\hp\Desktop\Salle-De-Sport\node_modules\jest-runner\build\testWorker.js:497:12)

    [0m [90m 175 |[39m               close()[33m;[39m
     [90m 176 |[39m             } [36mcatch[39m (err) {
    [31m[1m>[22m[39m[90m 177 |[39m               console[33m.[39merror(err)[33m;[39m
     [90m     |[39m                       [31m[1m^[22m[39m
     [90m 178 |[39m               alert([32m"Erreur paiement"[39m)[33m;[39m
     [90m 179 |[39m             }
     [90m 180 |[39m           }}[0m

      at error (src/renderer/components/QuickActions.jsx:177:23)

  console.error
    Error: fail
        at Object.<anonymous> (C:\Users\hp\Desktop\Salle-De-Sport\src\__tests__\components\QuickActions.test.jsx:346:58)
        at Promise.finally.completed (C:\Users\hp\Desktop\Salle-De-Sport\node_modules\jest-circus\build\jestAdapterInit.js:1557:28)
        at new Promise (<anonymous>)
        at callAsyncCircusFn (C:\Users\hp\Desktop\Salle-De-Sport\node_modules\jest-circus\build\jestAdapterInit.js:1497:10)
        at _callCircusTest (C:\Users\hp\Desktop\Salle-De-Sport\node_modules\jest-circus\build\jestAdapterInit.js:1007:40)
        at _runTest (C:\Users\hp\Desktop\Salle-De-Sport\node_modules\jest-circus\build\jestAdapterInit.js:947:3)
        at C:\Users\hp\Desktop\Salle-De-Sport\node_modules\jest-circus\build\jestAdapterInit.js:849:7
        at _runTestsForDescribeBlock (C:\Users\hp\Desktop\Salle-De-Sport\node_modules\jest-circus\build\jestAdapterInit.js:862:11)
        at _runTestsForDescribeBlock (C:\Users\hp\Desktop\Salle-De-Sport\node_modules\jest-circus\build\jestAdapterInit.js:857:11)
        at run (C:\Users\hp\Desktop\Salle-De-Sport\node_modules\jest-circus\build\jestAdapterInit.js:761:3)
        at runAndTransformResultsToJestFormat (C:\Users\hp\Desktop\Salle-De-Sport\node_modules\jest-circus\build\jestAdapterInit.js:1918:21)
        at jestAdapter (C:\Users\hp\Desktop\Salle-De-Sport\node_modules\jest-circus\build\runner.js:101:19)
        at runTestInternal (C:\Users\hp\Desktop\Salle-De-Sport\node_modules\jest-runner\build\testWorker.js:275:16)
        at runTest (C:\Users\hp\Desktop\Salle-De-Sport\node_modules\jest-runner\build\testWorker.js:343:7)
        at Object.worker (C:\Users\hp\Desktop\Salle-De-Sport\node_modules\jest-runner\build\testWorker.js:497:12)

    [0m [90m 175 |[39m               close()[33m;[39m
     [90m 176 |[39m             } [36mcatch[39m (err) {
    [31m[1m>[22m[39m[90m 177 |[39m               console[33m.[39merror(err)[33m;[39m
     [90m     |[39m                       [31m[1m^[22m[39m
     [90m 178 |[39m               alert([32m"Erreur paiement"[39m)[33m;[39m
     [90m 179 |[39m             }
     [90m 180 |[39m           }}[0m

      at error (src/renderer/components/QuickActions.jsx:177:23)

  console.log
    Nouvelle séance : { date: '2025-01-01' }

      at log (src/renderer/components/QuickActions.jsx:186:39)

  console.error
    Received NaN for the `children` attribute. If this is expected, cast the value to a string.

    [0m [90m 697 |[39m
     [90m 698 |[39m   test([32m'BVA robuste — value = NaN : pas de crash'[39m[33m,[39m () [33m=>[39m {
    [31m[1m>[22m[39m[90m 699 |[39m     render([33m<[39m[33mStatCard[39m title[33m=[39m[32m"Test"[39m value[33m=[39m{[33mNaN[39m} [33m/[39m[33m>[39m)[33m;[39m
     [90m     |[39m           [31m[1m^[22m[39m
     [90m 700 |[39m     expect(screen[33m.[39mgetByText([32m'Test'[39m))[33m.[39mtoBeInTheDocument()[33m;[39m
     [90m 701 |[39m   })[33m;[39m
     [90m 702 |[39m[0m

      at validateProperty (node_modules/react-dom/cjs/react-dom-client.development.js:2980:19)
      at warnUnknownProperties (node_modules/react-dom/cjs/react-dom-client.development.js:3146:9)
      at validatePropertiesInDevelopment (node_modules/react-dom/cjs/react-dom-client.development.js:19868:9)
      at setInitialProperties (node_modules/react-dom/cjs/react-dom-client.development.js:20491:7)
      at completeWork (node_modules/react-dom/cjs/react-dom-client.development.js:12662:18)
      at runWithFiberInDEV (node_modules/react-dom/cjs/react-dom-client.development.js:874:13)
      at completeUnitOfWork (node_modules/react-dom/cjs/react-dom-client.development.js:17777:19)
      at performUnitOfWork (node_modules/react-dom/cjs/react-dom-client.development.js:17658:11)
      at workLoopSync (node_modules/react-dom/cjs/react-dom-client.development.js:17469:41)
      at renderRootSync (node_modules/react-dom/cjs/react-dom-client.development.js:17450:11)
      at performWorkOnRoot (node_modules/react-dom/cjs/react-dom-client.development.js:16504:11)
      at performWorkOnRootViaSchedulerTask (node_modules/react-dom/cjs/react-dom-client.development.js:18957:7)
      at flushActQueue (node_modules/react/cjs/react.development.js:590:34)
      at process.env.NODE_ENV.exports.act (node_modules/react/cjs/react.development.js:884:10)
      at node_modules/@testing-library/react/dist/act-compat.js:46:25
      at renderRoot (node_modules/@testing-library/react/dist/pure.js:189:26)
      at render (node_modules/@testing-library/react/dist/pure.js:291:10)
      at Object.<anonymous> (src/__tests__/components/StatCard.test.jsx:699:11)

  console.error
    An update to Adherent inside a test was not wrapped in act(...).
    
    When testing, code that causes React state updates should be wrapped into act(...):
    
    act(() => {
      /* fire events that update state */
    });
    /* assert on the output */
    
    This ensures that you're testing the behavior the user would see in the browser. Learn more at https://react.dev/link/wrap-tests-with-act

    [0m [90m 753 |[39m         window[33m.[39mapi[33m.[39mgetTypesAbonnement()[33m,[39m
     [90m 754 |[39m       ])[33m;[39m
    [31m[1m>[22m[39m[90m 755 |[39m       setAdherents(data)[33m;[39m
     [90m     |[39m       [31m[1m^[22m[39m
     [90m 756 |[39m       setTypesAbo(types)[33m;[39m
     [90m 757 |[39m     } [36mcatch[39m (err) {
     [90m 758 |[39m       showToast([32m'Erreur lors du chargement des données'[39m[33m,[39m [36mtrue[39m)[33m;[39m[0m

      at node_modules/react-dom/cjs/react-dom-client.development.js:18758:19
      at runWithFiberInDEV (node_modules/react-dom/cjs/react-dom-client.development.js:874:13)
      at warnIfUpdatesNotWrappedWithActDEV (node_modules/react-dom/cjs/react-dom-client.development.js:18757:9)
      at scheduleUpdateOnFiber (node_modules/react-dom/cjs/react-dom-client.development.js:16409:11)
      at dispatchSetStateInternal (node_modules/react-dom/cjs/react-dom-client.development.js:9170:13)
      at dispatchSetState (node_modules/react-dom/cjs/react-dom-client.development.js:9127:7)
      at setAdherents (src/renderer/pages/Adherent.jsx:755:7)

  console.error
    An update to Adherent inside a test was not wrapped in act(...).
    
    When testing, code that causes React state updates should be wrapped into act(...):
    
    act(() => {
      /* fire events that update state */
    });
    /* assert on the output */
    
    This ensures that you're testing the behavior the user would see in the browser. Learn more at https://react.dev/link/wrap-tests-with-act

    [0m [90m 754 |[39m       ])[33m;[39m
     [90m 755 |[39m       setAdherents(data)[33m;[39m
    [31m[1m>[22m[39m[90m 756 |[39m       setTypesAbo(types)[33m;[39m
     [90m     |[39m       [31m[1m^[22m[39m
     [90m 757 |[39m     } [36mcatch[39m (err) {
     [90m 758 |[39m       showToast([32m'Erreur lors du chargement des données'[39m[33m,[39m [36mtrue[39m)[33m;[39m
     [90m 759 |[39m       console[33m.[39merror(err)[33m;[39m[0m

      at node_modules/react-dom/cjs/react-dom-client.development.js:18758:19
      at runWithFiberInDEV (node_modules/react-dom/cjs/react-dom-client.development.js:874:13)
      at warnIfUpdatesNotWrappedWithActDEV (node_modules/react-dom/cjs/react-dom-client.development.js:18757:9)
      at scheduleUpdateOnFiber (node_modules/react-dom/cjs/react-dom-client.development.js:16409:11)
      at dispatchSetStateInternal (node_modules/react-dom/cjs/react-dom-client.development.js:9170:13)
      at dispatchSetState (node_modules/react-dom/cjs/react-dom-client.development.js:9127:7)
      at setTypesAbo (src/renderer/pages/Adherent.jsx:756:7)

  console.error
    An update to Adherent inside a test was not wrapped in act(...).
    
    When testing, code that causes React state updates should be wrapped into act(...):
    
    act(() => {
      /* fire events that update state */
    });
    /* assert on the output */
    
    This ensures that you're testing the behavior the user would see in the browser. Learn more at https://react.dev/link/wrap-tests-with-act

    [0m [90m 759 |[39m       console[33m.[39merror(err)[33m;[39m
     [90m 760 |[39m     } [36mfinally[39m {
    [31m[1m>[22m[39m[90m 761 |[39m       setLoading([36mfalse[39m)[33m;[39m
     [90m     |[39m       [31m[1m^[22m[39m
     [90m 762 |[39m     }
     [90m 763 |[39m   }[33m,[39m [])[33m;[39m
     [90m 764 |[39m[0m

      at node_modules/react-dom/cjs/react-dom-client.development.js:18758:19
      at runWithFiberInDEV (node_modules/react-dom/cjs/react-dom-client.development.js:874:13)
      at warnIfUpdatesNotWrappedWithActDEV (node_modules/react-dom/cjs/react-dom-client.development.js:18757:9)
      at scheduleUpdateOnFiber (node_modules/react-dom/cjs/react-dom-client.development.js:16409:11)
      at dispatchSetStateInternal (node_modules/react-dom/cjs/react-dom-client.development.js:9170:13)
      at dispatchSetState (node_modules/react-dom/cjs/react-dom-client.development.js:9127:7)
      at setLoading (src/renderer/pages/Adherent.jsx:761:7)

  console.error
    An update to Adherent inside a test was not wrapped in act(...).
    
    When testing, code that causes React state updates should be wrapped into act(...):
    
    act(() => {
      /* fire events that update state */
    });
    /* assert on the output */
    
    This ensures that you're testing the behavior the user would see in the browser. Learn more at https://react.dev/link/wrap-tests-with-act

    [0m [90m 753 |[39m         window[33m.[39mapi[33m.[39mgetTypesAbonnement()[33m,[39m
     [90m 754 |[39m       ])[33m;[39m
    [31m[1m>[22m[39m[90m 755 |[39m       setAdherents(data)[33m;[39m
     [90m     |[39m       [31m[1m^[22m[39m
     [90m 756 |[39m       setTypesAbo(types)[33m;[39m
     [90m 757 |[39m     } [36mcatch[39m (err) {
     [90m 758 |[39m       showToast([32m'Erreur lors du chargement des données'[39m[33m,[39m [36mtrue[39m)[33m;[39m[0m

      at node_modules/react-dom/cjs/react-dom-client.development.js:18758:19
      at runWithFiberInDEV (node_modules/react-dom/cjs/react-dom-client.development.js:874:13)
      at warnIfUpdatesNotWrappedWithActDEV (node_modules/react-dom/cjs/react-dom-client.development.js:18757:9)
      at scheduleUpdateOnFiber (node_modules/react-dom/cjs/react-dom-client.development.js:16409:11)
      at dispatchSetStateInternal (node_modules/react-dom/cjs/react-dom-client.development.js:9170:13)
      at dispatchSetState (node_modules/react-dom/cjs/react-dom-client.development.js:9127:7)
      at setAdherents (src/renderer/pages/Adherent.jsx:755:7)

  console.error
    An update to Adherent inside a test was not wrapped in act(...).
    
    When testing, code that causes React state updates should be wrapped into act(...):
    
    act(() => {
      /* fire events that update state */
    });
    /* assert on the output */
    
    This ensures that you're testing the behavior the user would see in the browser. Learn more at https://react.dev/link/wrap-tests-with-act

    [0m [90m 754 |[39m       ])[33m;[39m
     [90m 755 |[39m       setAdherents(data)[33m;[39m
    [31m[1m>[22m[39m[90m 756 |[39m       setTypesAbo(types)[33m;[39m
     [90m     |[39m       [31m[1m^[22m[39m
     [90m 757 |[39m     } [36mcatch[39m (err) {
     [90m 758 |[39m       showToast([32m'Erreur lors du chargement des données'[39m[33m,[39m [36mtrue[39m)[33m;[39m
     [90m 759 |[39m       console[33m.[39merror(err)[33m;[39m[0m

      at node_modules/react-dom/cjs/react-dom-client.development.js:18758:19
      at runWithFiberInDEV (node_modules/react-dom/cjs/react-dom-client.development.js:874:13)
      at warnIfUpdatesNotWrappedWithActDEV (node_modules/react-dom/cjs/react-dom-client.development.js:18757:9)
      at scheduleUpdateOnFiber (node_modules/react-dom/cjs/react-dom-client.development.js:16409:11)
      at dispatchSetStateInternal (node_modules/react-dom/cjs/react-dom-client.development.js:9170:13)
      at dispatchSetState (node_modules/react-dom/cjs/react-dom-client.development.js:9127:7)
      at setTypesAbo (src/renderer/pages/Adherent.jsx:756:7)

  console.error
    An update to Adherent inside a test was not wrapped in act(...).
    
    When testing, code that causes React state updates should be wrapped into act(...):
    
    act(() => {
      /* fire events that update state */
    });
    /* assert on the output */
    
    This ensures that you're testing the behavior the user would see in the browser. Learn more at https://react.dev/link/wrap-tests-with-act

    [0m [90m 759 |[39m       console[33m.[39merror(err)[33m;[39m
     [90m 760 |[39m     } [36mfinally[39m {
    [31m[1m>[22m[39m[90m 761 |[39m       setLoading([36mfalse[39m)[33m;[39m
     [90m     |[39m       [31m[1m^[22m[39m
     [90m 762 |[39m     }
     [90m 763 |[39m   }[33m,[39m [])[33m;[39m
     [90m 764 |[39m[0m

      at node_modules/react-dom/cjs/react-dom-client.development.js:18758:19
      at runWithFiberInDEV (node_modules/react-dom/cjs/react-dom-client.development.js:874:13)
      at warnIfUpdatesNotWrappedWithActDEV (node_modules/react-dom/cjs/react-dom-client.development.js:18757:9)
      at scheduleUpdateOnFiber (node_modules/react-dom/cjs/react-dom-client.development.js:16409:11)
      at dispatchSetStateInternal (node_modules/react-dom/cjs/react-dom-client.development.js:9170:13)
      at dispatchSetState (node_modules/react-dom/cjs/react-dom-client.development.js:9127:7)
      at setLoading (src/renderer/pages/Adherent.jsx:761:7)

  console.error
    An update to Adherent inside a test was not wrapped in act(...).
    
    When testing, code that causes React state updates should be wrapped into act(...):
    
    act(() => {
      /* fire events that update state */
    });
    /* assert on the output */
    
    This ensures that you're testing the behavior the user would see in the browser. Learn more at https://react.dev/link/wrap-tests-with-act

    [0m [90m 753 |[39m         window[33m.[39mapi[33m.[39mgetTypesAbonnement()[33m,[39m
     [90m 754 |[39m       ])[33m;[39m
    [31m[1m>[22m[39m[90m 755 |[39m       setAdherents(data)[33m;[39m
     [90m     |[39m       [31m[1m^[22m[39m
     [90m 756 |[39m       setTypesAbo(types)[33m;[39m
     [90m 757 |[39m     } [36mcatch[39m (err) {
     [90m 758 |[39m       showToast([32m'Erreur lors du chargement des données'[39m[33m,[39m [36mtrue[39m)[33m;[39m[0m

      at node_modules/react-dom/cjs/react-dom-client.development.js:18758:19
      at runWithFiberInDEV (node_modules/react-dom/cjs/react-dom-client.development.js:874:13)
      at warnIfUpdatesNotWrappedWithActDEV (node_modules/react-dom/cjs/react-dom-client.development.js:18757:9)
      at scheduleUpdateOnFiber (node_modules/react-dom/cjs/react-dom-client.development.js:16409:11)
      at dispatchSetStateInternal (node_modules/react-dom/cjs/react-dom-client.development.js:9170:13)
      at dispatchSetState (node_modules/react-dom/cjs/react-dom-client.development.js:9127:7)
      at setAdherents (src/renderer/pages/Adherent.jsx:755:7)

  console.error
    An update to Adherent inside a test was not wrapped in act(...).
    
    When testing, code that causes React state updates should be wrapped into act(...):
    
    act(() => {
      /* fire events that update state */
    });
    /* assert on the output */
    
    This ensures that you're testing the behavior the user would see in the browser. Learn more at https://react.dev/link/wrap-tests-with-act

    [0m [90m 754 |[39m       ])[33m;[39m
     [90m 755 |[39m       setAdherents(data)[33m;[39m
    [31m[1m>[22m[39m[90m 756 |[39m       setTypesAbo(types)[33m;[39m
     [90m     |[39m       [31m[1m^[22m[39m
     [90m 757 |[39m     } [36mcatch[39m (err) {
     [90m 758 |[39m       showToast([32m'Erreur lors du chargement des données'[39m[33m,[39m [36mtrue[39m)[33m;[39m
     [90m 759 |[39m       console[33m.[39merror(err)[33m;[39m[0m

      at node_modules/react-dom/cjs/react-dom-client.development.js:18758:19
      at runWithFiberInDEV (node_modules/react-dom/cjs/react-dom-client.development.js:874:13)
      at warnIfUpdatesNotWrappedWithActDEV (node_modules/react-dom/cjs/react-dom-client.development.js:18757:9)
      at scheduleUpdateOnFiber (node_modules/react-dom/cjs/react-dom-client.development.js:16409:11)
      at dispatchSetStateInternal (node_modules/react-dom/cjs/react-dom-client.development.js:9170:13)
      at dispatchSetState (node_modules/react-dom/cjs/react-dom-client.development.js:9127:7)
      at setTypesAbo (src/renderer/pages/Adherent.jsx:756:7)

  console.error
    An update to Adherent inside a test was not wrapped in act(...).
    
    When testing, code that causes React state updates should be wrapped into act(...):
    
    act(() => {
      /* fire events that update state */
    });
    /* assert on the output */
    
    This ensures that you're testing the behavior the user would see in the browser. Learn more at https://react.dev/link/wrap-tests-with-act

    [0m [90m 759 |[39m       console[33m.[39merror(err)[33m;[39m
     [90m 760 |[39m     } [36mfinally[39m {
    [31m[1m>[22m[39m[90m 761 |[39m       setLoading([36mfalse[39m)[33m;[39m
     [90m     |[39m       [31m[1m^[22m[39m
     [90m 762 |[39m     }
     [90m 763 |[39m   }[33m,[39m [])[33m;[39m
     [90m 764 |[39m[0m

      at node_modules/react-dom/cjs/react-dom-client.development.js:18758:19
      at runWithFiberInDEV (node_modules/react-dom/cjs/react-dom-client.development.js:874:13)
      at warnIfUpdatesNotWrappedWithActDEV (node_modules/react-dom/cjs/react-dom-client.development.js:18757:9)
      at scheduleUpdateOnFiber (node_modules/react-dom/cjs/react-dom-client.development.js:16409:11)
      at dispatchSetStateInternal (node_modules/react-dom/cjs/react-dom-client.development.js:9170:13)
      at dispatchSetState (node_modules/react-dom/cjs/react-dom-client.development.js:9127:7)
      at setLoading (src/renderer/pages/Adherent.jsx:761:7)

  console.error
    Error: DB error
        at Object.<anonymous> (C:\Users\hp\Desktop\Salle-De-Sport\src\__tests__\pages\Adherent.test.jsx:470:68)
        at Promise.finally.completed (C:\Users\hp\Desktop\Salle-De-Sport\node_modules\jest-circus\build\jestAdapterInit.js:1557:28)
        at new Promise (<anonymous>)
        at callAsyncCircusFn (C:\Users\hp\Desktop\Salle-De-Sport\node_modules\jest-circus\build\jestAdapterInit.js:1497:10)
        at _callCircusTest (C:\Users\hp\Desktop\Salle-De-Sport\node_modules\jest-circus\build\jestAdapterInit.js:1007:40)
        at _runTest (C:\Users\hp\Desktop\Salle-De-Sport\node_modules\jest-circus\build\jestAdapterInit.js:947:3)
        at C:\Users\hp\Desktop\Salle-De-Sport\node_modules\jest-circus\build\jestAdapterInit.js:849:7
        at _runTestsForDescribeBlock (C:\Users\hp\Desktop\Salle-De-Sport\node_modules\jest-circus\build\jestAdapterInit.js:862:11)
        at _runTestsForDescribeBlock (C:\Users\hp\Desktop\Salle-De-Sport\node_modules\jest-circus\build\jestAdapterInit.js:857:11)
        at run (C:\Users\hp\Desktop\Salle-De-Sport\node_modules\jest-circus\build\jestAdapterInit.js:761:3)
        at runAndTransformResultsToJestFormat (C:\Users\hp\Desktop\Salle-De-Sport\node_modules\jest-circus\build\jestAdapterInit.js:1918:21)
        at jestAdapter (C:\Users\hp\Desktop\Salle-De-Sport\node_modules\jest-circus\build\runner.js:101:19)
        at runTestInternal (C:\Users\hp\Desktop\Salle-De-Sport\node_modules\jest-runner\build\testWorker.js:275:16)
        at runTest (C:\Users\hp\Desktop\Salle-De-Sport\node_modules\jest-runner\build\testWorker.js:343:7)
        at Object.worker (C:\Users\hp\Desktop\Salle-De-Sport\node_modules\jest-runner\build\testWorker.js:497:12)

    [0m [90m 899 |[39m       setAdherents(l [33m=>[39m l[33m.[39mfilter(a [33m=>[39m a[33m.[39midAdherent [33m!==[39m id))[33m;[39m
     [90m 900 |[39m     } [36mcatch[39m (err) {
    [31m[1m>[22m[39m[90m 901 |[39m       console[33m.[39merror(err)[33m;[39m
     [90m     |[39m               [31m[1m^[22m[39m
     [90m 902 |[39m       showToast([32m'Erreur lors de la suppression'[39m[33m,[39m [36mtrue[39m)[33m;[39m
     [90m 903 |[39m     }
     [90m 904 |[39m   }[33m;[39m[0m

      at error (src/renderer/pages/Adherent.jsx:901:15)

  console.error
    An update to Magasin inside a test was not wrapped in act(...).
    
    When testing, code that causes React state updates should be wrapped into act(...):
    
    act(() => {
      /* fire events that update state */
    });
    /* assert on the output */
    
    This ensures that you're testing the behavior the user would see in the browser. Learn more at https://react.dev/link/wrap-tests-with-act

    [0m [90m 531 |[39m
     [90m 532 |[39m   [36mconst[39m loadProducts [33m=[39m [36masync[39m () [33m=>[39m {
    [31m[1m>[22m[39m[90m 533 |[39m     setLoading([36mtrue[39m)[33m;[39m
     [90m     |[39m     [31m[1m^[22m[39m
     [90m 534 |[39m     [36mtry[39m {
     [90m 535 |[39m       [36mconst[39m result [33m=[39m [36mawait[39m window[33m.[39mapi[33m.[39mgetProduits()[33m;[39m
     [90m 536 |[39m       setProducts(result[33m.[39mmap(p [33m=>[39m ({[0m

      at node_modules/react-dom/cjs/react-dom-client.development.js:18758:19
      at runWithFiberInDEV (node_modules/react-dom/cjs/react-dom-client.development.js:874:13)
      at warnIfUpdatesNotWrappedWithActDEV (node_modules/react-dom/cjs/react-dom-client.development.js:18757:9)
      at scheduleUpdateOnFiber (node_modules/react-dom/cjs/react-dom-client.development.js:16409:11)
      at dispatchSetStateInternal (node_modules/react-dom/cjs/react-dom-client.development.js:9170:13)
      at dispatchSetState (node_modules/react-dom/cjs/react-dom-client.development.js:9127:7)
      at setLoading (src/renderer/pages/Magasin.jsx:533:5)
      at loadProducts (src/renderer/pages/Magasin.jsx:552:86)

  console.error
    An update to Magasin inside a test was not wrapped in act(...).
    
    When testing, code that causes React state updates should be wrapped into act(...):
    
    act(() => {
      /* fire events that update state */
    });
    /* assert on the output */
    
    This ensures that you're testing the behavior the user would see in the browser. Learn more at https://react.dev/link/wrap-tests-with-act

    [0m [90m 534 |[39m     [36mtry[39m {
     [90m 535 |[39m       [36mconst[39m result [33m=[39m [36mawait[39m window[33m.[39mapi[33m.[39mgetProduits()[33m;[39m
    [31m[1m>[22m[39m[90m 536 |[39m       setProducts(result[33m.[39mmap(p [33m=>[39m ({
     [90m     |[39m       [31m[1m^[22m[39m
     [90m 537 |[39m         id[33m:[39m p[33m.[39midProduit[33m,[39m idProduit[33m:[39m p[33m.[39midProduit[33m,[39m
     [90m 538 |[39m         nom[33m:[39m p[33m.[39mnom[33m,[39m reference[33m:[39m p[33m.[39mreference[33m,[39m
     [90m 539 |[39m         stock[33m:[39m p[33m.[39mstock[33m,[39m prix[33m:[39m parseFloat(p[33m.[39mprix) [33m||[39m [35m0[39m[33m,[39m[0m

      at node_modules/react-dom/cjs/react-dom-client.development.js:18758:19
      at runWithFiberInDEV (node_modules/react-dom/cjs/react-dom-client.development.js:874:13)
      at warnIfUpdatesNotWrappedWithActDEV (node_modules/react-dom/cjs/react-dom-client.development.js:18757:9)
      at scheduleUpdateOnFiber (node_modules/react-dom/cjs/react-dom-client.development.js:16409:11)
      at dispatchSetStateInternal (node_modules/react-dom/cjs/react-dom-client.development.js:9170:13)
      at dispatchSetState (node_modules/react-dom/cjs/react-dom-client.development.js:9127:7)
      at setProducts (src/renderer/pages/Magasin.jsx:536:7)
      at handleAdd (src/renderer/pages/Magasin.jsx:552:80)

  console.error
    An update to Magasin inside a test was not wrapped in act(...).
    
    When testing, code that causes React state updates should be wrapped into act(...):
    
    act(() => {
      /* fire events that update state */
    });
    /* assert on the output */
    
    This ensures that you're testing the behavior the user would see in the browser. Learn more at https://react.dev/link/wrap-tests-with-act

    [0m [90m 544 |[39m       alert([32m'Impossible de charger les produits.'[39m)[33m;[39m
     [90m 545 |[39m     } [36mfinally[39m {
    [31m[1m>[22m[39m[90m 546 |[39m       setLoading([36mfalse[39m)[33m;[39m
     [90m     |[39m       [31m[1m^[22m[39m
     [90m 547 |[39m     }
     [90m 548 |[39m   }[33m;[39m
     [90m 549 |[39m[0m

      at node_modules/react-dom/cjs/react-dom-client.development.js:18758:19
      at runWithFiberInDEV (node_modules/react-dom/cjs/react-dom-client.development.js:874:13)
      at warnIfUpdatesNotWrappedWithActDEV (node_modules/react-dom/cjs/react-dom-client.development.js:18757:9)
      at scheduleUpdateOnFiber (node_modules/react-dom/cjs/react-dom-client.development.js:16409:11)
      at dispatchSetStateInternal (node_modules/react-dom/cjs/react-dom-client.development.js:9170:13)
      at dispatchSetState (node_modules/react-dom/cjs/react-dom-client.development.js:9127:7)
      at setLoading (src/renderer/pages/Magasin.jsx:546:7)
      at handleAdd (src/renderer/pages/Magasin.jsx:552:80)

  console.error
    An update to HistoriqueAbonnements inside a test was not wrapped in act(...).
    
    When testing, code that causes React state updates should be wrapped into act(...):
    
    act(() => {
      /* fire events that update state */
    });
    /* assert on the output */
    
    This ensures that you're testing the behavior the user would see in the browser. Learn more at https://react.dev/link/wrap-tests-with-act

    [0m [90m 260 |[39m     [36mif[39m ([33m![39midAdherent) { setLoading([36mfalse[39m)[33m;[39m [36mreturn[39m[33m;[39m }
     [90m 261 |[39m     window[33m.[39mapi[33m.[39mgetHistoriqueAbonnements(idAdherent)
    [31m[1m>[22m[39m[90m 262 |[39m       [33m.[39mthen(data [33m=>[39m setRows([33mArray[39m[33m.[39misArray(data) [33m?[39m data [33m:[39m []))
     [90m     |[39m                     [31m[1m^[22m[39m
     [90m 263 |[39m       [33m.[39m[36mcatch[39m(() [33m=>[39m setRows([]))
     [90m 264 |[39m       [33m.[39m[36mfinally[39m(() [33m=>[39m setLoading([36mfalse[39m))[33m;[39m
     [90m 265 |[39m   }[33m,[39m [idAdherent])[33m;[39m[0m

      at node_modules/react-dom/cjs/react-dom-client.development.js:18758:19
      at runWithFiberInDEV (node_modules/react-dom/cjs/react-dom-client.development.js:874:13)
      at warnIfUpdatesNotWrappedWithActDEV (node_modules/react-dom/cjs/react-dom-client.development.js:18757:9)
      at scheduleUpdateOnFiber (node_modules/react-dom/cjs/react-dom-client.development.js:16409:11)
      at dispatchSetStateInternal (node_modules/react-dom/cjs/react-dom-client.development.js:9170:13)
      at dispatchSetState (node_modules/react-dom/cjs/react-dom-client.development.js:9127:7)
      at setRows (src/renderer/pages/Adherent.jsx:262:21)

  console.error
    An update to HistoriqueAbonnements inside a test was not wrapped in act(...).
    
    When testing, code that causes React state updates should be wrapped into act(...):
    
    act(() => {
      /* fire events that update state */
    });
    /* assert on the output */
    
    This ensures that you're testing the behavior the user would see in the browser. Learn more at https://react.dev/link/wrap-tests-with-act

    [0m [90m 260 |[39m     [36mif[39m ([33m![39midAdherent) { setLoading([36mfalse[39m)[33m;[39m [36mreturn[39m[33m;[39m }
     [90m 261 |[39m     window[33m.[39mapi[33m.[39mgetHistoriqueAbonnements(idAdherent)
    [31m[1m>[22m[39m[90m 262 |[39m       [33m.[39mthen(data [33m=>[39m setRows([33mArray[39m[33m.[39misArray(data) [33m?[39m data [33m:[39m []))
     [90m     |[39m                     [31m[1m^[22m[39m
     [90m 263 |[39m       [33m.[39m[36mcatch[39m(() [33m=>[39m setRows([]))
     [90m 264 |[39m       [33m.[39m[36mfinally[39m(() [33m=>[39m setLoading([36mfalse[39m))[33m;[39m
     [90m 265 |[39m   }[33m,[39m [idAdherent])[33m;[39m[0m

      at node_modules/react-dom/cjs/react-dom-client.development.js:18758:19
      at runWithFiberInDEV (node_modules/react-dom/cjs/react-dom-client.development.js:874:13)
      at warnIfUpdatesNotWrappedWithActDEV (node_modules/react-dom/cjs/react-dom-client.development.js:18757:9)
      at scheduleUpdateOnFiber (node_modules/react-dom/cjs/react-dom-client.development.js:16409:11)
      at dispatchSetStateInternal (node_modules/react-dom/cjs/react-dom-client.development.js:9170:13)
      at dispatchSetState (node_modules/react-dom/cjs/react-dom-client.development.js:9127:7)
      at setRows (src/renderer/pages/Adherent.jsx:262:21)

  console.error
    An update to HistoriqueAbonnements inside a test was not wrapped in act(...).
    
    When testing, code that causes React state updates should be wrapped into act(...):
    
    act(() => {
      /* fire events that update state */
    });
    /* assert on the output */
    
    This ensures that you're testing the behavior the user would see in the browser. Learn more at https://react.dev/link/wrap-tests-with-act

    [0m [90m 260 |[39m     [36mif[39m ([33m![39midAdherent) { setLoading([36mfalse[39m)[33m;[39m [36mreturn[39m[33m;[39m }
     [90m 261 |[39m     window[33m.[39mapi[33m.[39mgetHistoriqueAbonnements(idAdherent)
    [31m[1m>[22m[39m[90m 262 |[39m       [33m.[39mthen(data [33m=>[39m setRows([33mArray[39m[33m.[39misArray(data) [33m?[39m data [33m:[39m []))
     [90m     |[39m                     [31m[1m^[22m[39m
     [90m 263 |[39m       [33m.[39m[36mcatch[39m(() [33m=>[39m setRows([]))
     [90m 264 |[39m       [33m.[39m[36mfinally[39m(() [33m=>[39m setLoading([36mfalse[39m))[33m;[39m
     [90m 265 |[39m   }[33m,[39m [idAdherent])[33m;[39m[0m

      at node_modules/react-dom/cjs/react-dom-client.development.js:18758:19
      at runWithFiberInDEV (node_modules/react-dom/cjs/react-dom-client.development.js:874:13)
      at warnIfUpdatesNotWrappedWithActDEV (node_modules/react-dom/cjs/react-dom-client.development.js:18757:9)
      at scheduleUpdateOnFiber (node_modules/react-dom/cjs/react-dom-client.development.js:16409:11)
      at dispatchSetStateInternal (node_modules/react-dom/cjs/react-dom-client.development.js:9170:13)
      at dispatchSetState (node_modules/react-dom/cjs/react-dom-client.development.js:9127:7)
      at setRows (src/renderer/pages/Adherent.jsx:262:21)

  console.error
    An update to HistoriqueAbonnements inside a test was not wrapped in act(...).
    
    When testing, code that causes React state updates should be wrapped into act(...):
    
    act(() => {
      /* fire events that update state */
    });
    /* assert on the output */
    
    This ensures that you're testing the behavior the user would see in the browser. Learn more at https://react.dev/link/wrap-tests-with-act

    [0m [90m 260 |[39m     [36mif[39m ([33m![39midAdherent) { setLoading([36mfalse[39m)[33m;[39m [36mreturn[39m[33m;[39m }
     [90m 261 |[39m     window[33m.[39mapi[33m.[39mgetHistoriqueAbonnements(idAdherent)
    [31m[1m>[22m[39m[90m 262 |[39m       [33m.[39mthen(data [33m=>[39m setRows([33mArray[39m[33m.[39misArray(data) [33m?[39m data [33m:[39m []))
     [90m     |[39m                     [31m[1m^[22m[39m
     [90m 263 |[39m       [33m.[39m[36mcatch[39m(() [33m=>[39m setRows([]))
     [90m 264 |[39m       [33m.[39m[36mfinally[39m(() [33m=>[39m setLoading([36mfalse[39m))[33m;[39m
     [90m 265 |[39m   }[33m,[39m [idAdherent])[33m;[39m[0m

      at node_modules/react-dom/cjs/react-dom-client.development.js:18758:19
      at runWithFiberInDEV (node_modules/react-dom/cjs/react-dom-client.development.js:874:13)
      at warnIfUpdatesNotWrappedWithActDEV (node_modules/react-dom/cjs/react-dom-client.development.js:18757:9)
      at scheduleUpdateOnFiber (node_modules/react-dom/cjs/react-dom-client.development.js:16409:11)
      at dispatchSetStateInternal (node_modules/react-dom/cjs/react-dom-client.development.js:9170:13)
      at dispatchSetState (node_modules/react-dom/cjs/react-dom-client.development.js:9127:7)
      at setRows (src/renderer/pages/Adherent.jsx:262:21)

  console.error
    ❌ Erreur chargement produits: Error: DB error
        at Object.<anonymous> (C:\Users\hp\Desktop\Salle-De-Sport\src\__tests__\pages\Magasin.test.jsx:1170:48)
        at Promise.finally.completed (C:\Users\hp\Desktop\Salle-De-Sport\node_modules\jest-circus\build\jestAdapterInit.js:1557:28)
        at new Promise (<anonymous>)
        at callAsyncCircusFn (C:\Users\hp\Desktop\Salle-De-Sport\node_modules\jest-circus\build\jestAdapterInit.js:1497:10)
        at _callCircusTest (C:\Users\hp\Desktop\Salle-De-Sport\node_modules\jest-circus\build\jestAdapterInit.js:1007:40)
        at _runTest (C:\Users\hp\Desktop\Salle-De-Sport\node_modules\jest-circus\build\jestAdapterInit.js:947:3)
        at C:\Users\hp\Desktop\Salle-De-Sport\node_modules\jest-circus\build\jestAdapterInit.js:849:7
        at _runTestsForDescribeBlock (C:\Users\hp\Desktop\Salle-De-Sport\node_modules\jest-circus\build\jestAdapterInit.js:862:11)
        at _runTestsForDescribeBlock (C:\Users\hp\Desktop\Salle-De-Sport\node_modules\jest-circus\build\jestAdapterInit.js:857:11)
        at run (C:\Users\hp\Desktop\Salle-De-Sport\node_modules\jest-circus\build\jestAdapterInit.js:761:3)
        at runAndTransformResultsToJestFormat (C:\Users\hp\Desktop\Salle-De-Sport\node_modules\jest-circus\build\jestAdapterInit.js:1918:21)
        at jestAdapter (C:\Users\hp\Desktop\Salle-De-Sport\node_modules\jest-circus\build\runner.js:101:19)
        at runTestInternal (C:\Users\hp\Desktop\Salle-De-Sport\node_modules\jest-runner\build\testWorker.js:275:16)
        at runTest (C:\Users\hp\Desktop\Salle-De-Sport\node_modules\jest-runner\build\testWorker.js:343:7)
        at Object.worker (C:\Users\hp\Desktop\Salle-De-Sport\node_modules\jest-runner\build\testWorker.js:497:12)

    [0m [90m 541 |[39m       })))[33m;[39m
     [90m 542 |[39m     } [36mcatch[39m (error) {
    [31m[1m>[22m[39m[90m 543 |[39m       console[33m.[39merror([32m'❌ Erreur chargement produits:'[39m[33m,[39m error)[33m;[39m
     [90m     |[39m               [31m[1m^[22m[39m
     [90m 544 |[39m       alert([32m'Impossible de charger les produits.'[39m)[33m;[39m
     [90m 545 |[39m     } [36mfinally[39m {
     [90m 546 |[39m       setLoading([36mfalse[39m)[33m;[39m[0m

      at error (src/renderer/pages/Magasin.jsx:543:15)

